[0.010s] Invoking command in '/home/qianlab/single_turtle_workspace/build/turtle_high_controller': AMENT_PREFIX_PATH=/home/qianlab/single_turtle_workspace/install/traveler_msgs:${AMENT_PREFIX_PATH} CMAKE_PREFIX_PATH=/home/qianlab/single_turtle_workspace/install/traveler_msgs:/home/qianlab/lassie-traveler/dependencies/install/traveler_high_controller:/home/qianlab/lassie-traveler/dependencies/install/traveler_msgs:/opt/ros/foxy LD_LIBRARY_PATH=/home/qianlab/single_turtle_workspace/install/traveler_msgs/lib:${LD_LIBRARY_PATH} PYTHONPATH=/home/qianlab/single_turtle_workspace/install/traveler_msgs/lib/python3.8/site-packages:${PYTHONPATH} /usr/bin/cmake --build /home/qianlab/single_turtle_workspace/build/turtle_high_controller -- -j12 -l12
[0.050s] [35m[1mScanning dependencies of target turtle_high_controller[0m
[0.056s] [ 35%] Built target odrive_can_interface
[0.093s] [ 42%] [32mBuilding CXX object CMakeFiles/turtle_high_controller.dir/src/controller/trajectories_parser.cpp.o[0m
[0.094s] [ 50%] [32mBuilding CXX object CMakeFiles/turtle_high_controller.dir/src/proxy/upperproxy.cpp.o[0m
[0.363s] [01m[K/home/qianlab/single_turtle_workspace/dependencies/traveler_controller/src/controller/trajectories_parser.cpp:[m[K In member function ‘[01m[Kvoid turtle_namespace::control::TrajectoriesParser::generateWaypoints(turtle&)[m[K’:
[0.363s] [01m[K/home/qianlab/single_turtle_workspace/dependencies/traveler_controller/src/controller/trajectories_parser.cpp:18:36:[m[K [01;31m[Kerror: [m[K‘[01m[Kstruct TrajectoryData[m[K’ has no member named ‘[01m[Kwaypoints_g[m[K’; did you mean ‘[01m[Kwaypoints_x[m[K’?
[0.363s]    18 |         float g = turtle.traj_data.[01;31m[Kwaypoints_g[m[K[i];
[0.363s]       |                                    [01;31m[K^~~~~~~~~~~[m[K
[0.363s]       |                                    [32m[Kwaypoints_x[m[K
[0.363s] [01m[K/home/qianlab/single_turtle_workspace/dependencies/traveler_controller/src/controller/trajectories_parser.cpp:19:36:[m[K [01;31m[Kerror: [m[K‘[01m[Kstruct TrajectoryData[m[K’ has no member named ‘[01m[Kwaypoints_t[m[K’; did you mean ‘[01m[Kwaypoints_x[m[K’?
[0.363s]    19 |         float t = turtle.traj_data.[01;31m[Kwaypoints_t[m[K[i];
[0.363s]       |                                    [01;31m[K^~~~~~~~~~~[m[K
[0.363s]       |                                    [32m[Kwaypoints_x[m[K
[0.363s] [01m[K/home/qianlab/single_turtle_workspace/dependencies/traveler_controller/src/controller/trajectories_parser.cpp:27:39:[m[K [01;31m[Kerror: [m[K‘[01m[Kstruct XY_pair[m[K’ has no member named ‘[01m[Kg[m[K’
[0.363s]    27 |                i, waypoints_[i].point.[01;31m[Kg[m[K, waypoints_[i].point.t, waypoints_[i].vel);
[0.364s]       |                                       [01;31m[K^[m[K
[0.364s] [01m[K/home/qianlab/single_turtle_workspace/dependencies/traveler_controller/src/controller/trajectories_parser.cpp:27:62:[m[K [01;31m[Kerror: [m[K‘[01m[Kstruct XY_pair[m[K’ has no member named ‘[01m[Kt[m[K’
[0.364s]    27 |                i, waypoints_[i].point.g, waypoints_[i].point.[01;31m[Kt[m[K, waypoints_[i].vel);
[0.364s]       |                                                              [01;31m[K^[m[K
[0.364s] [01m[K/home/qianlab/single_turtle_workspace/dependencies/traveler_controller/src/controller/trajectories_parser.cpp:[m[K In member function ‘[01m[Kbool turtle_namespace::control::TrajectoriesParser::waypointTrajectory(turtle&)[m[K’:
[0.365s] [01m[K/home/qianlab/single_turtle_workspace/dependencies/traveler_controller/src/controller/trajectories_parser.cpp:69:58:[m[K [01;31m[Kerror: [m[K‘[01m[Kstruct XY_pair[m[K’ has no member named ‘[01m[Kg[m[K’
[0.365s]    69 |                    waypoint_index_, curr_waypoint_.point.[01;31m[Kg[m[K, curr_waypoint_.point.t);
[0.365s]       |                                                          [01;31m[K^[m[K
[0.365s] [01m[K/home/qianlab/single_turtle_workspace/dependencies/traveler_controller/src/controller/trajectories_parser.cpp:69:82:[m[K [01;31m[Kerror: [m[K‘[01m[Kstruct XY_pair[m[K’ has no member named ‘[01m[Kt[m[K’
[0.365s]    69 |                    waypoint_index_, curr_waypoint_.point.g, curr_waypoint_.point.[01;31m[Kt[m[K);
[0.365s]       |                                                                                  [01;31m[K^[m[K
[0.403s] make[2]: *** [CMakeFiles/turtle_high_controller.dir/build.make:89: CMakeFiles/turtle_high_controller.dir/src/controller/trajectories_parser.cpp.o] Error 1
[0.403s] make[2]: *** Waiting for unfinished jobs....
[1.138s] [01m[K/home/qianlab/single_turtle_workspace/dependencies/traveler_controller/src/proxy/upperproxy.cpp:[m[K In member function ‘[01m[Kvoid turtle_namespace::control::upperproxy::handle_trajectory_points(std_msgs::msg::Float64MultiArray_<std::allocator<void> >::SharedPtr)[m[K’:
[1.138s] [01m[K/home/qianlab/single_turtle_workspace/dependencies/traveler_controller/src/proxy/upperproxy.cpp:40:8:[m[K [01;31m[Kerror: [m[K‘[01m[Kstruct TrajectoryData[m[K’ has no member named ‘[01m[Kwaypoints_g[m[K’; did you mean ‘[01m[Kwaypoints_x[m[K’?
[1.138s]    40 |     td.[01;31m[Kwaypoints_g[m[K.clear();
[1.138s]       |        [01;31m[K^~~~~~~~~~~[m[K
[1.138s]       |        [32m[Kwaypoints_x[m[K
[1.138s] [01m[K/home/qianlab/single_turtle_workspace/dependencies/traveler_controller/src/proxy/upperproxy.cpp:41:8:[m[K [01;31m[Kerror: [m[K‘[01m[Kstruct TrajectoryData[m[K’ has no member named ‘[01m[Kwaypoints_t[m[K’; did you mean ‘[01m[Kwaypoints_x[m[K’?
[1.138s]    41 |     td.[01;31m[Kwaypoints_t[m[K.clear();
[1.138s]       |        [01;31m[K^~~~~~~~~~~[m[K
[1.138s]       |        [32m[Kwaypoints_x[m[K
[1.139s] [01m[K/home/qianlab/single_turtle_workspace/dependencies/traveler_controller/src/proxy/upperproxy.cpp:52:12:[m[K [01;31m[Kerror: [m[K‘[01m[Kstruct TrajectoryData[m[K’ has no member named ‘[01m[Kwaypoints_g[m[K’; did you mean ‘[01m[Kwaypoints_x[m[K’?
[1.139s]    52 |         td.[01;31m[Kwaypoints_g[m[K.push_back(static_cast<float>(g));
[1.139s]       |            [01;31m[K^~~~~~~~~~~[m[K
[1.139s]       |            [32m[Kwaypoints_x[m[K
[1.139s] [01m[K/home/qianlab/single_turtle_workspace/dependencies/traveler_controller/src/proxy/upperproxy.cpp:53:12:[m[K [01;31m[Kerror: [m[K‘[01m[Kstruct TrajectoryData[m[K’ has no member named ‘[01m[Kwaypoints_t[m[K’; did you mean ‘[01m[Kwaypoints_x[m[K’?
[1.139s]    53 |         td.[01;31m[Kwaypoints_t[m[K.push_back(static_cast<float>(t));
[1.139s]       |            [01;31m[K^~~~~~~~~~~[m[K
[1.139s]       |            [32m[Kwaypoints_x[m[K
[2.130s] make[2]: *** [CMakeFiles/turtle_high_controller.dir/build.make:115: CMakeFiles/turtle_high_controller.dir/src/proxy/upperproxy.cpp.o] Error 1
[2.130s] make[1]: *** [CMakeFiles/Makefile2:107: CMakeFiles/turtle_high_controller.dir/all] Error 2
[2.130s] make: *** [Makefile:141: all] Error 2
[2.133s] Invoked command in '/home/qianlab/single_turtle_workspace/build/turtle_high_controller' returned '2': AMENT_PREFIX_PATH=/home/qianlab/single_turtle_workspace/install/traveler_msgs:${AMENT_PREFIX_PATH} CMAKE_PREFIX_PATH=/home/qianlab/single_turtle_workspace/install/traveler_msgs:/home/qianlab/lassie-traveler/dependencies/install/traveler_high_controller:/home/qianlab/lassie-traveler/dependencies/install/traveler_msgs:/opt/ros/foxy LD_LIBRARY_PATH=/home/qianlab/single_turtle_workspace/install/traveler_msgs/lib:${LD_LIBRARY_PATH} PYTHONPATH=/home/qianlab/single_turtle_workspace/install/traveler_msgs/lib/python3.8/site-packages:${PYTHONPATH} /usr/bin/cmake --build /home/qianlab/single_turtle_workspace/build/turtle_high_controller -- -j12 -l12
