[0.012s] Invoking command in '/home/qianlab/single_turtle_workspace/build/turtle_high_controller': AMENT_PREFIX_PATH=/home/qianlab/single_turtle_workspace/install/traveler_msgs:${AMENT_PREFIX_PATH} CMAKE_PREFIX_PATH=/home/qianlab/single_turtle_workspace/install/traveler_msgs:/home/qianlab/Turtle_workspace/lassie-turtle/install/turtle_high_controller:/home/qianlab/Turtle_workspace/lassie-turtle/install/traveler_msgs:/home/qianlab/Turtle_workspace/install/turtle_high_controller:/home/qianlab/Turtle_workspace/install/traveler_msgs:/home/qianlab/single_turtle_workspace/install/traveler_optitrack:/home/qianlab/Turtle_workspace/lassie-turtle/install/traveler_optitrack:/home/qianlab/Turtle_workspace/install/traveler_optitrack:/opt/ros/foxy LD_LIBRARY_PATH=/home/qianlab/single_turtle_workspace/install/traveler_msgs/lib:${LD_LIBRARY_PATH} PYTHONPATH=/home/qianlab/single_turtle_workspace/install/traveler_msgs/lib/python3.8/site-packages:${PYTHONPATH} /usr/bin/cmake --build /home/qianlab/single_turtle_workspace/build/turtle_high_controller -- -j12 -l12
[0.045s] [35m[1mScanning dependencies of target turtle_high_controller[0m
[0.061s] [ 38%] Built target odrive_can_interface
[0.069s] [ 46%] [32mBuilding CXX object CMakeFiles/turtle_high_controller.dir/src/controller/Inverse_kinematics.cpp.o[0m
[0.300s] [01m[K/home/qianlab/single_turtle_workspace/dependencies/traveler_controller/src/controller/Inverse_kinematics.cpp:[m[K In function ‘[01m[Kvoid fixed_insertion_depth_gait_lower_point_version_3_analytic_solution(turtle&, float)[m[K’:
[0.300s] [01m[K/home/qianlab/single_turtle_workspace/dependencies/traveler_controller/src/controller/Inverse_kinematics.cpp:62:11:[m[K [01;35m[Kwarning: [m[Kunused variable ‘[01m[Khold_time_1[m[K’ [[01;35m[K-Wunused-variable[m[K]
[0.300s]    62 |     float [01;35m[Khold_time_1[m[K = 3.0; // hold duration for a new phase (unused here)
[0.300s]       |           [01;35m[K^~~~~~~~~~~[m[K
[0.301s] [01m[K/home/qianlab/single_turtle_workspace/dependencies/traveler_controller/src/controller/Inverse_kinematics.cpp:63:11:[m[K [01;35m[Kwarning: [m[Kunused variable ‘[01m[Khold_time_2[m[K’ [[01;35m[K-Wunused-variable[m[K]
[0.301s]    63 |     float [01;35m[Khold_time_2[m[K = 3.0; // hold duration for a new phase (unused here)
[0.301s]       |           [01;35m[K^~~~~~~~~~~[m[K
[0.301s] [01m[K/home/qianlab/single_turtle_workspace/dependencies/traveler_controller/src/controller/Inverse_kinematics.cpp:64:11:[m[K [01;35m[Kwarning: [m[Kunused variable ‘[01m[Khold_time_3[m[K’ [[01;35m[K-Wunused-variable[m[K]
[0.301s]    64 |     float [01;35m[Khold_time_3[m[K = 3.0; // hold duration for a new phase (unused here)
[0.301s]       |           [01;35m[K^~~~~~~~~~~[m[K
[0.301s] [01m[K/home/qianlab/single_turtle_workspace/dependencies/traveler_controller/src/controller/Inverse_kinematics.cpp:65:11:[m[K [01;35m[Kwarning: [m[Kunused variable ‘[01m[Kend_delay[m[K’ [[01;35m[K-Wunused-variable[m[K]
[0.301s]    65 |     float [01;35m[Kend_delay[m[K    = 3.0; // delay at the end (unused here)
[0.301s]       |           [01;35m[K^~~~~~~~~[m[K
[0.301s] [01m[K/home/qianlab/single_turtle_workspace/dependencies/traveler_controller/src/controller/Inverse_kinematics.cpp:84:12:[m[K [01;35m[Kwarning: [m[Kunused variable ‘[01m[Kinitial_insertion_depth_deg[m[K’ [[01;35m[K-Wunused-variable[m[K]
[0.301s]    84 |     double [01;35m[Kinitial_insertion_depth_deg[m[K = initial_insertion_depth_rad * 180 / M_PI;
[0.301s]       |            [01;35m[K^~~~~~~~~~~~~~~~~~~~~~~~~~~[m[K
[0.348s] [ 53%] [32m[1mLinking CXX executable turtle_high_controller[0m
[0.689s] [100%] Built target turtle_high_controller
[0.698s] Invoked command in '/home/qianlab/single_turtle_workspace/build/turtle_high_controller' returned '0': AMENT_PREFIX_PATH=/home/qianlab/single_turtle_workspace/install/traveler_msgs:${AMENT_PREFIX_PATH} CMAKE_PREFIX_PATH=/home/qianlab/single_turtle_workspace/install/traveler_msgs:/home/qianlab/Turtle_workspace/lassie-turtle/install/turtle_high_controller:/home/qianlab/Turtle_workspace/lassie-turtle/install/traveler_msgs:/home/qianlab/Turtle_workspace/install/turtle_high_controller:/home/qianlab/Turtle_workspace/install/traveler_msgs:/home/qianlab/single_turtle_workspace/install/traveler_optitrack:/home/qianlab/Turtle_workspace/lassie-turtle/install/traveler_optitrack:/home/qianlab/Turtle_workspace/install/traveler_optitrack:/opt/ros/foxy LD_LIBRARY_PATH=/home/qianlab/single_turtle_workspace/install/traveler_msgs/lib:${LD_LIBRARY_PATH} PYTHONPATH=/home/qianlab/single_turtle_workspace/install/traveler_msgs/lib/python3.8/site-packages:${PYTHONPATH} /usr/bin/cmake --build /home/qianlab/single_turtle_workspace/build/turtle_high_controller -- -j12 -l12
[0.721s] Invoking command in '/home/qianlab/single_turtle_workspace/build/turtle_high_controller': AMENT_PREFIX_PATH=/home/qianlab/single_turtle_workspace/install/traveler_msgs:${AMENT_PREFIX_PATH} CMAKE_PREFIX_PATH=/home/qianlab/single_turtle_workspace/install/traveler_msgs:/home/qianlab/Turtle_workspace/lassie-turtle/install/turtle_high_controller:/home/qianlab/Turtle_workspace/lassie-turtle/install/traveler_msgs:/home/qianlab/Turtle_workspace/install/turtle_high_controller:/home/qianlab/Turtle_workspace/install/traveler_msgs:/home/qianlab/single_turtle_workspace/install/traveler_optitrack:/home/qianlab/Turtle_workspace/lassie-turtle/install/traveler_optitrack:/home/qianlab/Turtle_workspace/install/traveler_optitrack:/opt/ros/foxy LD_LIBRARY_PATH=/home/qianlab/single_turtle_workspace/install/traveler_msgs/lib:${LD_LIBRARY_PATH} PYTHONPATH=/home/qianlab/single_turtle_workspace/install/traveler_msgs/lib/python3.8/site-packages:${PYTHONPATH} /usr/bin/cmake --install /home/qianlab/single_turtle_workspace/build/turtle_high_controller
[0.727s] -- Install configuration: "Debug"
[0.728s] -- Installing: /home/qianlab/single_turtle_workspace/install/turtle_high_controller/lib/turtle_high_controller/turtle_high_controller
[0.738s] -- Set runtime path of "/home/qianlab/single_turtle_workspace/install/turtle_high_controller/lib/turtle_high_controller/turtle_high_controller" to ""
[0.739s] -- Up-to-date: /home/qianlab/single_turtle_workspace/install/turtle_high_controller/lib/turtle_high_controller/odrive_can_interface
[0.739s] -- Up-to-date: /home/qianlab/single_turtle_workspace/install/turtle_high_controller/share/ament_index/resource_index/package_run_dependencies/turtle_high_controller
[0.739s] -- Up-to-date: /home/qianlab/single_turtle_workspace/install/turtle_high_controller/share/ament_index/resource_index/parent_prefix_path/turtle_high_controller
[0.739s] -- Up-to-date: /home/qianlab/single_turtle_workspace/install/turtle_high_controller/share/turtle_high_controller/environment/ament_prefix_path.sh
[0.739s] -- Up-to-date: /home/qianlab/single_turtle_workspace/install/turtle_high_controller/share/turtle_high_controller/environment/ament_prefix_path.dsv
[0.739s] -- Up-to-date: /home/qianlab/single_turtle_workspace/install/turtle_high_controller/share/turtle_high_controller/environment/path.sh
[0.739s] -- Up-to-date: /home/qianlab/single_turtle_workspace/install/turtle_high_controller/share/turtle_high_controller/environment/path.dsv
[0.739s] -- Up-to-date: /home/qianlab/single_turtle_workspace/install/turtle_high_controller/share/turtle_high_controller/local_setup.bash
[0.739s] -- Up-to-date: /home/qianlab/single_turtle_workspace/install/turtle_high_controller/share/turtle_high_controller/local_setup.sh
[0.739s] -- Up-to-date: /home/qianlab/single_turtle_workspace/install/turtle_high_controller/share/turtle_high_controller/local_setup.zsh
[0.740s] -- Up-to-date: /home/qianlab/single_turtle_workspace/install/turtle_high_controller/share/turtle_high_controller/local_setup.dsv
[0.740s] -- Installing: /home/qianlab/single_turtle_workspace/install/turtle_high_controller/share/turtle_high_controller/package.dsv
[0.740s] -- Up-to-date: /home/qianlab/single_turtle_workspace/install/turtle_high_controller/share/ament_index/resource_index/packages/turtle_high_controller
[0.740s] -- Up-to-date: /home/qianlab/single_turtle_workspace/install/turtle_high_controller/share/turtle_high_controller/cmake/turtle_high_controllerConfig.cmake
[0.740s] -- Up-to-date: /home/qianlab/single_turtle_workspace/install/turtle_high_controller/share/turtle_high_controller/cmake/turtle_high_controllerConfig-version.cmake
[0.740s] -- Up-to-date: /home/qianlab/single_turtle_workspace/install/turtle_high_controller/share/turtle_high_controller/package.xml
[0.741s] Invoked command in '/home/qianlab/single_turtle_workspace/build/turtle_high_controller' returned '0': AMENT_PREFIX_PATH=/home/qianlab/single_turtle_workspace/install/traveler_msgs:${AMENT_PREFIX_PATH} CMAKE_PREFIX_PATH=/home/qianlab/single_turtle_workspace/install/traveler_msgs:/home/qianlab/Turtle_workspace/lassie-turtle/install/turtle_high_controller:/home/qianlab/Turtle_workspace/lassie-turtle/install/traveler_msgs:/home/qianlab/Turtle_workspace/install/turtle_high_controller:/home/qianlab/Turtle_workspace/install/traveler_msgs:/home/qianlab/single_turtle_workspace/install/traveler_optitrack:/home/qianlab/Turtle_workspace/lassie-turtle/install/traveler_optitrack:/home/qianlab/Turtle_workspace/install/traveler_optitrack:/opt/ros/foxy LD_LIBRARY_PATH=/home/qianlab/single_turtle_workspace/install/traveler_msgs/lib:${LD_LIBRARY_PATH} PYTHONPATH=/home/qianlab/single_turtle_workspace/install/traveler_msgs/lib/python3.8/site-packages:${PYTHONPATH} /usr/bin/cmake --install /home/qianlab/single_turtle_workspace/build/turtle_high_controller
