[0.167s] Invoking command in '/home/qianlab/single_turtle_workspace/build/turtle_high_controller': CMAKE_PREFIX_PATH=${CMAKE_PREFIX_PATH}:/home/qianlab/Turtle_workspace/lassie-turtle/install/traveler_optitrack:/home/qianlab/Turtle_workspace/install/traveler_optitrack:/opt/ros/foxy CONDA_PROMPT_MODIFIER=(base) /usr/bin/cmake /home/qianlab/single_turtle_workspace/dependencies/traveler_controller -DCMAKE_INSTALL_PREFIX=/home/qianlab/single_turtle_workspace/install/turtle_high_controller
[0.205s] -- The C compiler identification is GNU 9.4.0
[0.245s] -- The CXX compiler identification is GNU 9.4.0
[0.248s] -- Check for working C compiler: /usr/bin/cc
[0.292s] -- Check for working C compiler: /usr/bin/cc -- works
[0.293s] -- Detecting C compiler ABI info
[0.339s] -- Detecting C compiler ABI info - done
[0.349s] -- Detecting C compile features
[0.350s] -- Detecting C compile features - done
[0.351s] -- Check for working CXX compiler: /usr/bin/c++
[0.402s] -- Check for working CXX compiler: /usr/bin/c++ -- works
[0.403s] -- Detecting CXX compiler ABI info
[0.461s] -- Detecting CXX compiler ABI info - done
[0.471s] -- Detecting CXX compile features
[0.471s] -- Detecting CXX compile features - done
[0.473s] -- Found ament_cmake: 0.9.12 (/opt/ros/foxy/share/ament_cmake/cmake)
[0.486s] -- Found PythonInterp: /home/qianlab/miniconda3/bin/python3 (found suitable version "3.12.1", minimum required is "3") 
[0.486s] -- Using PYTHON_EXECUTABLE: /home/qianlab/miniconda3/bin/python3
[0.594s] -- Found rclcpp: 2.4.3 (/opt/ros/foxy/share/rclcpp/cmake)
[0.644s] -- Using all available rosidl_typesupport_c: rosidl_typesupport_fastrtps_c;rosidl_typesupport_introspection_c
[0.652s] -- Found rosidl_adapter: 1.3.1 (/opt/ros/foxy/share/rosidl_adapter/cmake)
[0.709s] -- Found OpenSSL: /usr/lib/x86_64-linux-gnu/libcrypto.so (found version "1.1.1f")  
[0.730s] -- Found FastRTPS: /opt/ros/foxy/include  
[0.778s] -- Using all available rosidl_typesupport_cpp: rosidl_typesupport_fastrtps_cpp;rosidl_typesupport_introspection_cpp
[0.812s] -- Found rmw_implementation_cmake: 1.0.4 (/opt/ros/foxy/share/rmw_implementation_cmake/cmake)
[0.813s] -- Using RMW implementation 'rmw_fastrtps_cpp' as default
[0.814s] -- Looking for pthread.h
[0.860s] -- Looking for pthread.h - found
[0.860s] -- Performing Test CMAKE_HAVE_LIBC_PTHREAD
[0.910s] -- Performing Test CMAKE_HAVE_LIBC_PTHREAD - Failed
[0.910s] -- Looking for pthread_create in pthreads
[0.952s] -- Looking for pthread_create in pthreads - not found
[0.952s] -- Looking for pthread_create in pthread
[0.998s] -- Looking for pthread_create in pthread - found
[0.999s] -- Found Threads: TRUE  
[1.094s] -- Found control_msgs: 2.5.1 (/opt/ros/foxy/share/control_msgs/cmake)
[1.344s] -- Found traveler_msgs: 0.0.0 (/home/qianlab/Turtle_workspace/lassie-turtle/install/traveler_msgs/share/traveler_msgs/cmake)
[1.366s] Traceback (most recent call last):
[1.366s]   File "/opt/ros/foxy/share/ament_cmake_core/cmake/core/package_xml_2_cmake.py", line 21, in <module>
[1.366s]     from catkin_pkg.package import parse_package_string
[1.366s] ModuleNotFoundError: No module named 'catkin_pkg'
[1.368s] CMake Error at /opt/ros/foxy/share/ament_cmake_core/cmake/core/ament_package_xml.cmake:94 (message):
[1.368s]   execute_process(/home/qianlab/miniconda3/bin/python3
[1.368s]   /opt/ros/foxy/share/ament_cmake_core/cmake/core/package_xml_2_cmake.py
[1.368s]   /home/qianlab/single_turtle_workspace/dependencies/traveler_controller/package.xml
[1.368s]   /home/qianlab/single_turtle_workspace/build/turtle_high_controller/ament_cmake_core/package.cmake)
[1.368s]   returned error code 1
[1.368s] Call Stack (most recent call first):
[1.368s]   /opt/ros/foxy/share/ament_cmake_core/cmake/core/ament_package_xml.cmake:49 (_ament_package_xml)
[1.368s]   /opt/ros/foxy/share/ament_cmake_core/cmake/core/ament_package.cmake:63 (ament_package_xml)
[1.368s]   CMakeLists.txt:82 (ament_package)
[1.369s] 
[1.369s] 
[1.369s] -- Configuring incomplete, errors occurred!
[1.369s] See also "/home/qianlab/single_turtle_workspace/build/turtle_high_controller/CMakeFiles/CMakeOutput.log".
[1.369s] See also "/home/qianlab/single_turtle_workspace/build/turtle_high_controller/CMakeFiles/CMakeError.log".
[1.375s] Invoked command in '/home/qianlab/single_turtle_workspace/build/turtle_high_controller' returned '1': CMAKE_PREFIX_PATH=${CMAKE_PREFIX_PATH}:/home/qianlab/Turtle_workspace/lassie-turtle/install/traveler_optitrack:/home/qianlab/Turtle_workspace/install/traveler_optitrack:/opt/ros/foxy CONDA_PROMPT_MODIFIER=(base) /usr/bin/cmake /home/qianlab/single_turtle_workspace/dependencies/traveler_controller -DCMAKE_INSTALL_PREFIX=/home/qianlab/single_turtle_workspace/install/turtle_high_controller
