[35m[1mScanning dependencies of target turtle_high_controller[0m
[ 35%] Built target odrive_can_interface
[ 42%] [32mBuilding CXX object CMakeFiles/turtle_high_controller.dir/src/proxy/lowerproxy.cpp.o[0m
[01m[K/home/qianlab/single_turtle_workspace/dependencies/traveler_controller/src/proxy/lowerproxy.cpp:[m[K In member function ‘[01m[Kvoid turtle_namespace::control::lowerproxy::calculate_position(turtle&)[m[K’:
[01m[K/home/qianlab/single_turtle_workspace/dependencies/traveler_controller/src/proxy/lowerproxy.cpp:43:59:[m[K [01;31m[Kerror: [m[K‘[01m[Kstruct trutle_command[m[K’ has no member named ‘[01m[KLeg_lf[m[K’
   43 |         float axis0_pos = (-1.0f * turtle_.turtle_control.[01;31m[KLeg_lf[m[K.axis0.motor_control_position + M0_OFFSET + (M_PI / 2)) / (2 * M_PI);
      |                                                           [01;31m[K^~~~~~[m[K
[01m[K/home/qianlab/single_turtle_workspace/dependencies/traveler_controller/src/proxy/lowerproxy.cpp:43:97:[m[K [01;31m[Kerror: [m[K‘[01m[KM0_OFFSET[m[K’ was not declared in this scope; did you mean ‘[01m[KMOD_OFFSET[m[K’?
   43 |         float axis0_pos = (-1.0f * turtle_.turtle_control.Leg_lf.axis0.motor_control_position + [01;31m[KM0_OFFSET[m[K + (M_PI / 2)) / (2 * M_PI);
      |                                                                                                 [01;31m[K^~~~~~~~~[m[K
      |                                                                                                 [32m[KMOD_OFFSET[m[K
[01m[K/home/qianlab/single_turtle_workspace/dependencies/traveler_controller/src/proxy/lowerproxy.cpp:44:51:[m[K [01;31m[Kerror: [m[K‘[01m[Kstruct trutle_command[m[K’ has no member named ‘[01m[KLeg_lf[m[K’
   44 |         float axis1_pos = (turtle_.turtle_control.[01;31m[KLeg_lf[m[K.axis1.motor_control_position - (M_PI / 2) + M1_OFFSET) / (2 * M_PI);
      |                                                   [01;31m[K^~~~~~[m[K
[01m[K/home/qianlab/single_turtle_workspace/dependencies/traveler_controller/src/proxy/lowerproxy.cpp:44:102:[m[K [01;31m[Kerror: [m[K‘[01m[KM1_OFFSET[m[K’ was not declared in this scope; did you mean ‘[01m[KMOD_OFFSET[m[K’?
   44 |         float axis1_pos = (turtle_.turtle_control.Leg_lf.axis1.motor_control_position - (M_PI / 2) + [01;31m[KM1_OFFSET[m[K) / (2 * M_PI);
      |                                                                                                      [01;31m[K^~~~~~~~~[m[K
      |                                                                                                      [32m[KMOD_OFFSET[m[K
[01m[K/home/qianlab/single_turtle_workspace/dependencies/traveler_controller/src/proxy/lowerproxy.cpp:61:34:[m[K [01;31m[Kerror: [m[K‘[01m[Kturtle_msgs[m[K’ has not been declared
   61 |         auto message_channel_1 = [01;31m[Kturtle_msgs[m[K::msg::SetInputPosition();
      |                                  [01;31m[K^~~~~~~~~~~[m[K
[01m[K/home/qianlab/single_turtle_workspace/dependencies/traveler_controller/src/proxy/lowerproxy.cpp:68:32:[m[K [01;31m[Kerror: [m[K‘[01m[Kstruct trutle_command[m[K’ has no member named ‘[01m[KLeg_lf[m[K’
   68 |         turtle_.turtle_control.[01;31m[KLeg_lf[m[K.axis0.set_input_position = message_channel_0;
      |                                [01;31m[K^~~~~~[m[K
[01m[K/home/qianlab/single_turtle_workspace/dependencies/traveler_controller/src/proxy/lowerproxy.cpp:68:66:[m[K [01;31m[Kerror: [m[K‘[01m[Kmessage_channel_0[m[K’ was not declared in this scope
   68 |         turtle_.turtle_control.Leg_lf.axis0.set_input_position = [01;31m[Kmessage_channel_0[m[K;
      |                                                                  [01;31m[K^~~~~~~~~~~~~~~~~[m[K
[01m[K/home/qianlab/single_turtle_workspace/dependencies/traveler_controller/src/proxy/lowerproxy.cpp:69:32:[m[K [01;31m[Kerror: [m[K‘[01m[Kstruct trutle_command[m[K’ has no member named ‘[01m[KLeg_lf[m[K’
   69 |         turtle_.turtle_control.[01;31m[KLeg_lf[m[K.axis1.set_input_position = message_channel_1;
      |                                [01;31m[K^~~~~~[m[K
[01m[K/home/qianlab/single_turtle_workspace/dependencies/traveler_controller/src/proxy/lowerproxy.cpp:43:15:[m[K [01;35m[Kwarning: [m[Kunused variable ‘[01m[Kaxis0_pos[m[K’ [[01;35m[K-Wunused-variable[m[K]
   43 |         float [01;35m[Kaxis0_pos[m[K = (-1.0f * turtle_.turtle_control.Leg_lf.axis0.motor_control_position + M0_OFFSET + (M_PI / 2)) / (2 * M_PI);
      |               [01;35m[K^~~~~~~~~[m[K
[01m[K/home/qianlab/single_turtle_workspace/dependencies/traveler_controller/src/proxy/lowerproxy.cpp:[m[K At global scope:
[01m[K/home/qianlab/single_turtle_workspace/dependencies/traveler_controller/src/proxy/lowerproxy.cpp:82:6:[m[K [01;31m[Kerror: [m[K‘[01m[Klowerproxy[m[K’ has not been declared
   82 | void [01;31m[Klowerproxy[m[K::UpdateJoystickStatus(turtle &turtle_) {
      |      [01;31m[K^~~~~~~~~~[m[K
[01m[K/home/qianlab/single_turtle_workspace/dependencies/traveler_controller/src/proxy/lowerproxy.cpp:[m[K In function ‘[01m[Kvoid UpdateJoystickStatus(turtle&)[m[K’:
[01m[K/home/qianlab/single_turtle_workspace/dependencies/traveler_controller/src/proxy/lowerproxy.cpp:85:5:[m[K [01;31m[Kerror: [m[K‘[01m[Kturtle_inter_[m[K’ was not declared in this scope
   85 |     [01;31m[Kturtle_inter_[m[K = turtle_;
      |     [01;31m[K^~~~~~~~~~~~~[m[K
[01m[K/home/qianlab/single_turtle_workspace/dependencies/traveler_controller/src/proxy/lowerproxy.cpp:110:5:[m[K [01;31m[Kerror: [m[K‘[01m[Kcontroller_state_publisher[m[K’ was not declared in this scope
  110 |     [01;31m[Kcontroller_state_publisher[m[K->publish(robot_state);
      |     [01;31m[K^~~~~~~~~~~~~~~~~~~~~~~~~~[m[K
[01m[K/home/qianlab/single_turtle_workspace/dependencies/traveler_controller/src/proxy/lowerproxy.cpp:[m[K At global scope:
[01m[K/home/qianlab/single_turtle_workspace/dependencies/traveler_controller/src/proxy/lowerproxy.cpp:113:6:[m[K [01;31m[Kerror: [m[K‘[01m[Klowerproxy[m[K’ has not been declared
  113 | void [01;31m[Klowerproxy[m[K::Estop() {
      |      [01;31m[K^~~~~~~~~~[m[K
[01m[K/home/qianlab/single_turtle_workspace/dependencies/traveler_controller/src/proxy/lowerproxy.cpp:117:1:[m[K [01;31m[Kerror: [m[Kexpected declaration before ‘[01m[K}[m[K’ token
  117 | [01;31m[K}[m[K // namespace control
      | [01;31m[K^[m[K
[01m[K/home/qianlab/single_turtle_workspace/dependencies/traveler_controller/src/proxy/lowerproxy.cpp:118:1:[m[K [01;31m[Kerror: [m[Kexpected declaration before ‘[01m[K}[m[K’ token
  118 | [01;31m[K}[m[K // namespace turtle_namespace
      | [01;31m[K^[m[K
make[2]: *** [CMakeFiles/turtle_high_controller.dir/build.make:102: CMakeFiles/turtle_high_controller.dir/src/proxy/lowerproxy.cpp.o] Error 1
make[1]: *** [CMakeFiles/Makefile2:107: CMakeFiles/turtle_high_controller.dir/all] Error 2
make: *** [Makefile:141: all] Error 2
