[35m[1mScanning dependencies of target odrive_can_interface[0m
[35m[1mScanning dependencies of target turtle_high_controller[0m
[ 14%] [32mBuilding CXX object CMakeFiles/odrive_can_interface.dir/src/can_driver/odrive_can.cpp.o[0m
[ 14%] [32mBuilding CXX object CMakeFiles/odrive_can_interface.dir/src/can_driver/can_driver.cpp.o[0m
[ 42%] [32mBuilding CXX object CMakeFiles/turtle_high_controller.dir/src/controller/trajectories_parser.cpp.o[0m
[ 42%] [32mBuilding CXX object CMakeFiles/turtle_high_controller.dir/src/controller/Inverse_kinematics.cpp.o[0m
[ 42%] [32mBuilding CXX object CMakeFiles/turtle_high_controller.dir/src/proxy/lowerproxy.cpp.o[0m
[ 42%] [32mBuilding CXX object CMakeFiles/turtle_high_controller.dir/src/main.cpp.o[0m
[ 50%] [32mBuilding CXX object CMakeFiles/turtle_high_controller.dir/src/proxy/upperproxy.cpp.o[0m
[ 57%] [32mBuilding CXX object CMakeFiles/turtle_high_controller.dir/src/can_driver/can_driver.cpp.o[0m
[01m[K/home/qianlab/single_turtle_workspace/dependencies/traveler_controller/src/proxy/lowerproxy.cpp:69:6:[m[K [01;31m[Kerror: [m[Kno declaration matches ‘[01m[Kvoid turtle_namespace::control::lowerproxy::goback2desiredangle(turtle&, float, float, float, float, float, float, float, float, float, float)[m[K’
   69 | void [01;31m[Klowerproxy[m[K::goback2desiredangle(turtle& turtle_, float left_adduction,
      |      [01;31m[K^~~~~~~~~~[m[K
[01m[K/home/qianlab/single_turtle_workspace/dependencies/traveler_controller/src/proxy/lowerproxy.cpp:69:6:[m[K [01;36m[Knote: [m[Kno functions named ‘[01m[Kvoid turtle_namespace::control::lowerproxy::goback2desiredangle(turtle&, float, float, float, float, float, float, float, float, float, float)[m[K’
In file included from [01m[K/home/qianlab/single_turtle_workspace/dependencies/traveler_controller/src/proxy/lowerproxy.cpp:8[m[K:
[01m[K/home/qianlab/single_turtle_workspace/dependencies/traveler_controller/include/proxy/lowerproxy.h:38:7:[m[K [01;36m[Knote: [m[K‘[01m[Kclass turtle_namespace::control::lowerproxy[m[K’ defined here
   38 | class [01;36m[Klowerproxy[m[K:public rclcpp::Node{
      |       [01;36m[K^~~~~~~~~~[m[K
[ 64%] [32m[1mLinking CXX executable odrive_can_interface[0m
[ 78%] Built target odrive_can_interface
make[2]: *** [CMakeFiles/turtle_high_controller.dir/build.make:102: CMakeFiles/turtle_high_controller.dir/src/proxy/lowerproxy.cpp.o] Error 1
make[2]: *** Waiting for unfinished jobs....
make[1]: *** [CMakeFiles/Makefile2:107: CMakeFiles/turtle_high_controller.dir/all] Error 2
make: *** [Makefile:141: all] Error 2
