[35m[1mScanning dependencies of target turtle_high_controller[0m
[ 35%] Built target odrive_can_interface
[ 42%] [32mBuilding CXX object CMakeFiles/turtle_high_controller.dir/src/controller/trajectories_parser.cpp.o[0m
[01m[K/home/qianlab/single_turtle_workspace/dependencies/traveler_controller/src/controller/trajectories_parser.cpp:[m[K In member function ‘[01m[Kvoid turtle_namespace::control::TrajectoriesParser::generateWaypoints(turtle&)[m[K’:
[01m[K/home/qianlab/single_turtle_workspace/dependencies/traveler_controller/src/controller/trajectories_parser.cpp:22:9:[m[K [01;35m[Kwarning: [m[Kunused variable ‘[01m[Ktrajectory[m[K’ [[01;35m[K-Wunused-variable[m[K]
   22 |     int [01;35m[Ktrajectory[m[K = turtle.turtle_gui.drag_traj;
      |         [01;35m[K^~~~~~~~~~[m[K
[01m[K/home/qianlab/single_turtle_workspace/dependencies/traveler_controller/src/controller/trajectories_parser.cpp:[m[K In member function ‘[01m[Kbool turtle_namespace::control::TrajectoriesParser::processWaypoint(turtle&)[m[K’:
[01m[K/home/qianlab/single_turtle_workspace/dependencies/traveler_controller/src/controller/trajectories_parser.cpp:40:12:[m[K [01;31m[Kerror: [m[K‘[01m[Kwaypoint_state_[m[K’ was not declared in this scope; did you mean ‘[01m[Kwaypoints_[m[K’?
   40 |     switch([01;31m[Kwaypoint_state_[m[K) {
      |            [01;31m[K^~~~~~~~~~~~~~~[m[K
      |            [32m[Kwaypoints_[m[K
[01m[K/home/qianlab/single_turtle_workspace/dependencies/traveler_controller/src/controller/trajectories_parser.cpp:62:96:[m[K [01;31m[Kerror: [m[K‘[01m[Kgamma2[m[K’ was not declared in this scope; did you mean ‘[01m[Kgamma_[m[K’?
   62 |             if (linearTraj(t_, curr_waypoint_.vel, prev_waypoint_.point, curr_waypoint_.point, [01;31m[Kgamma2[m[K, theta2))
      |                                                                                                [01;31m[K^~~~~~[m[K
      |                                                                                                [32m[Kgamma_[m[K
[01m[K/home/qianlab/single_turtle_workspace/dependencies/traveler_controller/src/controller/trajectories_parser.cpp:62:104:[m[K [01;31m[Kerror: [m[K‘[01m[Ktheta2[m[K’ was not declared in this scope; did you mean ‘[01m[Ktheta_[m[K’?
   62 |             if (linearTraj(t_, curr_waypoint_.vel, prev_waypoint_.point, curr_waypoint_.point, gamma2, [01;31m[Ktheta2[m[K))
      |                                                                                                        [01;31m[K^~~~~~[m[K
      |                                                                                                        [32m[Ktheta_[m[K
[01m[K/home/qianlab/single_turtle_workspace/dependencies/traveler_controller/src/controller/trajectories_parser.cpp:70:94:[m[K [01;31m[Kerror: [m[K‘[01m[Kgamma2[m[K’ was not declared in this scope; did you mean ‘[01m[Kgamma_[m[K’?
   70 |             turtle.turtle_control.right_adduction.set_input_position_radian.input_position = [01;31m[Kgamma2[m[K;
      |                                                                                              [01;31m[K^~~~~~[m[K
      |                                                                                              [32m[Kgamma_[m[K
[01m[K/home/qianlab/single_turtle_workspace/dependencies/traveler_controller/src/controller/trajectories_parser.cpp:71:93:[m[K [01;31m[Kerror: [m[K‘[01m[Ktheta2[m[K’ was not declared in this scope; did you mean ‘[01m[Ktheta_[m[K’?
   71 |             turtle.turtle_control.right_sweeping.set_input_position_radian.input_position = [01;31m[Ktheta2[m[K;
      |                                                                                             [01;31m[K^~~~~~[m[K
      |                                                                                             [32m[Ktheta_[m[K
[01m[K/home/qianlab/single_turtle_workspace/dependencies/traveler_controller/src/controller/trajectories_parser.cpp:73:13:[m[K [01;31m[Kerror: [m[K‘[01m[Kturtle_[m[K’ was not declared in this scope; did you mean ‘[01m[Kturtle[m[K’?
   73 |             [01;31m[Kturtle_[m[K.turtle_control.right_adduction.set_input_position_radian.input_position = -gamma2 / 2(M_PI);
      |             [01;31m[K^~~~~~~[m[K
      |             [32m[Kturtle[m[K
[01m[K/home/qianlab/single_turtle_workspace/dependencies/traveler_controller/src/controller/trajectories_parser.cpp:73:111:[m[K [01;31m[Kerror: [m[Kexpression cannot be used as a function
   73 |             turtle_.turtle_control.right_adduction.set_input_position_radian.input_position = -gamma2 / 2(M_PI[01;31m[K)[m[K;
      |                                                                                                               [01;31m[K^[m[K
[01m[K/home/qianlab/single_turtle_workspace/dependencies/traveler_controller/src/controller/trajectories_parser.cpp:74:110:[m[K [01;31m[Kerror: [m[Kexpression cannot be used as a function
   74 |             turtle_.turtle_control.right_sweeping.set_input_position_radian.input_position = -theta2 / 2(M_PI[01;31m[K)[m[K;
      |                                                                                                              [01;31m[K^[m[K
make[2]: *** [CMakeFiles/turtle_high_controller.dir/build.make:89: CMakeFiles/turtle_high_controller.dir/src/controller/trajectories_parser.cpp.o] Error 1
make[1]: *** [CMakeFiles/Makefile2:107: CMakeFiles/turtle_high_controller.dir/all] Error 2
make: *** [Makefile:141: all] Error 2
