[0.010s] Invoking command in '/home/qianlab/single_turtle_workspace/build/turtle_high_controller': AMENT_PREFIX_PATH=/home/qianlab/single_turtle_workspace/install/traveler_msgs:${AMENT_PREFIX_PATH} CMAKE_PREFIX_PATH=/home/qianlab/single_turtle_workspace/install/traveler_msgs:/home/qianlab/lassie-traveler/dependencies/install/traveler_high_controller:/home/qianlab/lassie-traveler/dependencies/install/traveler_msgs:/opt/ros/foxy LD_LIBRARY_PATH=/home/qianlab/single_turtle_workspace/install/traveler_msgs/lib:${LD_LIBRARY_PATH} PYTHONPATH=/home/qianlab/single_turtle_workspace/install/traveler_msgs/lib/python3.8/site-packages:${PYTHONPATH} /usr/bin/cmake --build /home/qianlab/single_turtle_workspace/build/turtle_high_controller -- -j12 -l12
[0.033s] -- Found ament_cmake: 0.9.12 (/opt/ros/foxy/share/ament_cmake/cmake)
[0.051s] -- Using PYTHON_EXECUTABLE: /usr/bin/python3
[0.200s] -- Found rclcpp: 2.4.3 (/opt/ros/foxy/share/rclcpp/cmake)
[0.234s] -- Using all available rosidl_typesupport_c: rosidl_typesupport_fastrtps_c;rosidl_typesupport_introspection_c
[0.236s] -- Found rosidl_adapter: 1.3.1 (/opt/ros/foxy/share/rosidl_adapter/cmake)
[0.321s] -- Using all available rosidl_typesupport_cpp: rosidl_typesupport_fastrtps_cpp;rosidl_typesupport_introspection_cpp
[0.357s] -- Found rmw_implementation_cmake: 1.0.4 (/opt/ros/foxy/share/rmw_implementation_cmake/cmake)
[0.359s] -- Using RMW implementation 'rmw_fastrtps_cpp' as default
[0.465s] -- Found control_msgs: 2.5.1 (/opt/ros/foxy/share/control_msgs/cmake)
[0.747s] -- Found traveler_msgs: 0.0.0 (/home/qianlab/single_turtle_workspace/install/traveler_msgs/share/traveler_msgs/cmake)
[0.797s] -- Configuring done
[0.806s] -- Generating done
[0.807s] -- Build files have been written to: /home/qianlab/single_turtle_workspace/build/turtle_high_controller
[0.832s] [35m[1mScanning dependencies of target odrive_can_interface[0m
[0.839s] [35m[1mScanning dependencies of target turtle_high_controller[0m
[0.859s] [  7%] [32mBuilding CXX object CMakeFiles/odrive_can_interface.dir/src/can_driver/can_driver.cpp.o[0m
[0.860s] [ 14%] [32mBuilding CXX object CMakeFiles/odrive_can_interface.dir/src/can_driver/odrive_can.cpp.o[0m
[0.860s] [ 21%] [32mBuilding CXX object CMakeFiles/odrive_can_interface.dir/src/can_driver/can_suber.cpp.o[0m
[0.873s] [ 28%] [32mBuilding CXX object CMakeFiles/turtle_high_controller.dir/src/main.cpp.o[0m
[0.873s] [ 35%] [32mBuilding CXX object CMakeFiles/turtle_high_controller.dir/src/proxy/upperproxy.cpp.o[0m
[0.875s] [ 42%] [32mBuilding CXX object CMakeFiles/turtle_high_controller.dir/src/controller/trajectories_parser.cpp.o[0m
[0.875s] [ 50%] [32mBuilding CXX object CMakeFiles/turtle_high_controller.dir/src/proxy/lowerproxy.cpp.o[0m
[0.876s] [ 64%] [32mBuilding CXX object CMakeFiles/turtle_high_controller.dir/src/can_driver/can_suber.cpp.o[0m
[0.876s] [ 64%] [32mBuilding CXX object CMakeFiles/turtle_high_controller.dir/src/controller/Inverse_kinematics.cpp.o[0m
[0.878s] [ 71%] [32mBuilding CXX object CMakeFiles/turtle_high_controller.dir/src/can_driver/can_driver.cpp.o[0m
[0.892s] [01m[K/home/qianlab/single_turtle_workspace/dependencies/traveler_controller/src/controller/trajectories_parser.cpp:3:10:[m[K [01;31m[Kfatal error: [m[Kcontroller/trajectories_parser.h: No such file or directory
[0.892s]     3 | #include [01;31m[K"controller/trajectories_parser.h"[m[K
[0.892s]       |          [01;31m[K^~~~~~~~~~~~~~~~~~~~~~~~~~~~~~~~~~[m[K
[0.892s] compilation terminated.
[0.894s] make[2]: *** [CMakeFiles/turtle_high_controller.dir/build.make:89: CMakeFiles/turtle_high_controller.dir/src/controller/trajectories_parser.cpp.o] Error 1
[0.894s] make[2]: *** Waiting for unfinished jobs....
[1.024s] [01m[K/home/qianlab/single_turtle_workspace/dependencies/traveler_controller/src/main.cpp:10:10:[m[K [01;31m[Kfatal error: [m[Kcontroller/trajectories_parser.h: No such file or directory
[1.024s]    10 | #include [01;31m[K"controller/trajectories_parser.h"[m[K
[1.024s]       |          [01;31m[K^~~~~~~~~~~~~~~~~~~~~~~~~~~~~~~~~~[m[K
[1.024s] compilation terminated.
[1.026s] make[2]: *** [CMakeFiles/turtle_high_controller.dir/build.make:63: CMakeFiles/turtle_high_controller.dir/src/main.cpp.o] Error 1
[1.152s] In file included from [01m[K/home/qianlab/single_turtle_workspace/dependencies/traveler_controller/src/controller/Inverse_kinematics.cpp:1[m[K:
[1.153s] [01m[K/home/qianlab/single_turtle_workspace/dependencies/traveler_controller/include/controller/inverse_kinematics.h:28:47:[m[K [01;31m[Kerror: [m[K‘[01m[KXY_pair[m[K’ has not been declared
[1.153s]    28 | void abstractToPhysical(float L, float Theta, [01;31m[KXY_pair[m[K& point);
[1.153s]       |                                               [01;31m[K^~~~~~~[m[K
[1.153s] [01m[K/home/qianlab/single_turtle_workspace/dependencies/traveler_controller/include/controller/inverse_kinematics.h:35:52:[m[K [01;31m[Kerror: [m[K‘[01m[KXY_pair[m[K’ has not been declared
[1.153s]    35 | void linearTraj(float t, float t_start, float vel, [01;31m[KXY_pair[m[K A, XY_pair B, float& X, float& Y);
[1.153s]       |                                                    [01;31m[K^~~~~~~[m[K
[1.153s] [01m[K/home/qianlab/single_turtle_workspace/dependencies/traveler_controller/include/controller/inverse_kinematics.h:35:63:[m[K [01;31m[Kerror: [m[K‘[01m[KXY_pair[m[K’ has not been declared
[1.153s]    35 | void linearTraj(float t, float t_start, float vel, XY_pair A, [01;31m[KXY_pair[m[K B, float& X, float& Y);
[1.153s]       |                                                               [01;31m[K^~~~~~~[m[K
[1.154s] [01m[K/home/qianlab/single_turtle_workspace/dependencies/traveler_controller/include/controller/inverse_kinematics.h:38:41:[m[K [01;31m[Kerror: [m[K‘[01m[KXY_pair[m[K’ has not been declared
[1.154s]    38 | bool linearTraj(float t_rel, float vel, [01;31m[KXY_pair[m[K A, XY_pair B, float& X, float& Y);
[1.154s]       |                                         [01;31m[K^~~~~~~[m[K
[1.154s] [01m[K/home/qianlab/single_turtle_workspace/dependencies/traveler_controller/include/controller/inverse_kinematics.h:38:52:[m[K [01;31m[Kerror: [m[K‘[01m[KXY_pair[m[K’ has not been declared
[1.154s]    38 | bool linearTraj(float t_rel, float vel, XY_pair A, [01;31m[KXY_pair[m[K B, float& X, float& Y);
[1.154s]       |                                                    [01;31m[K^~~~~~~[m[K
[1.154s] [01m[K/home/qianlab/single_turtle_workspace/dependencies/traveler_controller/include/controller/inverse_kinematics.h:41:41:[m[K [01;31m[Kerror: [m[K‘[01m[KXY_pair[m[K’ has not been declared
[1.154s]    41 | bool linearTraj(float t_rel, float vel, [01;31m[KXY_pair[m[K A, XY_pair B,
[1.154s]       |                                         [01;31m[K^~~~~~~[m[K
[1.154s] [01m[K/home/qianlab/single_turtle_workspace/dependencies/traveler_controller/include/controller/inverse_kinematics.h:41:52:[m[K [01;31m[Kerror: [m[K‘[01m[KXY_pair[m[K’ has not been declared
[1.154s]    41 | bool linearTraj(float t_rel, float vel, XY_pair A, [01;31m[KXY_pair[m[K B,
[1.154s]       |                                                    [01;31m[K^~~~~~~[m[K
[1.154s] [01m[K/home/qianlab/single_turtle_workspace/dependencies/traveler_controller/include/controller/inverse_kinematics.h:42:17:[m[K [01;31m[Kerror: [m[K‘[01m[KXY_pair[m[K’ has not been declared
[1.154s]    42 |                 [01;31m[KXY_pair[m[K ToeXY, float& X, float& Y, float threshold = 0.01f);
[1.154s]       |                 [01;31m[K^~~~~~~[m[K
[1.154s] [01m[K/home/qianlab/single_turtle_workspace/dependencies/traveler_controller/include/controller/inverse_kinematics.h:50:15:[m[K [01;31m[Kerror: [m[K‘[01m[Kbool clamp_XY[m[K’ redeclared as different kind of entity
[1.155s]    50 | bool clamp_XY([01;31m[KXY_pair[m[K& P, float L = 0.0f);
[1.155s]       |               [01;31m[K^~~~~~~[m[K
[1.155s] [01m[K/home/qianlab/single_turtle_workspace/dependencies/traveler_controller/include/controller/inverse_kinematics.h:49:6:[m[K [01;36m[Knote: [m[Kprevious declaration ‘[01m[Kbool clamp_XY(float&, float&, float)[m[K’
[1.155s]    49 | bool [01;36m[Kclamp_XY[m[K(float& x, float& y, float L = 0.0f);
[1.155s]       |      [01;36m[K^~~~~~~~[m[K
[1.155s] [01m[K/home/qianlab/single_turtle_workspace/dependencies/traveler_controller/include/controller/inverse_kinematics.h:50:15:[m[K [01;31m[Kerror: [m[K‘[01m[KXY_pair[m[K’ was not declared in this scope
[1.155s]    50 | bool clamp_XY([01;31m[KXY_pair[m[K& P, float L = 0.0f);
[1.155s]       |               [01;31m[K^~~~~~~[m[K
[1.155s] [01m[K/home/qianlab/single_turtle_workspace/dependencies/traveler_controller/include/controller/inverse_kinematics.h:50:24:[m[K [01;31m[Kerror: [m[K‘[01m[KP[m[K’ was not declared in this scope
[1.155s]    50 | bool clamp_XY(XY_pair& [01;31m[KP[m[K, float L = 0.0f);
[1.155s]       |                        [01;31m[K^[m[K
[1.155s] [01m[K/home/qianlab/single_turtle_workspace/dependencies/traveler_controller/include/controller/inverse_kinematics.h:50:27:[m[K [01;31m[Kerror: [m[Kexpected primary-expression before ‘[01m[Kfloat[m[K’
[1.155s]    50 | bool clamp_XY(XY_pair& P, [01;31m[Kfloat[m[K L = 0.0f);
[1.155s]       |                           [01;31m[K^~~~~[m[K
[1.155s] [01m[K/home/qianlab/single_turtle_workspace/dependencies/traveler_controller/include/controller/inverse_kinematics.h:53:16:[m[K [01;31m[Kerror: [m[K‘[01m[KXY_pair[m[K’ was not declared in this scope
[1.156s]    53 | float distance([01;31m[KXY_pair[m[K A, XY_pair B);
[1.156s]       |                [01;31m[K^~~~~~~[m[K
[1.156s] [01m[K/home/qianlab/single_turtle_workspace/dependencies/traveler_controller/include/controller/inverse_kinematics.h:53:27:[m[K [01;31m[Kerror: [m[K‘[01m[KXY_pair[m[K’ was not declared in this scope
[1.156s]    53 | float distance(XY_pair A, [01;31m[KXY_pair[m[K B);
[1.156s]       |                           [01;31m[K^~~~~~~[m[K
[1.156s] [01m[K/home/qianlab/single_turtle_workspace/dependencies/traveler_controller/include/controller/inverse_kinematics.h:53:36:[m[K [01;31m[Kerror: [m[Kexpression list treated as compound expression in initializer [[01;31m[K-fpermissive[m[K]
[1.156s]    53 | float distance(XY_pair A, XY_pair B[01;31m[K)[m[K;
[1.156s]       |                                    [01;31m[K^[m[K
[1.156s] [01m[K/home/qianlab/single_turtle_workspace/dependencies/traveler_controller/src/controller/Inverse_kinematics.cpp:[m[K In function ‘[01m[Kvoid getGamma(float, float&)[m[K’:
[1.156s] [01m[K/home/qianlab/single_turtle_workspace/dependencies/traveler_controller/src/controller/Inverse_kinematics.cpp:26:47:[m[K [01;31m[Kerror: [m[K‘[01m[KL3[m[K’ was not declared in this scope; did you mean ‘[01m[KL[m[K’?
[1.156s]    26 |     gamma = static_cast<float>(acosf((pow(L - [01;31m[KL3[m[K, 2) + L1 * L1 - L2 * L2) / (2 * L1 * (L - L3))));
[1.156s]       |                                               [01;31m[K^~[m[K
[1.157s]       |                                               [32m[KL[m[K
[1.157s] [01m[K/home/qianlab/single_turtle_workspace/dependencies/traveler_controller/src/controller/Inverse_kinematics.cpp:26:56:[m[K [01;31m[Kerror: [m[K‘[01m[KL1[m[K’ was not declared in this scope; did you mean ‘[01m[KL[m[K’?
[1.157s]    26 |     gamma = static_cast<float>(acosf((pow(L - L3, 2) + [01;31m[KL1[m[K * L1 - L2 * L2) / (2 * L1 * (L - L3))));
[1.157s]       |                                                        [01;31m[K^~[m[K
[1.157s]       |                                                        [32m[KL[m[K
[1.157s] [01m[K/home/qianlab/single_turtle_workspace/dependencies/traveler_controller/src/controller/Inverse_kinematics.cpp:26:66:[m[K [01;31m[Kerror: [m[K‘[01m[KL2[m[K’ was not declared in this scope; did you mean ‘[01m[KL[m[K’?
[1.157s]    26 |     gamma = static_cast<float>(acosf((pow(L - L3, 2) + L1 * L1 - [01;31m[KL2[m[K * L2) / (2 * L1 * (L - L3))));
[1.157s]       |                                                                  [01;31m[K^~[m[K
[1.157s]       |                                                                  [32m[KL[m[K
[1.157s] [01m[K/home/qianlab/single_turtle_workspace/dependencies/traveler_controller/src/controller/Inverse_kinematics.cpp:[m[K In function ‘[01m[Kvoid physicalToAbstract(float, float, float&, float&, float&)[m[K’:
[1.157s] [01m[K/home/qianlab/single_turtle_workspace/dependencies/traveler_controller/src/controller/Inverse_kinematics.cpp:54:47:[m[K [01;31m[Kerror: [m[K‘[01m[KL3[m[K’ was not declared in this scope; did you mean ‘[01m[KL[m[K’?
[1.158s]    54 |     gamma = static_cast<float>(acosf((pow(L - [01;31m[KL3[m[K, 2) + L1 * L1 - L2 * L2) / (2 * L1 * (L - L3))));
[1.158s]       |                                               [01;31m[K^~[m[K
[1.158s]       |                                               [32m[KL[m[K
[1.158s] [01m[K/home/qianlab/single_turtle_workspace/dependencies/traveler_controller/src/controller/Inverse_kinematics.cpp:54:56:[m[K [01;31m[Kerror: [m[K‘[01m[KL1[m[K’ was not declared in this scope; did you mean ‘[01m[KL[m[K’?
[1.158s]    54 |     gamma = static_cast<float>(acosf((pow(L - L3, 2) + [01;31m[KL1[m[K * L1 - L2 * L2) / (2 * L1 * (L - L3))));
[1.158s]       |                                                        [01;31m[K^~[m[K
[1.158s]       |                                                        [32m[KL[m[K
[1.158s] [01m[K/home/qianlab/single_turtle_workspace/dependencies/traveler_controller/src/controller/Inverse_kinematics.cpp:54:66:[m[K [01;31m[Kerror: [m[K‘[01m[KL2[m[K’ was not declared in this scope; did you mean ‘[01m[KL[m[K’?
[1.158s]    54 |     gamma = static_cast<float>(acosf((pow(L - L3, 2) + L1 * L1 - [01;31m[KL2[m[K * L2) / (2 * L1 * (L - L3))));
[1.158s]       |                                                                  [01;31m[K^~[m[K
[1.158s]       |                                                                  [32m[KL[m[K
[1.159s] [01m[K/home/qianlab/single_turtle_workspace/dependencies/traveler_controller/src/controller/Inverse_kinematics.cpp:[m[K In function ‘[01m[Kvoid physicalToAbstract(float, float, float&, float&, bool)[m[K’:
[1.159s] [01m[K/home/qianlab/single_turtle_workspace/dependencies/traveler_controller/src/controller/Inverse_kinematics.cpp:86:47:[m[K [01;31m[Kerror: [m[K‘[01m[KL3[m[K’ was not declared in this scope; did you mean ‘[01m[KL[m[K’?
[1.159s]    86 |     gamma = static_cast<float>(acosf((pow(L - [01;31m[KL3[m[K, 2) + L1 * L1 - L2 * L2) / (2 * L1 * (L - L3))));
[1.159s]       |                                               [01;31m[K^~[m[K
[1.159s]       |                                               [32m[KL[m[K
[1.159s] [01m[K/home/qianlab/single_turtle_workspace/dependencies/traveler_controller/src/controller/Inverse_kinematics.cpp:86:56:[m[K [01;31m[Kerror: [m[K‘[01m[KL1[m[K’ was not declared in this scope; did you mean ‘[01m[KL[m[K’?
[1.159s]    86 |     gamma = static_cast<float>(acosf((pow(L - L3, 2) + [01;31m[KL1[m[K * L1 - L2 * L2) / (2 * L1 * (L - L3))));
[1.159s]       |                                                        [01;31m[K^~[m[K
[1.159s]       |                                                        [32m[KL[m[K
[1.160s] [01m[K/home/qianlab/single_turtle_workspace/dependencies/traveler_controller/src/controller/Inverse_kinematics.cpp:86:66:[m[K [01;31m[Kerror: [m[K‘[01m[KL2[m[K’ was not declared in this scope; did you mean ‘[01m[KL[m[K’?
[1.160s]    86 |     gamma = static_cast<float>(acosf((pow(L - L3, 2) + L1 * L1 - [01;31m[KL2[m[K * L2) / (2 * L1 * (L - L3))));
[1.160s]       |                                                                  [01;31m[K^~[m[K
[1.160s]       |                                                                  [32m[KL[m[K
[1.161s] [01m[K/home/qianlab/single_turtle_workspace/dependencies/traveler_controller/src/controller/Inverse_kinematics.cpp:[m[K At global scope:
[1.161s] [01m[K/home/qianlab/single_turtle_workspace/dependencies/traveler_controller/src/controller/Inverse_kinematics.cpp:107:47:[m[K [01;31m[Kerror: [m[K‘[01m[KXY_pair[m[K’ has not been declared
[1.161s]   107 | void abstractToPhysical(float L, float Theta, [01;31m[KXY_pair[m[K &point) {
[1.161s]       |                                               [01;31m[K^~~~~~~[m[K
[1.161s] [01m[K/home/qianlab/single_turtle_workspace/dependencies/traveler_controller/src/controller/Inverse_kinematics.cpp:[m[K In function ‘[01m[Kvoid abstractToPhysical(float, float, int&)[m[K’:
[1.163s] [01m[K/home/qianlab/single_turtle_workspace/dependencies/traveler_controller/src/controller/Inverse_kinematics.cpp:108:11:[m[K [01;31m[Kerror: [m[Krequest for member ‘[01m[Kx[m[K’ in ‘[01m[Kpoint[m[K’, which is of non-class type ‘[01m[Kint[m[K’
[1.163s]   108 |     point.[01;31m[Kx[m[K = - L * sinf(Theta);
[1.163s]       |           [01;31m[K^[m[K
[1.163s] [01m[K/home/qianlab/single_turtle_workspace/dependencies/traveler_controller/src/controller/Inverse_kinematics.cpp:109:11:[m[K [01;31m[Kerror: [m[Krequest for member ‘[01m[Ky[m[K’ in ‘[01m[Kpoint[m[K’, which is of non-class type ‘[01m[Kint[m[K’
[1.163s]   109 |     point.[01;31m[Ky[m[K = L * cosf(Theta);
[1.163s]       |           [01;31m[K^[m[K
[1.164s] [01m[K/home/qianlab/single_turtle_workspace/dependencies/traveler_controller/src/controller/Inverse_kinematics.cpp:[m[K At global scope:
[1.164s] [01m[K/home/qianlab/single_turtle_workspace/dependencies/traveler_controller/src/controller/Inverse_kinematics.cpp:113:52:[m[K [01;31m[Kerror: [m[K‘[01m[KXY_pair[m[K’ has not been declared
[1.164s]   113 | void linearTraj(float t, float t_start, float vel, [01;31m[KXY_pair[m[K A, XY_pair B, float &X, float &Y) {
[1.164s]       |                                                    [01;31m[K^~~~~~~[m[K
[1.164s] [01m[K/home/qianlab/single_turtle_workspace/dependencies/traveler_controller/src/controller/Inverse_kinematics.cpp:113:63:[m[K [01;31m[Kerror: [m[K‘[01m[KXY_pair[m[K’ has not been declared
[1.164s]   113 | void linearTraj(float t, float t_start, float vel, XY_pair A, [01;31m[KXY_pair[m[K B, float &X, float &Y) {
[1.164s]       |                                                               [01;31m[K^~~~~~~[m[K
[1.164s] [01m[K/home/qianlab/single_turtle_workspace/dependencies/traveler_controller/src/controller/Inverse_kinematics.cpp:[m[K In function ‘[01m[Kvoid linearTraj(float, float, float, int, int, float&, float&)[m[K’:
[1.164s] [01m[K/home/qianlab/single_turtle_workspace/dependencies/traveler_controller/src/controller/Inverse_kinematics.cpp:115:18:[m[K [01;31m[Kerror: [m[Krequest for member ‘[01m[Kx[m[K’ in ‘[01m[KB[m[K’, which is of non-class type ‘[01m[Kint[m[K’
[1.164s]   115 |     float d1 = B.[01;31m[Kx[m[K - A.x;
[1.165s]       |                  [01;31m[K^[m[K
[1.165s] [01m[K/home/qianlab/single_turtle_workspace/dependencies/traveler_controller/src/controller/Inverse_kinematics.cpp:115:24:[m[K [01;31m[Kerror: [m[Krequest for member ‘[01m[Kx[m[K’ in ‘[01m[KA[m[K’, which is of non-class type ‘[01m[Kint[m[K’
[1.165s]   115 |     float d1 = B.x - A.[01;31m[Kx[m[K;
[1.165s]       |                        [01;31m[K^[m[K
[1.165s] [01m[K/home/qianlab/single_turtle_workspace/dependencies/traveler_controller/src/controller/Inverse_kinematics.cpp:116:18:[m[K [01;31m[Kerror: [m[Krequest for member ‘[01m[Ky[m[K’ in ‘[01m[KB[m[K’, which is of non-class type ‘[01m[Kint[m[K’
[1.165s]   116 |     float d2 = B.[01;31m[Ky[m[K - A.y;
[1.165s]       |                  [01;31m[K^[m[K
[1.165s] [01m[K/home/qianlab/single_turtle_workspace/dependencies/traveler_controller/src/controller/Inverse_kinematics.cpp:116:24:[m[K [01;31m[Kerror: [m[Krequest for member ‘[01m[Ky[m[K’ in ‘[01m[KA[m[K’, which is of non-class type ‘[01m[Kint[m[K’
[1.165s]   116 |     float d2 = B.y - A.[01;31m[Ky[m[K;
[1.165s]       |                        [01;31m[K^[m[K
[1.165s] [01m[K/home/qianlab/single_turtle_workspace/dependencies/traveler_controller/src/controller/Inverse_kinematics.cpp:121:33:[m[K [01;31m[Kerror: [m[Krequest for member ‘[01m[Kx[m[K’ in ‘[01m[KA[m[K’, which is of non-class type ‘[01m[Kint[m[K’
[1.165s]   121 |     X = scalar * d1 * t_rel + A.[01;31m[Kx[m[K;
[1.165s]       |                                 [01;31m[K^[m[K
[1.165s] [01m[K/home/qianlab/single_turtle_workspace/dependencies/traveler_controller/src/controller/Inverse_kinematics.cpp:122:33:[m[K [01;31m[Kerror: [m[Krequest for member ‘[01m[Kx[m[K’ in ‘[01m[KB[m[K’, which is of non-class type ‘[01m[Kint[m[K’
[1.166s]   122 |     Y = scalar * d2 * t_rel + B.[01;31m[Kx[m[K;
[1.166s]       |                                 [01;31m[K^[m[K
[1.166s] [01m[K/home/qianlab/single_turtle_workspace/dependencies/traveler_controller/src/controller/Inverse_kinematics.cpp:[m[K At global scope:
[1.166s] [01m[K/home/qianlab/single_turtle_workspace/dependencies/traveler_controller/src/controller/Inverse_kinematics.cpp:125:41:[m[K [01;31m[Kerror: [m[K‘[01m[KXY_pair[m[K’ has not been declared
[1.166s]   125 | bool linearTraj(float t_rel, float vel, [01;31m[KXY_pair[m[K A, XY_pair B, float &X, float &Y) {    // actually using this one
[1.166s]       |                                         [01;31m[K^~~~~~~[m[K
[1.166s] [01m[K/home/qianlab/single_turtle_workspace/dependencies/traveler_controller/src/controller/Inverse_kinematics.cpp:125:52:[m[K [01;31m[Kerror: [m[K‘[01m[KXY_pair[m[K’ has not been declared
[1.166s]   125 | bool linearTraj(float t_rel, float vel, XY_pair A, [01;31m[KXY_pair[m[K B, float &X, float &Y) {    // actually using this one
[1.166s]       |                                                    [01;31m[K^~~~~~~[m[K
[1.166s] [01m[K/home/qianlab/single_turtle_workspace/dependencies/traveler_controller/src/controller/Inverse_kinematics.cpp:[m[K In function ‘[01m[Kbool linearTraj(float, float, int, int, float&, float&)[m[K’:
[1.166s] [01m[K/home/qianlab/single_turtle_workspace/dependencies/traveler_controller/src/controller/Inverse_kinematics.cpp:127:18:[m[K [01;31m[Kerror: [m[Krequest for member ‘[01m[Kx[m[K’ in ‘[01m[KB[m[K’, which is of non-class type ‘[01m[Kint[m[K’
[1.166s]   127 |     float d1 = B.[01;31m[Kx[m[K - A.x;
[1.166s]       |                  [01;31m[K^[m[K
[1.166s] [01m[K/home/qianlab/single_turtle_workspace/dependencies/traveler_controller/src/controller/Inverse_kinematics.cpp:127:24:[m[K [01;31m[Kerror: [m[Krequest for member ‘[01m[Kx[m[K’ in ‘[01m[KA[m[K’, which is of non-class type ‘[01m[Kint[m[K’
[1.166s]   127 |     float d1 = B.x - A.[01;31m[Kx[m[K;
[1.166s]       |                        [01;31m[K^[m[K
[1.166s] [01m[K/home/qianlab/single_turtle_workspace/dependencies/traveler_controller/src/controller/Inverse_kinematics.cpp:128:18:[m[K [01;31m[Kerror: [m[Krequest for member ‘[01m[Ky[m[K’ in ‘[01m[KB[m[K’, which is of non-class type ‘[01m[Kint[m[K’
[1.167s]   128 |     float d2 = B.[01;31m[Ky[m[K - A.y;
[1.167s]       |                  [01;31m[K^[m[K
[1.167s] [01m[K/home/qianlab/single_turtle_workspace/dependencies/traveler_controller/src/controller/Inverse_kinematics.cpp:128:24:[m[K [01;31m[Kerror: [m[Krequest for member ‘[01m[Ky[m[K’ in ‘[01m[KA[m[K’, which is of non-class type ‘[01m[Kint[m[K’
[1.167s]   128 |     float d2 = B.y - A.[01;31m[Ky[m[K;
[1.167s]       |                        [01;31m[K^[m[K
[1.167s] [01m[K/home/qianlab/single_turtle_workspace/dependencies/traveler_controller/src/controller/Inverse_kinematics.cpp:135:15:[m[K [01;31m[Kerror: [m[Krequest for member ‘[01m[Kx[m[K’ in ‘[01m[KA[m[K’, which is of non-class type ‘[01m[Kint[m[K’
[1.167s]   135 |         X = A.[01;31m[Kx[m[K;
[1.167s]       |               [01;31m[K^[m[K
[1.168s] [01m[K/home/qianlab/single_turtle_workspace/dependencies/traveler_controller/src/controller/Inverse_kinematics.cpp:136:15:[m[K [01;31m[Kerror: [m[Krequest for member ‘[01m[Ky[m[K’ in ‘[01m[KA[m[K’, which is of non-class type ‘[01m[Kint[m[K’
[1.168s]   136 |         Y = A.[01;31m[Ky[m[K;
[1.168s]       |               [01;31m[K^[m[K
[1.168s] [01m[K/home/qianlab/single_turtle_workspace/dependencies/traveler_controller/src/controller/Inverse_kinematics.cpp:144:35:[m[K [01;31m[Kerror: [m[Krequest for member ‘[01m[Kx[m[K’ in ‘[01m[KA[m[K’, which is of non-class type ‘[01m[Kint[m[K’
[1.168s]   144 |     X = (scalar * d1 * t_rel) + A.[01;31m[Kx[m[K;
[1.168s]       |                                   [01;31m[K^[m[K
[1.168s] [01m[K/home/qianlab/single_turtle_workspace/dependencies/traveler_controller/src/controller/Inverse_kinematics.cpp:145:35:[m[K [01;31m[Kerror: [m[Krequest for member ‘[01m[Ky[m[K’ in ‘[01m[KA[m[K’, which is of non-class type ‘[01m[Kint[m[K’
[1.168s]   145 |     Y = (scalar * d2 * t_rel) + A.[01;31m[Ky[m[K;
[1.168s]       |                                   [01;31m[K^[m[K
[1.168s] [01m[K/home/qianlab/single_turtle_workspace/dependencies/traveler_controller/src/controller/Inverse_kinematics.cpp:151:38:[m[K [01;31m[Kerror: [m[Krequest for member ‘[01m[Kx[m[K’ in ‘[01m[KA[m[K’, which is of non-class type ‘[01m[Kint[m[K’
[1.168s]   151 |     float actual_dist = sqrtf((X - A.[01;31m[Kx[m[K) * (X - A.x)+ (Y - A.y) * (Y - A.y));
[1.168s]       |                                      [01;31m[K^[m[K
[1.168s] [01m[K/home/qianlab/single_turtle_workspace/dependencies/traveler_controller/src/controller/Inverse_kinematics.cpp:151:50:[m[K [01;31m[Kerror: [m[Krequest for member ‘[01m[Kx[m[K’ in ‘[01m[KA[m[K’, which is of non-class type ‘[01m[Kint[m[K’
[1.168s]   151 |     float actual_dist = sqrtf((X - A.x) * (X - A.[01;31m[Kx[m[K)+ (Y - A.y) * (Y - A.y));
[1.169s]       |                                                  [01;31m[K^[m[K
[1.169s] [01m[K/home/qianlab/single_turtle_workspace/dependencies/traveler_controller/src/controller/Inverse_kinematics.cpp:151:61:[m[K [01;31m[Kerror: [m[Krequest for member ‘[01m[Ky[m[K’ in ‘[01m[KA[m[K’, which is of non-class type ‘[01m[Kint[m[K’
[1.169s]   151 |     float actual_dist = sqrtf((X - A.x) * (X - A.x)+ (Y - A.[01;31m[Ky[m[K) * (Y - A.y));
[1.169s]       |                                                             [01;31m[K^[m[K
[1.169s] [01m[K/home/qianlab/single_turtle_workspace/dependencies/traveler_controller/src/controller/Inverse_kinematics.cpp:151:73:[m[K [01;31m[Kerror: [m[Krequest for member ‘[01m[Ky[m[K’ in ‘[01m[KA[m[K’, which is of non-class type ‘[01m[Kint[m[K’
[1.169s]   151 |     float actual_dist = sqrtf((X - A.x) * (X - A.x)+ (Y - A.y) * (Y - A.[01;31m[Ky[m[K));
[1.169s]       |                                                                         [01;31m[K^[m[K
[1.169s] [01m[K/home/qianlab/single_turtle_workspace/dependencies/traveler_controller/src/controller/Inverse_kinematics.cpp:[m[K At global scope:
[1.169s] [01m[K/home/qianlab/single_turtle_workspace/dependencies/traveler_controller/src/controller/Inverse_kinematics.cpp:160:41:[m[K [01;31m[Kerror: [m[K‘[01m[KXY_pair[m[K’ has not been declared
[1.169s]   160 | bool linearTraj(float t_rel, float vel, [01;31m[KXY_pair[m[K A, XY_pair B, XY_pair ToeXY, float &X, float &Y, float threshold) {
[1.169s]       |                                         [01;31m[K^~~~~~~[m[K
[1.169s] [01m[K/home/qianlab/single_turtle_workspace/dependencies/traveler_controller/src/controller/Inverse_kinematics.cpp:160:52:[m[K [01;31m[Kerror: [m[K‘[01m[KXY_pair[m[K’ has not been declared
[1.169s]   160 | bool linearTraj(float t_rel, float vel, XY_pair A, [01;31m[KXY_pair[m[K B, XY_pair ToeXY, float &X, float &Y, float threshold) {
[1.169s]       |                                                    [01;31m[K^~~~~~~[m[K
[1.169s] [01m[K/home/qianlab/single_turtle_workspace/dependencies/traveler_controller/src/controller/Inverse_kinematics.cpp:160:63:[m[K [01;31m[Kerror: [m[K‘[01m[KXY_pair[m[K’ has not been declared
[1.169s]   160 | bool linearTraj(float t_rel, float vel, XY_pair A, XY_pair B, [01;31m[KXY_pair[m[K ToeXY, float &X, float &Y, float threshold) {
[1.169s]       |                                                               [01;31m[K^~~~~~~[m[K
[1.170s] [01m[K/home/qianlab/single_turtle_workspace/dependencies/traveler_controller/src/controller/Inverse_kinematics.cpp:[m[K In function ‘[01m[Kbool linearTraj(float, float, int, int, int, float&, float&, float)[m[K’:
[1.170s] [01m[K/home/qianlab/single_turtle_workspace/dependencies/traveler_controller/src/controller/Inverse_kinematics.cpp:162:18:[m[K [01;31m[Kerror: [m[Krequest for member ‘[01m[Kx[m[K’ in ‘[01m[KB[m[K’, which is of non-class type ‘[01m[Kint[m[K’
[1.170s]   162 |     float d1 = B.[01;31m[Kx[m[K - A.x;
[1.170s]       |                  [01;31m[K^[m[K
[1.170s] [01m[K/home/qianlab/single_turtle_workspace/dependencies/traveler_controller/src/controller/Inverse_kinematics.cpp:162:24:[m[K [01;31m[Kerror: [m[Krequest for member ‘[01m[Kx[m[K’ in ‘[01m[KA[m[K’, which is of non-class type ‘[01m[Kint[m[K’
[1.170s]   162 |     float d1 = B.x - A.[01;31m[Kx[m[K;
[1.170s]       |                        [01;31m[K^[m[K
[1.170s] [01m[K/home/qianlab/single_turtle_workspace/dependencies/traveler_controller/src/controller/Inverse_kinematics.cpp:163:18:[m[K [01;31m[Kerror: [m[Krequest for member ‘[01m[Ky[m[K’ in ‘[01m[KB[m[K’, which is of non-class type ‘[01m[Kint[m[K’
[1.170s]   163 |     float d2 = B.[01;31m[Ky[m[K - A.y;
[1.170s]       |                  [01;31m[K^[m[K
[1.170s] [01m[K/home/qianlab/single_turtle_workspace/dependencies/traveler_controller/src/controller/Inverse_kinematics.cpp:163:24:[m[K [01;31m[Kerror: [m[Krequest for member ‘[01m[Ky[m[K’ in ‘[01m[KA[m[K’, which is of non-class type ‘[01m[Kint[m[K’
[1.170s]   163 |     float d2 = B.y - A.[01;31m[Ky[m[K;
[1.170s]       |                        [01;31m[K^[m[K
[1.170s] [01m[K/home/qianlab/single_turtle_workspace/dependencies/traveler_controller/src/controller/Inverse_kinematics.cpp:172:35:[m[K [01;31m[Kerror: [m[Krequest for member ‘[01m[Kx[m[K’ in ‘[01m[KA[m[K’, which is of non-class type ‘[01m[Kint[m[K’
[1.170s]   172 |     X = (scalar * d1 * t_rel) + A.[01;31m[Kx[m[K;
[1.170s]       |                                   [01;31m[K^[m[K
[1.170s] [01m[K/home/qianlab/single_turtle_workspace/dependencies/traveler_controller/src/controller/Inverse_kinematics.cpp:173:35:[m[K [01;31m[Kerror: [m[Krequest for member ‘[01m[Ky[m[K’ in ‘[01m[KA[m[K’, which is of non-class type ‘[01m[Kint[m[K’
[1.170s]   173 |     Y = (scalar * d2 * t_rel) + A.[01;31m[Ky[m[K;
[1.171s]       |                                   [01;31m[K^[m[K
[1.171s] [01m[K/home/qianlab/single_turtle_workspace/dependencies/traveler_controller/src/controller/Inverse_kinematics.cpp:179:38:[m[K [01;31m[Kerror: [m[Krequest for member ‘[01m[Kx[m[K’ in ‘[01m[KToeXY[m[K’, which is of non-class type ‘[01m[Kint[m[K’
[1.171s]   179 |     float actual_dist = sqrtf((ToeXY.[01;31m[Kx[m[K - B.x) * (ToeXY.x - B.x)+ (ToeXY.y - B.y) * (ToeXY.y - B.y));
[1.171s]       |                                      [01;31m[K^[m[K
[1.171s] [01m[K/home/qianlab/single_turtle_workspace/dependencies/traveler_controller/src/controller/Inverse_kinematics.cpp:179:44:[m[K [01;31m[Kerror: [m[Krequest for member ‘[01m[Kx[m[K’ in ‘[01m[KB[m[K’, which is of non-class type ‘[01m[Kint[m[K’
[1.171s]   179 |     float actual_dist = sqrtf((ToeXY.x - B.[01;31m[Kx[m[K) * (ToeXY.x - B.x)+ (ToeXY.y - B.y) * (ToeXY.y - B.y));
[1.171s]       |                                            [01;31m[K^[m[K
[1.171s] [01m[K/home/qianlab/single_turtle_workspace/dependencies/traveler_controller/src/controller/Inverse_kinematics.cpp:179:56:[m[K [01;31m[Kerror: [m[Krequest for member ‘[01m[Kx[m[K’ in ‘[01m[KToeXY[m[K’, which is of non-class type ‘[01m[Kint[m[K’
[1.171s]   179 |     float actual_dist = sqrtf((ToeXY.x - B.x) * (ToeXY.[01;31m[Kx[m[K - B.x)+ (ToeXY.y - B.y) * (ToeXY.y - B.y));
[1.171s]       |                                                        [01;31m[K^[m[K
[1.171s] [01m[K/home/qianlab/single_turtle_workspace/dependencies/traveler_controller/src/controller/Inverse_kinematics.cpp:179:62:[m[K [01;31m[Kerror: [m[Krequest for member ‘[01m[Kx[m[K’ in ‘[01m[KB[m[K’, which is of non-class type ‘[01m[Kint[m[K’
[1.171s]   179 |     float actual_dist = sqrtf((ToeXY.x - B.x) * (ToeXY.x - B.[01;31m[Kx[m[K)+ (ToeXY.y - B.y) * (ToeXY.y - B.y));
[1.171s]       |                                                              [01;31m[K^[m[K
[1.171s] [01m[K/home/qianlab/single_turtle_workspace/dependencies/traveler_controller/src/controller/Inverse_kinematics.cpp:179:73:[m[K [01;31m[Kerror: [m[Krequest for member ‘[01m[Ky[m[K’ in ‘[01m[KToeXY[m[K’, which is of non-class type ‘[01m[Kint[m[K’
[1.171s]   179 |     float actual_dist = sqrtf((ToeXY.x - B.x) * (ToeXY.x - B.x)+ (ToeXY.[01;31m[Ky[m[K - B.y) * (ToeXY.y - B.y));
[1.171s]       |                                                                         [01;31m[K^[m[K
[1.171s] [01m[K/home/qianlab/single_turtle_workspace/dependencies/traveler_controller/src/controller/Inverse_kinematics.cpp:179:79:[m[K [01;31m[Kerror: [m[Krequest for member ‘[01m[Ky[m[K’ in ‘[01m[KB[m[K’, which is of non-class type ‘[01m[Kint[m[K’
[1.171s]   179 |     float actual_dist = sqrtf((ToeXY.x - B.x) * (ToeXY.x - B.x)+ (ToeXY.y - B.[01;31m[Ky[m[K) * (ToeXY.y - B.y));
[1.172s]       |                                                                               [01;31m[K^[m[K
[1.172s] [01m[K/home/qianlab/single_turtle_workspace/dependencies/traveler_controller/src/controller/Inverse_kinematics.cpp:179:91:[m[K [01;31m[Kerror: [m[Krequest for member ‘[01m[Ky[m[K’ in ‘[01m[KToeXY[m[K’, which is of non-class type ‘[01m[Kint[m[K’
[1.172s]   179 |     float actual_dist = sqrtf((ToeXY.x - B.x) * (ToeXY.x - B.x)+ (ToeXY.y - B.y) * (ToeXY.[01;31m[Ky[m[K - B.y));
[1.172s]       |                                                                                           [01;31m[K^[m[K
[1.172s] [01m[K/home/qianlab/single_turtle_workspace/dependencies/traveler_controller/src/controller/Inverse_kinematics.cpp:179:97:[m[K [01;31m[Kerror: [m[Krequest for member ‘[01m[Ky[m[K’ in ‘[01m[KB[m[K’, which is of non-class type ‘[01m[Kint[m[K’
[1.172s]   179 |     float actual_dist = sqrtf((ToeXY.x - B.x) * (ToeXY.x - B.x)+ (ToeXY.y - B.y) * (ToeXY.y - B.[01;31m[Ky[m[K));
[1.172s]       |                                                                                                 [01;31m[K^[m[K
[1.172s] [01m[K/home/qianlab/single_turtle_workspace/dependencies/traveler_controller/src/controller/Inverse_kinematics.cpp:[m[K In function ‘[01m[Kbool clamp_XY(float&, float&, float)[m[K’:
[1.172s] [01m[K/home/qianlab/single_turtle_workspace/dependencies/traveler_controller/src/controller/Inverse_kinematics.cpp:194:14:[m[K [01;31m[Kerror: [m[K‘[01m[KMAX_EXT[m[K’ was not declared in this scope
[1.172s]   194 |     if (L > ([01;31m[KMAX_EXT[m[K)) {
[1.172s]       |              [01;31m[K^~~~~~~[m[K
[1.172s] [01m[K/home/qianlab/single_turtle_workspace/dependencies/traveler_controller/src/controller/Inverse_kinematics.cpp:198:21:[m[K [01;31m[Kerror: [m[K‘[01m[KMIN_EXT[m[K’ was not declared in this scope
[1.172s]   198 |     } else if (L < ([01;31m[KMIN_EXT[m[K)) {
[1.172s]       |                     [01;31m[K^~~~~~~[m[K
[1.172s] [01m[K/home/qianlab/single_turtle_workspace/dependencies/traveler_controller/src/controller/Inverse_kinematics.cpp:[m[K At global scope:
[1.172s] [01m[K/home/qianlab/single_turtle_workspace/dependencies/traveler_controller/src/controller/Inverse_kinematics.cpp:207:15:[m[K [01;31m[Kerror: [m[K‘[01m[Kbool clamp_XY[m[K’ redeclared as different kind of entity
[1.172s]   207 | bool clamp_XY([01;31m[KXY_pair[m[K &P, float L) {
[1.172s]       |               [01;31m[K^~~~~~~[m[K
[1.173s] [01m[K/home/qianlab/single_turtle_workspace/dependencies/traveler_controller/src/controller/Inverse_kinematics.cpp:189:6:[m[K [01;36m[Knote: [m[Kprevious declaration ‘[01m[Kbool clamp_XY(float&, float&, float)[m[K’
[1.173s]   189 | bool [01;36m[Kclamp_XY[m[K(float &x, float &y, float L) {
[1.173s]       |      [01;36m[K^~~~~~~~[m[K
[1.173s] [01m[K/home/qianlab/single_turtle_workspace/dependencies/traveler_controller/src/controller/Inverse_kinematics.cpp:207:15:[m[K [01;31m[Kerror: [m[K‘[01m[KXY_pair[m[K’ was not declared in this scope
[1.173s]   207 | bool clamp_XY([01;31m[KXY_pair[m[K &P, float L) {
[1.173s]       |               [01;31m[K^~~~~~~[m[K
[1.173s] [01m[K/home/qianlab/single_turtle_workspace/dependencies/traveler_controller/src/controller/Inverse_kinematics.cpp:207:24:[m[K [01;31m[Kerror: [m[K‘[01m[KP[m[K’ was not declared in this scope
[1.173s]   207 | bool clamp_XY(XY_pair &[01;31m[KP[m[K, float L) {
[1.173s]       |                        [01;31m[K^[m[K
[1.173s] [01m[K/home/qianlab/single_turtle_workspace/dependencies/traveler_controller/src/controller/Inverse_kinematics.cpp:207:27:[m[K [01;31m[Kerror: [m[Kexpected primary-expression before ‘[01m[Kfloat[m[K’
[1.173s]   207 | bool clamp_XY(XY_pair &P, [01;31m[Kfloat[m[K L) {
[1.173s]       |                           [01;31m[K^~~~~[m[K
[1.173s] [01m[K/home/qianlab/single_turtle_workspace/dependencies/traveler_controller/src/controller/Inverse_kinematics.cpp:231:7:[m[K [01;31m[Kerror: [m[Kredefinition of ‘[01m[Kfloat distance[m[K’
[1.173s]   231 | float [01;31m[Kdistance[m[K(XY_pair A, XY_pair B) {
[1.173s]       |       [01;31m[K^~~~~~~~[m[K
[1.173s] In file included from [01m[K/home/qianlab/single_turtle_workspace/dependencies/traveler_controller/src/controller/Inverse_kinematics.cpp:1[m[K:
[1.173s] [01m[K/home/qianlab/single_turtle_workspace/dependencies/traveler_controller/include/controller/inverse_kinematics.h:53:7:[m[K [01;36m[Knote: [m[K‘[01m[Kfloat distance[m[K’ previously defined here
[1.174s]    53 | float [01;36m[Kdistance[m[K(XY_pair A, XY_pair B);
[1.174s]       |       [01;36m[K^~~~~~~~[m[K
[1.174s] [01m[K/home/qianlab/single_turtle_workspace/dependencies/traveler_controller/src/controller/Inverse_kinematics.cpp:231:16:[m[K [01;31m[Kerror: [m[K‘[01m[KXY_pair[m[K’ was not declared in this scope
[1.174s]   231 | float distance([01;31m[KXY_pair[m[K A, XY_pair B) {
[1.174s]       |                [01;31m[K^~~~~~~[m[K
[1.174s] [01m[K/home/qianlab/single_turtle_workspace/dependencies/traveler_controller/src/controller/Inverse_kinematics.cpp:231:27:[m[K [01;31m[Kerror: [m[K‘[01m[KXY_pair[m[K’ was not declared in this scope
[1.174s]   231 | float distance(XY_pair A, [01;31m[KXY_pair[m[K B) {
[1.174s]       |                           [01;31m[K^~~~~~~[m[K
[1.197s] [01m[K/home/qianlab/single_turtle_workspace/dependencies/traveler_controller/src/controller/Inverse_kinematics.cpp:[m[K In function ‘[01m[Kbool clamp_XY(float&, float&, float)[m[K’:
[1.197s] [01m[K/home/qianlab/single_turtle_workspace/dependencies/traveler_controller/src/controller/Inverse_kinematics.cpp:205:1:[m[K [01;35m[Kwarning: [m[Kcontrol reaches end of non-void function [[01;35m[K-Wreturn-type[m[K]
[1.198s]   205 | [01;35m[K}[m[K
[1.198s]       | [01;35m[K^[m[K
[1.202s] make[2]: *** [CMakeFiles/turtle_high_controller.dir/build.make:76: CMakeFiles/turtle_high_controller.dir/src/controller/Inverse_kinematics.cpp.o] Error 1
[2.521s] In file included from [01m[K/home/qianlab/single_turtle_workspace/dependencies/traveler_controller/src/proxy/upperproxy.cpp:29[m[K:
[2.521s] [01m[K/home/qianlab/single_turtle_workspace/dependencies/traveler_controller/include/controller/inverse_kinematics.h:28:47:[m[K [01;31m[Kerror: [m[K‘[01m[KXY_pair[m[K’ has not been declared
[2.521s]    28 | void abstractToPhysical(float L, float Theta, [01;31m[KXY_pair[m[K& point);
[2.521s]       |                                               [01;31m[K^~~~~~~[m[K
[2.521s] [01m[K/home/qianlab/single_turtle_workspace/dependencies/traveler_controller/include/controller/inverse_kinematics.h:35:52:[m[K [01;31m[Kerror: [m[K‘[01m[KXY_pair[m[K’ has not been declared
[2.522s]    35 | void linearTraj(float t, float t_start, float vel, [01;31m[KXY_pair[m[K A, XY_pair B, float& X, float& Y);
[2.522s]       |                                                    [01;31m[K^~~~~~~[m[K
[2.522s] [01m[K/home/qianlab/single_turtle_workspace/dependencies/traveler_controller/include/controller/inverse_kinematics.h:35:63:[m[K [01;31m[Kerror: [m[K‘[01m[KXY_pair[m[K’ has not been declared
[2.522s]    35 | void linearTraj(float t, float t_start, float vel, XY_pair A, [01;31m[KXY_pair[m[K B, float& X, float& Y);
[2.522s]       |                                                               [01;31m[K^~~~~~~[m[K
[2.522s] [01m[K/home/qianlab/single_turtle_workspace/dependencies/traveler_controller/include/controller/inverse_kinematics.h:38:41:[m[K [01;31m[Kerror: [m[K‘[01m[KXY_pair[m[K’ has not been declared
[2.522s]    38 | bool linearTraj(float t_rel, float vel, [01;31m[KXY_pair[m[K A, XY_pair B, float& X, float& Y);
[2.522s]       |                                         [01;31m[K^~~~~~~[m[K
[2.522s] [01m[K/home/qianlab/single_turtle_workspace/dependencies/traveler_controller/include/controller/inverse_kinematics.h:38:52:[m[K [01;31m[Kerror: [m[K‘[01m[KXY_pair[m[K’ has not been declared
[2.522s]    38 | bool linearTraj(float t_rel, float vel, XY_pair A, [01;31m[KXY_pair[m[K B, float& X, float& Y);
[2.522s]       |                                                    [01;31m[K^~~~~~~[m[K
[2.522s] [01m[K/home/qianlab/single_turtle_workspace/dependencies/traveler_controller/include/controller/inverse_kinematics.h:41:41:[m[K [01;31m[Kerror: [m[K‘[01m[KXY_pair[m[K’ has not been declared
[2.522s]    41 | bool linearTraj(float t_rel, float vel, [01;31m[KXY_pair[m[K A, XY_pair B,
[2.523s]       |                                         [01;31m[K^~~~~~~[m[K
[2.523s] [01m[K/home/qianlab/single_turtle_workspace/dependencies/traveler_controller/include/controller/inverse_kinematics.h:41:52:[m[K [01;31m[Kerror: [m[K‘[01m[KXY_pair[m[K’ has not been declared
[2.523s]    41 | bool linearTraj(float t_rel, float vel, XY_pair A, [01;31m[KXY_pair[m[K B,
[2.523s]       |                                                    [01;31m[K^~~~~~~[m[K
[2.523s] [01m[K/home/qianlab/single_turtle_workspace/dependencies/traveler_controller/include/controller/inverse_kinematics.h:42:17:[m[K [01;31m[Kerror: [m[K‘[01m[KXY_pair[m[K’ has not been declared
[2.523s]    42 |                 [01;31m[KXY_pair[m[K ToeXY, float& X, float& Y, float threshold = 0.01f);
[2.523s]       |                 [01;31m[K^~~~~~~[m[K
[2.523s] [01m[K/home/qianlab/single_turtle_workspace/dependencies/traveler_controller/include/controller/inverse_kinematics.h:50:15:[m[K [01;31m[Kerror: [m[K‘[01m[Kbool turtle_namespace::control::clamp_XY[m[K’ redeclared as different kind of entity
[2.523s]    50 | bool clamp_XY([01;31m[KXY_pair[m[K& P, float L = 0.0f);
[2.523s]       |               [01;31m[K^~~~~~~[m[K
[2.523s] [01m[K/home/qianlab/single_turtle_workspace/dependencies/traveler_controller/include/controller/inverse_kinematics.h:49:6:[m[K [01;36m[Knote: [m[Kprevious declaration ‘[01m[Kbool turtle_namespace::control::clamp_XY(float&, float&, float)[m[K’
[2.523s]    49 | bool [01;36m[Kclamp_XY[m[K(float& x, float& y, float L = 0.0f);
[2.523s]       |      [01;36m[K^~~~~~~~[m[K
[2.524s] [01m[K/home/qianlab/single_turtle_workspace/dependencies/traveler_controller/include/controller/inverse_kinematics.h:50:15:[m[K [01;31m[Kerror: [m[K‘[01m[KXY_pair[m[K’ was not declared in this scope
[2.524s]    50 | bool clamp_XY([01;31m[KXY_pair[m[K& P, float L = 0.0f);
[2.524s]       |               [01;31m[K^~~~~~~[m[K
[2.524s] [01m[K/home/qianlab/single_turtle_workspace/dependencies/traveler_controller/include/controller/inverse_kinematics.h:50:24:[m[K [01;31m[Kerror: [m[K‘[01m[KP[m[K’ was not declared in this scope
[2.524s]    50 | bool clamp_XY(XY_pair& [01;31m[KP[m[K, float L = 0.0f);
[2.524s]       |                        [01;31m[K^[m[K
[2.524s] [01m[K/home/qianlab/single_turtle_workspace/dependencies/traveler_controller/include/controller/inverse_kinematics.h:50:27:[m[K [01;31m[Kerror: [m[Kexpected primary-expression before ‘[01m[Kfloat[m[K’
[2.524s]    50 | bool clamp_XY(XY_pair& P, [01;31m[Kfloat[m[K L = 0.0f);
[2.524s]       |                           [01;31m[K^~~~~[m[K
[2.525s] [01m[K/home/qianlab/single_turtle_workspace/dependencies/traveler_controller/include/controller/inverse_kinematics.h:53:16:[m[K [01;31m[Kerror: [m[K‘[01m[KXY_pair[m[K’ was not declared in this scope
[2.525s]    53 | float distance([01;31m[KXY_pair[m[K A, XY_pair B);
[2.525s]       |                [01;31m[K^~~~~~~[m[K
[2.527s] [01m[K/home/qianlab/single_turtle_workspace/dependencies/traveler_controller/include/controller/inverse_kinematics.h:53:27:[m[K [01;31m[Kerror: [m[K‘[01m[KXY_pair[m[K’ was not declared in this scope
[2.527s]    53 | float distance(XY_pair A, [01;31m[KXY_pair[m[K B);
[2.527s]       |                           [01;31m[K^~~~~~~[m[K
[2.527s] [01m[K/home/qianlab/single_turtle_workspace/dependencies/traveler_controller/include/controller/inverse_kinematics.h:53:36:[m[K [01;31m[Kerror: [m[Kexpression list treated as compound expression in initializer [[01;31m[K-fpermissive[m[K]
[2.527s]    53 | float distance(XY_pair A, XY_pair B[01;31m[K)[m[K;
[2.527s]       |                                    [01;31m[K^[m[K
[2.529s] [01m[K/home/qianlab/single_turtle_workspace/dependencies/traveler_controller/src/proxy/upperproxy.cpp:[m[K In member function ‘[01m[Kvoid turtle_namespace::control::upperproxy::handle_gui(std_msgs::msg::Float64MultiArray_<std::allocator<void> >::SharedPtr)[m[K’:
[2.529s] [01m[K/home/qianlab/single_turtle_workspace/dependencies/traveler_controller/src/proxy/upperproxy.cpp:38:29:[m[K [01;31m[Kerror: [m[K‘[01m[Kstruct TrajectoryData[m[K’ has no member named ‘[01m[Kwiggle_time[m[K’
[2.529s]    38 |     turtle_inter_.traj_data.[01;31m[Kwiggle_time[m[K        = msg->data[4];
[2.529s]       |                             [01;31m[K^~~~~~~~~~~[m[K
[2.529s] [01m[K/home/qianlab/single_turtle_workspace/dependencies/traveler_controller/src/proxy/upperproxy.cpp:41:29:[m[K [01;31m[Kerror: [m[K‘[01m[Kstruct TrajectoryData[m[K’ has no member named ‘[01m[Kwiggle_frequency[m[K’
[2.529s]    41 |     turtle_inter_.traj_data.[01;31m[Kwiggle_frequency[m[K   = msg->data[7];
[2.529s]       |                             [01;31m[K^~~~~~~~~~~~~~~~[m[K
[2.529s] [01m[K/home/qianlab/single_turtle_workspace/dependencies/traveler_controller/src/proxy/upperproxy.cpp:43:29:[m[K [01;31m[Kerror: [m[K‘[01m[Kstruct TrajectoryData[m[K’ has no member named ‘[01m[Kwiggle_amptitude[m[K’
[2.529s]    43 |     turtle_inter_.traj_data.[01;31m[Kwiggle_amptitude[m[K   = msg->data[9];
[2.529s]       |                             [01;31m[K^~~~~~~~~~~~~~~~[m[K
[2.549s] In file included from [01m[K/home/qianlab/single_turtle_workspace/dependencies/traveler_controller/src/proxy/lowerproxy.cpp:8[m[K:
[2.549s] [01m[K/home/qianlab/single_turtle_workspace/dependencies/traveler_controller/include/proxy/lowerproxy.h:97:17:[m[K [01;31m[Kerror: [m[K‘[01m[KTrajectoryPoint[m[K’ was not declared in this scope; did you mean ‘[01m[KTrajectoryData[m[K’?
[2.549s]    97 |     std::vector<[01;31m[KTrajectoryPoint[m[K> precomputed_;
[2.549s]       |                 [01;31m[K^~~~~~~~~~~~~~~[m[K
[2.549s]       |                 [32m[KTrajectoryData[m[K
[2.550s] [01m[K/home/qianlab/single_turtle_workspace/dependencies/traveler_controller/include/proxy/lowerproxy.h:97:32:[m[K [01;31m[Kerror: [m[Ktemplate argument 1 is invalid
[2.550s]    97 |     std::vector<TrajectoryPoint[01;31m[K>[m[K precomputed_;
[2.550s]       |                                [01;31m[K^[m[K
[2.550s] [01m[K/home/qianlab/single_turtle_workspace/dependencies/traveler_controller/include/proxy/lowerproxy.h:97:32:[m[K [01;31m[Kerror: [m[Ktemplate argument 2 is invalid
[2.550s] In file included from [01m[K/home/qianlab/single_turtle_workspace/dependencies/traveler_controller/src/proxy/lowerproxy.cpp:9[m[K:
[2.550s] [01m[K/home/qianlab/single_turtle_workspace/dependencies/traveler_controller/include/controller/inverse_kinematics.h:28:47:[m[K [01;31m[Kerror: [m[K‘[01m[KXY_pair[m[K’ has not been declared
[2.550s]    28 | void abstractToPhysical(float L, float Theta, [01;31m[KXY_pair[m[K& point);
[2.550s]       |                                               [01;31m[K^~~~~~~[m[K
[2.550s] [01m[K/home/qianlab/single_turtle_workspace/dependencies/traveler_controller/include/controller/inverse_kinematics.h:35:52:[m[K [01;31m[Kerror: [m[K‘[01m[KXY_pair[m[K’ has not been declared
[2.550s]    35 | void linearTraj(float t, float t_start, float vel, [01;31m[KXY_pair[m[K A, XY_pair B, float& X, float& Y);
[2.550s]       |                                                    [01;31m[K^~~~~~~[m[K
[2.551s] [01m[K/home/qianlab/single_turtle_workspace/dependencies/traveler_controller/include/controller/inverse_kinematics.h:35:63:[m[K [01;31m[Kerror: [m[K‘[01m[KXY_pair[m[K’ has not been declared
[2.551s]    35 | void linearTraj(float t, float t_start, float vel, XY_pair A, [01;31m[KXY_pair[m[K B, float& X, float& Y);
[2.551s]       |                                                               [01;31m[K^~~~~~~[m[K
[2.551s] [01m[K/home/qianlab/single_turtle_workspace/dependencies/traveler_controller/include/controller/inverse_kinematics.h:38:41:[m[K [01;31m[Kerror: [m[K‘[01m[KXY_pair[m[K’ has not been declared
[2.551s]    38 | bool linearTraj(float t_rel, float vel, [01;31m[KXY_pair[m[K A, XY_pair B, float& X, float& Y);
[2.551s]       |                                         [01;31m[K^~~~~~~[m[K
[2.551s] [01m[K/home/qianlab/single_turtle_workspace/dependencies/traveler_controller/include/controller/inverse_kinematics.h:38:52:[m[K [01;31m[Kerror: [m[K‘[01m[KXY_pair[m[K’ has not been declared
[2.551s]    38 | bool linearTraj(float t_rel, float vel, XY_pair A, [01;31m[KXY_pair[m[K B, float& X, float& Y);
[2.551s]       |                                                    [01;31m[K^~~~~~~[m[K
[2.551s] [01m[K/home/qianlab/single_turtle_workspace/dependencies/traveler_controller/include/controller/inverse_kinematics.h:41:41:[m[K [01;31m[Kerror: [m[K‘[01m[KXY_pair[m[K’ has not been declared
[2.551s]    41 | bool linearTraj(float t_rel, float vel, [01;31m[KXY_pair[m[K A, XY_pair B,
[2.551s]       |                                         [01;31m[K^~~~~~~[m[K
[2.551s] [01m[K/home/qianlab/single_turtle_workspace/dependencies/traveler_controller/include/controller/inverse_kinematics.h:41:52:[m[K [01;31m[Kerror: [m[K‘[01m[KXY_pair[m[K’ has not been declared
[2.552s]    41 | bool linearTraj(float t_rel, float vel, XY_pair A, [01;31m[KXY_pair[m[K B,
[2.552s]       |                                                    [01;31m[K^~~~~~~[m[K
[2.552s] [01m[K/home/qianlab/single_turtle_workspace/dependencies/traveler_controller/include/controller/inverse_kinematics.h:42:17:[m[K [01;31m[Kerror: [m[K‘[01m[KXY_pair[m[K’ has not been declared
[2.552s]    42 |                 [01;31m[KXY_pair[m[K ToeXY, float& X, float& Y, float threshold = 0.01f);
[2.552s]       |                 [01;31m[K^~~~~~~[m[K
[2.552s] [01m[K/home/qianlab/single_turtle_workspace/dependencies/traveler_controller/include/controller/inverse_kinematics.h:50:15:[m[K [01;31m[Kerror: [m[K‘[01m[Kbool clamp_XY[m[K’ redeclared as different kind of entity
[2.552s]    50 | bool clamp_XY([01;31m[KXY_pair[m[K& P, float L = 0.0f);
[2.552s]       |               [01;31m[K^~~~~~~[m[K
[2.552s] [01m[K/home/qianlab/single_turtle_workspace/dependencies/traveler_controller/include/controller/inverse_kinematics.h:49:6:[m[K [01;36m[Knote: [m[Kprevious declaration ‘[01m[Kbool clamp_XY(float&, float&, float)[m[K’
[2.552s]    49 | bool [01;36m[Kclamp_XY[m[K(float& x, float& y, float L = 0.0f);
[2.552s]       |      [01;36m[K^~~~~~~~[m[K
[2.552s] [01m[K/home/qianlab/single_turtle_workspace/dependencies/traveler_controller/include/controller/inverse_kinematics.h:50:15:[m[K [01;31m[Kerror: [m[K‘[01m[KXY_pair[m[K’ was not declared in this scope
[2.553s]    50 | bool clamp_XY([01;31m[KXY_pair[m[K& P, float L = 0.0f);
[2.553s]       |               [01;31m[K^~~~~~~[m[K
[2.553s] [01m[K/home/qianlab/single_turtle_workspace/dependencies/traveler_controller/include/controller/inverse_kinematics.h:50:24:[m[K [01;31m[Kerror: [m[K‘[01m[KP[m[K’ was not declared in this scope
[2.553s]    50 | bool clamp_XY(XY_pair& [01;31m[KP[m[K, float L = 0.0f);
[2.553s]       |                        [01;31m[K^[m[K
[2.553s] [01m[K/home/qianlab/single_turtle_workspace/dependencies/traveler_controller/include/controller/inverse_kinematics.h:50:27:[m[K [01;31m[Kerror: [m[Kexpected primary-expression before ‘[01m[Kfloat[m[K’
[2.553s]    50 | bool clamp_XY(XY_pair& P, [01;31m[Kfloat[m[K L = 0.0f);
[2.554s]       |                           [01;31m[K^~~~~[m[K
[2.555s] [01m[K/home/qianlab/single_turtle_workspace/dependencies/traveler_controller/include/controller/inverse_kinematics.h:53:16:[m[K [01;31m[Kerror: [m[K‘[01m[KXY_pair[m[K’ was not declared in this scope
[2.555s]    53 | float distance([01;31m[KXY_pair[m[K A, XY_pair B);
[2.555s]       |                [01;31m[K^~~~~~~[m[K
[2.557s] [01m[K/home/qianlab/single_turtle_workspace/dependencies/traveler_controller/include/controller/inverse_kinematics.h:53:27:[m[K [01;31m[Kerror: [m[K‘[01m[KXY_pair[m[K’ was not declared in this scope
[2.557s]    53 | float distance(XY_pair A, [01;31m[KXY_pair[m[K B);
[2.557s]       |                           [01;31m[K^~~~~~~[m[K
[2.557s] [01m[K/home/qianlab/single_turtle_workspace/dependencies/traveler_controller/include/controller/inverse_kinematics.h:53:36:[m[K [01;31m[Kerror: [m[Kexpression list treated as compound expression in initializer [[01;31m[K-fpermissive[m[K]
[2.557s]    53 | float distance(XY_pair A, XY_pair B[01;31m[K)[m[K;
[2.557s]       |                                    [01;31m[K^[m[K
[2.634s] [01m[K/home/qianlab/single_turtle_workspace/dependencies/traveler_controller/src/proxy/lowerproxy.cpp:[m[K In member function ‘[01m[Kvoid turtle_namespace::control::lowerproxy::calculate_position(turtle&)[m[K’:
[2.634s] [01m[K/home/qianlab/single_turtle_workspace/dependencies/traveler_controller/src/proxy/lowerproxy.cpp:35:45:[m[K [01;35m[Kwarning: [m[Kunused parameter ‘[01m[Kturtle_[m[K’ [[01;35m[K-Wunused-parameter[m[K]
[2.634s]    35 | void lowerproxy::calculate_position([01;35m[Kturtle &turtle_[m[K) {
[2.634s]       |                                     [01;35m[K~~~~~~~~^~~~~~~[m[K
[3.583s] make[2]: *** [CMakeFiles/turtle_high_controller.dir/build.make:102: CMakeFiles/turtle_high_controller.dir/src/proxy/lowerproxy.cpp.o] Error 1
[3.638s] make[2]: *** [CMakeFiles/turtle_high_controller.dir/build.make:115: CMakeFiles/turtle_high_controller.dir/src/proxy/upperproxy.cpp.o] Error 1
[5.280s] make[1]: *** [CMakeFiles/Makefile2:107: CMakeFiles/turtle_high_controller.dir/all] Error 2
[5.280s] make[1]: *** Waiting for unfinished jobs....
[5.678s] [ 78%] [32m[1mLinking CXX executable odrive_can_interface[0m
[5.857s] [ 85%] Built target odrive_can_interface
[5.857s] make: *** [Makefile:141: all] Error 2
