[0.016s] Invoking command in '/home/qianlab/single_turtle_workspace/build/turtle_high_controller': AMENT_PREFIX_PATH=/home/qianlab/single_turtle_workspace/install/traveler_msgs:${AMENT_PREFIX_PATH} CMAKE_PREFIX_PATH=/home/qianlab/single_turtle_workspace/install/traveler_msgs:/home/qianlab/lassie-traveler/dependencies/install/traveler_high_controller:/home/qianlab/lassie-traveler/dependencies/install/traveler_msgs:/opt/ros/foxy LD_LIBRARY_PATH=/home/qianlab/single_turtle_workspace/install/traveler_msgs/lib:${LD_LIBRARY_PATH} PYTHONPATH=/home/qianlab/single_turtle_workspace/install/traveler_msgs/lib/python3.8/site-packages:${PYTHONPATH} /usr/bin/cmake --build /home/qianlab/single_turtle_workspace/build/turtle_high_controller -- -j12 -l12
[0.053s] [35m[1mScanning dependencies of target odrive_can_interface[0m
[0.060s] [35m[1mScanning dependencies of target turtle_high_controller[0m
[0.077s] [  7%] [32mBuilding CXX object CMakeFiles/odrive_can_interface.dir/src/can_driver/odrive_can.cpp.o[0m
[0.080s] [ 14%] [32mBuilding CXX object CMakeFiles/odrive_can_interface.dir/src/can_driver/can_driver.cpp.o[0m
[0.108s] [ 28%] [32mBuilding CXX object CMakeFiles/turtle_high_controller.dir/src/main.cpp.o[0m
[0.108s] [ 28%] [32mBuilding CXX object CMakeFiles/turtle_high_controller.dir/src/controller/Inverse_kinematics.cpp.o[0m
[0.108s] [ 42%] [32mBuilding CXX object CMakeFiles/turtle_high_controller.dir/src/proxy/upperproxy.cpp.o[0m
[0.108s] [ 42%] [32mBuilding CXX object CMakeFiles/turtle_high_controller.dir/src/controller/trajectories_parser.cpp.o[0m
[0.108s] [ 50%] [32mBuilding CXX object CMakeFiles/turtle_high_controller.dir/src/can_driver/can_driver.cpp.o[0m
[0.109s] [ 57%] [32mBuilding CXX object CMakeFiles/turtle_high_controller.dir/src/proxy/lowerproxy.cpp.o[0m
[0.551s] [01m[K/home/qianlab/single_turtle_workspace/dependencies/traveler_controller/src/controller/trajectories_parser.cpp:[m[K In member function ‘[01m[Kbool turtle_namespace::control::TrajectoriesParser::waypointTrajectory(turtle&)[m[K’:
[0.551s] [01m[K/home/qianlab/single_turtle_workspace/dependencies/traveler_controller/src/controller/trajectories_parser.cpp:49:57:[m[K [01;31m[Kerror: [m[K‘[01m[Kstruct turtle_status[m[K’ has no member named ‘[01m[KLeg_lf[m[K’
[0.552s]    49 |         prev_waypoint_ = Waypoint(turtle.turtle_chassis.[01;31m[KLeg_lf[m[K.toe_position, 0.0f, 0.0f);
[0.552s]       |                                                         [01;31m[K^~~~~~[m[K
[0.552s] [01m[K/home/qianlab/single_turtle_workspace/dependencies/traveler_controller/src/controller/trajectories_parser.cpp:71:31:[m[K [01;31m[Kerror: [m[K‘[01m[Kstruct turtle_status[m[K’ has no member named ‘[01m[KLeg_lf[m[K’
[0.552s]    71 |         turtle.turtle_chassis.[01;31m[KLeg_lf[m[K.state_flag = state_flag_;
[0.552s]       |                               [01;31m[K^~~~~~[m[K
[0.552s] [01m[K/home/qianlab/single_turtle_workspace/dependencies/traveler_controller/src/controller/trajectories_parser.cpp:73:29:[m[K [01;35m[Kwarning: [m[Kcomparison of integer expressions of different signedness: ‘[01m[Kint[m[K’ and ‘[01m[Kstd::vector<Waypoint>::size_type[m[K’ {aka ‘[01m[Klong unsigned int[m[K’} [[01;35m[K-Wsign-compare[m[K]
[0.552s]    73 |         if ([01;35m[Kwaypoint_index_ < waypoints_.size()[m[K) {
[0.552s]       |             [01;35m[K~~~~~~~~~~~~~~~~^~~~~~~~~~~~~~~~~~~[m[K
[0.556s] [01m[K/home/qianlab/single_turtle_workspace/dependencies/traveler_controller/src/controller/trajectories_parser.cpp:[m[K In member function ‘[01m[Kvoid turtle_namespace::control::TrajectoriesParser::generateTempTraj(turtle&)[m[K’:
[0.556s] [01m[K/home/qianlab/single_turtle_workspace/dependencies/traveler_controller/src/controller/trajectories_parser.cpp:163:5:[m[K [01;31m[Kerror: [m[K‘[01m[Kprev_toe_pos[m[K’ was not declared in this scope
[0.556s]   163 |     [01;31m[Kprev_toe_pos[m[K = curr_toe_pos;
[0.557s]       |     [01;31m[K^~~~~~~~~~~~[m[K
[0.558s] [01m[K/home/qianlab/single_turtle_workspace/dependencies/traveler_controller/src/controller/trajectories_parser.cpp:163:20:[m[K [01;31m[Kerror: [m[K‘[01m[Kcurr_toe_pos[m[K’ was not declared in this scope
[0.558s]   163 |     prev_toe_pos = [01;31m[Kcurr_toe_pos[m[K;
[0.558s]       |                    [01;31m[K^~~~~~~~~~~~[m[K
[0.558s] [01m[K/home/qianlab/single_turtle_workspace/dependencies/traveler_controller/src/controller/trajectories_parser.cpp:164:42:[m[K [01;31m[Kerror: [m[K‘[01m[Kstruct turtle_status[m[K’ has no member named ‘[01m[KLeg_lf[m[K’
[0.559s]   164 |     curr_toe_pos = turtle.turtle_chassis.[01;31m[KLeg_lf[m[K.toe_position;
[0.559s]       |                                          [01;31m[K^~~~~~[m[K
[0.559s] [01m[K/home/qianlab/single_turtle_workspace/dependencies/traveler_controller/src/controller/trajectories_parser.cpp:186:38:[m[K [01;31m[Kerror: [m[K‘[01m[Kstruct turtle_status[m[K’ has no member named ‘[01m[KLeg_lf[m[K’
[0.559s]   186 |                turtle.turtle_chassis.[01;31m[KLeg_lf[m[K.toe_position.x,
[0.559s]       |                                      [01;31m[K^~~~~~[m[K
[0.559s] [01m[K/home/qianlab/single_turtle_workspace/dependencies/traveler_controller/src/controller/trajectories_parser.cpp:187:38:[m[K [01;31m[Kerror: [m[K‘[01m[Kstruct turtle_status[m[K’ has no member named ‘[01m[KLeg_lf[m[K’
[0.559s]   187 |                turtle.turtle_chassis.[01;31m[KLeg_lf[m[K.toe_position.y);
[0.559s]       |                                      [01;31m[K^~~~~~[m[K
[0.559s] [01m[K/home/qianlab/single_turtle_workspace/dependencies/traveler_controller/src/controller/trajectories_parser.cpp:193:22:[m[K [01;31m[Kerror: [m[K‘[01m[Kstruct TrajectoryData[m[K’ has no member named ‘[01m[Kcurrent_t[m[K’
[0.559s]   193 |     turtle.traj_data.[01;31m[Kcurrent_t[m[K += 0.01000f;
[0.559s]       |                      [01;31m[K^~~~~~~~~[m[K
[0.622s] make[2]: *** [CMakeFiles/turtle_high_controller.dir/build.make:89: CMakeFiles/turtle_high_controller.dir/src/controller/trajectories_parser.cpp.o] Error 1
[0.622s] make[2]: *** Waiting for unfinished jobs....
[1.586s] [01m[K/home/qianlab/single_turtle_workspace/dependencies/traveler_controller/src/proxy/lowerproxy.cpp:[m[K In member function ‘[01m[Kvoid turtle_namespace::control::lowerproxy::calculate_position(turtle&)[m[K’:
[1.586s] [01m[K/home/qianlab/single_turtle_workspace/dependencies/traveler_controller/src/proxy/lowerproxy.cpp:35:45:[m[K [01;35m[Kwarning: [m[Kunused parameter ‘[01m[Kturtle_[m[K’ [[01;35m[K-Wunused-parameter[m[K]
[1.586s]    35 | void lowerproxy::calculate_position([01;35m[Kturtle &turtle_[m[K) {
[1.586s]       |                                     [01;35m[K~~~~~~~~^~~~~~~[m[K
[1.747s] In file included from [01m[K/usr/include/x86_64-linux-gnu/c++/9/bits/c++allocator.h:33[m[K,
[1.747s]                  from [01m[K/usr/include/c++/9/bits/allocator.h:46[m[K,
[1.747s]                  from [01m[K/usr/include/c++/9/string:41[m[K,
[1.747s]                  from [01m[K/usr/include/c++/9/stdexcept:39[m[K,
[1.747s]                  from [01m[K/usr/include/c++/9/array:39[m[K,
[1.747s]                  from [01m[K/usr/include/c++/9/tuple:39[m[K,
[1.747s]                  from [01m[K/usr/include/c++/9/functional:54[m[K,
[1.747s]                  from [01m[K/home/qianlab/single_turtle_workspace/dependencies/traveler_controller/include/proxy/lowerproxy.h:12[m[K,
[1.747s]                  from [01m[K/home/qianlab/single_turtle_workspace/dependencies/traveler_controller/include/main.h:13[m[K,
[1.747s]                  from [01m[K/home/qianlab/single_turtle_workspace/dependencies/traveler_controller/src/main.cpp:8[m[K:
[1.748s] /usr/include/c++/9/ext/new_allocator.h: In instantiation of ‘[01m[Kvoid __gnu_cxx::new_allocator<_Tp>::construct(_Up*, _Args&& ...) [with _Up = turtle_namespace::control::upperproxy; _Args = {}; _Tp = turtle_namespace::control::upperproxy][m[K’:
[1.748s] [01m[K/usr/include/c++/9/bits/alloc_traits.h:483:4:[m[K   required from ‘[01m[Kstatic void std::allocator_traits<std::allocator<_CharT> >::construct(std::allocator_traits<std::allocator<_CharT> >::allocator_type&, _Up*, _Args&& ...) [with _Up = turtle_namespace::control::upperproxy; _Args = {}; _Tp = turtle_namespace::control::upperproxy; std::allocator_traits<std::allocator<_CharT> >::allocator_type = std::allocator<turtle_namespace::control::upperproxy>][m[K’
[1.748s] [01m[K/usr/include/c++/9/bits/shared_ptr_base.h:548:39:[m[K   required from ‘[01m[Kstd::_Sp_counted_ptr_inplace<_Tp, _Alloc, _Lp>::_Sp_counted_ptr_inplace(_Alloc, _Args&& ...) [with _Args = {}; _Tp = turtle_namespace::control::upperproxy; _Alloc = std::allocator<turtle_namespace::control::upperproxy>; __gnu_cxx::_Lock_policy _Lp = __gnu_cxx::_S_atomic][m[K’
[1.748s] [01m[K/usr/include/c++/9/bits/shared_ptr_base.h:679:16:[m[K   required from ‘[01m[Kstd::__shared_count<_Lp>::__shared_count(_Tp*&, std::_Sp_alloc_shared_tag<_Alloc>, _Args&& ...) [with _Tp = turtle_namespace::control::upperproxy; _Alloc = std::allocator<turtle_namespace::control::upperproxy>; _Args = {}; __gnu_cxx::_Lock_policy _Lp = __gnu_cxx::_S_atomic][m[K’
[1.748s] [01m[K/usr/include/c++/9/bits/shared_ptr_base.h:1344:71:[m[K   required from ‘[01m[Kstd::__shared_ptr<_Tp, _Lp>::__shared_ptr(std::_Sp_alloc_shared_tag<_Tp>, _Args&& ...) [with _Alloc = std::allocator<turtle_namespace::control::upperproxy>; _Args = {}; _Tp = turtle_namespace::control::upperproxy; __gnu_cxx::_Lock_policy _Lp = __gnu_cxx::_S_atomic][m[K’
[1.748s] [01m[K/usr/include/c++/9/bits/shared_ptr.h:359:59:[m[K   required from ‘[01m[Kstd::shared_ptr<_Tp>::shared_ptr(std::_Sp_alloc_shared_tag<_Tp>, _Args&& ...) [with _Alloc = std::allocator<turtle_namespace::control::upperproxy>; _Args = {}; _Tp = turtle_namespace::control::upperproxy][m[K’
[1.748s] [01m[K/usr/include/c++/9/bits/shared_ptr.h:701:14:[m[K   required from ‘[01m[Kstd::shared_ptr<_Tp> std::allocate_shared(const _Alloc&, _Args&& ...) [with _Tp = turtle_namespace::control::upperproxy; _Alloc = std::allocator<turtle_namespace::control::upperproxy>; _Args = {}][m[K’
[1.748s] [01m[K/usr/include/c++/9/bits/shared_ptr.h:717:39:[m[K   required from ‘[01m[Kstd::shared_ptr<_Tp> std::make_shared(_Args&& ...) [with _Tp = turtle_namespace::control::upperproxy; _Args = {}][m[K’
[1.748s] [01m[K/home/qianlab/single_turtle_workspace/dependencies/traveler_controller/src/main.cpp:26:74:[m[K   required from here
[1.748s] [01m[K/usr/include/c++/9/ext/new_allocator.h:146:4:[m[K [01;31m[Kerror: [m[Kno matching function for call to ‘[01m[Kturtle_namespace::control::upperproxy::upperproxy()[m[K’
[1.748s]   146 |  { [01;31m[K::new((void *)__p) _Up(std::forward<_Args>(__args)...)[m[K; }
[1.748s]       |    [01;31m[K^~~~~~~~~~~~~~~~~~~~~~~~~~~~~~~~~~~~~~~~~~~~~~~~~~~~~~[m[K
[1.748s] In file included from [01m[K/home/qianlab/single_turtle_workspace/dependencies/traveler_controller/include/main.h:14[m[K,
[1.749s]                  from [01m[K/home/qianlab/single_turtle_workspace/dependencies/traveler_controller/src/main.cpp:8[m[K:
[1.749s] [01m[K/home/qianlab/single_turtle_workspace/dependencies/traveler_controller/include/proxy/upperproxy.h:37:4:[m[K [01;36m[Knote: [m[Kcandidate: ‘[01m[Kturtle_namespace::control::upperproxy::upperproxy(std::string)[m[K’
[1.749s]    37 |    [01;36m[Kupperproxy[m[K(std::string name);
[1.749s]       |    [01;36m[K^~~~~~~~~~[m[K
[1.749s] [01m[K/home/qianlab/single_turtle_workspace/dependencies/traveler_controller/include/proxy/upperproxy.h:37:4:[m[K [01;36m[Knote: [m[K  candidate expects 1 argument, 0 provided
[1.812s] In file included from [01m[K/home/qianlab/single_turtle_workspace/dependencies/traveler_controller/src/main.cpp:8[m[K:
[1.812s] [01m[K/home/qianlab/single_turtle_workspace/dependencies/traveler_controller/include/main.h:46:14:[m[K [01;35m[Kwarning: [m[K‘[01m[Ktimer[m[K’ defined but not used [[01;35m[K-Wunused-variable[m[K]
[1.812s]    46 | static float [01;35m[Ktimer[m[K[10] = { 0 };
[1.812s]       |              [01;35m[K^~~~~[m[K
[1.813s] [01m[K/home/qianlab/single_turtle_workspace/dependencies/traveler_controller/include/main.h:44:12:[m[K [01;35m[Kwarning: [m[K‘[01m[Kinit_done[m[K’ defined but not used [[01;35m[K-Wunused-variable[m[K]
[1.813s]    44 | static int [01;35m[Kinit_done[m[K = 0;
[1.813s]       |            [01;35m[K^~~~~~~~~[m[K
[1.813s] [01m[K/home/qianlab/single_turtle_workspace/dependencies/traveler_controller/include/main.h:43:14:[m[K [01;35m[Kwarning: [m[K‘[01m[Kinit_cnt[m[K’ defined but not used [[01;35m[K-Wunused-variable[m[K]
[1.813s]    43 | static float [01;35m[Kinit_cnt[m[K = 0;
[1.813s]       |              [01;35m[K^~~~~~~~[m[K
[1.827s] make[2]: *** [CMakeFiles/turtle_high_controller.dir/build.make:63: CMakeFiles/turtle_high_controller.dir/src/main.cpp.o] Error 1
[2.404s] [ 64%] [32m[1mLinking CXX executable odrive_can_interface[0m
[2.692s] [ 78%] Built target odrive_can_interface
[5.180s] make[1]: *** [CMakeFiles/Makefile2:107: CMakeFiles/turtle_high_controller.dir/all] Error 2
[5.180s] make: *** [Makefile:141: all] Error 2
[5.182s] Invoked command in '/home/qianlab/single_turtle_workspace/build/turtle_high_controller' returned '2': AMENT_PREFIX_PATH=/home/qianlab/single_turtle_workspace/install/traveler_msgs:${AMENT_PREFIX_PATH} CMAKE_PREFIX_PATH=/home/qianlab/single_turtle_workspace/install/traveler_msgs:/home/qianlab/lassie-traveler/dependencies/install/traveler_high_controller:/home/qianlab/lassie-traveler/dependencies/install/traveler_msgs:/opt/ros/foxy LD_LIBRARY_PATH=/home/qianlab/single_turtle_workspace/install/traveler_msgs/lib:${LD_LIBRARY_PATH} PYTHONPATH=/home/qianlab/single_turtle_workspace/install/traveler_msgs/lib/python3.8/site-packages:${PYTHONPATH} /usr/bin/cmake --build /home/qianlab/single_turtle_workspace/build/turtle_high_controller -- -j12 -l12
