[0.430s] Invoking command in '/home/qianlab/single_turtle_workspace/highlevel/traveler_optitrack': PYTHONPATH=/home/qianlab/single_turtle_workspace/build/traveler_optitrack/prefix_override:/home/qianlab/single_turtle_workspace/install/traveler_optitrack/lib/python3.8/site-packages:${PYTHONPATH} /usr/bin/python3 -W ignore:setup.py install is deprecated setup.py egg_info --egg-base ../../build/traveler_optitrack build --build-base /home/qianlab/single_turtle_workspace/build/traveler_optitrack/build install --record /home/qianlab/single_turtle_workspace/build/traveler_optitrack/install.log --install-scripts $base/lib/traveler_optitrack --single-version-externally-managed install_data
[0.586s] running egg_info
[0.586s] creating ../../build/traveler_optitrack/traveler_optitrack.egg-info
[0.586s] writing ../../build/traveler_optitrack/traveler_optitrack.egg-info/PKG-INFO
[0.586s] writing dependency_links to ../../build/traveler_optitrack/traveler_optitrack.egg-info/dependency_links.txt
[0.586s] writing entry points to ../../build/traveler_optitrack/traveler_optitrack.egg-info/entry_points.txt
[0.586s] writing requirements to ../../build/traveler_optitrack/traveler_optitrack.egg-info/requires.txt
[0.586s] writing top-level names to ../../build/traveler_optitrack/traveler_optitrack.egg-info/top_level.txt
[0.587s] writing manifest file '../../build/traveler_optitrack/traveler_optitrack.egg-info/SOURCES.txt'
[0.606s] reading manifest file '../../build/traveler_optitrack/traveler_optitrack.egg-info/SOURCES.txt'
[0.607s] writing manifest file '../../build/traveler_optitrack/traveler_optitrack.egg-info/SOURCES.txt'
[0.607s] running build
[0.607s] running build_py
[0.607s] creating /home/qianlab/single_turtle_workspace/build/traveler_optitrack/build
[0.607s] creating /home/qianlab/single_turtle_workspace/build/traveler_optitrack/build/lib
[0.607s] creating /home/qianlab/single_turtle_workspace/build/traveler_optitrack/build/lib/traveler_optitrack
[0.607s] copying traveler_optitrack/traveler_optitrack.py -> /home/qianlab/single_turtle_workspace/build/traveler_optitrack/build/lib/traveler_optitrack
[0.607s] copying traveler_optitrack/import socket.py -> /home/qianlab/single_turtle_workspace/build/traveler_optitrack/build/lib/traveler_optitrack
[0.607s] copying traveler_optitrack/__init__.py -> /home/qianlab/single_turtle_workspace/build/traveler_optitrack/build/lib/traveler_optitrack
[0.607s] running install
[0.608s] running install_lib
[0.608s] creating /home/qianlab/single_turtle_workspace/install/traveler_optitrack/lib/python3.8/site-packages/traveler_optitrack
[0.608s] copying /home/qianlab/single_turtle_workspace/build/traveler_optitrack/build/lib/traveler_optitrack/traveler_optitrack.py -> /home/qianlab/single_turtle_workspace/install/traveler_optitrack/lib/python3.8/site-packages/traveler_optitrack
[0.608s] copying /home/qianlab/single_turtle_workspace/build/traveler_optitrack/build/lib/traveler_optitrack/import socket.py -> /home/qianlab/single_turtle_workspace/install/traveler_optitrack/lib/python3.8/site-packages/traveler_optitrack
[0.608s] copying /home/qianlab/single_turtle_workspace/build/traveler_optitrack/build/lib/traveler_optitrack/__init__.py -> /home/qianlab/single_turtle_workspace/install/traveler_optitrack/lib/python3.8/site-packages/traveler_optitrack
[0.609s] byte-compiling /home/qianlab/single_turtle_workspace/install/traveler_optitrack/lib/python3.8/site-packages/traveler_optitrack/traveler_optitrack.py to traveler_optitrack.cpython-38.pyc
[0.610s] byte-compiling /home/qianlab/single_turtle_workspace/install/traveler_optitrack/lib/python3.8/site-packages/traveler_optitrack/import socket.py to import socket.cpython-38.pyc
[0.610s] byte-compiling /home/qianlab/single_turtle_workspace/install/traveler_optitrack/lib/python3.8/site-packages/traveler_optitrack/__init__.py to __init__.cpython-38.pyc
[0.610s] running install_data
[0.610s] creating /home/qianlab/single_turtle_workspace/install/traveler_optitrack/share/ament_index
[0.610s] creating /home/qianlab/single_turtle_workspace/install/traveler_optitrack/share/ament_index/resource_index
[0.611s] creating /home/qianlab/single_turtle_workspace/install/traveler_optitrack/share/ament_index/resource_index/packages
[0.611s] copying resource/traveler_optitrack -> /home/qianlab/single_turtle_workspace/install/traveler_optitrack/share/ament_index/resource_index/packages
[0.611s] copying package.xml -> /home/qianlab/single_turtle_workspace/install/traveler_optitrack/share/traveler_optitrack
[0.611s] running install_egg_info
[0.611s] Copying ../../build/traveler_optitrack/traveler_optitrack.egg-info to /home/qianlab/single_turtle_workspace/install/traveler_optitrack/lib/python3.8/site-packages/traveler_optitrack-0.0.0-py3.8.egg-info
[0.611s] running install_scripts
[0.622s] Installing traveler_optitrack script to /home/qianlab/single_turtle_workspace/install/traveler_optitrack/lib/traveler_optitrack
[0.623s] writing list of installed files to '/home/qianlab/single_turtle_workspace/build/traveler_optitrack/install.log'
[0.640s] Invoked command in '/home/qianlab/single_turtle_workspace/highlevel/traveler_optitrack' returned '0': PYTHONPATH=/home/qianlab/single_turtle_workspace/build/traveler_optitrack/prefix_override:/home/qianlab/single_turtle_workspace/install/traveler_optitrack/lib/python3.8/site-packages:${PYTHONPATH} /usr/bin/python3 -W ignore:setup.py install is deprecated setup.py egg_info --egg-base ../../build/traveler_optitrack build --build-base /home/qianlab/single_turtle_workspace/build/traveler_optitrack/build install --record /home/qianlab/single_turtle_workspace/build/traveler_optitrack/install.log --install-scripts $base/lib/traveler_optitrack --single-version-externally-managed install_data
