[0.011s] Invoking command in '/home/qianlab/single_turtle_workspace/build/turtle_high_controller': AMENT_PREFIX_PATH=/home/qianlab/single_turtle_workspace/install/traveler_msgs:${AMENT_PREFIX_PATH} CMAKE_PREFIX_PATH=/home/qianlab/single_turtle_workspace/install/traveler_msgs:/home/qianlab/lassie-traveler/dependencies/install/traveler_high_controller:/home/qianlab/lassie-traveler/dependencies/install/traveler_msgs:/opt/ros/foxy LD_LIBRARY_PATH=/home/qianlab/single_turtle_workspace/install/traveler_msgs/lib:${LD_LIBRARY_PATH} PYTHONPATH=/home/qianlab/single_turtle_workspace/install/traveler_msgs/lib/python3.8/site-packages:${PYTHONPATH} /usr/bin/cmake --build /home/qianlab/single_turtle_workspace/build/turtle_high_controller -- -j12 -l12
[0.044s] [35m[1mScanning dependencies of target turtle_high_controller[0m
[0.055s] [ 35%] Built target odrive_can_interface
[0.073s] [ 42%] [32mBuilding CXX object CMakeFiles/turtle_high_controller.dir/src/main.cpp.o[0m
[0.075s] [ 64%] [32mBuilding CXX object CMakeFiles/turtle_high_controller.dir/src/controller/Inverse_kinematics.cpp.o[0m
[0.076s] [ 64%] [32mBuilding CXX object CMakeFiles/turtle_high_controller.dir/src/proxy/lowerproxy.cpp.o[0m
[0.076s] [ 64%] [32mBuilding CXX object CMakeFiles/turtle_high_controller.dir/src/controller/trajectories_parser.cpp.o[0m
[0.076s] [ 71%] [32mBuilding CXX object CMakeFiles/turtle_high_controller.dir/src/proxy/upperproxy.cpp.o[0m
[0.452s] In file included from [01m[K/home/qianlab/single_turtle_workspace/dependencies/traveler_controller/src/controller/Inverse_kinematics.cpp:1[m[K:
[0.452s] [01m[K/home/qianlab/single_turtle_workspace/dependencies/traveler_controller/include/controller/inverse_kinematics.h:28:47:[m[K [01;31m[Kerror: [m[K‘[01m[KXY_pair[m[K’ has not been declared
[0.452s]    28 | void abstractToPhysical(float L, float Theta, [01;31m[KXY_pair[m[K& point);
[0.452s]       |                                               [01;31m[K^~~~~~~[m[K
[0.452s] [01m[K/home/qianlab/single_turtle_workspace/dependencies/traveler_controller/include/controller/inverse_kinematics.h:35:52:[m[K [01;31m[Kerror: [m[K‘[01m[KXY_pair[m[K’ has not been declared
[0.452s]    35 | void linearTraj(float t, float t_start, float vel, [01;31m[KXY_pair[m[K A, XY_pair B, float& X, float& Y);
[0.452s]       |                                                    [01;31m[K^~~~~~~[m[K
[0.452s] [01m[K/home/qianlab/single_turtle_workspace/dependencies/traveler_controller/include/controller/inverse_kinematics.h:35:63:[m[K [01;31m[Kerror: [m[K‘[01m[KXY_pair[m[K’ has not been declared
[0.452s]    35 | void linearTraj(float t, float t_start, float vel, XY_pair A, [01;31m[KXY_pair[m[K B, float& X, float& Y);
[0.452s]       |                                                               [01;31m[K^~~~~~~[m[K
[0.452s] [01m[K/home/qianlab/single_turtle_workspace/dependencies/traveler_controller/include/controller/inverse_kinematics.h:38:41:[m[K [01;31m[Kerror: [m[K‘[01m[KXY_pair[m[K’ has not been declared
[0.452s]    38 | bool linearTraj(float t_rel, float vel, [01;31m[KXY_pair[m[K A, XY_pair B, float& X, float& Y);
[0.453s]       |                                         [01;31m[K^~~~~~~[m[K
[0.453s] [01m[K/home/qianlab/single_turtle_workspace/dependencies/traveler_controller/include/controller/inverse_kinematics.h:38:52:[m[K [01;31m[Kerror: [m[K‘[01m[KXY_pair[m[K’ has not been declared
[0.453s]    38 | bool linearTraj(float t_rel, float vel, XY_pair A, [01;31m[KXY_pair[m[K B, float& X, float& Y);
[0.453s]       |                                                    [01;31m[K^~~~~~~[m[K
[0.453s] [01m[K/home/qianlab/single_turtle_workspace/dependencies/traveler_controller/include/controller/inverse_kinematics.h:41:41:[m[K [01;31m[Kerror: [m[K‘[01m[KXY_pair[m[K’ has not been declared
[0.453s]    41 | bool linearTraj(float t_rel, float vel, [01;31m[KXY_pair[m[K A, XY_pair B,
[0.453s]       |                                         [01;31m[K^~~~~~~[m[K
[0.453s] [01m[K/home/qianlab/single_turtle_workspace/dependencies/traveler_controller/include/controller/inverse_kinematics.h:41:52:[m[K [01;31m[Kerror: [m[K‘[01m[KXY_pair[m[K’ has not been declared
[0.453s]    41 | bool linearTraj(float t_rel, float vel, XY_pair A, [01;31m[KXY_pair[m[K B,
[0.453s]       |                                                    [01;31m[K^~~~~~~[m[K
[0.453s] [01m[K/home/qianlab/single_turtle_workspace/dependencies/traveler_controller/include/controller/inverse_kinematics.h:42:17:[m[K [01;31m[Kerror: [m[K‘[01m[KXY_pair[m[K’ has not been declared
[0.454s]    42 |                 [01;31m[KXY_pair[m[K ToeXY, float& X, float& Y, float threshold = 0.01f);
[0.454s]       |                 [01;31m[K^~~~~~~[m[K
[0.454s] [01m[K/home/qianlab/single_turtle_workspace/dependencies/traveler_controller/include/controller/inverse_kinematics.h:50:15:[m[K [01;31m[Kerror: [m[K‘[01m[Kbool clamp_XY[m[K’ redeclared as different kind of entity
[0.454s]    50 | bool clamp_XY([01;31m[KXY_pair[m[K& P, float L = 0.0f);
[0.454s]       |               [01;31m[K^~~~~~~[m[K
[0.454s] [01m[K/home/qianlab/single_turtle_workspace/dependencies/traveler_controller/include/controller/inverse_kinematics.h:49:6:[m[K [01;36m[Knote: [m[Kprevious declaration ‘[01m[Kbool clamp_XY(float&, float&, float)[m[K’
[0.454s]    49 | bool [01;36m[Kclamp_XY[m[K(float& x, float& y, float L = 0.0f);
[0.454s]       |      [01;36m[K^~~~~~~~[m[K
[0.454s] [01m[K/home/qianlab/single_turtle_workspace/dependencies/traveler_controller/include/controller/inverse_kinematics.h:50:15:[m[K [01;31m[Kerror: [m[K‘[01m[KXY_pair[m[K’ was not declared in this scope
[0.454s]    50 | bool clamp_XY([01;31m[KXY_pair[m[K& P, float L = 0.0f);
[0.454s]       |               [01;31m[K^~~~~~~[m[K
[0.454s] [01m[K/home/qianlab/single_turtle_workspace/dependencies/traveler_controller/include/controller/inverse_kinematics.h:50:24:[m[K [01;31m[Kerror: [m[K‘[01m[KP[m[K’ was not declared in this scope
[0.454s]    50 | bool clamp_XY(XY_pair& [01;31m[KP[m[K, float L = 0.0f);
[0.454s]       |                        [01;31m[K^[m[K
[0.454s] [01m[K/home/qianlab/single_turtle_workspace/dependencies/traveler_controller/include/controller/inverse_kinematics.h:50:27:[m[K [01;31m[Kerror: [m[Kexpected primary-expression before ‘[01m[Kfloat[m[K’
[0.455s]    50 | bool clamp_XY(XY_pair& P, [01;31m[Kfloat[m[K L = 0.0f);
[0.455s]       |                           [01;31m[K^~~~~[m[K
[0.455s] [01m[K/home/qianlab/single_turtle_workspace/dependencies/traveler_controller/include/controller/inverse_kinematics.h:53:16:[m[K [01;31m[Kerror: [m[K‘[01m[KXY_pair[m[K’ was not declared in this scope
[0.455s]    53 | float distance([01;31m[KXY_pair[m[K A, XY_pair B);
[0.455s]       |                [01;31m[K^~~~~~~[m[K
[0.455s] [01m[K/home/qianlab/single_turtle_workspace/dependencies/traveler_controller/include/controller/inverse_kinematics.h:53:27:[m[K [01;31m[Kerror: [m[K‘[01m[KXY_pair[m[K’ was not declared in this scope
[0.455s]    53 | float distance(XY_pair A, [01;31m[KXY_pair[m[K B);
[0.455s]       |                           [01;31m[K^~~~~~~[m[K
[0.455s] [01m[K/home/qianlab/single_turtle_workspace/dependencies/traveler_controller/include/controller/inverse_kinematics.h:53:36:[m[K [01;31m[Kerror: [m[Kexpression list treated as compound expression in initializer [[01;31m[K-fpermissive[m[K]
[0.455s]    53 | float distance(XY_pair A, XY_pair B[01;31m[K)[m[K;
[0.455s]       |                                    [01;31m[K^[m[K
[0.455s] [01m[K/home/qianlab/single_turtle_workspace/dependencies/traveler_controller/src/controller/Inverse_kinematics.cpp:[m[K In function ‘[01m[Kvoid getGamma(float, float&)[m[K’:
[0.456s] [01m[K/home/qianlab/single_turtle_workspace/dependencies/traveler_controller/src/controller/Inverse_kinematics.cpp:26:47:[m[K [01;31m[Kerror: [m[K‘[01m[KL3[m[K’ was not declared in this scope; did you mean ‘[01m[KL[m[K’?
[0.456s]    26 |     gamma = static_cast<float>(acosf((pow(L - [01;31m[KL3[m[K, 2) + L1 * L1 - L2 * L2) / (2 * L1 * (L - L3))));
[0.456s]       |                                               [01;31m[K^~[m[K
[0.456s]       |                                               [32m[KL[m[K
[0.456s] [01m[K/home/qianlab/single_turtle_workspace/dependencies/traveler_controller/src/controller/Inverse_kinematics.cpp:26:56:[m[K [01;31m[Kerror: [m[K‘[01m[KL1[m[K’ was not declared in this scope; did you mean ‘[01m[KL[m[K’?
[0.456s]    26 |     gamma = static_cast<float>(acosf((pow(L - L3, 2) + [01;31m[KL1[m[K * L1 - L2 * L2) / (2 * L1 * (L - L3))));
[0.456s]       |                                                        [01;31m[K^~[m[K
[0.456s]       |                                                        [32m[KL[m[K
[0.456s] [01m[K/home/qianlab/single_turtle_workspace/dependencies/traveler_controller/src/controller/Inverse_kinematics.cpp:26:66:[m[K [01;31m[Kerror: [m[K‘[01m[KL2[m[K’ was not declared in this scope; did you mean ‘[01m[KL[m[K’?
[0.456s]    26 |     gamma = static_cast<float>(acosf((pow(L - L3, 2) + L1 * L1 - [01;31m[KL2[m[K * L2) / (2 * L1 * (L - L3))));
[0.456s]       |                                                                  [01;31m[K^~[m[K
[0.456s]       |                                                                  [32m[KL[m[K
[0.457s] [01m[K/home/qianlab/single_turtle_workspace/dependencies/traveler_controller/src/controller/Inverse_kinematics.cpp:[m[K In function ‘[01m[Kvoid physicalToAbstract(float, float, float&, float&, float&)[m[K’:
[0.457s] [01m[K/home/qianlab/single_turtle_workspace/dependencies/traveler_controller/src/controller/Inverse_kinematics.cpp:54:47:[m[K [01;31m[Kerror: [m[K‘[01m[KL3[m[K’ was not declared in this scope; did you mean ‘[01m[KL[m[K’?
[0.457s]    54 |     gamma = static_cast<float>(acosf((pow(L - [01;31m[KL3[m[K, 2) + L1 * L1 - L2 * L2) / (2 * L1 * (L - L3))));
[0.457s]       |                                               [01;31m[K^~[m[K
[0.457s]       |                                               [32m[KL[m[K
[0.457s] [01m[K/home/qianlab/single_turtle_workspace/dependencies/traveler_controller/src/controller/Inverse_kinematics.cpp:54:56:[m[K [01;31m[Kerror: [m[K‘[01m[KL1[m[K’ was not declared in this scope; did you mean ‘[01m[KL[m[K’?
[0.457s]    54 |     gamma = static_cast<float>(acosf((pow(L - L3, 2) + [01;31m[KL1[m[K * L1 - L2 * L2) / (2 * L1 * (L - L3))));
[0.458s]       |                                                        [01;31m[K^~[m[K
[0.458s]       |                                                        [32m[KL[m[K
[0.458s] [01m[K/home/qianlab/single_turtle_workspace/dependencies/traveler_controller/src/controller/Inverse_kinematics.cpp:54:66:[m[K [01;31m[Kerror: [m[K‘[01m[KL2[m[K’ was not declared in this scope; did you mean ‘[01m[KL[m[K’?
[0.458s]    54 |     gamma = static_cast<float>(acosf((pow(L - L3, 2) + L1 * L1 - [01;31m[KL2[m[K * L2) / (2 * L1 * (L - L3))));
[0.458s]       |                                                                  [01;31m[K^~[m[K
[0.458s]       |                                                                  [32m[KL[m[K
[0.459s] [01m[K/home/qianlab/single_turtle_workspace/dependencies/traveler_controller/src/controller/Inverse_kinematics.cpp:[m[K In function ‘[01m[Kvoid physicalToAbstract(float, float, float&, float&, bool)[m[K’:
[0.459s] [01m[K/home/qianlab/single_turtle_workspace/dependencies/traveler_controller/src/controller/Inverse_kinematics.cpp:86:47:[m[K [01;31m[Kerror: [m[K‘[01m[KL3[m[K’ was not declared in this scope; did you mean ‘[01m[KL[m[K’?
[0.459s]    86 |     gamma = static_cast<float>(acosf((pow(L - [01;31m[KL3[m[K, 2) + L1 * L1 - L2 * L2) / (2 * L1 * (L - L3))));
[0.459s]       |                                               [01;31m[K^~[m[K
[0.459s]       |                                               [32m[KL[m[K
[0.459s] [01m[K/home/qianlab/single_turtle_workspace/dependencies/traveler_controller/src/controller/Inverse_kinematics.cpp:86:56:[m[K [01;31m[Kerror: [m[K‘[01m[KL1[m[K’ was not declared in this scope; did you mean ‘[01m[KL[m[K’?
[0.459s]    86 |     gamma = static_cast<float>(acosf((pow(L - L3, 2) + [01;31m[KL1[m[K * L1 - L2 * L2) / (2 * L1 * (L - L3))));
[0.459s]       |                                                        [01;31m[K^~[m[K
[0.459s]       |                                                        [32m[KL[m[K
[0.459s] [01m[K/home/qianlab/single_turtle_workspace/dependencies/traveler_controller/src/controller/Inverse_kinematics.cpp:86:66:[m[K [01;31m[Kerror: [m[K‘[01m[KL2[m[K’ was not declared in this scope; did you mean ‘[01m[KL[m[K’?
[0.459s]    86 |     gamma = static_cast<float>(acosf((pow(L - L3, 2) + L1 * L1 - [01;31m[KL2[m[K * L2) / (2 * L1 * (L - L3))));
[0.459s]       |                                                                  [01;31m[K^~[m[K
[0.459s]       |                                                                  [32m[KL[m[K
[0.461s] [01m[K/home/qianlab/single_turtle_workspace/dependencies/traveler_controller/src/controller/Inverse_kinematics.cpp:[m[K In function ‘[01m[Kbool clamp_XY(float&, float&, float)[m[K’:
[0.461s] [01m[K/home/qianlab/single_turtle_workspace/dependencies/traveler_controller/src/controller/Inverse_kinematics.cpp:194:14:[m[K [01;31m[Kerror: [m[K‘[01m[KMAX_EXT[m[K’ was not declared in this scope
[0.461s]   194 |     if (L > ([01;31m[KMAX_EXT[m[K)) {
[0.461s]       |              [01;31m[K^~~~~~~[m[K
[0.462s] [01m[K/home/qianlab/single_turtle_workspace/dependencies/traveler_controller/src/controller/Inverse_kinematics.cpp:198:21:[m[K [01;31m[Kerror: [m[K‘[01m[KMIN_EXT[m[K’ was not declared in this scope
[0.462s]   198 |     } else if (L < ([01;31m[KMIN_EXT[m[K)) {
[0.462s]       |                     [01;31m[K^~~~~~~[m[K
[0.463s] [01m[K/home/qianlab/single_turtle_workspace/dependencies/traveler_controller/src/controller/Inverse_kinematics.cpp:[m[K In function ‘[01m[Kbool clamp_XY(XY_pair&, float)[m[K’:
[0.463s] [01m[K/home/qianlab/single_turtle_workspace/dependencies/traveler_controller/src/controller/Inverse_kinematics.cpp:214:14:[m[K [01;31m[Kerror: [m[K‘[01m[KMAX_EXT[m[K’ was not declared in this scope
[0.463s]   214 |     if (L > ([01;31m[KMAX_EXT[m[K)) {
[0.463s]       |              [01;31m[K^~~~~~~[m[K
[0.464s] [01m[K/home/qianlab/single_turtle_workspace/dependencies/traveler_controller/src/controller/Inverse_kinematics.cpp:220:21:[m[K [01;31m[Kerror: [m[K‘[01m[KMIN_EXT[m[K’ was not declared in this scope
[0.464s]   220 |     } else if (L < ([01;31m[KMIN_EXT[m[K)) {
[0.464s]       |                     [01;31m[K^~~~~~~[m[K
[0.464s] [01m[K/home/qianlab/single_turtle_workspace/dependencies/traveler_controller/src/controller/Inverse_kinematics.cpp:[m[K At global scope:
[0.464s] [01m[K/home/qianlab/single_turtle_workspace/dependencies/traveler_controller/src/controller/Inverse_kinematics.cpp:231:36:[m[K [01;31m[Kerror: [m[K‘[01m[Kfloat distance(XY_pair, XY_pair)[m[K’ redeclared as different kind of entity
[0.464s]   231 | float distance(XY_pair A, XY_pair B[01;31m[K)[m[K {
[0.464s]       |                                    [01;31m[K^[m[K
[0.464s] In file included from [01m[K/home/qianlab/single_turtle_workspace/dependencies/traveler_controller/src/controller/Inverse_kinematics.cpp:1[m[K:
[0.465s] [01m[K/home/qianlab/single_turtle_workspace/dependencies/traveler_controller/include/controller/inverse_kinematics.h:53:7:[m[K [01;36m[Knote: [m[Kprevious declaration ‘[01m[Kfloat distance[m[K’
[0.465s]    53 | float [01;36m[Kdistance[m[K(XY_pair A, XY_pair B);
[0.465s]       |       [01;36m[K^~~~~~~~[m[K
[0.475s] In file included from [01m[K/home/qianlab/single_turtle_workspace/dependencies/traveler_controller/include/controller/trajectories_parser.h:10[m[K,
[0.475s]                  from [01m[K/home/qianlab/single_turtle_workspace/dependencies/traveler_controller/src/controller/trajectories_parser.cpp:3[m[K:
[0.475s] [01m[K/home/qianlab/single_turtle_workspace/dependencies/traveler_controller/include/controller/inverse_kinematics.h:28:47:[m[K [01;31m[Kerror: [m[K‘[01m[KXY_pair[m[K’ has not been declared
[0.475s]    28 | void abstractToPhysical(float L, float Theta, [01;31m[KXY_pair[m[K& point);
[0.475s]       |                                               [01;31m[K^~~~~~~[m[K
[0.475s] [01m[K/home/qianlab/single_turtle_workspace/dependencies/traveler_controller/include/controller/inverse_kinematics.h:35:52:[m[K [01;31m[Kerror: [m[K‘[01m[KXY_pair[m[K’ has not been declared
[0.475s]    35 | void linearTraj(float t, float t_start, float vel, [01;31m[KXY_pair[m[K A, XY_pair B, float& X, float& Y);
[0.475s]       |                                                    [01;31m[K^~~~~~~[m[K
[0.475s] [01m[K/home/qianlab/single_turtle_workspace/dependencies/traveler_controller/include/controller/inverse_kinematics.h:35:63:[m[K [01;31m[Kerror: [m[K‘[01m[KXY_pair[m[K’ has not been declared
[0.475s]    35 | void linearTraj(float t, float t_start, float vel, XY_pair A, [01;31m[KXY_pair[m[K B, float& X, float& Y);
[0.475s]       |                                                               [01;31m[K^~~~~~~[m[K
[0.476s] [01m[K/home/qianlab/single_turtle_workspace/dependencies/traveler_controller/include/controller/inverse_kinematics.h:38:41:[m[K [01;31m[Kerror: [m[K‘[01m[KXY_pair[m[K’ has not been declared
[0.476s]    38 | bool linearTraj(float t_rel, float vel, [01;31m[KXY_pair[m[K A, XY_pair B, float& X, float& Y);
[0.476s]       |                                         [01;31m[K^~~~~~~[m[K
[0.476s] [01m[K/home/qianlab/single_turtle_workspace/dependencies/traveler_controller/include/controller/inverse_kinematics.h:38:52:[m[K [01;31m[Kerror: [m[K‘[01m[KXY_pair[m[K’ has not been declared
[0.476s]    38 | bool linearTraj(float t_rel, float vel, XY_pair A, [01;31m[KXY_pair[m[K B, float& X, float& Y);
[0.476s]       |                                                    [01;31m[K^~~~~~~[m[K
[0.476s] [01m[K/home/qianlab/single_turtle_workspace/dependencies/traveler_controller/include/controller/inverse_kinematics.h:41:41:[m[K [01;31m[Kerror: [m[K‘[01m[KXY_pair[m[K’ has not been declared
[0.476s]    41 | bool linearTraj(float t_rel, float vel, [01;31m[KXY_pair[m[K A, XY_pair B,
[0.477s]       |                                         [01;31m[K^~~~~~~[m[K
[0.477s] [01m[K/home/qianlab/single_turtle_workspace/dependencies/traveler_controller/include/controller/inverse_kinematics.h:41:52:[m[K [01;31m[Kerror: [m[K‘[01m[KXY_pair[m[K’ has not been declared
[0.477s]    41 | bool linearTraj(float t_rel, float vel, XY_pair A, [01;31m[KXY_pair[m[K B,
[0.477s]       |                                                    [01;31m[K^~~~~~~[m[K
[0.477s] [01m[K/home/qianlab/single_turtle_workspace/dependencies/traveler_controller/include/controller/inverse_kinematics.h:42:17:[m[K [01;31m[Kerror: [m[K‘[01m[KXY_pair[m[K’ has not been declared
[0.477s]    42 |                 [01;31m[KXY_pair[m[K ToeXY, float& X, float& Y, float threshold = 0.01f);
[0.477s]       |                 [01;31m[K^~~~~~~[m[K
[0.477s] [01m[K/home/qianlab/single_turtle_workspace/dependencies/traveler_controller/include/controller/inverse_kinematics.h:50:15:[m[K [01;31m[Kerror: [m[K‘[01m[Kbool clamp_XY[m[K’ redeclared as different kind of entity
[0.477s]    50 | bool clamp_XY([01;31m[KXY_pair[m[K& P, float L = 0.0f);
[0.477s]       |               [01;31m[K^~~~~~~[m[K
[0.477s] [01m[K/home/qianlab/single_turtle_workspace/dependencies/traveler_controller/include/controller/inverse_kinematics.h:49:6:[m[K [01;36m[Knote: [m[Kprevious declaration ‘[01m[Kbool clamp_XY(float&, float&, float)[m[K’
[0.477s]    49 | bool [01;36m[Kclamp_XY[m[K(float& x, float& y, float L = 0.0f);
[0.477s]       |      [01;36m[K^~~~~~~~[m[K
[0.478s] [01m[K/home/qianlab/single_turtle_workspace/dependencies/traveler_controller/include/controller/inverse_kinematics.h:50:15:[m[K [01;31m[Kerror: [m[K‘[01m[KXY_pair[m[K’ was not declared in this scope
[0.478s]    50 | bool clamp_XY([01;31m[KXY_pair[m[K& P, float L = 0.0f);
[0.478s]       |               [01;31m[K^~~~~~~[m[K
[0.478s] [01m[K/home/qianlab/single_turtle_workspace/dependencies/traveler_controller/include/controller/inverse_kinematics.h:50:24:[m[K [01;31m[Kerror: [m[K‘[01m[KP[m[K’ was not declared in this scope
[0.478s]    50 | bool clamp_XY(XY_pair& [01;31m[KP[m[K, float L = 0.0f);
[0.478s]       |                        [01;31m[K^[m[K
[0.478s] [01m[K/home/qianlab/single_turtle_workspace/dependencies/traveler_controller/include/controller/inverse_kinematics.h:50:27:[m[K [01;31m[Kerror: [m[Kexpected primary-expression before ‘[01m[Kfloat[m[K’
[0.478s]    50 | bool clamp_XY(XY_pair& P, [01;31m[Kfloat[m[K L = 0.0f);
[0.478s]       |                           [01;31m[K^~~~~[m[K
[0.478s] [01m[K/home/qianlab/single_turtle_workspace/dependencies/traveler_controller/include/controller/inverse_kinematics.h:53:16:[m[K [01;31m[Kerror: [m[K‘[01m[KXY_pair[m[K’ was not declared in this scope
[0.478s]    53 | float distance([01;31m[KXY_pair[m[K A, XY_pair B);
[0.478s]       |                [01;31m[K^~~~~~~[m[K
[0.479s] [01m[K/home/qianlab/single_turtle_workspace/dependencies/traveler_controller/include/controller/inverse_kinematics.h:53:27:[m[K [01;31m[Kerror: [m[K‘[01m[KXY_pair[m[K’ was not declared in this scope
[0.479s]    53 | float distance(XY_pair A, [01;31m[KXY_pair[m[K B);
[0.479s]       |                           [01;31m[K^~~~~~~[m[K
[0.479s] [01m[K/home/qianlab/single_turtle_workspace/dependencies/traveler_controller/include/controller/inverse_kinematics.h:53:36:[m[K [01;31m[Kerror: [m[Kexpression list treated as compound expression in initializer [[01;31m[K-fpermissive[m[K]
[0.479s]    53 | float distance(XY_pair A, XY_pair B[01;31m[K)[m[K;
[0.479s]       |                                    [01;31m[K^[m[K
[0.480s] In file included from [01m[K/home/qianlab/single_turtle_workspace/dependencies/traveler_controller/src/controller/trajectories_parser.cpp:3[m[K:
[0.480s] [01m[K/home/qianlab/single_turtle_workspace/dependencies/traveler_controller/include/controller/trajectories_parser.h:86:17:[m[K [01;31m[Kerror: [m[K‘[01m[KWaypoint[m[K’ was not declared in this scope
[0.480s]    86 |     std::vector<[01;31m[KWaypoint[m[K> waypoints_;
[0.480s]       |                 [01;31m[K^~~~~~~~[m[K
[0.480s] [01m[K/home/qianlab/single_turtle_workspace/dependencies/traveler_controller/include/controller/trajectories_parser.h:86:25:[m[K [01;31m[Kerror: [m[Ktemplate argument 1 is invalid
[0.480s]    86 |     std::vector<Waypoint[01;31m[K>[m[K waypoints_;
[0.480s]       |                         [01;31m[K^[m[K
[0.480s] [01m[K/home/qianlab/single_turtle_workspace/dependencies/traveler_controller/include/controller/trajectories_parser.h:86:25:[m[K [01;31m[Kerror: [m[Ktemplate argument 2 is invalid
[0.481s] [01m[K/home/qianlab/single_turtle_workspace/dependencies/traveler_controller/include/controller/trajectories_parser.h:87:5:[m[K [01;31m[Kerror: [m[K‘[01m[KWaypoint[m[K’ does not name a type
[0.481s]    87 |     [01;31m[KWaypoint[m[K curr_waypoint_{};
[0.481s]       |     [01;31m[K^~~~~~~~[m[K
[0.481s] [01m[K/home/qianlab/single_turtle_workspace/dependencies/traveler_controller/include/controller/trajectories_parser.h:87:30:[m[K [01;35m[Kwarning: [m[Kextra ‘[01m[K;[m[K’ [[01;35m[K-Wpedantic[m[K]
[0.481s]    87 |     Waypoint curr_waypoint_{}[01;35m[K;[m[K
[0.481s]       |                              [01;35m[K^[m[K
[0.481s]       |                              [31m[K-[m[K
[0.482s] [01m[K/home/qianlab/single_turtle_workspace/dependencies/traveler_controller/include/controller/trajectories_parser.h:88:5:[m[K [01;31m[Kerror: [m[K‘[01m[KWaypoint[m[K’ does not name a type
[0.482s]    88 |     [01;31m[KWaypoint[m[K prev_waypoint_{};
[0.482s]       |     [01;31m[K^~~~~~~~[m[K
[0.482s] [01m[K/home/qianlab/single_turtle_workspace/dependencies/traveler_controller/include/controller/trajectories_parser.h:88:30:[m[K [01;35m[Kwarning: [m[Kextra ‘[01m[K;[m[K’ [[01;35m[K-Wpedantic[m[K]
[0.482s]    88 |     Waypoint prev_waypoint_{}[01;35m[K;[m[K
[0.482s]       |                              [01;35m[K^[m[K
[0.482s]       |                              [31m[K-[m[K
[0.485s] [01m[K/home/qianlab/single_turtle_workspace/dependencies/traveler_controller/src/controller/trajectories_parser.cpp:[m[K In member function ‘[01m[Kbool turtle_namespace::control::TrajectoriesParser::waypointTrajectory(turtle&)[m[K’:
[0.485s] [01m[K/home/qianlab/single_turtle_workspace/dependencies/traveler_controller/src/controller/trajectories_parser.cpp:47:9:[m[K [01;31m[Kerror: [m[K‘[01m[Kprev_waypoint_[m[K’ was not declared in this scope
[0.485s]    47 |         [01;31m[Kprev_waypoint_[m[K = Waypoint(turtle.turtle_chassis.Leg_lf.toe_position, 0.0f, 0.0f);
[0.485s]       |         [01;31m[K^~~~~~~~~~~~~~[m[K
[0.485s] [01m[K/home/qianlab/single_turtle_workspace/dependencies/traveler_controller/src/controller/trajectories_parser.cpp:47:57:[m[K [01;31m[Kerror: [m[K‘[01m[Kstruct turtle_status[m[K’ has no member named ‘[01m[KLeg_lf[m[K’
[0.485s]    47 |         prev_waypoint_ = Waypoint(turtle.turtle_chassis.[01;31m[KLeg_lf[m[K.toe_position, 0.0f, 0.0f);
[0.485s]       |                                                         [01;31m[K^~~~~~[m[K
[0.486s] [01m[K/home/qianlab/single_turtle_workspace/dependencies/traveler_controller/src/controller/trajectories_parser.cpp:47:26:[m[K [01;31m[Kerror: [m[K‘[01m[KWaypoint[m[K’ was not declared in this scope; did you mean ‘[01m[Kwaypoints_[m[K’?
[0.486s]    47 |         prev_waypoint_ = [01;31m[KWaypoint[m[K(turtle.turtle_chassis.Leg_lf.toe_position, 0.0f, 0.0f);
[0.486s]       |                          [01;31m[K^~~~~~~~[m[K
[0.486s]       |                          [32m[Kwaypoints_[m[K
[0.486s] [01m[K/home/qianlab/single_turtle_workspace/dependencies/traveler_controller/src/controller/trajectories_parser.cpp:48:25:[m[K [01;31m[Kerror: [m[Krequest for member ‘[01m[Kempty[m[K’ in ‘[01m[K((turtle_namespace::control::TrajectoriesParser*)this)->turtle_namespace::control::TrajectoriesParser::waypoints_[m[K’, which is of non-class type ‘[01m[Kint[m[K’
[0.486s]    48 |         if (!waypoints_.[01;31m[Kempty[m[K()) {
[0.486s]       |                         [01;31m[K^~~~~[m[K
[0.488s] [01m[K/home/qianlab/single_turtle_workspace/dependencies/traveler_controller/src/controller/trajectories_parser.cpp:49:13:[m[K [01;31m[Kerror: [m[K‘[01m[Kcurr_waypoint_[m[K’ was not declared in this scope
[0.488s]    49 |             [01;31m[Kcurr_waypoint_[m[K = waypoints_[waypoint_index_];
[0.488s]       |             [01;31m[K^~~~~~~~~~~~~~[m[K
[0.488s] [01m[K/home/qianlab/single_turtle_workspace/dependencies/traveler_controller/src/controller/trajectories_parser.cpp:49:56:[m[K [01;31m[Kerror: [m[Kinvalid types ‘[01m[Kint[int][m[K’ for array subscript
[0.488s]    49 |             curr_waypoint_ = waypoints_[waypoint_index_[01;31m[K][m[K;
[0.488s]       |                                                        [01;31m[K^[m[K
[0.488s] [01m[K/home/qianlab/single_turtle_workspace/dependencies/traveler_controller/src/controller/trajectories_parser.cpp:55:25:[m[K [01;31m[Kerror: [m[Krequest for member ‘[01m[Kempty[m[K’ in ‘[01m[K((turtle_namespace::control::TrajectoriesParser*)this)->turtle_namespace::control::TrajectoriesParser::waypoints_[m[K’, which is of non-class type ‘[01m[Kint[m[K’
[0.488s]    55 |         if (!waypoints_.[01;31m[Kempty[m[K()) {
[0.488s]       |                         [01;31m[K^~~~~[m[K
[0.490s] [01m[K/home/qianlab/single_turtle_workspace/dependencies/traveler_controller/src/controller/trajectories_parser.cpp:57:20:[m[K [01;31m[Kerror: [m[K‘[01m[Kcurr_waypoint_[m[K’ was not declared in this scope
[0.490s]    57 |                    [01;31m[Kcurr_waypoint_[m[K.point.x, curr_waypoint_.point.y);
[0.490s]       |                    [01;31m[K^~~~~~~~~~~~~~[m[K
[0.490s] [01m[K/home/qianlab/single_turtle_workspace/dependencies/traveler_controller/src/controller/trajectories_parser.cpp:69:31:[m[K [01;31m[Kerror: [m[K‘[01m[Kstruct turtle_status[m[K’ has no member named ‘[01m[KLeg_lf[m[K’
[0.490s]    69 |         turtle.turtle_chassis.[01;31m[KLeg_lf[m[K.state_flag = state_flag_;
[0.490s]       |                               [01;31m[K^~~~~~[m[K
[0.490s] [01m[K/home/qianlab/single_turtle_workspace/dependencies/traveler_controller/src/controller/trajectories_parser.cpp:71:42:[m[K [01;31m[Kerror: [m[Krequest for member ‘[01m[Ksize[m[K’ in ‘[01m[K((turtle_namespace::control::TrajectoriesParser*)this)->turtle_namespace::control::TrajectoriesParser::waypoints_[m[K’, which is of non-class type ‘[01m[Kint[m[K’
[0.490s]    71 |         if (waypoint_index_ < waypoints_.[01;31m[Ksize[m[K()) {
[0.490s]       |                                          [01;31m[K^~~~[m[K
[0.491s] [01m[K/home/qianlab/single_turtle_workspace/dependencies/traveler_controller/src/controller/trajectories_parser.cpp:72:13:[m[K [01;31m[Kerror: [m[K‘[01m[Kprev_waypoint_[m[K’ was not declared in this scope
[0.492s]    72 |             [01;31m[Kprev_waypoint_[m[K = curr_waypoint_;
[0.492s]       |             [01;31m[K^~~~~~~~~~~~~~[m[K
[0.494s] [01m[K/home/qianlab/single_turtle_workspace/dependencies/traveler_controller/src/controller/trajectories_parser.cpp:72:30:[m[K [01;31m[Kerror: [m[K‘[01m[Kcurr_waypoint_[m[K’ was not declared in this scope
[0.494s]    72 |             prev_waypoint_ = [01;31m[Kcurr_waypoint_[m[K;
[0.494s]       |                              [01;31m[K^~~~~~~~~~~~~~[m[K
[0.494s] [01m[K/home/qianlab/single_turtle_workspace/dependencies/traveler_controller/src/controller/trajectories_parser.cpp:73:56:[m[K [01;31m[Kerror: [m[Kinvalid types ‘[01m[Kint[int][m[K’ for array subscript
[0.494s]    73 |             curr_waypoint_ = waypoints_[waypoint_index_[01;31m[K][m[K;
[0.494s]       |                                                        [01;31m[K^[m[K
[0.497s] [01m[K/home/qianlab/single_turtle_workspace/dependencies/traveler_controller/src/controller/Inverse_kinematics.cpp:[m[K In function ‘[01m[Kbool clamp_XY(float&, float&, float)[m[K’:
[0.497s] [01m[K/home/qianlab/single_turtle_workspace/dependencies/traveler_controller/src/controller/Inverse_kinematics.cpp:205:1:[m[K [01;35m[Kwarning: [m[Kcontrol reaches end of non-void function [[01;35m[K-Wreturn-type[m[K]
[0.498s]   205 | [01;35m[K}[m[K
[0.498s]       | [01;35m[K^[m[K
[0.498s] [01m[K/home/qianlab/single_turtle_workspace/dependencies/traveler_controller/src/controller/Inverse_kinematics.cpp:[m[K In function ‘[01m[Kbool clamp_XY(XY_pair&, float)[m[K’:
[0.498s] [01m[K/home/qianlab/single_turtle_workspace/dependencies/traveler_controller/src/controller/Inverse_kinematics.cpp:229:1:[m[K [01;35m[Kwarning: [m[Kcontrol reaches end of non-void function [[01;35m[K-Wreturn-type[m[K]
[0.498s]   229 | [01;35m[K}[m[K
[0.498s]       | [01;35m[K^[m[K
[0.499s] [01m[K/home/qianlab/single_turtle_workspace/dependencies/traveler_controller/src/controller/trajectories_parser.cpp:[m[K In member function ‘[01m[Kbool turtle_namespace::control::TrajectoriesParser::processWaypoint(turtle&)[m[K’:
[0.499s] [01m[K/home/qianlab/single_turtle_workspace/dependencies/traveler_controller/src/controller/trajectories_parser.cpp:93:22:[m[K [01;31m[Kerror: [m[K‘[01m[Kcurr_waypoint_[m[K’ was not declared in this scope
[0.499s]    93 |             clamp_XY([01;31m[Kcurr_waypoint_[m[K.point);
[0.500s]       |                      [01;31m[K^~~~~~~~~~~~~~[m[K
[0.501s] [01m[K/home/qianlab/single_turtle_workspace/dependencies/traveler_controller/src/controller/trajectories_parser.cpp:100:32:[m[K [01;31m[Kerror: [m[K‘[01m[Kcurr_waypoint_[m[K’ was not declared in this scope
[0.501s]   100 |             if (linearTraj(t_, [01;31m[Kcurr_waypoint_[m[K.vel,
[0.501s]       |                                [01;31m[K^~~~~~~~~~~~~~[m[K
[0.502s] make[2]: *** [CMakeFiles/turtle_high_controller.dir/build.make:76: CMakeFiles/turtle_high_controller.dir/src/controller/Inverse_kinematics.cpp.o] Error 1
[0.502s] make[2]: *** Waiting for unfinished jobs....
[0.503s] [01m[K/home/qianlab/single_turtle_workspace/dependencies/traveler_controller/src/controller/trajectories_parser.cpp:101:28:[m[K [01;31m[Kerror: [m[K‘[01m[Kprev_waypoint_[m[K’ was not declared in this scope
[0.503s]   101 |                            [01;31m[Kprev_waypoint_[m[K.point, curr_waypoint_.point,
[0.503s]       |                            [01;31m[K^~~~~~~~~~~~~~[m[K
[0.505s] [01m[K/home/qianlab/single_turtle_workspace/dependencies/traveler_controller/src/controller/trajectories_parser.cpp:120:22:[m[K [01;31m[Kerror: [m[K‘[01m[Kcurr_waypoint_[m[K’ was not declared in this scope
[0.505s]   120 |             if (t_ > [01;31m[Kcurr_waypoint_[m[K.delay) {
[0.505s]       |                      [01;31m[K^~~~~~~~~~~~~~[m[K
[0.505s] [01m[K/home/qianlab/single_turtle_workspace/dependencies/traveler_controller/src/controller/trajectories_parser.cpp:[m[K In member function ‘[01m[Kvoid turtle_namespace::control::TrajectoriesParser::generateWaypoints(turtle&)[m[K’:
[0.505s] [01m[K/home/qianlab/single_turtle_workspace/dependencies/traveler_controller/src/controller/trajectories_parser.cpp:136:16:[m[K [01;31m[Kerror: [m[Krequest for member ‘[01m[Kclear[m[K’ in ‘[01m[K((turtle_namespace::control::TrajectoriesParser*)this)->turtle_namespace::control::TrajectoriesParser::waypoints_[m[K’, which is of non-class type ‘[01m[Kint[m[K’
[0.505s]   136 |     waypoints_.[01;31m[Kclear[m[K();
[0.505s]       |                [01;31m[K^~~~~[m[K
[0.505s] [01m[K/home/qianlab/single_turtle_workspace/dependencies/traveler_controller/src/controller/trajectories_parser.cpp:142:20:[m[K [01;31m[Kerror: [m[Krequest for member ‘[01m[Kpush_back[m[K’ in ‘[01m[K((turtle_namespace::control::TrajectoriesParser*)this)->turtle_namespace::control::TrajectoriesParser::waypoints_[m[K’, which is of non-class type ‘[01m[Kint[m[K’
[0.505s]   142 |         waypoints_.[01;31m[Kpush_back[m[K(Waypoint(x, y, v, 0.0f)); // zero delay between points
[0.505s]       |                    [01;31m[K^~~~~~~~~[m[K
[0.506s] [01m[K/home/qianlab/single_turtle_workspace/dependencies/traveler_controller/src/controller/trajectories_parser.cpp:142:30:[m[K [01;31m[Kerror: [m[K‘[01m[KWaypoint[m[K’ was not declared in this scope; did you mean ‘[01m[Kwaypoints_[m[K’?
[0.506s]   142 |         waypoints_.push_back([01;31m[KWaypoint[m[K(x, y, v, 0.0f)); // zero delay between points
[0.506s]       |                              [01;31m[K^~~~~~~~[m[K
[0.506s]       |                              [32m[Kwaypoints_[m[K
[0.506s] [01m[K/home/qianlab/single_turtle_workspace/dependencies/traveler_controller/src/controller/trajectories_parser.cpp:146:53:[m[K [01;31m[Kerror: [m[Krequest for member ‘[01m[Ksize[m[K’ in ‘[01m[K((turtle_namespace::control::TrajectoriesParser*)this)->turtle_namespace::control::TrajectoriesParser::waypoints_[m[K’, which is of non-class type ‘[01m[Kint[m[K’
[0.507s]   146 |     for (int i = 0; i < static_cast<int>(waypoints_.[01;31m[Ksize[m[K()); ++i) {
[0.507s]       |                                                     [01;31m[K^~~~[m[K
[0.507s] [01m[K/home/qianlab/single_turtle_workspace/dependencies/traveler_controller/src/controller/trajectories_parser.cpp:148:31:[m[K [01;31m[Kerror: [m[Kinvalid types ‘[01m[Kint[int][m[K’ for array subscript
[0.507s]   148 |                i, waypoints_[i[01;31m[K][m[K.point.x, waypoints_[i].point.y,
[0.507s]       |                               [01;31m[K^[m[K
[0.507s] [01m[K/home/qianlab/single_turtle_workspace/dependencies/traveler_controller/src/controller/trajectories_parser.cpp:148:54:[m[K [01;31m[Kerror: [m[Kinvalid types ‘[01m[Kint[int][m[K’ for array subscript
[0.507s]   148 |                i, waypoints_[i].point.x, waypoints_[i[01;31m[K][m[K.point.y,
[0.507s]       |                                                      [01;31m[K^[m[K
[0.507s] [01m[K/home/qianlab/single_turtle_workspace/dependencies/traveler_controller/src/controller/trajectories_parser.cpp:149:28:[m[K [01;31m[Kerror: [m[Kinvalid types ‘[01m[Kint[int][m[K’ for array subscript
[0.507s]   149 |                waypoints_[i[01;31m[K][m[K.vel, waypoints_[i].delay);
[0.507s]       |                            [01;31m[K^[m[K
[0.507s] [01m[K/home/qianlab/single_turtle_workspace/dependencies/traveler_controller/src/controller/trajectories_parser.cpp:149:47:[m[K [01;31m[Kerror: [m[Kinvalid types ‘[01m[Kint[int][m[K’ for array subscript
[0.507s]   149 |                waypoints_[i].vel, waypoints_[i[01;31m[K][m[K.delay);
[0.507s]       |                                               [01;31m[K^[m[K
[0.508s] [01m[K/home/qianlab/single_turtle_workspace/dependencies/traveler_controller/src/controller/trajectories_parser.cpp:[m[K In member function ‘[01m[Kvoid turtle_namespace::control::TrajectoriesParser::generateTempTraj(turtle&)[m[K’:
[0.508s] [01m[K/home/qianlab/single_turtle_workspace/dependencies/traveler_controller/src/controller/trajectories_parser.cpp:161:5:[m[K [01;31m[Kerror: [m[K‘[01m[Kprev_toe_pos[m[K’ was not declared in this scope
[0.508s]   161 |     [01;31m[Kprev_toe_pos[m[K = curr_toe_pos;
[0.508s]       |     [01;31m[K^~~~~~~~~~~~[m[K
[0.510s] [01m[K/home/qianlab/single_turtle_workspace/dependencies/traveler_controller/src/controller/trajectories_parser.cpp:161:20:[m[K [01;31m[Kerror: [m[K‘[01m[Kcurr_toe_pos[m[K’ was not declared in this scope
[0.510s]   161 |     prev_toe_pos = [01;31m[Kcurr_toe_pos[m[K;
[0.510s]       |                    [01;31m[K^~~~~~~~~~~~[m[K
[0.510s] [01m[K/home/qianlab/single_turtle_workspace/dependencies/traveler_controller/src/controller/trajectories_parser.cpp:162:42:[m[K [01;31m[Kerror: [m[K‘[01m[Kstruct turtle_status[m[K’ has no member named ‘[01m[KLeg_lf[m[K’
[0.510s]   162 |     curr_toe_pos = turtle.turtle_chassis.[01;31m[KLeg_lf[m[K.toe_position;
[0.510s]       |                                          [01;31m[K^~~~~~[m[K
[0.510s] [01m[K/home/qianlab/single_turtle_workspace/dependencies/traveler_controller/src/controller/trajectories_parser.cpp:163:20:[m[K [01;31m[Kerror: [m[Kreference to ‘[01m[Kdistance[m[K’ is ambiguous
[0.510s]   163 |     Move_Dist    = [01;31m[Kdistance[m[K(prev_toe_pos, curr_toe_pos);
[0.510s]       |                    [01;31m[K^~~~~~~~[m[K
[0.510s] In file included from [01m[K/usr/include/c++/9/bits/stl_algobase.h:66[m[K,
[0.510s]                  from [01m[K/usr/include/c++/9/vector:60[m[K,
[0.511s]                  from [01m[K/home/qianlab/single_turtle_workspace/dependencies/traveler_controller/include/controller/trajectories_parser.h:4[m[K,
[0.511s]                  from [01m[K/home/qianlab/single_turtle_workspace/dependencies/traveler_controller/src/controller/trajectories_parser.cpp:3[m[K:
[0.511s] [01m[K/usr/include/c++/9/bits/stl_iterator_base_funcs.h:138:5:[m[K [01;36m[Knote: [m[Kcandidates are: ‘[01m[Ktemplate<class _InputIterator> typename std::iterator_traits<_Iterator>::difference_type std::distance(_InputIterator, _InputIterator)[m[K’
[0.511s]   138 |     [01;36m[Kdistance[m[K(_InputIterator __first, _InputIterator __last)
[0.511s]       |     [01;36m[K^~~~~~~~[m[K
[0.511s] In file included from [01m[K/home/qianlab/single_turtle_workspace/dependencies/traveler_controller/include/controller/trajectories_parser.h:10[m[K,
[0.511s]                  from [01m[K/home/qianlab/single_turtle_workspace/dependencies/traveler_controller/src/controller/trajectories_parser.cpp:3[m[K:
[0.511s] [01m[K/home/qianlab/single_turtle_workspace/dependencies/traveler_controller/include/controller/inverse_kinematics.h:53:7:[m[K [01;36m[Knote: [m[K                ‘[01m[Kfloat distance[m[K’
[0.511s]    53 | float [01;36m[Kdistance[m[K(XY_pair A, XY_pair B);
[0.511s]       |       [01;36m[K^~~~~~~~[m[K
[0.511s] [01m[K/home/qianlab/single_turtle_workspace/dependencies/traveler_controller/src/controller/trajectories_parser.cpp:184:38:[m[K [01;31m[Kerror: [m[K‘[01m[Kstruct turtle_status[m[K’ has no member named ‘[01m[KLeg_lf[m[K’
[0.511s]   184 |                turtle.turtle_chassis.[01;31m[KLeg_lf[m[K.toe_position.x,
[0.511s]       |                                      [01;31m[K^~~~~~[m[K
[0.512s] [01m[K/home/qianlab/single_turtle_workspace/dependencies/traveler_controller/src/controller/trajectories_parser.cpp:185:38:[m[K [01;31m[Kerror: [m[K‘[01m[Kstruct turtle_status[m[K’ has no member named ‘[01m[KLeg_lf[m[K’
[0.512s]   185 |                turtle.turtle_chassis.[01;31m[KLeg_lf[m[K.toe_position.y);
[0.512s]       |                                      [01;31m[K^~~~~~[m[K
[0.512s] [01m[K/home/qianlab/single_turtle_workspace/dependencies/traveler_controller/src/controller/trajectories_parser.cpp:191:22:[m[K [01;31m[Kerror: [m[K‘[01m[Kstruct TrajectoryData[m[K’ has no member named ‘[01m[Kcurrent_t[m[K’
[0.512s]   191 |     turtle.traj_data.[01;31m[Kcurrent_t[m[K += 0.01000f;
[0.512s]       |                      [01;31m[K^~~~~~~~~[m[K
[0.512s] [01m[K/home/qianlab/single_turtle_workspace/dependencies/traveler_controller/src/controller/trajectories_parser.cpp:[m[K In member function ‘[01m[Kvoid turtle_namespace::control::TrajectoriesParser::printTrajData(turtle&)[m[K’:
[0.512s] [01m[K/home/qianlab/single_turtle_workspace/dependencies/traveler_controller/src/controller/trajectories_parser.cpp:205:58:[m[K [01;31m[Kerror: [m[K‘[01m[Kstruct TrajectoryData[m[K’ has no member named ‘[01m[Kwiggle_time[m[K’
[0.512s]   205 |     printf("wiggle_time:         %f\n", turtle.traj_data.[01;31m[Kwiggle_time[m[K);
[0.512s]       |                                                          [01;31m[K^~~~~~~~~~~[m[K
[0.512s] [01m[K/home/qianlab/single_turtle_workspace/dependencies/traveler_controller/src/controller/trajectories_parser.cpp:208:58:[m[K [01;31m[Kerror: [m[K‘[01m[Kstruct TrajectoryData[m[K’ has no member named ‘[01m[Kwiggle_frequency[m[K’
[0.512s]   208 |     printf("wiggle_frequency:    %f\n", turtle.traj_data.[01;31m[Kwiggle_frequency[m[K);
[0.512s]       |                                                          [01;31m[K^~~~~~~~~~~~~~~~[m[K
[0.512s] [01m[K/home/qianlab/single_turtle_workspace/dependencies/traveler_controller/src/controller/trajectories_parser.cpp:210:58:[m[K [01;31m[Kerror: [m[K‘[01m[Kstruct TrajectoryData[m[K’ has no member named ‘[01m[Kwiggle_amptitude[m[K’
[0.512s]   210 |     printf("wiggle_amptitude:    %f\n", turtle.traj_data.[01;31m[Kwiggle_amptitude[m[K);
[0.513s]       |                                                          [01;31m[K^~~~~~~~~~~~~~~~[m[K
[0.554s] make[2]: *** [CMakeFiles/turtle_high_controller.dir/build.make:89: CMakeFiles/turtle_high_controller.dir/src/controller/trajectories_parser.cpp.o] Error 1
[1.131s] In file included from [01m[K/home/qianlab/single_turtle_workspace/dependencies/traveler_controller/src/proxy/lowerproxy.cpp:8[m[K:
[1.131s] [01m[K/home/qianlab/single_turtle_workspace/dependencies/traveler_controller/include/proxy/lowerproxy.h:97:17:[m[K [01;31m[Kerror: [m[K‘[01m[KTrajectoryPoint[m[K’ was not declared in this scope; did you mean ‘[01m[KTrajectoryData[m[K’?
[1.131s]    97 |     std::vector<[01;31m[KTrajectoryPoint[m[K> precomputed_;
[1.132s]       |                 [01;31m[K^~~~~~~~~~~~~~~[m[K
[1.132s]       |                 [32m[KTrajectoryData[m[K
[1.132s] [01m[K/home/qianlab/single_turtle_workspace/dependencies/traveler_controller/include/proxy/lowerproxy.h:97:32:[m[K [01;31m[Kerror: [m[Ktemplate argument 1 is invalid
[1.132s]    97 |     std::vector<TrajectoryPoint[01;31m[K>[m[K precomputed_;
[1.132s]       |                                [01;31m[K^[m[K
[1.132s] [01m[K/home/qianlab/single_turtle_workspace/dependencies/traveler_controller/include/proxy/lowerproxy.h:97:32:[m[K [01;31m[Kerror: [m[Ktemplate argument 2 is invalid
[1.132s] In file included from [01m[K/home/qianlab/single_turtle_workspace/dependencies/traveler_controller/src/proxy/lowerproxy.cpp:9[m[K:
[1.132s] [01m[K/home/qianlab/single_turtle_workspace/dependencies/traveler_controller/include/controller/inverse_kinematics.h:28:47:[m[K [01;31m[Kerror: [m[K‘[01m[KXY_pair[m[K’ has not been declared
[1.132s]    28 | void abstractToPhysical(float L, float Theta, [01;31m[KXY_pair[m[K& point);
[1.132s]       |                                               [01;31m[K^~~~~~~[m[K
[1.132s] [01m[K/home/qianlab/single_turtle_workspace/dependencies/traveler_controller/include/controller/inverse_kinematics.h:35:52:[m[K [01;31m[Kerror: [m[K‘[01m[KXY_pair[m[K’ has not been declared
[1.133s]    35 | void linearTraj(float t, float t_start, float vel, [01;31m[KXY_pair[m[K A, XY_pair B, float& X, float& Y);
[1.133s]       |                                                    [01;31m[K^~~~~~~[m[K
[1.133s] [01m[K/home/qianlab/single_turtle_workspace/dependencies/traveler_controller/include/controller/inverse_kinematics.h:35:63:[m[K [01;31m[Kerror: [m[K‘[01m[KXY_pair[m[K’ has not been declared
[1.133s]    35 | void linearTraj(float t, float t_start, float vel, XY_pair A, [01;31m[KXY_pair[m[K B, float& X, float& Y);
[1.133s]       |                                                               [01;31m[K^~~~~~~[m[K
[1.133s] [01m[K/home/qianlab/single_turtle_workspace/dependencies/traveler_controller/include/controller/inverse_kinematics.h:38:41:[m[K [01;31m[Kerror: [m[K‘[01m[KXY_pair[m[K’ has not been declared
[1.133s]    38 | bool linearTraj(float t_rel, float vel, [01;31m[KXY_pair[m[K A, XY_pair B, float& X, float& Y);
[1.133s]       |                                         [01;31m[K^~~~~~~[m[K
[1.133s] [01m[K/home/qianlab/single_turtle_workspace/dependencies/traveler_controller/include/controller/inverse_kinematics.h:38:52:[m[K [01;31m[Kerror: [m[K‘[01m[KXY_pair[m[K’ has not been declared
[1.133s]    38 | bool linearTraj(float t_rel, float vel, XY_pair A, [01;31m[KXY_pair[m[K B, float& X, float& Y);
[1.133s]       |                                                    [01;31m[K^~~~~~~[m[K
[1.133s] [01m[K/home/qianlab/single_turtle_workspace/dependencies/traveler_controller/include/controller/inverse_kinematics.h:41:41:[m[K [01;31m[Kerror: [m[K‘[01m[KXY_pair[m[K’ has not been declared
[1.133s]    41 | bool linearTraj(float t_rel, float vel, [01;31m[KXY_pair[m[K A, XY_pair B,
[1.133s]       |                                         [01;31m[K^~~~~~~[m[K
[1.133s] [01m[K/home/qianlab/single_turtle_workspace/dependencies/traveler_controller/include/controller/inverse_kinematics.h:41:52:[m[K [01;31m[Kerror: [m[K‘[01m[KXY_pair[m[K’ has not been declared
[1.134s]    41 | bool linearTraj(float t_rel, float vel, XY_pair A, [01;31m[KXY_pair[m[K B,
[1.134s]       |                                                    [01;31m[K^~~~~~~[m[K
[1.134s] [01m[K/home/qianlab/single_turtle_workspace/dependencies/traveler_controller/include/controller/inverse_kinematics.h:42:17:[m[K [01;31m[Kerror: [m[K‘[01m[KXY_pair[m[K’ has not been declared
[1.134s]    42 |                 [01;31m[KXY_pair[m[K ToeXY, float& X, float& Y, float threshold = 0.01f);
[1.134s]       |                 [01;31m[K^~~~~~~[m[K
[1.134s] [01m[K/home/qianlab/single_turtle_workspace/dependencies/traveler_controller/include/controller/inverse_kinematics.h:50:15:[m[K [01;31m[Kerror: [m[K‘[01m[Kbool clamp_XY[m[K’ redeclared as different kind of entity
[1.134s]    50 | bool clamp_XY([01;31m[KXY_pair[m[K& P, float L = 0.0f);
[1.134s]       |               [01;31m[K^~~~~~~[m[K
[1.134s] [01m[K/home/qianlab/single_turtle_workspace/dependencies/traveler_controller/include/controller/inverse_kinematics.h:49:6:[m[K [01;36m[Knote: [m[Kprevious declaration ‘[01m[Kbool clamp_XY(float&, float&, float)[m[K’
[1.134s]    49 | bool [01;36m[Kclamp_XY[m[K(float& x, float& y, float L = 0.0f);
[1.134s]       |      [01;36m[K^~~~~~~~[m[K
[1.134s] [01m[K/home/qianlab/single_turtle_workspace/dependencies/traveler_controller/include/controller/inverse_kinematics.h:50:15:[m[K [01;31m[Kerror: [m[K‘[01m[KXY_pair[m[K’ was not declared in this scope
[1.134s]    50 | bool clamp_XY([01;31m[KXY_pair[m[K& P, float L = 0.0f);
[1.134s]       |               [01;31m[K^~~~~~~[m[K
[1.134s] [01m[K/home/qianlab/single_turtle_workspace/dependencies/traveler_controller/include/controller/inverse_kinematics.h:50:24:[m[K [01;31m[Kerror: [m[K‘[01m[KP[m[K’ was not declared in this scope
[1.135s]    50 | bool clamp_XY(XY_pair& [01;31m[KP[m[K, float L = 0.0f);
[1.135s]       |                        [01;31m[K^[m[K
[1.135s] [01m[K/home/qianlab/single_turtle_workspace/dependencies/traveler_controller/include/controller/inverse_kinematics.h:50:27:[m[K [01;31m[Kerror: [m[Kexpected primary-expression before ‘[01m[Kfloat[m[K’
[1.135s]    50 | bool clamp_XY(XY_pair& P, [01;31m[Kfloat[m[K L = 0.0f);
[1.135s]       |                           [01;31m[K^~~~~[m[K
[1.135s] In file included from [01m[K/home/qianlab/single_turtle_workspace/dependencies/traveler_controller/src/proxy/upperproxy.cpp:29[m[K:
[1.135s] [01m[K/home/qianlab/single_turtle_workspace/dependencies/traveler_controller/include/controller/inverse_kinematics.h:28:47:[m[K [01;31m[Kerror: [m[K‘[01m[KXY_pair[m[K’ has not been declared
[1.135s]    28 | void abstractToPhysical(float L, float Theta, [01;31m[KXY_pair[m[K& point);
[1.135s]       |                                               [01;31m[K^~~~~~~[m[K
[1.135s] [01m[K/home/qianlab/single_turtle_workspace/dependencies/traveler_controller/include/controller/inverse_kinematics.h:35:52:[m[K [01;31m[Kerror: [m[K‘[01m[KXY_pair[m[K’ has not been declared
[1.135s]    35 | void linearTraj(float t, float t_start, float vel, [01;31m[KXY_pair[m[K A, XY_pair B, float& X, float& Y);
[1.135s]       |                                                    [01;31m[K^~~~~~~[m[K
[1.135s] [01m[K/home/qianlab/single_turtle_workspace/dependencies/traveler_controller/include/controller/inverse_kinematics.h:35:63:[m[K [01;31m[Kerror: [m[K‘[01m[KXY_pair[m[K’ has not been declared
[1.136s]    35 | void linearTraj(float t, float t_start, float vel, XY_pair A, [01;31m[KXY_pair[m[K B, float& X, float& Y);
[1.136s]       |                                                               [01;31m[K^~~~~~~[m[K
[1.136s] [01m[K/home/qianlab/single_turtle_workspace/dependencies/traveler_controller/include/controller/inverse_kinematics.h:38:41:[m[K [01;31m[Kerror: [m[K‘[01m[KXY_pair[m[K’ has not been declared
[1.136s]    38 | bool linearTraj(float t_rel, float vel, [01;31m[KXY_pair[m[K A, XY_pair B, float& X, float& Y);
[1.136s]       |                                         [01;31m[K^~~~~~~[m[K
[1.136s] [01m[K/home/qianlab/single_turtle_workspace/dependencies/traveler_controller/include/controller/inverse_kinematics.h:38:52:[m[K [01;31m[Kerror: [m[K‘[01m[KXY_pair[m[K’ has not been declared
[1.136s]    38 | bool linearTraj(float t_rel, float vel, XY_pair A, [01;31m[KXY_pair[m[K B, float& X, float& Y);
[1.136s]       |                                                    [01;31m[K^~~~~~~[m[K
[1.136s] [01m[K/home/qianlab/single_turtle_workspace/dependencies/traveler_controller/include/controller/inverse_kinematics.h:41:41:[m[K [01;31m[Kerror: [m[K‘[01m[KXY_pair[m[K’ has not been declared
[1.136s]    41 | bool linearTraj(float t_rel, float vel, [01;31m[KXY_pair[m[K A, XY_pair B,
[1.136s]       |                                         [01;31m[K^~~~~~~[m[K
[1.136s] [01m[K/home/qianlab/single_turtle_workspace/dependencies/traveler_controller/include/controller/inverse_kinematics.h:41:52:[m[K [01;31m[Kerror: [m[K‘[01m[KXY_pair[m[K’ has not been declared
[1.136s]    41 | bool linearTraj(float t_rel, float vel, XY_pair A, [01;31m[KXY_pair[m[K B,
[1.136s]       |                                                    [01;31m[K^~~~~~~[m[K
[1.137s] [01m[K/home/qianlab/single_turtle_workspace/dependencies/traveler_controller/include/controller/inverse_kinematics.h:42:17:[m[K [01;31m[Kerror: [m[K‘[01m[KXY_pair[m[K’ has not been declared
[1.137s]    42 |                 [01;31m[KXY_pair[m[K ToeXY, float& X, float& Y, float threshold = 0.01f);
[1.137s]       |                 [01;31m[K^~~~~~~[m[K
[1.137s] [01m[K/home/qianlab/single_turtle_workspace/dependencies/traveler_controller/include/controller/inverse_kinematics.h:50:15:[m[K [01;31m[Kerror: [m[K‘[01m[Kbool turtle_namespace::control::clamp_XY[m[K’ redeclared as different kind of entity
[1.137s]    50 | bool clamp_XY([01;31m[KXY_pair[m[K& P, float L = 0.0f);
[1.137s]       |               [01;31m[K^~~~~~~[m[K
[1.137s] [01m[K/home/qianlab/single_turtle_workspace/dependencies/traveler_controller/include/controller/inverse_kinematics.h:49:6:[m[K [01;36m[Knote: [m[Kprevious declaration ‘[01m[Kbool turtle_namespace::control::clamp_XY(float&, float&, float)[m[K’
[1.137s]    49 | bool [01;36m[Kclamp_XY[m[K(float& x, float& y, float L = 0.0f);
[1.137s]       |      [01;36m[K^~~~~~~~[m[K
[1.137s] [01m[K/home/qianlab/single_turtle_workspace/dependencies/traveler_controller/include/controller/inverse_kinematics.h:53:16:[m[K [01;31m[Kerror: [m[K‘[01m[KXY_pair[m[K’ was not declared in this scope
[1.137s]    53 | float distance([01;31m[KXY_pair[m[K A, XY_pair B);
[1.137s]       |                [01;31m[K^~~~~~~[m[K
[1.137s] [01m[K/home/qianlab/single_turtle_workspace/dependencies/traveler_controller/include/controller/inverse_kinematics.h:53:27:[m[K [01;31m[Kerror: [m[K‘[01m[KXY_pair[m[K’ was not declared in this scope
[1.137s]    53 | float distance(XY_pair A, [01;31m[KXY_pair[m[K B);
[1.137s]       |                           [01;31m[K^~~~~~~[m[K
[1.138s] [01m[K/home/qianlab/single_turtle_workspace/dependencies/traveler_controller/include/controller/inverse_kinematics.h:53:36:[m[K [01;31m[Kerror: [m[Kexpression list treated as compound expression in initializer [[01;31m[K-fpermissive[m[K]
[1.138s]    53 | float distance(XY_pair A, XY_pair B[01;31m[K)[m[K;
[1.138s]       |                                    [01;31m[K^[m[K
[1.138s] [01m[K/home/qianlab/single_turtle_workspace/dependencies/traveler_controller/include/controller/inverse_kinematics.h:50:15:[m[K [01;31m[Kerror: [m[K‘[01m[KXY_pair[m[K’ was not declared in this scope
[1.138s]    50 | bool clamp_XY([01;31m[KXY_pair[m[K& P, float L = 0.0f);
[1.138s]       |               [01;31m[K^~~~~~~[m[K
[1.138s] [01m[K/home/qianlab/single_turtle_workspace/dependencies/traveler_controller/include/controller/inverse_kinematics.h:50:24:[m[K [01;31m[Kerror: [m[K‘[01m[KP[m[K’ was not declared in this scope
[1.138s]    50 | bool clamp_XY(XY_pair& [01;31m[KP[m[K, float L = 0.0f);
[1.138s]       |                        [01;31m[K^[m[K
[1.138s] [01m[K/home/qianlab/single_turtle_workspace/dependencies/traveler_controller/include/controller/inverse_kinematics.h:50:27:[m[K [01;31m[Kerror: [m[Kexpected primary-expression before ‘[01m[Kfloat[m[K’
[1.138s]    50 | bool clamp_XY(XY_pair& P, [01;31m[Kfloat[m[K L = 0.0f);
[1.138s]       |                           [01;31m[K^~~~~[m[K
[1.138s] [01m[K/home/qianlab/single_turtle_workspace/dependencies/traveler_controller/include/controller/inverse_kinematics.h:53:16:[m[K [01;31m[Kerror: [m[K‘[01m[KXY_pair[m[K’ was not declared in this scope
[1.138s]    53 | float distance([01;31m[KXY_pair[m[K A, XY_pair B);
[1.138s]       |                [01;31m[K^~~~~~~[m[K
[1.139s] [01m[K/home/qianlab/single_turtle_workspace/dependencies/traveler_controller/include/controller/inverse_kinematics.h:53:27:[m[K [01;31m[Kerror: [m[K‘[01m[KXY_pair[m[K’ was not declared in this scope
[1.139s]    53 | float distance(XY_pair A, [01;31m[KXY_pair[m[K B);
[1.139s]       |                           [01;31m[K^~~~~~~[m[K
[1.139s] [01m[K/home/qianlab/single_turtle_workspace/dependencies/traveler_controller/include/controller/inverse_kinematics.h:53:36:[m[K [01;31m[Kerror: [m[Kexpression list treated as compound expression in initializer [[01;31m[K-fpermissive[m[K]
[1.139s]    53 | float distance(XY_pair A, XY_pair B[01;31m[K)[m[K;
[1.139s]       |                                    [01;31m[K^[m[K
[1.141s] [01m[K/home/qianlab/single_turtle_workspace/dependencies/traveler_controller/src/proxy/upperproxy.cpp:[m[K In member function ‘[01m[Kvoid turtle_namespace::control::upperproxy::handle_gui(std_msgs::msg::Float64MultiArray_<std::allocator<void> >::SharedPtr)[m[K’:
[1.141s] [01m[K/home/qianlab/single_turtle_workspace/dependencies/traveler_controller/src/proxy/upperproxy.cpp:38:29:[m[K [01;31m[Kerror: [m[K‘[01m[Kstruct TrajectoryData[m[K’ has no member named ‘[01m[Kwiggle_time[m[K’
[1.141s]    38 |     turtle_inter_.traj_data.[01;31m[Kwiggle_time[m[K        = msg->data[4];
[1.141s]       |                             [01;31m[K^~~~~~~~~~~[m[K
[1.141s] [01m[K/home/qianlab/single_turtle_workspace/dependencies/traveler_controller/src/proxy/upperproxy.cpp:41:29:[m[K [01;31m[Kerror: [m[K‘[01m[Kstruct TrajectoryData[m[K’ has no member named ‘[01m[Kwiggle_frequency[m[K’
[1.141s]    41 |     turtle_inter_.traj_data.[01;31m[Kwiggle_frequency[m[K   = msg->data[7];
[1.141s]       |                             [01;31m[K^~~~~~~~~~~~~~~~[m[K
[1.141s] [01m[K/home/qianlab/single_turtle_workspace/dependencies/traveler_controller/src/proxy/upperproxy.cpp:43:29:[m[K [01;31m[Kerror: [m[K‘[01m[Kstruct TrajectoryData[m[K’ has no member named ‘[01m[Kwiggle_amptitude[m[K’
[1.141s]    43 |     turtle_inter_.traj_data.[01;31m[Kwiggle_amptitude[m[K   = msg->data[9];
[1.141s]       |                             [01;31m[K^~~~~~~~~~~~~~~~[m[K
[1.175s] [01m[K/home/qianlab/single_turtle_workspace/dependencies/traveler_controller/src/proxy/lowerproxy.cpp:[m[K In member function ‘[01m[Kvoid turtle_namespace::control::lowerproxy::calculate_position(turtle&)[m[K’:
[1.176s] [01m[K/home/qianlab/single_turtle_workspace/dependencies/traveler_controller/src/proxy/lowerproxy.cpp:35:45:[m[K [01;35m[Kwarning: [m[Kunused parameter ‘[01m[Kturtle_[m[K’ [[01;35m[K-Wunused-parameter[m[K]
[1.176s]    35 | void lowerproxy::calculate_position([01;35m[Kturtle &turtle_[m[K) {
[1.176s]       |                                     [01;35m[K~~~~~~~~^~~~~~~[m[K
[1.470s] In file included from [01m[K/home/qianlab/single_turtle_workspace/dependencies/traveler_controller/include/main.h:13[m[K,
[1.470s]                  from [01m[K/home/qianlab/single_turtle_workspace/dependencies/traveler_controller/src/main.cpp:8[m[K:
[1.470s] [01m[K/home/qianlab/single_turtle_workspace/dependencies/traveler_controller/include/proxy/lowerproxy.h:97:17:[m[K [01;31m[Kerror: [m[K‘[01m[KTrajectoryPoint[m[K’ was not declared in this scope; did you mean ‘[01m[KTrajectoryData[m[K’?
[1.470s]    97 |     std::vector<[01;31m[KTrajectoryPoint[m[K> precomputed_;
[1.470s]       |                 [01;31m[K^~~~~~~~~~~~~~~[m[K
[1.470s]       |                 [32m[KTrajectoryData[m[K
[1.470s] [01m[K/home/qianlab/single_turtle_workspace/dependencies/traveler_controller/include/proxy/lowerproxy.h:97:32:[m[K [01;31m[Kerror: [m[Ktemplate argument 1 is invalid
[1.470s]    97 |     std::vector<TrajectoryPoint[01;31m[K>[m[K precomputed_;
[1.470s]       |                                [01;31m[K^[m[K
[1.470s] [01m[K/home/qianlab/single_turtle_workspace/dependencies/traveler_controller/include/proxy/lowerproxy.h:97:32:[m[K [01;31m[Kerror: [m[Ktemplate argument 2 is invalid
[1.500s] In file included from [01m[K/home/qianlab/single_turtle_workspace/dependencies/traveler_controller/include/controller/trajectories_parser.h:10[m[K,
[1.500s]                  from [01m[K/home/qianlab/single_turtle_workspace/dependencies/traveler_controller/src/main.cpp:10[m[K:
[1.501s] [01m[K/home/qianlab/single_turtle_workspace/dependencies/traveler_controller/include/controller/inverse_kinematics.h:28:47:[m[K [01;31m[Kerror: [m[K‘[01m[KXY_pair[m[K’ has not been declared
[1.501s]    28 | void abstractToPhysical(float L, float Theta, [01;31m[KXY_pair[m[K& point);
[1.501s]       |                                               [01;31m[K^~~~~~~[m[K
[1.501s] [01m[K/home/qianlab/single_turtle_workspace/dependencies/traveler_controller/include/controller/inverse_kinematics.h:35:52:[m[K [01;31m[Kerror: [m[K‘[01m[KXY_pair[m[K’ has not been declared
[1.501s]    35 | void linearTraj(float t, float t_start, float vel, [01;31m[KXY_pair[m[K A, XY_pair B, float& X, float& Y);
[1.501s]       |                                                    [01;31m[K^~~~~~~[m[K
[1.501s] [01m[K/home/qianlab/single_turtle_workspace/dependencies/traveler_controller/include/controller/inverse_kinematics.h:35:63:[m[K [01;31m[Kerror: [m[K‘[01m[KXY_pair[m[K’ has not been declared
[1.501s]    35 | void linearTraj(float t, float t_start, float vel, XY_pair A, [01;31m[KXY_pair[m[K B, float& X, float& Y);
[1.501s]       |                                                               [01;31m[K^~~~~~~[m[K
[1.501s] [01m[K/home/qianlab/single_turtle_workspace/dependencies/traveler_controller/include/controller/inverse_kinematics.h:38:41:[m[K [01;31m[Kerror: [m[K‘[01m[KXY_pair[m[K’ has not been declared
[1.501s]    38 | bool linearTraj(float t_rel, float vel, [01;31m[KXY_pair[m[K A, XY_pair B, float& X, float& Y);
[1.501s]       |                                         [01;31m[K^~~~~~~[m[K
[1.501s] [01m[K/home/qianlab/single_turtle_workspace/dependencies/traveler_controller/include/controller/inverse_kinematics.h:38:52:[m[K [01;31m[Kerror: [m[K‘[01m[KXY_pair[m[K’ has not been declared
[1.501s]    38 | bool linearTraj(float t_rel, float vel, XY_pair A, [01;31m[KXY_pair[m[K B, float& X, float& Y);
[1.501s]       |                                                    [01;31m[K^~~~~~~[m[K
[1.501s] [01m[K/home/qianlab/single_turtle_workspace/dependencies/traveler_controller/include/controller/inverse_kinematics.h:41:41:[m[K [01;31m[Kerror: [m[K‘[01m[KXY_pair[m[K’ has not been declared
[1.502s]    41 | bool linearTraj(float t_rel, float vel, [01;31m[KXY_pair[m[K A, XY_pair B,
[1.502s]       |                                         [01;31m[K^~~~~~~[m[K
[1.502s] [01m[K/home/qianlab/single_turtle_workspace/dependencies/traveler_controller/include/controller/inverse_kinematics.h:41:52:[m[K [01;31m[Kerror: [m[K‘[01m[KXY_pair[m[K’ has not been declared
[1.502s]    41 | bool linearTraj(float t_rel, float vel, XY_pair A, [01;31m[KXY_pair[m[K B,
[1.502s]       |                                                    [01;31m[K^~~~~~~[m[K
[1.502s] [01m[K/home/qianlab/single_turtle_workspace/dependencies/traveler_controller/include/controller/inverse_kinematics.h:42:17:[m[K [01;31m[Kerror: [m[K‘[01m[KXY_pair[m[K’ has not been declared
[1.502s]    42 |                 [01;31m[KXY_pair[m[K ToeXY, float& X, float& Y, float threshold = 0.01f);
[1.502s]       |                 [01;31m[K^~~~~~~[m[K
[1.502s] [01m[K/home/qianlab/single_turtle_workspace/dependencies/traveler_controller/include/controller/inverse_kinematics.h:50:15:[m[K [01;31m[Kerror: [m[K‘[01m[Kbool clamp_XY[m[K’ redeclared as different kind of entity
[1.502s]    50 | bool clamp_XY([01;31m[KXY_pair[m[K& P, float L = 0.0f);
[1.502s]       |               [01;31m[K^~~~~~~[m[K
[1.502s] [01m[K/home/qianlab/single_turtle_workspace/dependencies/traveler_controller/include/controller/inverse_kinematics.h:49:6:[m[K [01;36m[Knote: [m[Kprevious declaration ‘[01m[Kbool clamp_XY(float&, float&, float)[m[K’
[1.502s]    49 | bool [01;36m[Kclamp_XY[m[K(float& x, float& y, float L = 0.0f);
[1.502s]       |      [01;36m[K^~~~~~~~[m[K
[1.503s] [01m[K/home/qianlab/single_turtle_workspace/dependencies/traveler_controller/include/controller/inverse_kinematics.h:50:15:[m[K [01;31m[Kerror: [m[K‘[01m[KXY_pair[m[K’ was not declared in this scope
[1.503s]    50 | bool clamp_XY([01;31m[KXY_pair[m[K& P, float L = 0.0f);
[1.503s]       |               [01;31m[K^~~~~~~[m[K
[1.503s] [01m[K/home/qianlab/single_turtle_workspace/dependencies/traveler_controller/include/controller/inverse_kinematics.h:50:24:[m[K [01;31m[Kerror: [m[K‘[01m[KP[m[K’ was not declared in this scope
[1.503s]    50 | bool clamp_XY(XY_pair& [01;31m[KP[m[K, float L = 0.0f);
[1.503s]       |                        [01;31m[K^[m[K
[1.503s] [01m[K/home/qianlab/single_turtle_workspace/dependencies/traveler_controller/include/controller/inverse_kinematics.h:50:27:[m[K [01;31m[Kerror: [m[Kexpected primary-expression before ‘[01m[Kfloat[m[K’
[1.503s]    50 | bool clamp_XY(XY_pair& P, [01;31m[Kfloat[m[K L = 0.0f);
[1.503s]       |                           [01;31m[K^~~~~[m[K
[1.504s] [01m[K/home/qianlab/single_turtle_workspace/dependencies/traveler_controller/include/controller/inverse_kinematics.h:53:16:[m[K [01;31m[Kerror: [m[K‘[01m[KXY_pair[m[K’ was not declared in this scope
[1.504s]    53 | float distance([01;31m[KXY_pair[m[K A, XY_pair B);
[1.504s]       |                [01;31m[K^~~~~~~[m[K
[1.506s] [01m[K/home/qianlab/single_turtle_workspace/dependencies/traveler_controller/include/controller/inverse_kinematics.h:53:27:[m[K [01;31m[Kerror: [m[K‘[01m[KXY_pair[m[K’ was not declared in this scope
[1.506s]    53 | float distance(XY_pair A, [01;31m[KXY_pair[m[K B);
[1.506s]       |                           [01;31m[K^~~~~~~[m[K
[1.506s] [01m[K/home/qianlab/single_turtle_workspace/dependencies/traveler_controller/include/controller/inverse_kinematics.h:53:36:[m[K [01;31m[Kerror: [m[Kexpression list treated as compound expression in initializer [[01;31m[K-fpermissive[m[K]
[1.506s]    53 | float distance(XY_pair A, XY_pair B[01;31m[K)[m[K;
[1.506s]       |                                    [01;31m[K^[m[K
[1.508s] In file included from [01m[K/home/qianlab/single_turtle_workspace/dependencies/traveler_controller/src/main.cpp:10[m[K:
[1.508s] [01m[K/home/qianlab/single_turtle_workspace/dependencies/traveler_controller/include/controller/trajectories_parser.h:86:17:[m[K [01;31m[Kerror: [m[K‘[01m[KWaypoint[m[K’ was not declared in this scope
[1.508s]    86 |     std::vector<[01;31m[KWaypoint[m[K> waypoints_;
[1.508s]       |                 [01;31m[K^~~~~~~~[m[K
[1.508s] [01m[K/home/qianlab/single_turtle_workspace/dependencies/traveler_controller/include/controller/trajectories_parser.h:86:25:[m[K [01;31m[Kerror: [m[Ktemplate argument 1 is invalid
[1.508s]    86 |     std::vector<Waypoint[01;31m[K>[m[K waypoints_;
[1.508s]       |                         [01;31m[K^[m[K
[1.509s] [01m[K/home/qianlab/single_turtle_workspace/dependencies/traveler_controller/include/controller/trajectories_parser.h:86:25:[m[K [01;31m[Kerror: [m[Ktemplate argument 2 is invalid
[1.510s] [01m[K/home/qianlab/single_turtle_workspace/dependencies/traveler_controller/include/controller/trajectories_parser.h:87:5:[m[K [01;31m[Kerror: [m[K‘[01m[KWaypoint[m[K’ does not name a type
[1.510s]    87 |     [01;31m[KWaypoint[m[K curr_waypoint_{};
[1.510s]       |     [01;31m[K^~~~~~~~[m[K
[1.511s] [01m[K/home/qianlab/single_turtle_workspace/dependencies/traveler_controller/include/controller/trajectories_parser.h:87:30:[m[K [01;35m[Kwarning: [m[Kextra ‘[01m[K;[m[K’ [[01;35m[K-Wpedantic[m[K]
[1.511s]    87 |     Waypoint curr_waypoint_{}[01;35m[K;[m[K
[1.511s]       |                              [01;35m[K^[m[K
[1.511s]       |                              [31m[K-[m[K
[1.512s] [01m[K/home/qianlab/single_turtle_workspace/dependencies/traveler_controller/include/controller/trajectories_parser.h:88:5:[m[K [01;31m[Kerror: [m[K‘[01m[KWaypoint[m[K’ does not name a type
[1.512s]    88 |     [01;31m[KWaypoint[m[K prev_waypoint_{};
[1.512s]       |     [01;31m[K^~~~~~~~[m[K
[1.512s] [01m[K/home/qianlab/single_turtle_workspace/dependencies/traveler_controller/include/controller/trajectories_parser.h:88:30:[m[K [01;35m[Kwarning: [m[Kextra ‘[01m[K;[m[K’ [[01;35m[K-Wpedantic[m[K]
[1.512s]    88 |     Waypoint prev_waypoint_{}[01;35m[K;[m[K
[1.512s]       |                              [01;35m[K^[m[K
[1.512s]       |                              [31m[K-[m[K
[1.512s] [01m[K/home/qianlab/single_turtle_workspace/dependencies/traveler_controller/src/main.cpp:19:54:[m[K [01;31m[Kerror: [m[K‘[01m[Kturtle_namespace::control::TrajectoriesParser::TrajectoriesParser()[m[K’ is private within this context
[1.512s]    19 | static turtle_namespace::control::TrajectoriesParser [01;31m[Ktraj[m[K;
[1.512s]       |                                                      [01;31m[K^~~~[m[K
[1.512s] In file included from [01m[K/home/qianlab/single_turtle_workspace/dependencies/traveler_controller/src/main.cpp:10[m[K:
[1.513s] [01m[K/home/qianlab/single_turtle_workspace/dependencies/traveler_controller/include/controller/trajectories_parser.h:94:5:[m[K [01;36m[Knote: [m[Kdeclared private here
[1.513s]    94 |     [01;36m[KTrajectoriesParser[m[K() = default;
[1.513s]       |     [01;36m[K^~~~~~~~~~~~~~~~~~[m[K
[1.793s] make[2]: *** [CMakeFiles/turtle_high_controller.dir/build.make:102: CMakeFiles/turtle_high_controller.dir/src/proxy/lowerproxy.cpp.o] Error 1
[1.928s] In file included from [01m[K/usr/include/x86_64-linux-gnu/c++/9/bits/c++allocator.h:33[m[K,
[1.928s]                  from [01m[K/usr/include/c++/9/bits/allocator.h:46[m[K,
[1.928s]                  from [01m[K/usr/include/c++/9/string:41[m[K,
[1.928s]                  from [01m[K/usr/include/c++/9/stdexcept:39[m[K,
[1.928s]                  from [01m[K/usr/include/c++/9/array:39[m[K,
[1.928s]                  from [01m[K/usr/include/c++/9/tuple:39[m[K,
[1.928s]                  from [01m[K/usr/include/c++/9/functional:54[m[K,
[1.928s]                  from [01m[K/home/qianlab/single_turtle_workspace/dependencies/traveler_controller/include/proxy/lowerproxy.h:12[m[K,
[1.928s]                  from [01m[K/home/qianlab/single_turtle_workspace/dependencies/traveler_controller/include/main.h:13[m[K,
[1.928s]                  from [01m[K/home/qianlab/single_turtle_workspace/dependencies/traveler_controller/src/main.cpp:8[m[K:
[1.928s] /usr/include/c++/9/ext/new_allocator.h: In instantiation of ‘[01m[Kvoid __gnu_cxx::new_allocator<_Tp>::construct(_Up*, _Args&& ...) [with _Up = turtle_namespace::control::upperproxy; _Args = {}; _Tp = turtle_namespace::control::upperproxy][m[K’:
[1.929s] [01m[K/usr/include/c++/9/bits/alloc_traits.h:483:4:[m[K   required from ‘[01m[Kstatic void std::allocator_traits<std::allocator<_CharT> >::construct(std::allocator_traits<std::allocator<_CharT> >::allocator_type&, _Up*, _Args&& ...) [with _Up = turtle_namespace::control::upperproxy; _Args = {}; _Tp = turtle_namespace::control::upperproxy; std::allocator_traits<std::allocator<_CharT> >::allocator_type = std::allocator<turtle_namespace::control::upperproxy>][m[K’
[1.929s] [01m[K/usr/include/c++/9/bits/shared_ptr_base.h:548:39:[m[K   required from ‘[01m[Kstd::_Sp_counted_ptr_inplace<_Tp, _Alloc, _Lp>::_Sp_counted_ptr_inplace(_Alloc, _Args&& ...) [with _Args = {}; _Tp = turtle_namespace::control::upperproxy; _Alloc = std::allocator<turtle_namespace::control::upperproxy>; __gnu_cxx::_Lock_policy _Lp = __gnu_cxx::_S_atomic][m[K’
[1.929s] [01m[K/usr/include/c++/9/bits/shared_ptr_base.h:679:16:[m[K   required from ‘[01m[Kstd::__shared_count<_Lp>::__shared_count(_Tp*&, std::_Sp_alloc_shared_tag<_Alloc>, _Args&& ...) [with _Tp = turtle_namespace::control::upperproxy; _Alloc = std::allocator<turtle_namespace::control::upperproxy>; _Args = {}; __gnu_cxx::_Lock_policy _Lp = __gnu_cxx::_S_atomic][m[K’
[1.929s] [01m[K/usr/include/c++/9/bits/shared_ptr_base.h:1344:71:[m[K   required from ‘[01m[Kstd::__shared_ptr<_Tp, _Lp>::__shared_ptr(std::_Sp_alloc_shared_tag<_Tp>, _Args&& ...) [with _Alloc = std::allocator<turtle_namespace::control::upperproxy>; _Args = {}; _Tp = turtle_namespace::control::upperproxy; __gnu_cxx::_Lock_policy _Lp = __gnu_cxx::_S_atomic][m[K’
[1.929s] [01m[K/usr/include/c++/9/bits/shared_ptr.h:359:59:[m[K   required from ‘[01m[Kstd::shared_ptr<_Tp>::shared_ptr(std::_Sp_alloc_shared_tag<_Tp>, _Args&& ...) [with _Alloc = std::allocator<turtle_namespace::control::upperproxy>; _Args = {}; _Tp = turtle_namespace::control::upperproxy][m[K’
[1.929s] [01m[K/usr/include/c++/9/bits/shared_ptr.h:701:14:[m[K   required from ‘[01m[Kstd::shared_ptr<_Tp> std::allocate_shared(const _Alloc&, _Args&& ...) [with _Tp = turtle_namespace::control::upperproxy; _Alloc = std::allocator<turtle_namespace::control::upperproxy>; _Args = {}][m[K’
[1.929s] [01m[K/usr/include/c++/9/bits/shared_ptr.h:717:39:[m[K   required from ‘[01m[Kstd::shared_ptr<_Tp> std::make_shared(_Args&& ...) [with _Tp = turtle_namespace::control::upperproxy; _Args = {}][m[K’
[1.929s] [01m[K/home/qianlab/single_turtle_workspace/dependencies/traveler_controller/src/main.cpp:26:74:[m[K   required from here
[1.929s] [01m[K/usr/include/c++/9/ext/new_allocator.h:146:4:[m[K [01;31m[Kerror: [m[Kno matching function for call to ‘[01m[Kturtle_namespace::control::upperproxy::upperproxy()[m[K’
[1.929s]   146 |  { [01;31m[K::new((void *)__p) _Up(std::forward<_Args>(__args)...)[m[K; }
[1.929s]       |    [01;31m[K^~~~~~~~~~~~~~~~~~~~~~~~~~~~~~~~~~~~~~~~~~~~~~~~~~~~~~[m[K
[1.929s] In file included from [01m[K/home/qianlab/single_turtle_workspace/dependencies/traveler_controller/include/main.h:14[m[K,
[1.929s]                  from [01m[K/home/qianlab/single_turtle_workspace/dependencies/traveler_controller/src/main.cpp:8[m[K:
[1.930s] [01m[K/home/qianlab/single_turtle_workspace/dependencies/traveler_controller/include/proxy/upperproxy.h:37:4:[m[K [01;36m[Knote: [m[Kcandidate: ‘[01m[Kturtle_namespace::control::upperproxy::upperproxy(std::string)[m[K’
[1.930s]    37 |    [01;36m[Kupperproxy[m[K(std::string name);
[1.930s]       |    [01;36m[K^~~~~~~~~~[m[K
[1.930s] [01m[K/home/qianlab/single_turtle_workspace/dependencies/traveler_controller/include/proxy/upperproxy.h:37:4:[m[K [01;36m[Knote: [m[K  candidate expects 1 argument, 0 provided
[1.983s] In file included from [01m[K/home/qianlab/single_turtle_workspace/dependencies/traveler_controller/src/main.cpp:8[m[K:
[1.983s] [01m[K/home/qianlab/single_turtle_workspace/dependencies/traveler_controller/include/main.h:46:14:[m[K [01;35m[Kwarning: [m[K‘[01m[Ktimer[m[K’ defined but not used [[01;35m[K-Wunused-variable[m[K]
[1.983s]    46 | static float [01;35m[Ktimer[m[K[10] = { 0 };
[1.983s]       |              [01;35m[K^~~~~[m[K
[1.983s] [01m[K/home/qianlab/single_turtle_workspace/dependencies/traveler_controller/include/main.h:44:12:[m[K [01;35m[Kwarning: [m[K‘[01m[Kinit_done[m[K’ defined but not used [[01;35m[K-Wunused-variable[m[K]
[1.983s]    44 | static int [01;35m[Kinit_done[m[K = 0;
[1.983s]       |            [01;35m[K^~~~~~~~~[m[K
[1.984s] [01m[K/home/qianlab/single_turtle_workspace/dependencies/traveler_controller/include/main.h:43:14:[m[K [01;35m[Kwarning: [m[K‘[01m[Kinit_cnt[m[K’ defined but not used [[01;35m[K-Wunused-variable[m[K]
[1.984s]    43 | static float [01;35m[Kinit_cnt[m[K = 0;
[1.984s]       |              [01;35m[K^~~~~~~~[m[K
[1.994s] make[2]: *** [CMakeFiles/turtle_high_controller.dir/build.make:63: CMakeFiles/turtle_high_controller.dir/src/main.cpp.o] Error 1
[2.231s] make[2]: *** [CMakeFiles/turtle_high_controller.dir/build.make:115: CMakeFiles/turtle_high_controller.dir/src/proxy/upperproxy.cpp.o] Error 1
[2.231s] make[1]: *** [CMakeFiles/Makefile2:107: CMakeFiles/turtle_high_controller.dir/all] Error 2
[2.231s] make: *** [Makefile:141: all] Error 2
[2.235s] Invoked command in '/home/qianlab/single_turtle_workspace/build/turtle_high_controller' returned '2': AMENT_PREFIX_PATH=/home/qianlab/single_turtle_workspace/install/traveler_msgs:${AMENT_PREFIX_PATH} CMAKE_PREFIX_PATH=/home/qianlab/single_turtle_workspace/install/traveler_msgs:/home/qianlab/lassie-traveler/dependencies/install/traveler_high_controller:/home/qianlab/lassie-traveler/dependencies/install/traveler_msgs:/opt/ros/foxy LD_LIBRARY_PATH=/home/qianlab/single_turtle_workspace/install/traveler_msgs/lib:${LD_LIBRARY_PATH} PYTHONPATH=/home/qianlab/single_turtle_workspace/install/traveler_msgs/lib/python3.8/site-packages:${PYTHONPATH} /usr/bin/cmake --build /home/qianlab/single_turtle_workspace/build/turtle_high_controller -- -j12 -l12
