[0.279s] DEBUG:colcon:Command line arguments: ['/usr/bin/colcon', 'build']
[0.279s] DEBUG:colcon:Parsed command line arguments: Namespace(allow_overriding=[], ament_cmake_args=None, base_paths=['.'], build_base='build', catkin_cmake_args=None, catkin_skip_building_tests=False, cmake_args=None, cmake_clean_cache=False, cmake_clean_first=False, cmake_force_configure=False, cmake_target=None, cmake_target_skip_unavailable=False, continue_on_error=False, event_handlers=None, executor='parallel', ignore_user_meta=False, install_base='install', log_base=None, log_level=None, main=<bound method BuildVerb.main of <colcon_core.verb.build.BuildVerb object at 0x7f098dc1e700>>, merge_install=False, metas=['./colcon.meta'], mixin=None, mixin_files=None, mixin_verb=('build',), packages_above=None, packages_above_and_dependencies=None, packages_above_depth=None, packages_end=None, packages_ignore=None, packages_ignore_regex=None, packages_select=None, packages_select_build_failed=False, packages_select_by_dep=None, packages_select_regex=None, packages_select_test_failures=False, packages_skip=None, packages_skip_build_finished=False, packages_skip_by_dep=None, packages_skip_regex=None, packages_skip_test_passed=False, packages_skip_up_to=None, packages_start=None, packages_up_to=None, packages_up_to_regex=None, parallel_workers=12, paths=None, symlink_install=False, test_result_base=None, verb_extension=<colcon_core.verb.build.BuildVerb object at 0x7f098dc1e700>, verb_name='build', verb_parser=<colcon_mixin.mixin.mixin_argument.MixinArgumentDecorator object at 0x7f098dc1ebe0>)
[0.386s] Level 1:colcon.colcon_core.package_discovery:discover_packages(colcon_meta) check parameters
[0.386s] Level 1:colcon.colcon_core.package_discovery:discover_packages(recursive) check parameters
[0.386s] Level 1:colcon.colcon_core.package_discovery:discover_packages(ignore) check parameters
[0.386s] Level 1:colcon.colcon_core.package_discovery:discover_packages(path) check parameters
[0.386s] Level 1:colcon.colcon_core.package_discovery:discover_packages(colcon_meta) discover
[0.386s] Level 1:colcon.colcon_core.package_discovery:discover_packages(recursive) discover
[0.386s] INFO:colcon.colcon_core.package_discovery:Crawling recursively for packages in '/home/qianlab/single_turtle_workspace'
[0.386s] Level 1:colcon.colcon_core.package_identification:_identify(.) by extensions ['ignore', 'ignore_ament_install']
[0.386s] Level 1:colcon.colcon_core.package_identification:_identify(.) by extension 'ignore'
[0.386s] Level 1:colcon.colcon_core.package_identification:_identify(.) by extension 'ignore_ament_install'
[0.387s] Level 1:colcon.colcon_core.package_identification:_identify(.) by extensions ['colcon_pkg']
[0.387s] Level 1:colcon.colcon_core.package_identification:_identify(.) by extension 'colcon_pkg'
[0.387s] Level 1:colcon.colcon_core.package_identification:_identify(.) by extensions ['colcon_meta']
[0.387s] Level 1:colcon.colcon_core.package_identification:_identify(.) by extension 'colcon_meta'
[0.387s] Level 1:colcon.colcon_core.package_identification:_identify(.) by extensions ['ros']
[0.387s] Level 1:colcon.colcon_core.package_identification:_identify(.) by extension 'ros'
[0.395s] Level 1:colcon.colcon_core.package_identification:_identify(.) by extensions ['cmake', 'python']
[0.395s] Level 1:colcon.colcon_core.package_identification:_identify(.) by extension 'cmake'
[0.395s] Level 1:colcon.colcon_core.package_identification:_identify(.) by extension 'python'
[0.396s] Level 1:colcon.colcon_core.package_identification:_identify(.) by extensions ['python_setup_py']
[0.396s] Level 1:colcon.colcon_core.package_identification:_identify(.) by extension 'python_setup_py'
[0.396s] Level 1:colcon.colcon_core.package_identification:_identify(build) by extensions ['ignore', 'ignore_ament_install']
[0.396s] Level 1:colcon.colcon_core.package_identification:_identify(build) by extension 'ignore'
[0.396s] Level 1:colcon.colcon_core.package_identification:_identify(build) ignored
[0.396s] Level 1:colcon.colcon_core.package_identification:_identify(dataanalysis) by extensions ['ignore', 'ignore_ament_install']
[0.396s] Level 1:colcon.colcon_core.package_identification:_identify(dataanalysis) by extension 'ignore'
[0.396s] Level 1:colcon.colcon_core.package_identification:_identify(dataanalysis) by extension 'ignore_ament_install'
[0.396s] Level 1:colcon.colcon_core.package_identification:_identify(dataanalysis) by extensions ['colcon_pkg']
[0.396s] Level 1:colcon.colcon_core.package_identification:_identify(dataanalysis) by extension 'colcon_pkg'
[0.396s] Level 1:colcon.colcon_core.package_identification:_identify(dataanalysis) by extensions ['colcon_meta']
[0.396s] Level 1:colcon.colcon_core.package_identification:_identify(dataanalysis) by extension 'colcon_meta'
[0.396s] Level 1:colcon.colcon_core.package_identification:_identify(dataanalysis) by extensions ['ros']
[0.396s] Level 1:colcon.colcon_core.package_identification:_identify(dataanalysis) by extension 'ros'
[0.396s] Level 1:colcon.colcon_core.package_identification:_identify(dataanalysis) by extensions ['cmake', 'python']
[0.396s] Level 1:colcon.colcon_core.package_identification:_identify(dataanalysis) by extension 'cmake'
[0.396s] Level 1:colcon.colcon_core.package_identification:_identify(dataanalysis) by extension 'python'
[0.396s] Level 1:colcon.colcon_core.package_identification:_identify(dataanalysis) by extensions ['python_setup_py']
[0.396s] Level 1:colcon.colcon_core.package_identification:_identify(dataanalysis) by extension 'python_setup_py'
[0.396s] Level 1:colcon.colcon_core.package_identification:_identify(dependencies) by extensions ['ignore', 'ignore_ament_install']
[0.396s] Level 1:colcon.colcon_core.package_identification:_identify(dependencies) by extension 'ignore'
[0.396s] Level 1:colcon.colcon_core.package_identification:_identify(dependencies) by extension 'ignore_ament_install'
[0.396s] Level 1:colcon.colcon_core.package_identification:_identify(dependencies) by extensions ['colcon_pkg']
[0.396s] Level 1:colcon.colcon_core.package_identification:_identify(dependencies) by extension 'colcon_pkg'
[0.396s] Level 1:colcon.colcon_core.package_identification:_identify(dependencies) by extensions ['colcon_meta']
[0.396s] Level 1:colcon.colcon_core.package_identification:_identify(dependencies) by extension 'colcon_meta'
[0.396s] Level 1:colcon.colcon_core.package_identification:_identify(dependencies) by extensions ['ros']
[0.396s] Level 1:colcon.colcon_core.package_identification:_identify(dependencies) by extension 'ros'
[0.396s] Level 1:colcon.colcon_core.package_identification:_identify(dependencies) by extensions ['cmake', 'python']
[0.396s] Level 1:colcon.colcon_core.package_identification:_identify(dependencies) by extension 'cmake'
[0.396s] Level 1:colcon.colcon_core.package_identification:_identify(dependencies) by extension 'python'
[0.396s] Level 1:colcon.colcon_core.package_identification:_identify(dependencies) by extensions ['python_setup_py']
[0.396s] Level 1:colcon.colcon_core.package_identification:_identify(dependencies) by extension 'python_setup_py'
[0.396s] Level 1:colcon.colcon_core.package_identification:_identify(dependencies/traveler_controller) by extensions ['ignore', 'ignore_ament_install']
[0.397s] Level 1:colcon.colcon_core.package_identification:_identify(dependencies/traveler_controller) by extension 'ignore'
[0.397s] Level 1:colcon.colcon_core.package_identification:_identify(dependencies/traveler_controller) by extension 'ignore_ament_install'
[0.397s] Level 1:colcon.colcon_core.package_identification:_identify(dependencies/traveler_controller) by extensions ['colcon_pkg']
[0.397s] Level 1:colcon.colcon_core.package_identification:_identify(dependencies/traveler_controller) by extension 'colcon_pkg'
[0.397s] Level 1:colcon.colcon_core.package_identification:_identify(dependencies/traveler_controller) by extensions ['colcon_meta']
[0.397s] Level 1:colcon.colcon_core.package_identification:_identify(dependencies/traveler_controller) by extension 'colcon_meta'
[0.397s] Level 1:colcon.colcon_core.package_identification:_identify(dependencies/traveler_controller) by extensions ['ros']
[0.397s] Level 1:colcon.colcon_core.package_identification:_identify(dependencies/traveler_controller) by extension 'ros'
[0.399s] DEBUG:colcon.colcon_core.package_identification:Package 'dependencies/traveler_controller' with type 'ros.ament_cmake' and name 'turtle_high_controller'
[0.399s] Level 1:colcon.colcon_core.package_identification:_identify(dependencies/traveler_msgs) by extensions ['ignore', 'ignore_ament_install']
[0.399s] Level 1:colcon.colcon_core.package_identification:_identify(dependencies/traveler_msgs) by extension 'ignore'
[0.399s] Level 1:colcon.colcon_core.package_identification:_identify(dependencies/traveler_msgs) by extension 'ignore_ament_install'
[0.399s] Level 1:colcon.colcon_core.package_identification:_identify(dependencies/traveler_msgs) by extensions ['colcon_pkg']
[0.399s] Level 1:colcon.colcon_core.package_identification:_identify(dependencies/traveler_msgs) by extension 'colcon_pkg'
[0.399s] Level 1:colcon.colcon_core.package_identification:_identify(dependencies/traveler_msgs) by extensions ['colcon_meta']
[0.399s] Level 1:colcon.colcon_core.package_identification:_identify(dependencies/traveler_msgs) by extension 'colcon_meta'
[0.399s] Level 1:colcon.colcon_core.package_identification:_identify(dependencies/traveler_msgs) by extensions ['ros']
[0.399s] Level 1:colcon.colcon_core.package_identification:_identify(dependencies/traveler_msgs) by extension 'ros'
[0.399s] DEBUG:colcon.colcon_core.package_identification:Package 'dependencies/traveler_msgs' with type 'ros.ament_cmake' and name 'traveler_msgs'
[0.399s] Level 1:colcon.colcon_core.package_identification:_identify(highlevel) by extensions ['ignore', 'ignore_ament_install']
[0.399s] Level 1:colcon.colcon_core.package_identification:_identify(highlevel) by extension 'ignore'
[0.399s] Level 1:colcon.colcon_core.package_identification:_identify(highlevel) by extension 'ignore_ament_install'
[0.400s] Level 1:colcon.colcon_core.package_identification:_identify(highlevel) by extensions ['colcon_pkg']
[0.400s] Level 1:colcon.colcon_core.package_identification:_identify(highlevel) by extension 'colcon_pkg'
[0.400s] Level 1:colcon.colcon_core.package_identification:_identify(highlevel) by extensions ['colcon_meta']
[0.400s] Level 1:colcon.colcon_core.package_identification:_identify(highlevel) by extension 'colcon_meta'
[0.400s] Level 1:colcon.colcon_core.package_identification:_identify(highlevel) by extensions ['ros']
[0.400s] Level 1:colcon.colcon_core.package_identification:_identify(highlevel) by extension 'ros'
[0.400s] Level 1:colcon.colcon_core.package_identification:_identify(highlevel) by extensions ['cmake', 'python']
[0.400s] Level 1:colcon.colcon_core.package_identification:_identify(highlevel) by extension 'cmake'
[0.400s] Level 1:colcon.colcon_core.package_identification:_identify(highlevel) by extension 'python'
[0.400s] Level 1:colcon.colcon_core.package_identification:_identify(highlevel) by extensions ['python_setup_py']
[0.400s] Level 1:colcon.colcon_core.package_identification:_identify(highlevel) by extension 'python_setup_py'
[0.400s] Level 1:colcon.colcon_core.package_identification:_identify(highlevel/LASSIE_GUI) by extensions ['ignore', 'ignore_ament_install']
[0.400s] Level 1:colcon.colcon_core.package_identification:_identify(highlevel/LASSIE_GUI) by extension 'ignore'
[0.400s] Level 1:colcon.colcon_core.package_identification:_identify(highlevel/LASSIE_GUI) by extension 'ignore_ament_install'
[0.400s] Level 1:colcon.colcon_core.package_identification:_identify(highlevel/LASSIE_GUI) by extensions ['colcon_pkg']
[0.400s] Level 1:colcon.colcon_core.package_identification:_identify(highlevel/LASSIE_GUI) by extension 'colcon_pkg'
[0.400s] Level 1:colcon.colcon_core.package_identification:_identify(highlevel/LASSIE_GUI) by extensions ['colcon_meta']
[0.400s] Level 1:colcon.colcon_core.package_identification:_identify(highlevel/LASSIE_GUI) by extension 'colcon_meta'
[0.400s] Level 1:colcon.colcon_core.package_identification:_identify(highlevel/LASSIE_GUI) by extensions ['ros']
[0.400s] Level 1:colcon.colcon_core.package_identification:_identify(highlevel/LASSIE_GUI) by extension 'ros'
[0.400s] Level 1:colcon.colcon_core.package_identification:_identify(highlevel/LASSIE_GUI) by extensions ['cmake', 'python']
[0.400s] Level 1:colcon.colcon_core.package_identification:_identify(highlevel/LASSIE_GUI) by extension 'cmake'
[0.400s] Level 1:colcon.colcon_core.package_identification:_identify(highlevel/LASSIE_GUI) by extension 'python'
[0.400s] Level 1:colcon.colcon_core.package_identification:_identify(highlevel/LASSIE_GUI) by extensions ['python_setup_py']
[0.400s] Level 1:colcon.colcon_core.package_identification:_identify(highlevel/LASSIE_GUI) by extension 'python_setup_py'
[0.400s] Level 1:colcon.colcon_core.package_identification:_identify(highlevel/LASSIE_GUI/__pycache__) by extensions ['ignore', 'ignore_ament_install']
[0.400s] Level 1:colcon.colcon_core.package_identification:_identify(highlevel/LASSIE_GUI/__pycache__) by extension 'ignore'
[0.400s] Level 1:colcon.colcon_core.package_identification:_identify(highlevel/LASSIE_GUI/__pycache__) by extension 'ignore_ament_install'
[0.400s] Level 1:colcon.colcon_core.package_identification:_identify(highlevel/LASSIE_GUI/__pycache__) by extensions ['colcon_pkg']
[0.400s] Level 1:colcon.colcon_core.package_identification:_identify(highlevel/LASSIE_GUI/__pycache__) by extension 'colcon_pkg'
[0.400s] Level 1:colcon.colcon_core.package_identification:_identify(highlevel/LASSIE_GUI/__pycache__) by extensions ['colcon_meta']
[0.400s] Level 1:colcon.colcon_core.package_identification:_identify(highlevel/LASSIE_GUI/__pycache__) by extension 'colcon_meta'
[0.400s] Level 1:colcon.colcon_core.package_identification:_identify(highlevel/LASSIE_GUI/__pycache__) by extensions ['ros']
[0.400s] Level 1:colcon.colcon_core.package_identification:_identify(highlevel/LASSIE_GUI/__pycache__) by extension 'ros'
[0.400s] Level 1:colcon.colcon_core.package_identification:_identify(highlevel/LASSIE_GUI/__pycache__) by extensions ['cmake', 'python']
[0.400s] Level 1:colcon.colcon_core.package_identification:_identify(highlevel/LASSIE_GUI/__pycache__) by extension 'cmake'
[0.400s] Level 1:colcon.colcon_core.package_identification:_identify(highlevel/LASSIE_GUI/__pycache__) by extension 'python'
[0.400s] Level 1:colcon.colcon_core.package_identification:_identify(highlevel/LASSIE_GUI/__pycache__) by extensions ['python_setup_py']
[0.400s] Level 1:colcon.colcon_core.package_identification:_identify(highlevel/LASSIE_GUI/__pycache__) by extension 'python_setup_py'
[0.400s] Level 1:colcon.colcon_core.package_identification:_identify(highlevel/LASSIE_GUI/build) by extensions ['ignore', 'ignore_ament_install']
[0.401s] Level 1:colcon.colcon_core.package_identification:_identify(highlevel/LASSIE_GUI/build) by extension 'ignore'
[0.401s] Level 1:colcon.colcon_core.package_identification:_identify(highlevel/LASSIE_GUI/build) ignored
[0.401s] Level 1:colcon.colcon_core.package_identification:_identify(highlevel/LASSIE_GUI/config) by extensions ['ignore', 'ignore_ament_install']
[0.401s] Level 1:colcon.colcon_core.package_identification:_identify(highlevel/LASSIE_GUI/config) by extension 'ignore'
[0.401s] Level 1:colcon.colcon_core.package_identification:_identify(highlevel/LASSIE_GUI/config) by extension 'ignore_ament_install'
[0.401s] Level 1:colcon.colcon_core.package_identification:_identify(highlevel/LASSIE_GUI/config) by extensions ['colcon_pkg']
[0.401s] Level 1:colcon.colcon_core.package_identification:_identify(highlevel/LASSIE_GUI/config) by extension 'colcon_pkg'
[0.401s] Level 1:colcon.colcon_core.package_identification:_identify(highlevel/LASSIE_GUI/config) by extensions ['colcon_meta']
[0.401s] Level 1:colcon.colcon_core.package_identification:_identify(highlevel/LASSIE_GUI/config) by extension 'colcon_meta'
[0.401s] Level 1:colcon.colcon_core.package_identification:_identify(highlevel/LASSIE_GUI/config) by extensions ['ros']
[0.401s] Level 1:colcon.colcon_core.package_identification:_identify(highlevel/LASSIE_GUI/config) by extension 'ros'
[0.401s] Level 1:colcon.colcon_core.package_identification:_identify(highlevel/LASSIE_GUI/config) by extensions ['cmake', 'python']
[0.401s] Level 1:colcon.colcon_core.package_identification:_identify(highlevel/LASSIE_GUI/config) by extension 'cmake'
[0.401s] Level 1:colcon.colcon_core.package_identification:_identify(highlevel/LASSIE_GUI/config) by extension 'python'
[0.401s] Level 1:colcon.colcon_core.package_identification:_identify(highlevel/LASSIE_GUI/config) by extensions ['python_setup_py']
[0.401s] Level 1:colcon.colcon_core.package_identification:_identify(highlevel/LASSIE_GUI/config) by extension 'python_setup_py'
[0.401s] Level 1:colcon.colcon_core.package_identification:_identify(highlevel/LASSIE_GUI/experiment_data) by extensions ['ignore', 'ignore_ament_install']
[0.401s] Level 1:colcon.colcon_core.package_identification:_identify(highlevel/LASSIE_GUI/experiment_data) by extension 'ignore'
[0.401s] Level 1:colcon.colcon_core.package_identification:_identify(highlevel/LASSIE_GUI/experiment_data) by extension 'ignore_ament_install'
[0.401s] Level 1:colcon.colcon_core.package_identification:_identify(highlevel/LASSIE_GUI/experiment_data) by extensions ['colcon_pkg']
[0.401s] Level 1:colcon.colcon_core.package_identification:_identify(highlevel/LASSIE_GUI/experiment_data) by extension 'colcon_pkg'
[0.401s] Level 1:colcon.colcon_core.package_identification:_identify(highlevel/LASSIE_GUI/experiment_data) by extensions ['colcon_meta']
[0.401s] Level 1:colcon.colcon_core.package_identification:_identify(highlevel/LASSIE_GUI/experiment_data) by extension 'colcon_meta'
[0.401s] Level 1:colcon.colcon_core.package_identification:_identify(highlevel/LASSIE_GUI/experiment_data) by extensions ['ros']
[0.401s] Level 1:colcon.colcon_core.package_identification:_identify(highlevel/LASSIE_GUI/experiment_data) by extension 'ros'
[0.401s] Level 1:colcon.colcon_core.package_identification:_identify(highlevel/LASSIE_GUI/experiment_data) by extensions ['cmake', 'python']
[0.401s] Level 1:colcon.colcon_core.package_identification:_identify(highlevel/LASSIE_GUI/experiment_data) by extension 'cmake'
[0.401s] Level 1:colcon.colcon_core.package_identification:_identify(highlevel/LASSIE_GUI/experiment_data) by extension 'python'
[0.401s] Level 1:colcon.colcon_core.package_identification:_identify(highlevel/LASSIE_GUI/experiment_data) by extensions ['python_setup_py']
[0.401s] Level 1:colcon.colcon_core.package_identification:_identify(highlevel/LASSIE_GUI/experiment_data) by extension 'python_setup_py'
[0.401s] Level 1:colcon.colcon_core.package_identification:_identify(highlevel/LASSIE_GUI/experiment_data/turtle) by extensions ['ignore', 'ignore_ament_install']
[0.401s] Level 1:colcon.colcon_core.package_identification:_identify(highlevel/LASSIE_GUI/experiment_data/turtle) by extension 'ignore'
[0.401s] Level 1:colcon.colcon_core.package_identification:_identify(highlevel/LASSIE_GUI/experiment_data/turtle) by extension 'ignore_ament_install'
[0.401s] Level 1:colcon.colcon_core.package_identification:_identify(highlevel/LASSIE_GUI/experiment_data/turtle) by extensions ['colcon_pkg']
[0.401s] Level 1:colcon.colcon_core.package_identification:_identify(highlevel/LASSIE_GUI/experiment_data/turtle) by extension 'colcon_pkg'
[0.401s] Level 1:colcon.colcon_core.package_identification:_identify(highlevel/LASSIE_GUI/experiment_data/turtle) by extensions ['colcon_meta']
[0.401s] Level 1:colcon.colcon_core.package_identification:_identify(highlevel/LASSIE_GUI/experiment_data/turtle) by extension 'colcon_meta'
[0.402s] Level 1:colcon.colcon_core.package_identification:_identify(highlevel/LASSIE_GUI/experiment_data/turtle) by extensions ['ros']
[0.402s] Level 1:colcon.colcon_core.package_identification:_identify(highlevel/LASSIE_GUI/experiment_data/turtle) by extension 'ros'
[0.402s] Level 1:colcon.colcon_core.package_identification:_identify(highlevel/LASSIE_GUI/experiment_data/turtle) by extensions ['cmake', 'python']
[0.402s] Level 1:colcon.colcon_core.package_identification:_identify(highlevel/LASSIE_GUI/experiment_data/turtle) by extension 'cmake'
[0.402s] Level 1:colcon.colcon_core.package_identification:_identify(highlevel/LASSIE_GUI/experiment_data/turtle) by extension 'python'
[0.402s] Level 1:colcon.colcon_core.package_identification:_identify(highlevel/LASSIE_GUI/experiment_data/turtle) by extensions ['python_setup_py']
[0.402s] Level 1:colcon.colcon_core.package_identification:_identify(highlevel/LASSIE_GUI/experiment_data/turtle) by extension 'python_setup_py'
[0.402s] Level 1:colcon.colcon_core.package_identification:_identify(highlevel/LASSIE_GUI/install) by extensions ['ignore', 'ignore_ament_install']
[0.402s] Level 1:colcon.colcon_core.package_identification:_identify(highlevel/LASSIE_GUI/install) by extension 'ignore'
[0.402s] Level 1:colcon.colcon_core.package_identification:_identify(highlevel/LASSIE_GUI/install) ignored
[0.402s] Level 1:colcon.colcon_core.package_identification:_identify(highlevel/LASSIE_GUI/log) by extensions ['ignore', 'ignore_ament_install']
[0.402s] Level 1:colcon.colcon_core.package_identification:_identify(highlevel/LASSIE_GUI/log) by extension 'ignore'
[0.402s] Level 1:colcon.colcon_core.package_identification:_identify(highlevel/LASSIE_GUI/log) ignored
[0.402s] Level 1:colcon.colcon_core.package_identification:_identify(highlevel/config) by extensions ['ignore', 'ignore_ament_install']
[0.402s] Level 1:colcon.colcon_core.package_identification:_identify(highlevel/config) by extension 'ignore'
[0.402s] Level 1:colcon.colcon_core.package_identification:_identify(highlevel/config) by extension 'ignore_ament_install'
[0.402s] Level 1:colcon.colcon_core.package_identification:_identify(highlevel/config) by extensions ['colcon_pkg']
[0.402s] Level 1:colcon.colcon_core.package_identification:_identify(highlevel/config) by extension 'colcon_pkg'
[0.402s] Level 1:colcon.colcon_core.package_identification:_identify(highlevel/config) by extensions ['colcon_meta']
[0.402s] Level 1:colcon.colcon_core.package_identification:_identify(highlevel/config) by extension 'colcon_meta'
[0.402s] Level 1:colcon.colcon_core.package_identification:_identify(highlevel/config) by extensions ['ros']
[0.402s] Level 1:colcon.colcon_core.package_identification:_identify(highlevel/config) by extension 'ros'
[0.402s] Level 1:colcon.colcon_core.package_identification:_identify(highlevel/config) by extensions ['cmake', 'python']
[0.402s] Level 1:colcon.colcon_core.package_identification:_identify(highlevel/config) by extension 'cmake'
[0.402s] Level 1:colcon.colcon_core.package_identification:_identify(highlevel/config) by extension 'python'
[0.402s] Level 1:colcon.colcon_core.package_identification:_identify(highlevel/config) by extensions ['python_setup_py']
[0.402s] Level 1:colcon.colcon_core.package_identification:_identify(highlevel/config) by extension 'python_setup_py'
[0.402s] Level 1:colcon.colcon_core.package_identification:_identify(highlevel/experiment_data) by extensions ['ignore', 'ignore_ament_install']
[0.402s] Level 1:colcon.colcon_core.package_identification:_identify(highlevel/experiment_data) by extension 'ignore'
[0.402s] Level 1:colcon.colcon_core.package_identification:_identify(highlevel/experiment_data) by extension 'ignore_ament_install'
[0.402s] Level 1:colcon.colcon_core.package_identification:_identify(highlevel/experiment_data) by extensions ['colcon_pkg']
[0.402s] Level 1:colcon.colcon_core.package_identification:_identify(highlevel/experiment_data) by extension 'colcon_pkg'
[0.402s] Level 1:colcon.colcon_core.package_identification:_identify(highlevel/experiment_data) by extensions ['colcon_meta']
[0.402s] Level 1:colcon.colcon_core.package_identification:_identify(highlevel/experiment_data) by extension 'colcon_meta'
[0.402s] Level 1:colcon.colcon_core.package_identification:_identify(highlevel/experiment_data) by extensions ['ros']
[0.402s] Level 1:colcon.colcon_core.package_identification:_identify(highlevel/experiment_data) by extension 'ros'
[0.402s] Level 1:colcon.colcon_core.package_identification:_identify(highlevel/experiment_data) by extensions ['cmake', 'python']
[0.402s] Level 1:colcon.colcon_core.package_identification:_identify(highlevel/experiment_data) by extension 'cmake'
[0.402s] Level 1:colcon.colcon_core.package_identification:_identify(highlevel/experiment_data) by extension 'python'
[0.402s] Level 1:colcon.colcon_core.package_identification:_identify(highlevel/experiment_data) by extensions ['python_setup_py']
[0.402s] Level 1:colcon.colcon_core.package_identification:_identify(highlevel/experiment_data) by extension 'python_setup_py'
[0.403s] Level 1:colcon.colcon_core.package_identification:_identify(highlevel/experiment_data/turtle) by extensions ['ignore', 'ignore_ament_install']
[0.403s] Level 1:colcon.colcon_core.package_identification:_identify(highlevel/experiment_data/turtle) by extension 'ignore'
[0.403s] Level 1:colcon.colcon_core.package_identification:_identify(highlevel/experiment_data/turtle) by extension 'ignore_ament_install'
[0.403s] Level 1:colcon.colcon_core.package_identification:_identify(highlevel/experiment_data/turtle) by extensions ['colcon_pkg']
[0.403s] Level 1:colcon.colcon_core.package_identification:_identify(highlevel/experiment_data/turtle) by extension 'colcon_pkg'
[0.403s] Level 1:colcon.colcon_core.package_identification:_identify(highlevel/experiment_data/turtle) by extensions ['colcon_meta']
[0.403s] Level 1:colcon.colcon_core.package_identification:_identify(highlevel/experiment_data/turtle) by extension 'colcon_meta'
[0.403s] Level 1:colcon.colcon_core.package_identification:_identify(highlevel/experiment_data/turtle) by extensions ['ros']
[0.403s] Level 1:colcon.colcon_core.package_identification:_identify(highlevel/experiment_data/turtle) by extension 'ros'
[0.403s] Level 1:colcon.colcon_core.package_identification:_identify(highlevel/experiment_data/turtle) by extensions ['cmake', 'python']
[0.403s] Level 1:colcon.colcon_core.package_identification:_identify(highlevel/experiment_data/turtle) by extension 'cmake'
[0.403s] Level 1:colcon.colcon_core.package_identification:_identify(highlevel/experiment_data/turtle) by extension 'python'
[0.403s] Level 1:colcon.colcon_core.package_identification:_identify(highlevel/experiment_data/turtle) by extensions ['python_setup_py']
[0.403s] Level 1:colcon.colcon_core.package_identification:_identify(highlevel/experiment_data/turtle) by extension 'python_setup_py'
[0.403s] Level 1:colcon.colcon_core.package_identification:_identify(highlevel/resource) by extensions ['ignore', 'ignore_ament_install']
[0.403s] Level 1:colcon.colcon_core.package_identification:_identify(highlevel/resource) by extension 'ignore'
[0.403s] Level 1:colcon.colcon_core.package_identification:_identify(highlevel/resource) by extension 'ignore_ament_install'
[0.403s] Level 1:colcon.colcon_core.package_identification:_identify(highlevel/resource) by extensions ['colcon_pkg']
[0.403s] Level 1:colcon.colcon_core.package_identification:_identify(highlevel/resource) by extension 'colcon_pkg'
[0.403s] Level 1:colcon.colcon_core.package_identification:_identify(highlevel/resource) by extensions ['colcon_meta']
[0.403s] Level 1:colcon.colcon_core.package_identification:_identify(highlevel/resource) by extension 'colcon_meta'
[0.403s] Level 1:colcon.colcon_core.package_identification:_identify(highlevel/resource) by extensions ['ros']
[0.403s] Level 1:colcon.colcon_core.package_identification:_identify(highlevel/resource) by extension 'ros'
[0.403s] Level 1:colcon.colcon_core.package_identification:_identify(highlevel/resource) by extensions ['cmake', 'python']
[0.403s] Level 1:colcon.colcon_core.package_identification:_identify(highlevel/resource) by extension 'cmake'
[0.403s] Level 1:colcon.colcon_core.package_identification:_identify(highlevel/resource) by extension 'python'
[0.403s] Level 1:colcon.colcon_core.package_identification:_identify(highlevel/resource) by extensions ['python_setup_py']
[0.403s] Level 1:colcon.colcon_core.package_identification:_identify(highlevel/resource) by extension 'python_setup_py'
[0.403s] Level 1:colcon.colcon_core.package_identification:_identify(highlevel/traveler_optitrack) by extensions ['ignore', 'ignore_ament_install']
[0.403s] Level 1:colcon.colcon_core.package_identification:_identify(highlevel/traveler_optitrack) by extension 'ignore'
[0.403s] Level 1:colcon.colcon_core.package_identification:_identify(highlevel/traveler_optitrack) by extension 'ignore_ament_install'
[0.403s] Level 1:colcon.colcon_core.package_identification:_identify(highlevel/traveler_optitrack) by extensions ['colcon_pkg']
[0.403s] Level 1:colcon.colcon_core.package_identification:_identify(highlevel/traveler_optitrack) by extension 'colcon_pkg'
[0.403s] Level 1:colcon.colcon_core.package_identification:_identify(highlevel/traveler_optitrack) by extensions ['colcon_meta']
[0.403s] Level 1:colcon.colcon_core.package_identification:_identify(highlevel/traveler_optitrack) by extension 'colcon_meta'
[0.403s] Level 1:colcon.colcon_core.package_identification:_identify(highlevel/traveler_optitrack) by extensions ['ros']
[0.403s] Level 1:colcon.colcon_core.package_identification:_identify(highlevel/traveler_optitrack) by extension 'ros'
[0.404s] DEBUG:colcon.colcon_core.package_identification:Package 'highlevel/traveler_optitrack' with type 'ros.ament_python' and name 'traveler_optitrack'
[0.404s] Level 1:colcon.colcon_core.package_identification:_identify(install) by extensions ['ignore', 'ignore_ament_install']
[0.404s] Level 1:colcon.colcon_core.package_identification:_identify(install) by extension 'ignore'
[0.404s] Level 1:colcon.colcon_core.package_identification:_identify(install) ignored
[0.404s] Level 1:colcon.colcon_core.package_identification:_identify(log) by extensions ['ignore', 'ignore_ament_install']
[0.404s] Level 1:colcon.colcon_core.package_identification:_identify(log) by extension 'ignore'
[0.404s] Level 1:colcon.colcon_core.package_identification:_identify(log) ignored
[0.404s] Level 1:colcon.colcon_core.package_discovery:discover_packages(recursive) using defaults
[0.404s] Level 1:colcon.colcon_core.package_discovery:discover_packages(ignore) discover
[0.404s] Level 1:colcon.colcon_core.package_discovery:discover_packages(ignore) using defaults
[0.404s] Level 1:colcon.colcon_core.package_discovery:discover_packages(path) discover
[0.404s] Level 1:colcon.colcon_core.package_discovery:discover_packages(path) using defaults
[0.426s] Level 1:colcon.colcon_core.package_discovery:discover_packages(prefix_path) check parameters
[0.426s] Level 1:colcon.colcon_core.package_discovery:discover_packages(prefix_path) discover
[0.428s] DEBUG:colcon.colcon_installed_package_information.package_discovery:Found 3 installed packages in /home/qianlab/Turtle_workspace/lassie-turtle/install
[0.428s] DEBUG:colcon.colcon_installed_package_information.package_discovery:Found 3 installed packages in /home/qianlab/Turtle_workspace/install
[0.429s] DEBUG:colcon.colcon_installed_package_information.package_discovery:Found 295 installed packages in /opt/ros/foxy
[0.430s] Level 1:colcon.colcon_core.package_discovery:discover_packages(prefix_path) using defaults
[0.477s] Level 5:colcon.colcon_core.verb:set package 'traveler_msgs' build argument 'cmake_args' from command line to 'None'
[0.477s] Level 5:colcon.colcon_core.verb:set package 'traveler_msgs' build argument 'cmake_target' from command line to 'None'
[0.477s] Level 5:colcon.colcon_core.verb:set package 'traveler_msgs' build argument 'cmake_target_skip_unavailable' from command line to 'False'
[0.477s] Level 5:colcon.colcon_core.verb:set package 'traveler_msgs' build argument 'cmake_clean_cache' from command line to 'False'
[0.477s] Level 5:colcon.colcon_core.verb:set package 'traveler_msgs' build argument 'cmake_clean_first' from command line to 'False'
[0.477s] Level 5:colcon.colcon_core.verb:set package 'traveler_msgs' build argument 'cmake_force_configure' from command line to 'False'
[0.477s] Level 5:colcon.colcon_core.verb:set package 'traveler_msgs' build argument 'ament_cmake_args' from command line to 'None'
[0.477s] Level 5:colcon.colcon_core.verb:set package 'traveler_msgs' build argument 'catkin_cmake_args' from command line to 'None'
[0.477s] Level 5:colcon.colcon_core.verb:set package 'traveler_msgs' build argument 'catkin_skip_building_tests' from command line to 'False'
[0.477s] DEBUG:colcon.colcon_core.verb:Building package 'traveler_msgs' with the following arguments: {'ament_cmake_args': None, 'build_base': '/home/qianlab/single_turtle_workspace/build/traveler_msgs', 'catkin_cmake_args': None, 'catkin_skip_building_tests': False, 'cmake_args': None, 'cmake_clean_cache': False, 'cmake_clean_first': False, 'cmake_force_configure': False, 'cmake_target': None, 'cmake_target_skip_unavailable': False, 'install_base': '/home/qianlab/single_turtle_workspace/install/traveler_msgs', 'merge_install': False, 'path': '/home/qianlab/single_turtle_workspace/dependencies/traveler_msgs', 'symlink_install': False, 'test_result_base': None}
[0.477s] Level 5:colcon.colcon_core.verb:set package 'traveler_optitrack' build argument 'cmake_args' from command line to 'None'
[0.478s] Level 5:colcon.colcon_core.verb:set package 'traveler_optitrack' build argument 'cmake_target' from command line to 'None'
[0.478s] Level 5:colcon.colcon_core.verb:set package 'traveler_optitrack' build argument 'cmake_target_skip_unavailable' from command line to 'False'
[0.478s] Level 5:colcon.colcon_core.verb:set package 'traveler_optitrack' build argument 'cmake_clean_cache' from command line to 'False'
[0.478s] Level 5:colcon.colcon_core.verb:set package 'traveler_optitrack' build argument 'cmake_clean_first' from command line to 'False'
[0.478s] Level 5:colcon.colcon_core.verb:set package 'traveler_optitrack' build argument 'cmake_force_configure' from command line to 'False'
[0.478s] Level 5:colcon.colcon_core.verb:set package 'traveler_optitrack' build argument 'ament_cmake_args' from command line to 'None'
[0.478s] Level 5:colcon.colcon_core.verb:set package 'traveler_optitrack' build argument 'catkin_cmake_args' from command line to 'None'
[0.478s] Level 5:colcon.colcon_core.verb:set package 'traveler_optitrack' build argument 'catkin_skip_building_tests' from command line to 'False'
[0.478s] DEBUG:colcon.colcon_core.verb:Building package 'traveler_optitrack' with the following arguments: {'ament_cmake_args': None, 'build_base': '/home/qianlab/single_turtle_workspace/build/traveler_optitrack', 'catkin_cmake_args': None, 'catkin_skip_building_tests': False, 'cmake_args': None, 'cmake_clean_cache': False, 'cmake_clean_first': False, 'cmake_force_configure': False, 'cmake_target': None, 'cmake_target_skip_unavailable': False, 'install_base': '/home/qianlab/single_turtle_workspace/install/traveler_optitrack', 'merge_install': False, 'path': '/home/qianlab/single_turtle_workspace/highlevel/traveler_optitrack', 'symlink_install': False, 'test_result_base': None}
[0.478s] Level 5:colcon.colcon_core.verb:set package 'turtle_high_controller' build argument 'cmake_args' from command line to 'None'
[0.478s] Level 5:colcon.colcon_core.verb:set package 'turtle_high_controller' build argument 'cmake_target' from command line to 'None'
[0.478s] Level 5:colcon.colcon_core.verb:set package 'turtle_high_controller' build argument 'cmake_target_skip_unavailable' from command line to 'False'
[0.478s] Level 5:colcon.colcon_core.verb:set package 'turtle_high_controller' build argument 'cmake_clean_cache' from command line to 'False'
[0.478s] Level 5:colcon.colcon_core.verb:set package 'turtle_high_controller' build argument 'cmake_clean_first' from command line to 'False'
[0.478s] Level 5:colcon.colcon_core.verb:set package 'turtle_high_controller' build argument 'cmake_force_configure' from command line to 'False'
[0.478s] Level 5:colcon.colcon_core.verb:set package 'turtle_high_controller' build argument 'ament_cmake_args' from command line to 'None'
[0.478s] Level 5:colcon.colcon_core.verb:set package 'turtle_high_controller' build argument 'catkin_cmake_args' from command line to 'None'
[0.478s] Level 5:colcon.colcon_core.verb:set package 'turtle_high_controller' build argument 'catkin_skip_building_tests' from command line to 'False'
[0.478s] DEBUG:colcon.colcon_core.verb:Building package 'turtle_high_controller' with the following arguments: {'ament_cmake_args': None, 'build_base': '/home/qianlab/single_turtle_workspace/build/turtle_high_controller', 'catkin_cmake_args': None, 'catkin_skip_building_tests': False, 'cmake_args': None, 'cmake_clean_cache': False, 'cmake_clean_first': False, 'cmake_force_configure': False, 'cmake_target': None, 'cmake_target_skip_unavailable': False, 'install_base': '/home/qianlab/single_turtle_workspace/install/turtle_high_controller', 'merge_install': False, 'path': '/home/qianlab/single_turtle_workspace/dependencies/traveler_controller', 'symlink_install': False, 'test_result_base': None}
[0.478s] INFO:colcon.colcon_core.executor:Executing jobs using 'parallel' executor
[0.479s] DEBUG:colcon.colcon_parallel_executor.executor.parallel:run_until_complete
[0.479s] INFO:colcon.colcon_ros.task.ament_cmake.build:Building ROS package in '/home/qianlab/single_turtle_workspace/dependencies/traveler_msgs' with build type 'ament_cmake'
[0.479s] INFO:colcon.colcon_cmake.task.cmake.build:Building CMake package in '/home/qianlab/single_turtle_workspace/dependencies/traveler_msgs'
[0.482s] INFO:colcon.colcon_core.plugin_system:Skipping extension 'colcon_core.shell.bat': Not used on non-Windows systems
[0.482s] INFO:colcon.colcon_core.shell:Skip shell extension 'powershell' for command environment: Not usable outside of PowerShell
[0.482s] DEBUG:colcon.colcon_core.shell:Skip shell extension 'dsv' for command environment
[0.485s] INFO:colcon.colcon_ros.task.ament_python.build:Building ROS package in '/home/qianlab/single_turtle_workspace/highlevel/traveler_optitrack' with build type 'ament_python'
[0.485s] Level 1:colcon.colcon_core.shell:create_environment_hook('traveler_optitrack', 'ament_prefix_path')
[0.486s] INFO:colcon.colcon_core.shell:Creating environment hook '/home/qianlab/single_turtle_workspace/install/traveler_optitrack/share/traveler_optitrack/hook/ament_prefix_path.ps1'
[0.486s] INFO:colcon.colcon_core.shell:Creating environment descriptor '/home/qianlab/single_turtle_workspace/install/traveler_optitrack/share/traveler_optitrack/hook/ament_prefix_path.dsv'
[0.487s] INFO:colcon.colcon_core.shell:Creating environment hook '/home/qianlab/single_turtle_workspace/install/traveler_optitrack/share/traveler_optitrack/hook/ament_prefix_path.sh'
[0.487s] INFO:colcon.colcon_core.shell:Skip shell extension 'powershell' for command environment: Not usable outside of PowerShell
[0.487s] DEBUG:colcon.colcon_core.shell:Skip shell extension 'dsv' for command environment
[0.493s] DEBUG:colcon.colcon_core.event_handler.log_command:Invoking command in '/home/qianlab/single_turtle_workspace/build/traveler_msgs': CMAKE_PREFIX_PATH=${CMAKE_PREFIX_PATH}:/home/qianlab/Turtle_workspace/lassie-turtle/install/traveler_optitrack:/home/qianlab/Turtle_workspace/install/traveler_optitrack:/opt/ros/foxy CONDA_PROMPT_MODIFIER=(base) /usr/bin/cmake --build /home/qianlab/single_turtle_workspace/build/traveler_msgs -- -j12 -l12
[0.660s] INFO:colcon.colcon_core.task.python.build:Building Python package in '/home/qianlab/single_turtle_workspace/highlevel/traveler_optitrack'
[0.661s] INFO:colcon.colcon_core.shell:Skip shell extension 'powershell' for command environment: Not usable outside of PowerShell
[0.661s] DEBUG:colcon.colcon_core.shell:Skip shell extension 'dsv' for command environment
[0.696s] DEBUG:colcon.colcon_core.event_handler.log_command:Invoked command in '/home/qianlab/single_turtle_workspace/build/traveler_msgs' returned '0': CMAKE_PREFIX_PATH=${CMAKE_PREFIX_PATH}:/home/qianlab/Turtle_workspace/lassie-turtle/install/traveler_optitrack:/home/qianlab/Turtle_workspace/install/traveler_optitrack:/opt/ros/foxy CONDA_PROMPT_MODIFIER=(base) /usr/bin/cmake --build /home/qianlab/single_turtle_workspace/build/traveler_msgs -- -j12 -l12
[0.768s] DEBUG:colcon.colcon_core.event_handler.log_command:Invoking command in '/home/qianlab/single_turtle_workspace/build/traveler_msgs': CMAKE_PREFIX_PATH=${CMAKE_PREFIX_PATH}:/home/qianlab/Turtle_workspace/lassie-turtle/install/traveler_optitrack:/home/qianlab/Turtle_workspace/install/traveler_optitrack:/opt/ros/foxy CONDA_PROMPT_MODIFIER=(base) /usr/bin/cmake --install /home/qianlab/single_turtle_workspace/build/traveler_msgs
[0.810s] Level 1:colcon.colcon_core.environment:create_environment_scripts_only(traveler_msgs)
[0.810s] DEBUG:colcon.colcon_core.event_handler.log_command:Invoked command in '/home/qianlab/single_turtle_workspace/build/traveler_msgs' returned '0': CMAKE_PREFIX_PATH=${CMAKE_PREFIX_PATH}:/home/qianlab/Turtle_workspace/lassie-turtle/install/traveler_optitrack:/home/qianlab/Turtle_workspace/install/traveler_optitrack:/opt/ros/foxy CONDA_PROMPT_MODIFIER=(base) /usr/bin/cmake --install /home/qianlab/single_turtle_workspace/build/traveler_msgs
[0.814s] Level 1:colcon.colcon_core.environment:checking '/home/qianlab/single_turtle_workspace/install/traveler_msgs' for CMake module files
[0.815s] Level 1:colcon.colcon_core.environment:checking '/home/qianlab/single_turtle_workspace/install/traveler_msgs' for CMake config files
[0.815s] Level 1:colcon.colcon_core.shell:create_environment_hook('traveler_msgs', 'cmake_prefix_path')
[0.816s] INFO:colcon.colcon_core.shell:Creating environment hook '/home/qianlab/single_turtle_workspace/install/traveler_msgs/share/traveler_msgs/hook/cmake_prefix_path.ps1'
[0.816s] INFO:colcon.colcon_core.shell:Creating environment descriptor '/home/qianlab/single_turtle_workspace/install/traveler_msgs/share/traveler_msgs/hook/cmake_prefix_path.dsv'
[0.817s] INFO:colcon.colcon_core.shell:Creating environment hook '/home/qianlab/single_turtle_workspace/install/traveler_msgs/share/traveler_msgs/hook/cmake_prefix_path.sh'
[0.817s] Level 1:colcon.colcon_core.environment:checking '/home/qianlab/single_turtle_workspace/install/traveler_msgs/lib'
[0.817s] Level 1:colcon.colcon_core.shell:create_environment_hook('traveler_msgs', 'ld_library_path_lib')
[0.818s] INFO:colcon.colcon_core.shell:Creating environment hook '/home/qianlab/single_turtle_workspace/install/traveler_msgs/share/traveler_msgs/hook/ld_library_path_lib.ps1'
[0.818s] INFO:colcon.colcon_core.shell:Creating environment descriptor '/home/qianlab/single_turtle_workspace/install/traveler_msgs/share/traveler_msgs/hook/ld_library_path_lib.dsv'
[0.818s] INFO:colcon.colcon_core.shell:Creating environment hook '/home/qianlab/single_turtle_workspace/install/traveler_msgs/share/traveler_msgs/hook/ld_library_path_lib.sh'
[0.819s] Level 1:colcon.colcon_core.environment:checking '/home/qianlab/single_turtle_workspace/install/traveler_msgs/bin'
[0.819s] Level 1:colcon.colcon_core.environment:checking '/home/qianlab/single_turtle_workspace/install/traveler_msgs/lib/pkgconfig/traveler_msgs.pc'
[0.819s] Level 1:colcon.colcon_core.environment:checking '/home/qianlab/single_turtle_workspace/install/traveler_msgs/lib/python3.8/site-packages'
[0.819s] Level 1:colcon.colcon_core.shell:create_environment_hook('traveler_msgs', 'pythonpath')
[0.819s] INFO:colcon.colcon_core.shell:Creating environment hook '/home/qianlab/single_turtle_workspace/install/traveler_msgs/share/traveler_msgs/hook/pythonpath.ps1'
[0.820s] INFO:colcon.colcon_core.shell:Creating environment descriptor '/home/qianlab/single_turtle_workspace/install/traveler_msgs/share/traveler_msgs/hook/pythonpath.dsv'
[0.820s] INFO:colcon.colcon_core.shell:Creating environment hook '/home/qianlab/single_turtle_workspace/install/traveler_msgs/share/traveler_msgs/hook/pythonpath.sh'
[0.820s] Level 1:colcon.colcon_core.environment:checking '/home/qianlab/single_turtle_workspace/install/traveler_msgs/bin'
[0.821s] INFO:colcon.colcon_core.shell:Creating package script '/home/qianlab/single_turtle_workspace/install/traveler_msgs/share/traveler_msgs/package.ps1'
[0.822s] INFO:colcon.colcon_core.shell:Creating package descriptor '/home/qianlab/single_turtle_workspace/install/traveler_msgs/share/traveler_msgs/package.dsv'
[0.822s] INFO:colcon.colcon_core.shell:Creating package script '/home/qianlab/single_turtle_workspace/install/traveler_msgs/share/traveler_msgs/package.sh'
[0.823s] INFO:colcon.colcon_core.shell:Creating package script '/home/qianlab/single_turtle_workspace/install/traveler_msgs/share/traveler_msgs/package.bash'
[0.824s] INFO:colcon.colcon_core.shell:Creating package script '/home/qianlab/single_turtle_workspace/install/traveler_msgs/share/traveler_msgs/package.zsh'
[0.825s] Level 1:colcon.colcon_core.environment:create_file_with_runtime_dependencies(/home/qianlab/single_turtle_workspace/install/traveler_msgs/share/colcon-core/packages/traveler_msgs)
[0.891s] Level 1:colcon.colcon_core.environment:create_environment_scripts_only(traveler_msgs)
[0.891s] Level 1:colcon.colcon_core.environment:checking '/home/qianlab/single_turtle_workspace/install/traveler_msgs' for CMake module files
[0.892s] Level 1:colcon.colcon_core.environment:checking '/home/qianlab/single_turtle_workspace/install/traveler_msgs' for CMake config files
[0.892s] Level 1:colcon.colcon_core.shell:create_environment_hook('traveler_msgs', 'cmake_prefix_path')
[0.892s] INFO:colcon.colcon_core.shell:Creating environment hook '/home/qianlab/single_turtle_workspace/install/traveler_msgs/share/traveler_msgs/hook/cmake_prefix_path.ps1'
[0.893s] INFO:colcon.colcon_core.shell:Creating environment descriptor '/home/qianlab/single_turtle_workspace/install/traveler_msgs/share/traveler_msgs/hook/cmake_prefix_path.dsv'
[0.893s] INFO:colcon.colcon_core.shell:Creating environment hook '/home/qianlab/single_turtle_workspace/install/traveler_msgs/share/traveler_msgs/hook/cmake_prefix_path.sh'
[0.894s] Level 1:colcon.colcon_core.environment:checking '/home/qianlab/single_turtle_workspace/install/traveler_msgs/lib'
[0.894s] Level 1:colcon.colcon_core.shell:create_environment_hook('traveler_msgs', 'ld_library_path_lib')
[0.894s] INFO:colcon.colcon_core.shell:Creating environment hook '/home/qianlab/single_turtle_workspace/install/traveler_msgs/share/traveler_msgs/hook/ld_library_path_lib.ps1'
[0.894s] INFO:colcon.colcon_core.shell:Creating environment descriptor '/home/qianlab/single_turtle_workspace/install/traveler_msgs/share/traveler_msgs/hook/ld_library_path_lib.dsv'
[0.895s] INFO:colcon.colcon_core.shell:Creating environment hook '/home/qianlab/single_turtle_workspace/install/traveler_msgs/share/traveler_msgs/hook/ld_library_path_lib.sh'
[0.895s] Level 1:colcon.colcon_core.environment:checking '/home/qianlab/single_turtle_workspace/install/traveler_msgs/bin'
[0.895s] Level 1:colcon.colcon_core.environment:checking '/home/qianlab/single_turtle_workspace/install/traveler_msgs/lib/pkgconfig/traveler_msgs.pc'
[0.895s] Level 1:colcon.colcon_core.environment:checking '/home/qianlab/single_turtle_workspace/install/traveler_msgs/lib/python3.8/site-packages'
[0.895s] Level 1:colcon.colcon_core.shell:create_environment_hook('traveler_msgs', 'pythonpath')
[0.896s] INFO:colcon.colcon_core.shell:Creating environment hook '/home/qianlab/single_turtle_workspace/install/traveler_msgs/share/traveler_msgs/hook/pythonpath.ps1'
[0.896s] INFO:colcon.colcon_core.shell:Creating environment descriptor '/home/qianlab/single_turtle_workspace/install/traveler_msgs/share/traveler_msgs/hook/pythonpath.dsv'
[0.896s] INFO:colcon.colcon_core.shell:Creating environment hook '/home/qianlab/single_turtle_workspace/install/traveler_msgs/share/traveler_msgs/hook/pythonpath.sh'
[0.897s] Level 1:colcon.colcon_core.environment:checking '/home/qianlab/single_turtle_workspace/install/traveler_msgs/bin'
[0.897s] INFO:colcon.colcon_core.shell:Creating package script '/home/qianlab/single_turtle_workspace/install/traveler_msgs/share/traveler_msgs/package.ps1'
[0.898s] INFO:colcon.colcon_core.shell:Creating package descriptor '/home/qianlab/single_turtle_workspace/install/traveler_msgs/share/traveler_msgs/package.dsv'
[0.898s] INFO:colcon.colcon_core.shell:Creating package script '/home/qianlab/single_turtle_workspace/install/traveler_msgs/share/traveler_msgs/package.sh'
[0.899s] INFO:colcon.colcon_core.shell:Creating package script '/home/qianlab/single_turtle_workspace/install/traveler_msgs/share/traveler_msgs/package.bash'
[0.899s] INFO:colcon.colcon_core.shell:Creating package script '/home/qianlab/single_turtle_workspace/install/traveler_msgs/share/traveler_msgs/package.zsh'
[0.899s] Level 1:colcon.colcon_core.environment:create_file_with_runtime_dependencies(/home/qianlab/single_turtle_workspace/install/traveler_msgs/share/colcon-core/packages/traveler_msgs)
[0.900s] INFO:colcon.colcon_ros.task.ament_cmake.build:Building ROS package in '/home/qianlab/single_turtle_workspace/dependencies/traveler_controller' with build type 'ament_cmake'
[0.900s] INFO:colcon.colcon_cmake.task.cmake.build:Building CMake package in '/home/qianlab/single_turtle_workspace/dependencies/traveler_controller'
[0.901s] INFO:colcon.colcon_core.shell:Skip shell extension 'powershell' for command environment: Not usable outside of PowerShell
[0.901s] DEBUG:colcon.colcon_core.shell:Skip shell extension 'dsv' for command environment
[0.913s] DEBUG:colcon.colcon_core.event_handler.log_command:Invoking command in '/home/qianlab/single_turtle_workspace/build/turtle_high_controller': AMENT_PREFIX_PATH=/home/qianlab/single_turtle_workspace/install/traveler_msgs:${AMENT_PREFIX_PATH} CMAKE_PREFIX_PATH=/home/qianlab/single_turtle_workspace/install/traveler_msgs:/home/qianlab/Turtle_workspace/lassie-turtle/install/turtle_high_controller:/home/qianlab/Turtle_workspace/lassie-turtle/install/traveler_msgs:/home/qianlab/Turtle_workspace/install/turtle_high_controller:/home/qianlab/Turtle_workspace/install/traveler_msgs:/home/qianlab/Turtle_workspace/lassie-turtle/install/traveler_optitrack:/home/qianlab/Turtle_workspace/install/traveler_optitrack:/opt/ros/foxy CONDA_PROMPT_MODIFIER=(base) LD_LIBRARY_PATH=/home/qianlab/single_turtle_workspace/install/traveler_msgs/lib:${LD_LIBRARY_PATH} PYTHONPATH=/home/qianlab/single_turtle_workspace/install/traveler_msgs/lib/python3.8/site-packages:${PYTHONPATH} /usr/bin/cmake --build /home/qianlab/single_turtle_workspace/build/turtle_high_controller -- -j12 -l12
[1.009s] DEBUG:colcon.colcon_core.event_handler.log_command:Invoking command in '/home/qianlab/single_turtle_workspace/highlevel/traveler_optitrack': CONDA_PROMPT_MODIFIER=(base) PYTHONPATH=/home/qianlab/single_turtle_workspace/build/traveler_optitrack/prefix_override:/home/qianlab/single_turtle_workspace/install/traveler_optitrack/lib/python3.8/site-packages:${PYTHONPATH} /usr/bin/python3 -W ignore:setup.py install is deprecated setup.py egg_info --egg-base ../../build/traveler_optitrack build --build-base /home/qianlab/single_turtle_workspace/build/traveler_optitrack/build install --record /home/qianlab/single_turtle_workspace/build/traveler_optitrack/install.log --install-scripts $base/lib/traveler_optitrack --single-version-externally-managed install_data
[1.403s] Level 1:colcon.colcon_core.environment:checking '/home/qianlab/single_turtle_workspace/install/traveler_optitrack' for CMake module files
[1.403s] DEBUG:colcon.colcon_core.event_handler.log_command:Invoked command in '/home/qianlab/single_turtle_workspace/highlevel/traveler_optitrack' returned '0': CONDA_PROMPT_MODIFIER=(base) PYTHONPATH=/home/qianlab/single_turtle_workspace/build/traveler_optitrack/prefix_override:/home/qianlab/single_turtle_workspace/install/traveler_optitrack/lib/python3.8/site-packages:${PYTHONPATH} /usr/bin/python3 -W ignore:setup.py install is deprecated setup.py egg_info --egg-base ../../build/traveler_optitrack build --build-base /home/qianlab/single_turtle_workspace/build/traveler_optitrack/build install --record /home/qianlab/single_turtle_workspace/build/traveler_optitrack/install.log --install-scripts $base/lib/traveler_optitrack --single-version-externally-managed install_data
[1.404s] Level 1:colcon.colcon_core.environment:checking '/home/qianlab/single_turtle_workspace/install/traveler_optitrack' for CMake config files
[1.405s] Level 1:colcon.colcon_core.environment:checking '/home/qianlab/single_turtle_workspace/install/traveler_optitrack/lib'
[1.405s] Level 1:colcon.colcon_core.environment:checking '/home/qianlab/single_turtle_workspace/install/traveler_optitrack/bin'
[1.405s] Level 1:colcon.colcon_core.environment:checking '/home/qianlab/single_turtle_workspace/install/traveler_optitrack/lib/pkgconfig/traveler_optitrack.pc'
[1.405s] Level 1:colcon.colcon_core.environment:checking '/home/qianlab/single_turtle_workspace/install/traveler_optitrack/lib/python3.8/site-packages'
[1.405s] Level 1:colcon.colcon_core.shell:create_environment_hook('traveler_optitrack', 'pythonpath')
[1.406s] INFO:colcon.colcon_core.shell:Creating environment hook '/home/qianlab/single_turtle_workspace/install/traveler_optitrack/share/traveler_optitrack/hook/pythonpath.ps1'
[1.407s] INFO:colcon.colcon_core.shell:Creating environment descriptor '/home/qianlab/single_turtle_workspace/install/traveler_optitrack/share/traveler_optitrack/hook/pythonpath.dsv'
[1.408s] INFO:colcon.colcon_core.shell:Creating environment hook '/home/qianlab/single_turtle_workspace/install/traveler_optitrack/share/traveler_optitrack/hook/pythonpath.sh'
[1.408s] Level 1:colcon.colcon_core.environment:checking '/home/qianlab/single_turtle_workspace/install/traveler_optitrack/bin'
[1.409s] Level 1:colcon.colcon_core.environment:create_environment_scripts_only(traveler_optitrack)
[1.409s] INFO:colcon.colcon_core.shell:Creating package script '/home/qianlab/single_turtle_workspace/install/traveler_optitrack/share/traveler_optitrack/package.ps1'
[1.410s] INFO:colcon.colcon_core.shell:Creating package descriptor '/home/qianlab/single_turtle_workspace/install/traveler_optitrack/share/traveler_optitrack/package.dsv'
[1.410s] INFO:colcon.colcon_core.shell:Creating package script '/home/qianlab/single_turtle_workspace/install/traveler_optitrack/share/traveler_optitrack/package.sh'
[1.411s] INFO:colcon.colcon_core.shell:Creating package script '/home/qianlab/single_turtle_workspace/install/traveler_optitrack/share/traveler_optitrack/package.bash'
[1.411s] INFO:colcon.colcon_core.shell:Creating package script '/home/qianlab/single_turtle_workspace/install/traveler_optitrack/share/traveler_optitrack/package.zsh'
[1.412s] Level 1:colcon.colcon_core.environment:create_file_with_runtime_dependencies(/home/qianlab/single_turtle_workspace/install/traveler_optitrack/share/colcon-core/packages/traveler_optitrack)
[4.066s] DEBUG:colcon.colcon_core.event_handler.log_command:Invoked command in '/home/qianlab/single_turtle_workspace/build/turtle_high_controller' returned '2': AMENT_PREFIX_PATH=/home/qianlab/single_turtle_workspace/install/traveler_msgs:${AMENT_PREFIX_PATH} CMAKE_PREFIX_PATH=/home/qianlab/single_turtle_workspace/install/traveler_msgs:/home/qianlab/Turtle_workspace/lassie-turtle/install/turtle_high_controller:/home/qianlab/Turtle_workspace/lassie-turtle/install/traveler_msgs:/home/qianlab/Turtle_workspace/install/turtle_high_controller:/home/qianlab/Turtle_workspace/install/traveler_msgs:/home/qianlab/Turtle_workspace/lassie-turtle/install/traveler_optitrack:/home/qianlab/Turtle_workspace/install/traveler_optitrack:/opt/ros/foxy CONDA_PROMPT_MODIFIER=(base) LD_LIBRARY_PATH=/home/qianlab/single_turtle_workspace/install/traveler_msgs/lib:${LD_LIBRARY_PATH} PYTHONPATH=/home/qianlab/single_turtle_workspace/install/traveler_msgs/lib/python3.8/site-packages:${PYTHONPATH} /usr/bin/cmake --build /home/qianlab/single_turtle_workspace/build/turtle_high_controller -- -j12 -l12
[4.087s] Level 1:colcon.colcon_core.environment:create_environment_scripts_only(turtle_high_controller)
[4.087s] Level 1:colcon.colcon_core.environment:checking '/home/qianlab/single_turtle_workspace/install/turtle_high_controller' for CMake module files
[4.088s] Level 1:colcon.colcon_core.environment:checking '/home/qianlab/single_turtle_workspace/install/turtle_high_controller' for CMake config files
[4.088s] Level 1:colcon.colcon_core.shell:create_environment_hook('turtle_high_controller', 'cmake_prefix_path')
[4.088s] INFO:colcon.colcon_core.shell:Creating environment hook '/home/qianlab/single_turtle_workspace/install/turtle_high_controller/share/turtle_high_controller/hook/cmake_prefix_path.ps1'
[4.089s] INFO:colcon.colcon_core.shell:Creating environment descriptor '/home/qianlab/single_turtle_workspace/install/turtle_high_controller/share/turtle_high_controller/hook/cmake_prefix_path.dsv'
[4.089s] INFO:colcon.colcon_core.shell:Creating environment hook '/home/qianlab/single_turtle_workspace/install/turtle_high_controller/share/turtle_high_controller/hook/cmake_prefix_path.sh'
[4.089s] Level 1:colcon.colcon_core.environment:checking '/home/qianlab/single_turtle_workspace/install/turtle_high_controller/lib'
[4.089s] Level 1:colcon.colcon_core.environment:checking '/home/qianlab/single_turtle_workspace/install/turtle_high_controller/bin'
[4.089s] Level 1:colcon.colcon_core.environment:checking '/home/qianlab/single_turtle_workspace/install/turtle_high_controller/lib/pkgconfig/turtle_high_controller.pc'
[4.089s] Level 1:colcon.colcon_core.environment:checking '/home/qianlab/single_turtle_workspace/install/turtle_high_controller/lib/python3.8/site-packages'
[4.089s] Level 1:colcon.colcon_core.environment:checking '/home/qianlab/single_turtle_workspace/install/turtle_high_controller/bin'
[4.090s] INFO:colcon.colcon_core.shell:Creating package script '/home/qianlab/single_turtle_workspace/install/turtle_high_controller/share/turtle_high_controller/package.ps1'
[4.090s] INFO:colcon.colcon_core.shell:Creating package descriptor '/home/qianlab/single_turtle_workspace/install/turtle_high_controller/share/turtle_high_controller/package.dsv'
[4.090s] INFO:colcon.colcon_core.shell:Creating package script '/home/qianlab/single_turtle_workspace/install/turtle_high_controller/share/turtle_high_controller/package.sh'
[4.090s] INFO:colcon.colcon_core.shell:Creating package script '/home/qianlab/single_turtle_workspace/install/turtle_high_controller/share/turtle_high_controller/package.bash'
[4.090s] INFO:colcon.colcon_core.shell:Creating package script '/home/qianlab/single_turtle_workspace/install/turtle_high_controller/share/turtle_high_controller/package.zsh'
[4.091s] Level 1:colcon.colcon_core.environment:create_file_with_runtime_dependencies(/home/qianlab/single_turtle_workspace/install/turtle_high_controller/share/colcon-core/packages/turtle_high_controller)
[4.101s] DEBUG:colcon.colcon_parallel_executor.executor.parallel:closing loop
[4.101s] DEBUG:colcon.colcon_parallel_executor.executor.parallel:loop closed
[4.101s] DEBUG:colcon.colcon_parallel_executor.executor.parallel:run_until_complete finished with '2'
[4.102s] DEBUG:colcon.colcon_core.event_reactor:joining thread
[4.109s] INFO:colcon.colcon_core.plugin_system:Skipping extension 'colcon_notification.desktop_notification.terminal_notifier': Not used on non-Darwin systems
[4.109s] INFO:colcon.colcon_core.plugin_system:Skipping extension 'colcon_notification.desktop_notification.win32': Not used on non-Windows systems
[4.109s] INFO:colcon.colcon_notification.desktop_notification:Sending desktop notification using 'notify2'
[4.124s] DEBUG:colcon.colcon_core.event_reactor:joined thread
[4.125s] INFO:colcon.colcon_core.shell:Creating prefix script '/home/qianlab/single_turtle_workspace/install/local_setup.ps1'
[4.126s] INFO:colcon.colcon_core.shell:Creating prefix util module '/home/qianlab/single_turtle_workspace/install/_local_setup_util_ps1.py'
[4.127s] INFO:colcon.colcon_core.shell:Creating prefix chain script '/home/qianlab/single_turtle_workspace/install/setup.ps1'
[4.128s] INFO:colcon.colcon_core.shell:Creating prefix script '/home/qianlab/single_turtle_workspace/install/local_setup.sh'
[4.129s] INFO:colcon.colcon_core.shell:Creating prefix util module '/home/qianlab/single_turtle_workspace/install/_local_setup_util_sh.py'
[4.129s] INFO:colcon.colcon_core.shell:Creating prefix chain script '/home/qianlab/single_turtle_workspace/install/setup.sh'
[4.130s] INFO:colcon.colcon_core.shell:Creating prefix script '/home/qianlab/single_turtle_workspace/install/local_setup.bash'
[4.131s] INFO:colcon.colcon_core.shell:Creating prefix chain script '/home/qianlab/single_turtle_workspace/install/setup.bash'
[4.132s] INFO:colcon.colcon_core.shell:Creating prefix script '/home/qianlab/single_turtle_workspace/install/local_setup.zsh'
[4.133s] INFO:colcon.colcon_core.shell:Creating prefix chain script '/home/qianlab/single_turtle_workspace/install/setup.zsh'
