[0.009s] Invoking command in '/home/qianlab/single_turtle_workspace/build/turtle_high_controller': AMENT_PREFIX_PATH=/home/qianlab/single_turtle_workspace/install/traveler_msgs:${AMENT_PREFIX_PATH} CMAKE_PREFIX_PATH=/home/qianlab/single_turtle_workspace/install/traveler_msgs:/home/qianlab/lassie-traveler/dependencies/install/traveler_high_controller:/home/qianlab/lassie-traveler/dependencies/install/traveler_msgs:/opt/ros/foxy LD_LIBRARY_PATH=/home/qianlab/single_turtle_workspace/install/traveler_msgs/lib:${LD_LIBRARY_PATH} PYTHONPATH=/home/qianlab/single_turtle_workspace/install/traveler_msgs/lib/python3.8/site-packages:${PYTHONPATH} /usr/bin/cmake --build /home/qianlab/single_turtle_workspace/build/turtle_high_controller -- -j12 -l12
[0.045s] [35m[1mScanning dependencies of target turtle_high_controller[0m
[0.064s] [ 35%] Built target odrive_can_interface
[0.123s] [ 50%] [32mBuilding CXX object CMakeFiles/turtle_high_controller.dir/src/controller/trajectories_parser.cpp.o[0m
[0.123s] [ 50%] [32mBuilding CXX object CMakeFiles/turtle_high_controller.dir/src/proxy/upperproxy.cpp.o[0m
[0.478s] [01m[K/home/qianlab/single_turtle_workspace/dependencies/traveler_controller/src/controller/trajectories_parser.cpp:18:14:[m[K [01;31m[Kerror: [m[Kno declaration matches ‘[01m[Kvoid turtle_namespace::control::TrajectoriesParser::init()[m[K’
[0.478s]    18 |         void [01;31m[KTrajectoriesParser[m[K::init() {
[0.478s]       |              [01;31m[K^~~~~~~~~~~~~~~~~~[m[K
[0.478s] [01m[K/home/qianlab/single_turtle_workspace/dependencies/traveler_controller/src/controller/trajectories_parser.cpp:18:14:[m[K [01;36m[Knote: [m[Kno functions named ‘[01m[Kvoid turtle_namespace::control::TrajectoriesParser::init()[m[K’
[0.478s] In file included from [01m[K/home/qianlab/single_turtle_workspace/dependencies/traveler_controller/src/controller/trajectories_parser.cpp:3[m[K:
[0.478s] [01m[K/home/qianlab/single_turtle_workspace/dependencies/traveler_controller/include/controller/trajectories_parser.h:13:7:[m[K [01;36m[Knote: [m[K‘[01m[Kclass turtle_namespace::control::TrajectoriesParser[m[K’ defined here
[0.478s]    13 | class [01;36m[KTrajectoriesParser[m[K
[0.478s]       |       [01;36m[K^~~~~~~~~~~~~~~~~~[m[K
[0.479s] [01m[K/home/qianlab/single_turtle_workspace/dependencies/traveler_controller/src/controller/trajectories_parser.cpp:[m[K In member function ‘[01m[Kbool turtle_namespace::control::TrajectoriesParser::waypointTrajectory(turtle&)[m[K’:
[0.479s] [01m[K/home/qianlab/single_turtle_workspace/dependencies/traveler_controller/src/controller/trajectories_parser.cpp:28:17:[m[K [01;31m[Kerror: [m[K‘[01m[Kwaypoint_state_[m[K’ was not declared in this scope; did you mean ‘[01m[Kwaypoints_[m[K’?
[0.479s]    28 |                 [01;31m[Kwaypoint_state_[m[K = 0;
[0.479s]       |                 [01;31m[K^~~~~~~~~~~~~~~[m[K
[0.479s]       |                 [32m[Kwaypoints_[m[K
[0.480s] [01m[K/home/qianlab/single_turtle_workspace/dependencies/traveler_controller/src/controller/trajectories_parser.cpp:29:17:[m[K [01;31m[Kerror: [m[K‘[01m[Kstate_flag_[m[K’ was not declared in this scope
[0.480s]    29 |                 [01;31m[Kstate_flag_[m[K = 0;
[0.480s]       |                 [01;31m[K^~~~~~~~~~~[m[K
[0.480s] [01m[K/home/qianlab/single_turtle_workspace/dependencies/traveler_controller/src/controller/trajectories_parser.cpp:32:43:[m[K [01;31m[Kerror: [m[K‘[01m[KGT_pair[m[K’ was not declared in this scope; did you mean ‘[01m[KXY_pair[m[K’?
[0.480s]    32 |                 prev_waypoint_ = Waypoint([01;31m[KGT_pair[m[K(0.0f, 0.0f), 0.0f, 0.0f);
[0.481s]       |                                           [01;31m[K^~~~~~~[m[K
[0.481s]       |                                           [32m[KXY_pair[m[K
[0.481s] [01m[K/home/qianlab/single_turtle_workspace/dependencies/traveler_controller/src/controller/trajectories_parser.cpp:38:78:[m[K [01;31m[Kerror: [m[K‘[01m[Kstruct XY_pair[m[K’ has no member named ‘[01m[Kg[m[K’
[0.481s]    38 |                 printf("Previous Waypoint :(%f, %f)\n", prev_waypoint_.point.[01;31m[Kg[m[K, prev_waypoint_.point.t);
[0.481s]       |                                                                              [01;31m[K^[m[K
[0.481s] [01m[K/home/qianlab/single_turtle_workspace/dependencies/traveler_controller/src/controller/trajectories_parser.cpp:38:102:[m[K [01;31m[Kerror: [m[K‘[01m[Kstruct XY_pair[m[K’ has no member named ‘[01m[Kt[m[K’
[0.481s]    38 |                 printf("Previous Waypoint :(%f, %f)\n", prev_waypoint_.point.g, prev_waypoint_.point.[01;31m[Kt[m[K);
[0.481s]       |                                                                                                      [01;31m[K^[m[K
[0.481s] [01m[K/home/qianlab/single_turtle_workspace/dependencies/traveler_controller/src/controller/trajectories_parser.cpp:39:97:[m[K [01;31m[Kerror: [m[K‘[01m[Kstruct XY_pair[m[K’ has no member named ‘[01m[Kg[m[K’
[0.481s]    39 |                 printf("Current Waypoint %d: (%f, %f)\n", waypoint_index_, curr_waypoint_.point.[01;31m[Kg[m[K, curr_waypoint_.point.t);
[0.481s]       |                                                                                                 [01;31m[K^[m[K
[0.481s] [01m[K/home/qianlab/single_turtle_workspace/dependencies/traveler_controller/src/controller/trajectories_parser.cpp:39:121:[m[K [01;31m[Kerror: [m[K‘[01m[Kstruct XY_pair[m[K’ has no member named ‘[01m[Kt[m[K’
[0.482s]    39 |                 printf("Current Waypoint %d: (%f, %f)\n", waypoint_index_, curr_waypoint_.point.g, curr_waypoint_.point.[01;31m[Kt[m[K);
[0.482s]       |                                                                                                                         [01;31m[K^[m[K
[0.482s] [01m[K/home/qianlab/single_turtle_workspace/dependencies/traveler_controller/src/controller/trajectories_parser.cpp:49:21:[m[K [01;31m[Kerror: [m[K‘[01m[Kstate_flag_[m[K’ was not declared in this scope
[0.482s]    49 |                     [01;31m[Kstate_flag_[m[K = waypoint_index_;
[0.482s]       |                     [01;31m[K^~~~~~~~~~~[m[K
[0.482s] [01m[K/home/qianlab/single_turtle_workspace/dependencies/traveler_controller/src/controller/trajectories_parser.cpp:53:101:[m[K [01;31m[Kerror: [m[K‘[01m[Kstruct XY_pair[m[K’ has no member named ‘[01m[Kg[m[K’
[0.482s]    53 |                     printf("Current Waypoint %d: (%f, %f)\n", waypoint_index_, curr_waypoint_.point.[01;31m[Kg[m[K, curr_waypoint_.point.t);
[0.482s]       |                                                                                                     [01;31m[K^[m[K
[0.482s] [01m[K/home/qianlab/single_turtle_workspace/dependencies/traveler_controller/src/controller/trajectories_parser.cpp:53:125:[m[K [01;31m[Kerror: [m[K‘[01m[Kstruct XY_pair[m[K’ has no member named ‘[01m[Kt[m[K’
[0.482s]    53 |                     printf("Current Waypoint %d: (%f, %f)\n", waypoint_index_, curr_waypoint_.point.g, curr_waypoint_.point.[01;31m[Kt[m[K);
[0.482s]       |                                                                                                                             [01;31m[K^[m[K
[0.483s] [01m[K/home/qianlab/single_turtle_workspace/dependencies/traveler_controller/src/controller/trajectories_parser.cpp:59:21:[m[K [01;31m[Kerror: [m[K‘[01m[Kstate_flag_[m[K’ was not declared in this scope
[0.483s]    59 |                     [01;31m[Kstate_flag_[m[K = waypoint_index_;
[0.483s]       |                     [01;31m[K^~~~~~~~~~~[m[K
[0.483s] [01m[K/home/qianlab/single_turtle_workspace/dependencies/traveler_controller/src/controller/trajectories_parser.cpp:61:41:[m[K [01;35m[Kwarning: [m[Kcomparison of integer expressions of different signedness: ‘[01m[Kint[m[K’ and ‘[01m[Kstd::vector<Waypoint>::size_type[m[K’ {aka ‘[01m[Klong unsigned int[m[K’} [[01;35m[K-Wsign-compare[m[K]
[0.484s]    61 |                     if ([01;35m[Kwaypoint_index_ < waypoints_.size()[m[K) {
[0.484s]       |                         [01;35m[K~~~~~~~~~~~~~~~~^~~~~~~~~~~~~~~~~~~[m[K
[0.484s] [01m[K/home/qianlab/single_turtle_workspace/dependencies/traveler_controller/src/controller/trajectories_parser.cpp:64:105:[m[K [01;31m[Kerror: [m[K‘[01m[Kstruct XY_pair[m[K’ has no member named ‘[01m[Kg[m[K’
[0.484s]    64 |                         printf("Current Waypoint %d: (%f, %f)\n", waypoint_index_, curr_waypoint_.point.[01;31m[Kg[m[K, curr_waypoint_.point.t);
[0.484s]       |                                                                                                         [01;31m[K^[m[K
[0.484s] [01m[K/home/qianlab/single_turtle_workspace/dependencies/traveler_controller/src/controller/trajectories_parser.cpp:64:129:[m[K [01;31m[Kerror: [m[K‘[01m[Kstruct XY_pair[m[K’ has no member named ‘[01m[Kt[m[K’
[0.484s]    64 |       printf("Current Waypoint %d: (%f, %f)\n", waypoint_index_, curr_waypoint_.point.g, curr_waypoint_.point.[01;31m[Kt[m[K);
[0.484s]       |                                                                                                               [01;31m[K^[m[K
[0.484s] 
[0.486s] [01m[K/home/qianlab/single_turtle_workspace/dependencies/traveler_controller/src/controller/trajectories_parser.cpp:[m[K In member function ‘[01m[Kbool turtle_namespace::control::TrajectoriesParser::processWaypoint(turtle&)[m[K’:
[0.486s] [01m[K/home/qianlab/single_turtle_workspace/dependencies/traveler_controller/src/controller/trajectories_parser.cpp:80:20:[m[K [01;31m[Kerror: [m[K‘[01m[Kwaypoint_state_[m[K’ was not declared in this scope; did you mean ‘[01m[Kwaypoints_[m[K’?
[0.486s]    80 |             switch([01;31m[Kwaypoint_state_[m[K) {
[0.486s]       |                    [01;31m[K^~~~~~~~~~~~~~~[m[K
[0.486s]       |                    [32m[Kwaypoints_[m[K
[0.486s] [01m[K/home/qianlab/single_turtle_workspace/dependencies/traveler_controller/src/controller/trajectories_parser.cpp:87:104:[m[K [01;31m[Kerror: [m[K‘[01m[Kgamma2[m[K’ was not declared in this scope; did you mean ‘[01m[Kgamma_[m[K’?
[0.487s]    87 |                     if (linearTraj(t_, curr_waypoint_.vel, prev_waypoint_.point, curr_waypoint_.point, [01;31m[Kgamma2[m[K, theta2))
[0.487s]       |                                                                                                        [01;31m[K^~~~~~[m[K
[0.487s]       |                                                                                                        [32m[Kgamma_[m[K
[0.487s] [01m[K/home/qianlab/single_turtle_workspace/dependencies/traveler_controller/src/controller/trajectories_parser.cpp:87:112:[m[K [01;31m[Kerror: [m[K‘[01m[Ktheta2[m[K’ was not declared in this scope; did you mean ‘[01m[Ktheta_[m[K’?
[0.487s]    87 |                     if (linearTraj(t_, curr_waypoint_.vel, prev_waypoint_.point, curr_waypoint_.point, gamma2, [01;31m[Ktheta2[m[K))
[0.487s]       |                                                                                                                [01;31m[K^~~~~~[m[K
[0.487s]       |                                                                                                                [32m[Ktheta_[m[K
[0.487s] [01m[K/home/qianlab/single_turtle_workspace/dependencies/traveler_controller/src/controller/trajectories_parser.cpp:95:102:[m[K [01;31m[Kerror: [m[K‘[01m[Kgamma2[m[K’ was not declared in this scope; did you mean ‘[01m[Kgamma_[m[K’?
[0.487s]    95 |                     turtle.turtle_control.right_adduction.set_input_position_radian.input_position = [01;31m[Kgamma2[m[K;
[0.487s]       |                                                                                                      [01;31m[K^~~~~~[m[K
[0.488s]       |                                                                                                      [32m[Kgamma_[m[K
[0.488s] [01m[K/home/qianlab/single_turtle_workspace/dependencies/traveler_controller/src/controller/trajectories_parser.cpp:96:101:[m[K [01;31m[Kerror: [m[K‘[01m[Ktheta2[m[K’ was not declared in this scope; did you mean ‘[01m[Ktheta_[m[K’?
[0.488s]    96 |                     turtle.turtle_control.right_sweeping.set_input_position_radian.input_position = [01;31m[Ktheta2[m[K;
[0.488s]       |                                                                                                     [01;31m[K^~~~~~[m[K
[0.488s]       |                                                                                                     [32m[Ktheta_[m[K
[0.488s] [01m[K/home/qianlab/single_turtle_workspace/dependencies/traveler_controller/src/controller/trajectories_parser.cpp:[m[K In member function ‘[01m[Kvoid turtle_namespace::control::TrajectoriesParser::generateWaypoints(turtle&)[m[K’:
[0.488s] [01m[K/home/qianlab/single_turtle_workspace/dependencies/traveler_controller/src/controller/trajectories_parser.cpp:118:44:[m[K [01;31m[Kerror: [m[K‘[01m[Kstruct TrajectoryData[m[K’ has no member named ‘[01m[Kwaypoints_g[m[K’; did you mean ‘[01m[Kwaypoints_x[m[K’?
[0.488s]   118 |                 float g = turtle.traj_data.[01;31m[Kwaypoints_g[m[K[i];
[0.488s]       |                                            [01;31m[K^~~~~~~~~~~[m[K
[0.488s]       |                                            [32m[Kwaypoints_x[m[K
[0.488s] [01m[K/home/qianlab/single_turtle_workspace/dependencies/traveler_controller/src/controller/trajectories_parser.cpp:119:44:[m[K [01;31m[Kerror: [m[K‘[01m[Kstruct TrajectoryData[m[K’ has no member named ‘[01m[Kwaypoints_t[m[K’; did you mean ‘[01m[Kwaypoints_x[m[K’?
[0.488s]   119 |                 float t = turtle.traj_data.[01;31m[Kwaypoints_t[m[K[i];
[0.489s]       |                                            [01;31m[K^~~~~~~~~~~[m[K
[0.489s]       |                                            [32m[Kwaypoints_x[m[K
[0.489s] [01m[K/home/qianlab/single_turtle_workspace/dependencies/traveler_controller/src/controller/trajectories_parser.cpp:127:31:[m[K [01;35m[Kwarning: [m[Kcomparison of integer expressions of different signedness: ‘[01m[Kint[m[K’ and ‘[01m[Kstd::vector<Waypoint>::size_type[m[K’ {aka ‘[01m[Klong unsigned int[m[K’} [[01;35m[K-Wsign-compare[m[K]
[0.489s]   127 |             for (int i = 0; [01;35m[Ki < waypoints_.size()[m[K; i++) {
[0.489s]       |                             [01;35m[K~~^~~~~~~~~~~~~~~~~~~[m[K
[0.489s] [01m[K/home/qianlab/single_turtle_workspace/dependencies/traveler_controller/src/controller/trajectories_parser.cpp:129:47:[m[K [01;31m[Kerror: [m[K‘[01m[Kstruct XY_pair[m[K’ has no member named ‘[01m[Kg[m[K’
[0.489s]   129 |                        i, waypoints_[i].point.[01;31m[Kg[m[K, waypoints_[i].point.t,
[0.489s]       |                                               [01;31m[K^[m[K
[0.489s] [01m[K/home/qianlab/single_turtle_workspace/dependencies/traveler_controller/src/controller/trajectories_parser.cpp:129:70:[m[K [01;31m[Kerror: [m[K‘[01m[Kstruct XY_pair[m[K’ has no member named ‘[01m[Kt[m[K’
[0.489s]   129 |                        i, waypoints_[i].point.g, waypoints_[i].point.[01;31m[Kt[m[K,
[0.489s]       |                                                                      [01;31m[K^[m[K
[0.489s] [01m[K/home/qianlab/single_turtle_workspace/dependencies/traveler_controller/src/controller/trajectories_parser.cpp:113:17:[m[K [01;35m[Kwarning: [m[Kunused variable ‘[01m[Ktrajectory[m[K’ [[01;35m[K-Wunused-variable[m[K]
[0.489s]   113 |             int [01;35m[Ktrajectory[m[K = turtle.turtle_gui.drag_traj;
[0.489s]       |                 [01;35m[K^~~~~~~~~~[m[K
[0.489s] [01m[K/home/qianlab/single_turtle_workspace/dependencies/traveler_controller/src/controller/trajectories_parser.cpp:[m[K In member function ‘[01m[Kvoid turtle_namespace::control::TrajectoriesParser::generateTempTraj(turtle&)[m[K’:
[0.490s] [01m[K/home/qianlab/single_turtle_workspace/dependencies/traveler_controller/src/controller/trajectories_parser.cpp:142:13:[m[K [01;31m[Kerror: [m[K‘[01m[Kprev_toe_pos[m[K’ was not declared in this scope
[0.490s]   142 |             [01;31m[Kprev_toe_pos[m[K = curr_toe_pos;
[0.490s]       |             [01;31m[K^~~~~~~~~~~~[m[K
[0.490s] [01m[K/home/qianlab/single_turtle_workspace/dependencies/traveler_controller/src/controller/trajectories_parser.cpp:142:28:[m[K [01;31m[Kerror: [m[K‘[01m[Kcurr_toe_pos[m[K’ was not declared in this scope
[0.490s]   142 |             prev_toe_pos = [01;31m[Kcurr_toe_pos[m[K;
[0.490s]       |                            [01;31m[K^~~~~~~~~~~~[m[K
[0.491s] [01m[K/home/qianlab/single_turtle_workspace/dependencies/traveler_controller/src/controller/trajectories_parser.cpp:143:28:[m[K [01;31m[Kerror: [m[K‘[01m[KGT_pair[m[K’ was not declared in this scope; did you mean ‘[01m[KXY_pair[m[K’?
[0.491s]   143 |             curr_toe_pos = [01;31m[KGT_pair[m[K(0.0f, 0.0f);
[0.491s]       |                            [01;31m[K^~~~~~~[m[K
[0.491s]       |                            [32m[KXY_pair[m[K
[0.491s] [01m[K/home/qianlab/single_turtle_workspace/dependencies/traveler_controller/src/controller/trajectories_parser.cpp:144:13:[m[K [01;31m[Kerror: [m[K‘[01m[KMove_Dist[m[K’ was not declared in this scope
[0.492s]   144 |             [01;31m[KMove_Dist[m[K = distance(prev_toe_pos, curr_toe_pos);
[0.492s]       |             [01;31m[K^~~~~~~~~[m[K
[0.492s] [01m[K/home/qianlab/single_turtle_workspace/dependencies/traveler_controller/src/controller/trajectories_parser.cpp:150:17:[m[K [01;31m[Kerror: [m[K‘[01m[Kclock1_start_[m[K’ was not declared in this scope; did you mean ‘[01m[Kclock_start_[m[K’?
[0.492s]   150 |                 [01;31m[Kclock1_start_[m[K = chrono::steady_clock::now();
[0.492s]       |                 [01;31m[K^~~~~~~~~~~~~[m[K
[0.492s]       |                 [32m[Kclock_start_[m[K
[0.492s] [01m[K/home/qianlab/single_turtle_workspace/dependencies/traveler_controller/src/controller/trajectories_parser.cpp:151:17:[m[K [01;31m[Kerror: [m[K‘[01m[Kclock2_start_[m[K’ was not declared in this scope; did you mean ‘[01m[Kclock_start_[m[K’?
[0.492s]   151 |                 [01;31m[Kclock2_start_[m[K = chrono::steady_clock::now();
[0.492s]       |                 [01;31m[K^~~~~~~~~~~~~[m[K
[0.493s]       |                 [32m[Kclock_start_[m[K
[0.493s] [01m[K/home/qianlab/single_turtle_workspace/dependencies/traveler_controller/src/controller/trajectories_parser.cpp:154:17:[m[K [01;31m[Kerror: [m[K‘[01m[KGTP_first_iteration[m[K’ was not declared in this scope; did you mean ‘[01m[Kfirst_iteration[m[K’?
[0.493s]   154 |                 [01;31m[KGTP_first_iteration[m[K = true;
[0.493s]       |                 [01;31m[K^~~~~~~~~~~~~~~~~~~[m[K
[0.493s]       |                 [32m[Kfirst_iteration[m[K
[0.494s] [01m[K/home/qianlab/single_turtle_workspace/dependencies/traveler_controller/src/controller/trajectories_parser.cpp:155:17:[m[K [01;31m[Kerror: [m[K‘[01m[KtraverseParams[m[K’ was not declared in this scope
[0.494s]   155 |                 [01;31m[KtraverseParams[m[K.run = true;
[0.494s]       |                 [01;31m[K^~~~~~~~~~~~~~[m[K
[0.494s] [01m[K/home/qianlab/single_turtle_workspace/dependencies/traveler_controller/src/controller/trajectories_parser.cpp:156:17:[m[K [01;31m[Kerror: [m[K‘[01m[Krun_[m[K’ was not declared in this scope
[0.494s]   156 |                 [01;31m[Krun_[m[K = true;
[0.494s]       |                 [01;31m[K^~~~[m[K
[0.495s] [01m[K/home/qianlab/single_turtle_workspace/dependencies/traveler_controller/src/controller/trajectories_parser.cpp:157:17:[m[K [01;31m[Kerror: [m[K‘[01m[Kstate_flag_[m[K’ was not declared in this scope
[0.495s]   157 |                 [01;31m[Kstate_flag_[m[K = 0;
[0.495s]       |                 [01;31m[K^~~~~~~~~~~[m[K
[0.496s] [01m[K/home/qianlab/single_turtle_workspace/dependencies/traveler_controller/src/controller/trajectories_parser.cpp:158:17:[m[K [01;31m[Kerror: [m[K‘[01m[KPene_state[m[K’ was not declared in this scope; did you mean ‘[01m[Ksetstate[m[K’?
[0.496s]   158 |                 [01;31m[KPene_state[m[K = 0;
[0.496s]       |                 [01;31m[K^~~~~~~~~~[m[K
[0.496s]       |                 [32m[Ksetstate[m[K
[0.497s] [01m[K/home/qianlab/single_turtle_workspace/dependencies/traveler_controller/src/controller/trajectories_parser.cpp:159:17:[m[K [01;31m[Kerror: [m[K‘[01m[KWT_state[m[K’ was not declared in this scope
[0.497s]   159 |                 [01;31m[KWT_state[m[K = 0;
[0.497s]       |                 [01;31m[K^~~~~~~~[m[K
[0.497s] [01m[K/home/qianlab/single_turtle_workspace/dependencies/traveler_controller/src/controller/trajectories_parser.cpp:160:17:[m[K [01;31m[Kerror: [m[K‘[01m[Kps[m[K’ was not declared in this scope
[0.497s]   160 |                 [01;31m[Kps[m[K.first_iteration = true;
[0.497s]       |                 [01;31m[K^~[m[K
[0.497s] [01m[K/home/qianlab/single_turtle_workspace/dependencies/traveler_controller/src/controller/trajectories_parser.cpp:161:17:[m[K [01;31m[Kerror: [m[K‘[01m[Kdg[m[K’ was not declared in this scope
[0.497s]   161 |                 [01;31m[Kdg[m[K.first_iteration = true;
[0.497s]       |                 [01;31m[K^~[m[K
[0.498s] [01m[K/home/qianlab/single_turtle_workspace/dependencies/traveler_controller/src/controller/trajectories_parser.cpp:163:17:[m[K [01;31m[Kerror: [m[K‘[01m[KE_STOP[m[K’ was not declared in this scope
[0.498s]   163 |                 [01;31m[KE_STOP[m[K = false;
[0.498s]       |                 [01;31m[K^~~~~~[m[K
[0.499s] [01m[K/home/qianlab/single_turtle_workspace/dependencies/traveler_controller/src/controller/trajectories_parser.cpp:166:21:[m[K [01;31m[Kerror: [m[K‘[01m[KE_STOP[m[K’ was not declared in this scope
[0.499s]   166 |                 if ([01;31m[KE_STOP[m[K) {
[0.499s]       |                     [01;31m[K^~~~~~[m[K
[0.499s] [01m[K/home/qianlab/single_turtle_workspace/dependencies/traveler_controller/src/controller/trajectories_parser.cpp:137:17:[m[K [01;35m[Kwarning: [m[Kunused variable ‘[01m[Ktrajectory[m[K’ [[01;35m[K-Wunused-variable[m[K]
[0.499s]   137 |             int [01;35m[Ktrajectory[m[K = turtle.turtle_gui.drag_traj;
[0.499s]       |                 [01;35m[K^~~~~~~~~~[m[K
[0.534s] make[2]: *** [CMakeFiles/turtle_high_controller.dir/build.make:89: CMakeFiles/turtle_high_controller.dir/src/controller/trajectories_parser.cpp.o] Error 1
[0.534s] make[2]: *** Waiting for unfinished jobs....
[1.131s] [01m[K/home/qianlab/single_turtle_workspace/dependencies/traveler_controller/src/proxy/upperproxy.cpp:[m[K In member function ‘[01m[Kvoid turtle_namespace::control::upperproxy::handle_trajectory_points(std_msgs::msg::Float64MultiArray_<std::allocator<void> >::SharedPtr)[m[K’:
[1.132s] [01m[K/home/qianlab/single_turtle_workspace/dependencies/traveler_controller/src/proxy/upperproxy.cpp:40:8:[m[K [01;31m[Kerror: [m[K‘[01m[Kstruct TrajectoryData[m[K’ has no member named ‘[01m[Kwaypoints_g[m[K’; did you mean ‘[01m[Kwaypoints_x[m[K’?
[1.132s]    40 |     td.[01;31m[Kwaypoints_g[m[K.clear();
[1.132s]       |        [01;31m[K^~~~~~~~~~~[m[K
[1.132s]       |        [32m[Kwaypoints_x[m[K
[1.132s] [01m[K/home/qianlab/single_turtle_workspace/dependencies/traveler_controller/src/proxy/upperproxy.cpp:41:8:[m[K [01;31m[Kerror: [m[K‘[01m[Kstruct TrajectoryData[m[K’ has no member named ‘[01m[Kwaypoints_t[m[K’; did you mean ‘[01m[Kwaypoints_x[m[K’?
[1.132s]    41 |     td.[01;31m[Kwaypoints_t[m[K.clear();
[1.132s]       |        [01;31m[K^~~~~~~~~~~[m[K
[1.132s]       |        [32m[Kwaypoints_x[m[K
[1.132s] [01m[K/home/qianlab/single_turtle_workspace/dependencies/traveler_controller/src/proxy/upperproxy.cpp:52:12:[m[K [01;31m[Kerror: [m[K‘[01m[Kstruct TrajectoryData[m[K’ has no member named ‘[01m[Kwaypoints_g[m[K’; did you mean ‘[01m[Kwaypoints_x[m[K’?
[1.132s]    52 |         td.[01;31m[Kwaypoints_g[m[K.push_back(static_cast<float>(g));
[1.132s]       |            [01;31m[K^~~~~~~~~~~[m[K
[1.133s]       |            [32m[Kwaypoints_x[m[K
[1.133s] [01m[K/home/qianlab/single_turtle_workspace/dependencies/traveler_controller/src/proxy/upperproxy.cpp:53:12:[m[K [01;31m[Kerror: [m[K‘[01m[Kstruct TrajectoryData[m[K’ has no member named ‘[01m[Kwaypoints_t[m[K’; did you mean ‘[01m[Kwaypoints_x[m[K’?
[1.133s]    53 |         td.[01;31m[Kwaypoints_t[m[K.push_back(static_cast<float>(t));
[1.133s]       |            [01;31m[K^~~~~~~~~~~[m[K
[1.133s]       |            [32m[Kwaypoints_x[m[K
[2.165s] make[2]: *** [CMakeFiles/turtle_high_controller.dir/build.make:115: CMakeFiles/turtle_high_controller.dir/src/proxy/upperproxy.cpp.o] Error 1
[2.165s] make[1]: *** [CMakeFiles/Makefile2:107: CMakeFiles/turtle_high_controller.dir/all] Error 2
[2.165s] make: *** [Makefile:141: all] Error 2
[2.167s] Invoked command in '/home/qianlab/single_turtle_workspace/build/turtle_high_controller' returned '2': AMENT_PREFIX_PATH=/home/qianlab/single_turtle_workspace/install/traveler_msgs:${AMENT_PREFIX_PATH} CMAKE_PREFIX_PATH=/home/qianlab/single_turtle_workspace/install/traveler_msgs:/home/qianlab/lassie-traveler/dependencies/install/traveler_high_controller:/home/qianlab/lassie-traveler/dependencies/install/traveler_msgs:/opt/ros/foxy LD_LIBRARY_PATH=/home/qianlab/single_turtle_workspace/install/traveler_msgs/lib:${LD_LIBRARY_PATH} PYTHONPATH=/home/qianlab/single_turtle_workspace/install/traveler_msgs/lib/python3.8/site-packages:${PYTHONPATH} /usr/bin/cmake --build /home/qianlab/single_turtle_workspace/build/turtle_high_controller -- -j12 -l12
