/home/qianlab/.local/lib/python3.8/site-packages/setuptools/dist.py:498: SetuptoolsDeprecationWarning: Invalid dash-separated options
!!

        ********************************************************************************
        Usage of dash-separated 'script-dir' will not be supported in future
        versions. Please use the underscore name 'script_dir' instead.

        This deprecation is overdue, please update your project and remove deprecated
        calls to avoid build errors in the future.

        See https://setuptools.pypa.io/en/latest/userguide/declarative_config.html for details.
        ********************************************************************************

!!
  opt = self.warn_dash_deprecation(opt, section)
running egg_info
writing ../../build/traveler_optitrack/traveler_optitrack.egg-info/PKG-INFO
writing dependency_links to ../../build/traveler_optitrack/traveler_optitrack.egg-info/dependency_links.txt
writing entry points to ../../build/traveler_optitrack/traveler_optitrack.egg-info/entry_points.txt
writing requirements to ../../build/traveler_optitrack/traveler_optitrack.egg-info/requires.txt
writing top-level names to ../../build/traveler_optitrack/traveler_optitrack.egg-info/top_level.txt
reading manifest file '../../build/traveler_optitrack/traveler_optitrack.egg-info/SOURCES.txt'
writing manifest file '../../build/traveler_optitrack/traveler_optitrack.egg-info/SOURCES.txt'
running build
running build_py
running install
running install_lib
running install_data
running install_egg_info
removing '/home/qianlab/single_turtle_workspace/install/traveler_optitrack/lib/python3.8/site-packages/traveler_optitrack-0.0.0-py3.8.egg-info' (and everything under it)
Copying ../../build/traveler_optitrack/traveler_optitrack.egg-info to /home/qianlab/single_turtle_workspace/install/traveler_optitrack/lib/python3.8/site-packages/traveler_optitrack-0.0.0-py3.8.egg-info
running install_scripts
Installing traveler_optitrack script to /home/qianlab/single_turtle_workspace/install/traveler_optitrack/lib/traveler_optitrack
writing list of installed files to '/home/qianlab/single_turtle_workspace/build/traveler_optitrack/install.log'
