[0.010s] Invoking command in '/home/qianlab/single_turtle_workspace/build/turtle_high_controller': AMENT_PREFIX_PATH=/home/qianlab/single_turtle_workspace/install/traveler_msgs:${AMENT_PREFIX_PATH} CMAKE_PREFIX_PATH=/home/qianlab/single_turtle_workspace/install/traveler_msgs:/home/qianlab/lassie-traveler/dependencies/install/traveler_high_controller:/home/qianlab/lassie-traveler/dependencies/install/traveler_msgs:/opt/ros/foxy LD_LIBRARY_PATH=/home/qianlab/single_turtle_workspace/install/traveler_msgs/lib:${LD_LIBRARY_PATH} PYTHONPATH=/home/qianlab/single_turtle_workspace/install/traveler_msgs/lib/python3.8/site-packages:${PYTHONPATH} /usr/bin/cmake --build /home/qianlab/single_turtle_workspace/build/turtle_high_controller -- -j12 -l12
[0.048s] [35m[1mScanning dependencies of target turtle_high_controller[0m
[0.053s] [ 35%] Built target odrive_can_interface
[0.087s] [ 42%] [32mBuilding CXX object CMakeFiles/turtle_high_controller.dir/src/proxy/lowerproxy.cpp.o[0m
[0.087s] [ 57%] [32mBuilding CXX object CMakeFiles/turtle_high_controller.dir/src/controller/trajectories_parser.cpp.o[0m
[0.087s] [ 57%] [32mBuilding CXX object CMakeFiles/turtle_high_controller.dir/src/proxy/upperproxy.cpp.o[0m
[1.074s] [01m[K/home/qianlab/single_turtle_workspace/dependencies/traveler_controller/src/proxy/lowerproxy.cpp:35:40:[m[K [01;31m[Kerror: [m[Kvariable or field ‘[01m[Kcalculate_position[m[K’ declared void
[1.074s]    35 |    void lowerproxy::calculate_position([01;31m[KTraveler[m[K &traveler_ )
[1.074s]       |                                        [01;31m[K^~~~~~~~[m[K
[1.075s] [01m[K/home/qianlab/single_turtle_workspace/dependencies/traveler_controller/src/proxy/lowerproxy.cpp:35:40:[m[K [01;31m[Kerror: [m[K‘[01m[KTraveler[m[K’ was not declared in this scope
[1.077s] [01m[K/home/qianlab/single_turtle_workspace/dependencies/traveler_controller/src/proxy/lowerproxy.cpp:35:50:[m[K [01;31m[Kerror: [m[K‘[01m[Ktraveler_[m[K’ was not declared in this scope; did you mean ‘[01m[Ktraveler_msgs[m[K’?
[1.077s]    35 |    void lowerproxy::calculate_position(Traveler &[01;31m[Ktraveler_[m[K )
[1.077s]       |                                                  [01;31m[K^~~~~~~~~[m[K
[1.077s]       |                                                  [32m[Ktraveler_msgs[m[K
[1.077s] [01m[K/home/qianlab/single_turtle_workspace/dependencies/traveler_controller/src/proxy/lowerproxy.cpp:82:6:[m[K [01;31m[Kerror: [m[K‘[01m[Klowerproxy[m[K’ has not been declared
[1.077s]    82 | void [01;31m[Klowerproxy[m[K::UpdateJoystickStatus(turtle &turtle_) {
[1.077s]       |      [01;31m[K^~~~~~~~~~[m[K
[1.078s] [01m[K/home/qianlab/single_turtle_workspace/dependencies/traveler_controller/src/proxy/lowerproxy.cpp:[m[K In function ‘[01m[Kvoid UpdateJoystickStatus(turtle&)[m[K’:
[1.078s] [01m[K/home/qianlab/single_turtle_workspace/dependencies/traveler_controller/src/proxy/lowerproxy.cpp:85:5:[m[K [01;31m[Kerror: [m[K‘[01m[Kturtle_inter_[m[K’ was not declared in this scope
[1.078s]    85 |     [01;31m[Kturtle_inter_[m[K = turtle_;
[1.078s]       |     [01;31m[K^~~~~~~~~~~~~[m[K
[1.081s] [01m[K/home/qianlab/single_turtle_workspace/dependencies/traveler_controller/src/proxy/lowerproxy.cpp:110:5:[m[K [01;31m[Kerror: [m[K‘[01m[Kcontroller_state_publisher[m[K’ was not declared in this scope
[1.081s]   110 |     [01;31m[Kcontroller_state_publisher[m[K->publish(robot_state);
[1.081s]       |     [01;31m[K^~~~~~~~~~~~~~~~~~~~~~~~~~[m[K
[1.081s] [01m[K/home/qianlab/single_turtle_workspace/dependencies/traveler_controller/src/proxy/lowerproxy.cpp:[m[K At global scope:
[1.081s] [01m[K/home/qianlab/single_turtle_workspace/dependencies/traveler_controller/src/proxy/lowerproxy.cpp:113:6:[m[K [01;31m[Kerror: [m[K‘[01m[Klowerproxy[m[K’ has not been declared
[1.081s]   113 | void [01;31m[Klowerproxy[m[K::Estop() {
[1.081s]       |      [01;31m[K^~~~~~~~~~[m[K
[1.082s] [01m[K/home/qianlab/single_turtle_workspace/dependencies/traveler_controller/src/proxy/lowerproxy.cpp:117:1:[m[K [01;31m[Kerror: [m[Kexpected declaration before ‘[01m[K}[m[K’ token
[1.082s]   117 | [01;31m[K}[m[K // namespace control
[1.082s]       | [01;31m[K^[m[K
[1.082s] [01m[K/home/qianlab/single_turtle_workspace/dependencies/traveler_controller/src/proxy/lowerproxy.cpp:118:1:[m[K [01;31m[Kerror: [m[Kexpected declaration before ‘[01m[K}[m[K’ token
[1.082s]   118 | [01;31m[K}[m[K // namespace turtle_namespace
[1.082s]       | [01;31m[K^[m[K
[1.668s] make[2]: *** [CMakeFiles/turtle_high_controller.dir/build.make:102: CMakeFiles/turtle_high_controller.dir/src/proxy/lowerproxy.cpp.o] Error 1
[1.668s] make[2]: *** Waiting for unfinished jobs....
[4.496s] make[1]: *** [CMakeFiles/Makefile2:107: CMakeFiles/turtle_high_controller.dir/all] Error 2
[4.496s] make: *** [Makefile:141: all] Error 2
[4.498s] Invoked command in '/home/qianlab/single_turtle_workspace/build/turtle_high_controller' returned '2': AMENT_PREFIX_PATH=/home/qianlab/single_turtle_workspace/install/traveler_msgs:${AMENT_PREFIX_PATH} CMAKE_PREFIX_PATH=/home/qianlab/single_turtle_workspace/install/traveler_msgs:/home/qianlab/lassie-traveler/dependencies/install/traveler_high_controller:/home/qianlab/lassie-traveler/dependencies/install/traveler_msgs:/opt/ros/foxy LD_LIBRARY_PATH=/home/qianlab/single_turtle_workspace/install/traveler_msgs/lib:${LD_LIBRARY_PATH} PYTHONPATH=/home/qianlab/single_turtle_workspace/install/traveler_msgs/lib/python3.8/site-packages:${PYTHONPATH} /usr/bin/cmake --build /home/qianlab/single_turtle_workspace/build/turtle_high_controller -- -j12 -l12
