[2.091s] Invoking command in '/home/qianlab/single_turtle_workspace/highlevel/traveler_optitrack': PYTHONPATH=/home/qianlab/single_turtle_workspace/build/traveler_optitrack/prefix_override:/usr/lib/python3/dist-packages/colcon_core/task/python/colcon_distutils_commands:/home/qianlab/single_turtle_workspace/install/traveler_optitrack/lib/python3.8/site-packages:${PYTHONPATH} /usr/bin/python3 -W ignore:setup.py install is deprecated -W ignore:easy_install command is deprecated setup.py egg_info --egg-base ../../build/traveler_optitrack build --build-base /home/qianlab/single_turtle_workspace/build/traveler_optitrack/build install --record /home/qianlab/single_turtle_workspace/build/traveler_optitrack/install.log --install-scripts $base/lib/traveler_optitrack --single-version-externally-managed install_data
[3.963s] /home/qianlab/.local/lib/python3.8/site-packages/setuptools/dist.py:498: SetuptoolsDeprecationWarning: Invalid dash-separated options
[3.963s] !!
[3.963s] 
[3.963s]         ********************************************************************************
[3.963s]         Usage of dash-separated 'script-dir' will not be supported in future
[3.963s]         versions. Please use the underscore name 'script_dir' instead.
[3.963s] 
[3.963s]         This deprecation is overdue, please update your project and remove deprecated
[3.963s]         calls to avoid build errors in the future.
[3.963s] 
[3.963s]         See https://setuptools.pypa.io/en/latest/userguide/declarative_config.html for details.
[3.964s]         ********************************************************************************
[3.964s] 
[3.964s] !!
[3.964s]   opt = self.warn_dash_deprecation(opt, section)
[5.064s] running egg_info
[5.090s] writing ../../build/traveler_optitrack/traveler_optitrack.egg-info/PKG-INFO
[5.091s] writing dependency_links to ../../build/traveler_optitrack/traveler_optitrack.egg-info/dependency_links.txt
[5.091s] writing entry points to ../../build/traveler_optitrack/traveler_optitrack.egg-info/entry_points.txt
[5.091s] writing requirements to ../../build/traveler_optitrack/traveler_optitrack.egg-info/requires.txt
[5.091s] writing top-level names to ../../build/traveler_optitrack/traveler_optitrack.egg-info/top_level.txt
[6.683s] reading manifest file '../../build/traveler_optitrack/traveler_optitrack.egg-info/SOURCES.txt'
[6.690s] writing manifest file '../../build/traveler_optitrack/traveler_optitrack.egg-info/SOURCES.txt'
[6.691s] running build
[6.691s] running build_py
[6.693s] running install
[6.744s] running install_lib
[6.885s] running install_data
[6.887s] running install_egg_info
[7.007s] removing '/home/qianlab/single_turtle_workspace/install/traveler_optitrack/lib/python3.8/site-packages/traveler_optitrack-0.0.0-py3.8.egg-info' (and everything under it)
[7.007s] Copying ../../build/traveler_optitrack/traveler_optitrack.egg-info to /home/qianlab/single_turtle_workspace/install/traveler_optitrack/lib/python3.8/site-packages/traveler_optitrack-0.0.0-py3.8.egg-info
[7.009s] running install_scripts
[7.213s] Installing traveler_optitrack script to /home/qianlab/single_turtle_workspace/install/traveler_optitrack/lib/traveler_optitrack
[7.215s] writing list of installed files to '/home/qianlab/single_turtle_workspace/build/traveler_optitrack/install.log'
[7.431s] Invoked command in '/home/qianlab/single_turtle_workspace/highlevel/traveler_optitrack' returned '0': PYTHONPATH=/home/qianlab/single_turtle_workspace/build/traveler_optitrack/prefix_override:/usr/lib/python3/dist-packages/colcon_core/task/python/colcon_distutils_commands:/home/qianlab/single_turtle_workspace/install/traveler_optitrack/lib/python3.8/site-packages:${PYTHONPATH} /usr/bin/python3 -W ignore:setup.py install is deprecated -W ignore:easy_install command is deprecated setup.py egg_info --egg-base ../../build/traveler_optitrack build --build-base /home/qianlab/single_turtle_workspace/build/traveler_optitrack/build install --record /home/qianlab/single_turtle_workspace/build/traveler_optitrack/install.log --install-scripts $base/lib/traveler_optitrack --single-version-externally-managed install_data
