[35m[1mScanning dependencies of target turtle_high_controller[0m
[ 38%] Built target odrive_can_interface
[ 46%] [32mBuilding CXX object CMakeFiles/turtle_high_controller.dir/src/main.cpp.o[0m
[01m[K/home/qianlab/single_turtle_workspace/dependencies/traveler_controller/src/main.cpp:[m[K In function ‘[01m[Kint main(int, char**)[m[K’:
[01m[K/home/qianlab/single_turtle_workspace/dependencies/traveler_controller/src/main.cpp:36:2:[m[K [01;31m[Kerror: [m[Kexpected initializer before ‘[01m[Kwhile[m[K’
   36 |  [01;31m[Kwhile[m[K (rclcpp::ok())
      |  [01;31m[K^~~~~[m[K
[01m[K/home/qianlab/single_turtle_workspace/dependencies/traveler_controller/src/main.cpp:52:16:[m[K [01;31m[Kerror: [m[K‘[01m[Kcount1[m[K’ was not declared in this scope
   52 |     std::cout<<[01;31m[Kcount1[m[K<<endl;
      |                [01;31m[K^~~~~~[m[K
In file included from [01m[K/home/qianlab/single_turtle_workspace/dependencies/traveler_controller/src/main.cpp:8[m[K:
[01m[K/home/qianlab/single_turtle_workspace/dependencies/traveler_controller/include/main.h:[m[K At global scope:
[01m[K/home/qianlab/single_turtle_workspace/dependencies/traveler_controller/include/main.h:46:14:[m[K [01;35m[Kwarning: [m[K‘[01m[Ktimer[m[K’ defined but not used [[01;35m[K-Wunused-variable[m[K]
   46 | static float [01;35m[Ktimer[m[K[10] = { 0 };
      |              [01;35m[K^~~~~[m[K
[01m[K/home/qianlab/single_turtle_workspace/dependencies/traveler_controller/include/main.h:44:12:[m[K [01;35m[Kwarning: [m[K‘[01m[Kinit_done[m[K’ defined but not used [[01;35m[K-Wunused-variable[m[K]
   44 | static int [01;35m[Kinit_done[m[K = 0;
      |            [01;35m[K^~~~~~~~~[m[K
[01m[K/home/qianlab/single_turtle_workspace/dependencies/traveler_controller/include/main.h:43:14:[m[K [01;35m[Kwarning: [m[K‘[01m[Kinit_cnt[m[K’ defined but not used [[01;35m[K-Wunused-variable[m[K]
   43 | static float [01;35m[Kinit_cnt[m[K = 0;
      |              [01;35m[K^~~~~~~~[m[K
make[2]: *** [CMakeFiles/turtle_high_controller.dir/build.make:63: CMakeFiles/turtle_high_controller.dir/src/main.cpp.o] Error 1
make[1]: *** [CMakeFiles/Makefile2:107: CMakeFiles/turtle_high_controller.dir/all] Error 2
make: *** [Makefile:141: all] Error 2
