[0.011s] Invoking command in '/home/qianlab/single_turtle_workspace/build/turtle_high_controller': AMENT_PREFIX_PATH=/home/qianlab/single_turtle_workspace/install/traveler_msgs:${AMENT_PREFIX_PATH} CMAKE_PREFIX_PATH=/home/qianlab/single_turtle_workspace/install/traveler_msgs:/home/qianlab/Turtle_workspace/lassie-turtle/install/turtle_high_controller:/home/qianlab/Turtle_workspace/lassie-turtle/install/traveler_msgs:/home/qianlab/Turtle_workspace/install/turtle_high_controller:/home/qianlab/Turtle_workspace/install/traveler_msgs:/home/qianlab/Turtle_workspace/lassie-turtle/install/traveler_optitrack:/home/qianlab/Turtle_workspace/install/traveler_optitrack:/opt/ros/foxy CONDA_PROMPT_MODIFIER=(base) LD_LIBRARY_PATH=/home/qianlab/single_turtle_workspace/install/traveler_msgs/lib:${LD_LIBRARY_PATH} PYTHONPATH=/home/qianlab/single_turtle_workspace/install/traveler_msgs/lib/python3.8/site-packages:${PYTHONPATH} /usr/bin/cmake --build /home/qianlab/single_turtle_workspace/build/turtle_high_controller -- -j12 -l12
[0.050s] [35m[1mScanning dependencies of target turtle_high_controller[0m
[0.056s] [ 38%] Built target odrive_can_interface
[0.090s] [ 46%] [32mBuilding CXX object CMakeFiles/turtle_high_controller.dir/src/proxy/lowerproxy.cpp.o[0m
[0.090s] [ 53%] [32mBuilding CXX object CMakeFiles/turtle_high_controller.dir/src/controller/Inverse_kinematics.cpp.o[0m
[1.054s] [01m[K/home/qianlab/single_turtle_workspace/dependencies/traveler_controller/src/proxy/lowerproxy.cpp:[m[K In member function ‘[01m[Kvoid turtle_namespace::control::lowerproxy::calculate_position(turtle&)[m[K’:
[1.055s] [01m[K/home/qianlab/single_turtle_workspace/dependencies/traveler_controller/src/proxy/lowerproxy.cpp:179:16:[m[K [01;35m[Kwarning: [m[Kunused variable ‘[01m[Kback_curr_time[m[K’ [[01;35m[K-Wunused-variable[m[K]
[1.055s]   179 |         double [01;35m[Kback_curr_time[m[K = deltaTime.count();
[1.055s]       |                [01;35m[K^~~~~~~~~~~~~~[m[K
[1.483s] [01m[K/home/qianlab/single_turtle_workspace/dependencies/traveler_controller/src/controller/Inverse_kinematics.cpp:[m[K In member function ‘[01m[Kvoid turtle_namespace::control::lowerproxy::calculate_position(turtle&)[m[K’:
[1.483s] [01m[K/home/qianlab/single_turtle_workspace/dependencies/traveler_controller/src/controller/Inverse_kinematics.cpp:177:16:[m[K [01;35m[Kwarning: [m[Kunused variable ‘[01m[Kback_curr_time[m[K’ [[01;35m[K-Wunused-variable[m[K]
[1.483s]   177 |         double [01;35m[Kback_curr_time[m[K = deltaTime.count();
[1.483s]       |                [01;35m[K^~~~~~~~~~~~~~[m[K
[2.810s] [ 61%] [32m[1mLinking CXX executable turtle_high_controller[0m
[3.150s] /usr/bin/ld: CMakeFiles/turtle_high_controller.dir/src/proxy/lowerproxy.cpp.o: in function `std::__detail::_Hash_node<std::pair<std::type_index const, std::shared_ptr<void> >, false>* std::__detail::_Hashtable_alloc<std::allocator<std::__detail::_Hash_node<std::pair<std::type_index const, std::shared_ptr<void> >, false> > >::_M_allocate_node<std::piecewise_construct_t const&, std::tuple<std::type_index const&>, std::tuple<> >(std::piecewise_construct_t const&, std::tuple<std::type_index const&>&&, std::tuple<>&&)':
[3.150s] /home/qianlab/single_turtle_workspace/dependencies/traveler_controller/src/proxy/lowerproxy.cpp:24: multiple definition of `turtle_namespace::control::lowerproxy::lowerproxy(std::__cxx11::basic_string<char, std::char_traits<char>, std::allocator<char> >)'; CMakeFiles/turtle_high_controller.dir/src/controller/Inverse_kinematics.cpp.o:/home/qianlab/single_turtle_workspace/dependencies/traveler_controller/src/controller/Inverse_kinematics.cpp:24: first defined here
[3.150s] /usr/bin/ld: CMakeFiles/turtle_high_controller.dir/src/proxy/lowerproxy.cpp.o: in function `std::__detail::_Hash_node<std::pair<std::type_index const, std::shared_ptr<void> >, false>* std::__detail::_Hashtable_alloc<std::allocator<std::__detail::_Hash_node<std::pair<std::type_index const, std::shared_ptr<void> >, false> > >::_M_allocate_node<std::piecewise_construct_t const&, std::tuple<std::type_index const&>, std::tuple<> >(std::piecewise_construct_t const&, std::tuple<std::type_index const&>&&, std::tuple<>&&)':
[3.150s] /home/qianlab/single_turtle_workspace/dependencies/traveler_controller/src/proxy/lowerproxy.cpp:24: multiple definition of `turtle_namespace::control::lowerproxy::lowerproxy(std::__cxx11::basic_string<char, std::char_traits<char>, std::allocator<char> >)'; CMakeFiles/turtle_high_controller.dir/src/controller/Inverse_kinematics.cpp.o:/home/qianlab/single_turtle_workspace/dependencies/traveler_controller/src/controller/Inverse_kinematics.cpp:24: first defined here
[3.150s] /usr/bin/ld: CMakeFiles/turtle_high_controller.dir/src/proxy/lowerproxy.cpp.o: in function `turtle_namespace::control::lowerproxy::fmodf_mpi_pi(float)':
[3.150s] /home/qianlab/single_turtle_workspace/dependencies/traveler_controller/src/proxy/lowerproxy.cpp:37: multiple definition of `turtle_namespace::control::lowerproxy::fmodf_mpi_pi(float)'; CMakeFiles/turtle_high_controller.dir/src/controller/Inverse_kinematics.cpp.o:/home/qianlab/single_turtle_workspace/dependencies/traveler_controller/src/controller/Inverse_kinematics.cpp:36: first defined here
[3.150s] /usr/bin/ld: CMakeFiles/turtle_high_controller.dir/src/proxy/lowerproxy.cpp.o: in function `turtle_namespace::control::lowerproxy::terrain_estimation()':
[3.151s] /home/qianlab/single_turtle_workspace/dependencies/traveler_controller/src/proxy/lowerproxy.cpp:46: multiple definition of `turtle_namespace::control::lowerproxy::terrain_estimation()'; CMakeFiles/turtle_high_controller.dir/src/controller/Inverse_kinematics.cpp.o:/home/qianlab/single_turtle_workspace/dependencies/traveler_controller/src/controller/Inverse_kinematics.cpp:45: first defined here
[3.151s] /usr/bin/ld: CMakeFiles/turtle_high_controller.dir/src/proxy/lowerproxy.cpp.o: in function `turtle_namespace::control::lowerproxy::calculate_position(turtle&)':
[3.151s] /home/qianlab/single_turtle_workspace/dependencies/traveler_controller/src/proxy/lowerproxy.cpp:55: multiple definition of `turtle_namespace::control::lowerproxy::calculate_position(turtle&)'; CMakeFiles/turtle_high_controller.dir/src/controller/Inverse_kinematics.cpp.o:/home/qianlab/single_turtle_workspace/dependencies/traveler_controller/src/controller/Inverse_kinematics.cpp:54: first defined here
[3.151s] /usr/bin/ld: CMakeFiles/turtle_high_controller.dir/src/proxy/lowerproxy.cpp.o: in function `turtle_namespace::control::lowerproxy::goback2desiredangle(turtle&, float, float, float, float, float, float, float, float, float, float)':
[3.151s] /home/qianlab/single_turtle_workspace/dependencies/traveler_controller/src/proxy/lowerproxy.cpp:194: multiple definition of `turtle_namespace::control::lowerproxy::goback2desiredangle(turtle&, float, float, float, float, float, float, float, float, float, float)'; CMakeFiles/turtle_high_controller.dir/src/controller/Inverse_kinematics.cpp.o:/home/qianlab/single_turtle_workspace/dependencies/traveler_controller/src/controller/Inverse_kinematics.cpp:189: first defined here
[3.151s] /usr/bin/ld: CMakeFiles/turtle_high_controller.dir/src/proxy/lowerproxy.cpp.o: in function `turtle_namespace::control::lowerproxy::Estop()':
[3.151s] /home/qianlab/single_turtle_workspace/dependencies/traveler_controller/src/proxy/lowerproxy.cpp:220: multiple definition of `turtle_namespace::control::lowerproxy::Estop()'; CMakeFiles/turtle_high_controller.dir/src/controller/Inverse_kinematics.cpp.o:/home/qianlab/single_turtle_workspace/dependencies/traveler_controller/src/controller/Inverse_kinematics.cpp:214: first defined here
[3.151s] /usr/bin/ld: CMakeFiles/turtle_high_controller.dir/src/proxy/lowerproxy.cpp.o: in function `turtle_namespace::control::lowerproxy::UpdateJoystickStatus(turtle&)':
[3.151s] /home/qianlab/single_turtle_workspace/dependencies/traveler_controller/src/proxy/lowerproxy.cpp:224: multiple definition of `turtle_namespace::control::lowerproxy::UpdateJoystickStatus(turtle&)'; CMakeFiles/turtle_high_controller.dir/src/controller/Inverse_kinematics.cpp.o:/home/qianlab/single_turtle_workspace/dependencies/traveler_controller/src/controller/Inverse_kinematics.cpp:218: first defined here
[3.151s] collect2: error: ld returned 1 exit status
[3.152s] make[2]: *** [CMakeFiles/turtle_high_controller.dir/build.make:251: turtle_high_controller] Error 1
[3.152s] make[1]: *** [CMakeFiles/Makefile2:107: CMakeFiles/turtle_high_controller.dir/all] Error 2
[3.152s] make: *** [Makefile:141: all] Error 2
[3.155s] Invoked command in '/home/qianlab/single_turtle_workspace/build/turtle_high_controller' returned '2': AMENT_PREFIX_PATH=/home/qianlab/single_turtle_workspace/install/traveler_msgs:${AMENT_PREFIX_PATH} CMAKE_PREFIX_PATH=/home/qianlab/single_turtle_workspace/install/traveler_msgs:/home/qianlab/Turtle_workspace/lassie-turtle/install/turtle_high_controller:/home/qianlab/Turtle_workspace/lassie-turtle/install/traveler_msgs:/home/qianlab/Turtle_workspace/install/turtle_high_controller:/home/qianlab/Turtle_workspace/install/traveler_msgs:/home/qianlab/Turtle_workspace/lassie-turtle/install/traveler_optitrack:/home/qianlab/Turtle_workspace/install/traveler_optitrack:/opt/ros/foxy CONDA_PROMPT_MODIFIER=(base) LD_LIBRARY_PATH=/home/qianlab/single_turtle_workspace/install/traveler_msgs/lib:${LD_LIBRARY_PATH} PYTHONPATH=/home/qianlab/single_turtle_workspace/install/traveler_msgs/lib/python3.8/site-packages:${PYTHONPATH} /usr/bin/cmake --build /home/qianlab/single_turtle_workspace/build/turtle_high_controller -- -j12 -l12
