[0.154s] DEBUG:colcon:Command line arguments: ['/usr/bin/colcon', 'build']
[0.154s] DEBUG:colcon:Parsed command line arguments: Namespace(allow_overriding=[], ament_cmake_args=None, base_paths=['.'], build_base='build', catkin_cmake_args=None, catkin_skip_building_tests=False, cmake_args=None, cmake_clean_cache=False, cmake_clean_first=False, cmake_force_configure=False, cmake_target=None, cmake_target_skip_unavailable=False, continue_on_error=False, event_handlers=None, executor='parallel', ignore_user_meta=False, install_base='install', log_base=None, log_level=None, main=<bound method BuildVerb.main of <colcon_core.verb.build.BuildVerb object at 0x7f31a0d841c0>>, merge_install=False, metas=['./colcon.meta'], mixin=None, mixin_files=None, mixin_verb=('build',), packages_above=None, packages_above_and_dependencies=None, packages_above_depth=None, packages_end=None, packages_ignore=None, packages_ignore_regex=None, packages_select=None, packages_select_build_failed=False, packages_select_by_dep=None, packages_select_regex=None, packages_select_test_failures=False, packages_skip=None, packages_skip_build_finished=False, packages_skip_by_dep=None, packages_skip_regex=None, packages_skip_test_passed=False, packages_skip_up_to=None, packages_start=None, packages_up_to=None, packages_up_to_regex=None, parallel_workers=12, paths=None, symlink_install=False, test_result_base=None, verb_extension=<colcon_core.verb.build.BuildVerb object at 0x7f31a0d841c0>, verb_name='build', verb_parser=<colcon_mixin.mixin.mixin_argument.MixinArgumentDecorator object at 0x7f31a0d84610>)
[0.255s] Level 1:colcon.colcon_core.package_discovery:discover_packages(colcon_meta) check parameters
[0.255s] Level 1:colcon.colcon_core.package_discovery:discover_packages(recursive) check parameters
[0.255s] Level 1:colcon.colcon_core.package_discovery:discover_packages(ignore) check parameters
[0.255s] Level 1:colcon.colcon_core.package_discovery:discover_packages(path) check parameters
[0.255s] Level 1:colcon.colcon_core.package_discovery:discover_packages(colcon_meta) discover
[0.255s] Level 1:colcon.colcon_core.package_discovery:discover_packages(recursive) discover
[0.255s] INFO:colcon.colcon_core.package_discovery:Crawling recursively for packages in '/home/qianlab/single_turtle_workspace'
[0.255s] Level 1:colcon.colcon_core.package_identification:_identify(.) by extensions ['ignore', 'ignore_ament_install']
[0.255s] Level 1:colcon.colcon_core.package_identification:_identify(.) by extension 'ignore'
[0.255s] Level 1:colcon.colcon_core.package_identification:_identify(.) by extension 'ignore_ament_install'
[0.255s] Level 1:colcon.colcon_core.package_identification:_identify(.) by extensions ['colcon_pkg']
[0.255s] Level 1:colcon.colcon_core.package_identification:_identify(.) by extension 'colcon_pkg'
[0.255s] Level 1:colcon.colcon_core.package_identification:_identify(.) by extensions ['colcon_meta']
[0.255s] Level 1:colcon.colcon_core.package_identification:_identify(.) by extension 'colcon_meta'
[0.256s] Level 1:colcon.colcon_core.package_identification:_identify(.) by extensions ['ros']
[0.256s] Level 1:colcon.colcon_core.package_identification:_identify(.) by extension 'ros'
[0.263s] Level 1:colcon.colcon_core.package_identification:_identify(.) by extensions ['cmake', 'python']
[0.263s] Level 1:colcon.colcon_core.package_identification:_identify(.) by extension 'cmake'
[0.263s] Level 1:colcon.colcon_core.package_identification:_identify(.) by extension 'python'
[0.263s] Level 1:colcon.colcon_core.package_identification:_identify(.) by extensions ['python_setup_py']
[0.263s] Level 1:colcon.colcon_core.package_identification:_identify(.) by extension 'python_setup_py'
[0.263s] Level 1:colcon.colcon_core.package_identification:_identify(build) by extensions ['ignore', 'ignore_ament_install']
[0.263s] Level 1:colcon.colcon_core.package_identification:_identify(build) by extension 'ignore'
[0.263s] Level 1:colcon.colcon_core.package_identification:_identify(build) ignored
[0.263s] Level 1:colcon.colcon_core.package_identification:_identify(dependencies) by extensions ['ignore', 'ignore_ament_install']
[0.263s] Level 1:colcon.colcon_core.package_identification:_identify(dependencies) by extension 'ignore'
[0.263s] Level 1:colcon.colcon_core.package_identification:_identify(dependencies) by extension 'ignore_ament_install'
[0.263s] Level 1:colcon.colcon_core.package_identification:_identify(dependencies) by extensions ['colcon_pkg']
[0.263s] Level 1:colcon.colcon_core.package_identification:_identify(dependencies) by extension 'colcon_pkg'
[0.263s] Level 1:colcon.colcon_core.package_identification:_identify(dependencies) by extensions ['colcon_meta']
[0.263s] Level 1:colcon.colcon_core.package_identification:_identify(dependencies) by extension 'colcon_meta'
[0.263s] Level 1:colcon.colcon_core.package_identification:_identify(dependencies) by extensions ['ros']
[0.263s] Level 1:colcon.colcon_core.package_identification:_identify(dependencies) by extension 'ros'
[0.263s] Level 1:colcon.colcon_core.package_identification:_identify(dependencies) by extensions ['cmake', 'python']
[0.263s] Level 1:colcon.colcon_core.package_identification:_identify(dependencies) by extension 'cmake'
[0.263s] Level 1:colcon.colcon_core.package_identification:_identify(dependencies) by extension 'python'
[0.263s] Level 1:colcon.colcon_core.package_identification:_identify(dependencies) by extensions ['python_setup_py']
[0.263s] Level 1:colcon.colcon_core.package_identification:_identify(dependencies) by extension 'python_setup_py'
[0.263s] Level 1:colcon.colcon_core.package_identification:_identify(dependencies/traveler_controller) by extensions ['ignore', 'ignore_ament_install']
[0.264s] Level 1:colcon.colcon_core.package_identification:_identify(dependencies/traveler_controller) by extension 'ignore'
[0.264s] Level 1:colcon.colcon_core.package_identification:_identify(dependencies/traveler_controller) by extension 'ignore_ament_install'
[0.264s] Level 1:colcon.colcon_core.package_identification:_identify(dependencies/traveler_controller) by extensions ['colcon_pkg']
[0.264s] Level 1:colcon.colcon_core.package_identification:_identify(dependencies/traveler_controller) by extension 'colcon_pkg'
[0.264s] Level 1:colcon.colcon_core.package_identification:_identify(dependencies/traveler_controller) by extensions ['colcon_meta']
[0.264s] Level 1:colcon.colcon_core.package_identification:_identify(dependencies/traveler_controller) by extension 'colcon_meta'
[0.264s] Level 1:colcon.colcon_core.package_identification:_identify(dependencies/traveler_controller) by extensions ['ros']
[0.264s] Level 1:colcon.colcon_core.package_identification:_identify(dependencies/traveler_controller) by extension 'ros'
[0.265s] DEBUG:colcon.colcon_core.package_identification:Package 'dependencies/traveler_controller' with type 'ros.ament_cmake' and name 'turtle_high_controller'
[0.265s] Level 1:colcon.colcon_core.package_identification:_identify(dependencies/traveler_msgs) by extensions ['ignore', 'ignore_ament_install']
[0.265s] Level 1:colcon.colcon_core.package_identification:_identify(dependencies/traveler_msgs) by extension 'ignore'
[0.265s] Level 1:colcon.colcon_core.package_identification:_identify(dependencies/traveler_msgs) by extension 'ignore_ament_install'
[0.265s] Level 1:colcon.colcon_core.package_identification:_identify(dependencies/traveler_msgs) by extensions ['colcon_pkg']
[0.265s] Level 1:colcon.colcon_core.package_identification:_identify(dependencies/traveler_msgs) by extension 'colcon_pkg'
[0.266s] Level 1:colcon.colcon_core.package_identification:_identify(dependencies/traveler_msgs) by extensions ['colcon_meta']
[0.266s] Level 1:colcon.colcon_core.package_identification:_identify(dependencies/traveler_msgs) by extension 'colcon_meta'
[0.266s] Level 1:colcon.colcon_core.package_identification:_identify(dependencies/traveler_msgs) by extensions ['ros']
[0.266s] Level 1:colcon.colcon_core.package_identification:_identify(dependencies/traveler_msgs) by extension 'ros'
[0.266s] DEBUG:colcon.colcon_core.package_identification:Package 'dependencies/traveler_msgs' with type 'ros.ament_cmake' and name 'traveler_msgs'
[0.266s] Level 1:colcon.colcon_core.package_identification:_identify(install) by extensions ['ignore', 'ignore_ament_install']
[0.266s] Level 1:colcon.colcon_core.package_identification:_identify(install) by extension 'ignore'
[0.266s] Level 1:colcon.colcon_core.package_identification:_identify(install) ignored
[0.266s] Level 1:colcon.colcon_core.package_identification:_identify(log) by extensions ['ignore', 'ignore_ament_install']
[0.266s] Level 1:colcon.colcon_core.package_identification:_identify(log) by extension 'ignore'
[0.266s] Level 1:colcon.colcon_core.package_identification:_identify(log) ignored
[0.266s] Level 1:colcon.colcon_core.package_discovery:discover_packages(recursive) using defaults
[0.266s] Level 1:colcon.colcon_core.package_discovery:discover_packages(ignore) discover
[0.266s] Level 1:colcon.colcon_core.package_discovery:discover_packages(ignore) using defaults
[0.266s] Level 1:colcon.colcon_core.package_discovery:discover_packages(path) discover
[0.266s] Level 1:colcon.colcon_core.package_discovery:discover_packages(path) using defaults
[0.285s] Level 1:colcon.colcon_core.package_discovery:discover_packages(prefix_path) check parameters
[0.285s] Level 1:colcon.colcon_core.package_discovery:discover_packages(prefix_path) discover
[0.287s] DEBUG:colcon.colcon_installed_package_information.package_discovery:Found 3 installed packages in /home/qianlab/Turtle_workspace/lassie-turtle/install
[0.287s] DEBUG:colcon.colcon_installed_package_information.package_discovery:Found 3 installed packages in /home/qianlab/Turtle_workspace/install
[0.288s] DEBUG:colcon.colcon_installed_package_information.package_discovery:Found 295 installed packages in /opt/ros/foxy
[0.289s] Level 1:colcon.colcon_core.package_discovery:discover_packages(prefix_path) using defaults
[0.324s] Level 5:colcon.colcon_core.verb:set package 'traveler_msgs' build argument 'cmake_args' from command line to 'None'
[0.324s] Level 5:colcon.colcon_core.verb:set package 'traveler_msgs' build argument 'cmake_target' from command line to 'None'
[0.324s] Level 5:colcon.colcon_core.verb:set package 'traveler_msgs' build argument 'cmake_target_skip_unavailable' from command line to 'False'
[0.324s] Level 5:colcon.colcon_core.verb:set package 'traveler_msgs' build argument 'cmake_clean_cache' from command line to 'False'
[0.324s] Level 5:colcon.colcon_core.verb:set package 'traveler_msgs' build argument 'cmake_clean_first' from command line to 'False'
[0.324s] Level 5:colcon.colcon_core.verb:set package 'traveler_msgs' build argument 'cmake_force_configure' from command line to 'False'
[0.324s] Level 5:colcon.colcon_core.verb:set package 'traveler_msgs' build argument 'ament_cmake_args' from command line to 'None'
[0.324s] Level 5:colcon.colcon_core.verb:set package 'traveler_msgs' build argument 'catkin_cmake_args' from command line to 'None'
[0.324s] Level 5:colcon.colcon_core.verb:set package 'traveler_msgs' build argument 'catkin_skip_building_tests' from command line to 'False'
[0.324s] DEBUG:colcon.colcon_core.verb:Building package 'traveler_msgs' with the following arguments: {'ament_cmake_args': None, 'build_base': '/home/qianlab/single_turtle_workspace/build/traveler_msgs', 'catkin_cmake_args': None, 'catkin_skip_building_tests': False, 'cmake_args': None, 'cmake_clean_cache': False, 'cmake_clean_first': False, 'cmake_force_configure': False, 'cmake_target': None, 'cmake_target_skip_unavailable': False, 'install_base': '/home/qianlab/single_turtle_workspace/install/traveler_msgs', 'merge_install': False, 'path': '/home/qianlab/single_turtle_workspace/dependencies/traveler_msgs', 'symlink_install': False, 'test_result_base': None}
[0.324s] Level 5:colcon.colcon_core.verb:set package 'turtle_high_controller' build argument 'cmake_args' from command line to 'None'
[0.324s] Level 5:colcon.colcon_core.verb:set package 'turtle_high_controller' build argument 'cmake_target' from command line to 'None'
[0.324s] Level 5:colcon.colcon_core.verb:set package 'turtle_high_controller' build argument 'cmake_target_skip_unavailable' from command line to 'False'
[0.324s] Level 5:colcon.colcon_core.verb:set package 'turtle_high_controller' build argument 'cmake_clean_cache' from command line to 'False'
[0.324s] Level 5:colcon.colcon_core.verb:set package 'turtle_high_controller' build argument 'cmake_clean_first' from command line to 'False'
[0.324s] Level 5:colcon.colcon_core.verb:set package 'turtle_high_controller' build argument 'cmake_force_configure' from command line to 'False'
[0.324s] Level 5:colcon.colcon_core.verb:set package 'turtle_high_controller' build argument 'ament_cmake_args' from command line to 'None'
[0.324s] Level 5:colcon.colcon_core.verb:set package 'turtle_high_controller' build argument 'catkin_cmake_args' from command line to 'None'
[0.324s] Level 5:colcon.colcon_core.verb:set package 'turtle_high_controller' build argument 'catkin_skip_building_tests' from command line to 'False'
[0.324s] DEBUG:colcon.colcon_core.verb:Building package 'turtle_high_controller' with the following arguments: {'ament_cmake_args': None, 'build_base': '/home/qianlab/single_turtle_workspace/build/turtle_high_controller', 'catkin_cmake_args': None, 'catkin_skip_building_tests': False, 'cmake_args': None, 'cmake_clean_cache': False, 'cmake_clean_first': False, 'cmake_force_configure': False, 'cmake_target': None, 'cmake_target_skip_unavailable': False, 'install_base': '/home/qianlab/single_turtle_workspace/install/turtle_high_controller', 'merge_install': False, 'path': '/home/qianlab/single_turtle_workspace/dependencies/traveler_controller', 'symlink_install': False, 'test_result_base': None}
[0.324s] INFO:colcon.colcon_core.executor:Executing jobs using 'parallel' executor
[0.325s] DEBUG:colcon.colcon_parallel_executor.executor.parallel:run_until_complete
[0.325s] INFO:colcon.colcon_ros.task.ament_cmake.build:Building ROS package in '/home/qianlab/single_turtle_workspace/dependencies/traveler_msgs' with build type 'ament_cmake'
[0.325s] INFO:colcon.colcon_cmake.task.cmake.build:Building CMake package in '/home/qianlab/single_turtle_workspace/dependencies/traveler_msgs'
[0.327s] INFO:colcon.colcon_core.plugin_system:Skipping extension 'colcon_core.shell.bat': Not used on non-Windows systems
[0.327s] INFO:colcon.colcon_core.shell:Skip shell extension 'powershell' for command environment: Not usable outside of PowerShell
[0.327s] DEBUG:colcon.colcon_core.shell:Skip shell extension 'dsv' for command environment
[0.336s] DEBUG:colcon.colcon_core.event_handler.log_command:Invoking command in '/home/qianlab/single_turtle_workspace/build/traveler_msgs': CMAKE_PREFIX_PATH=${CMAKE_PREFIX_PATH}:/home/qianlab/Turtle_workspace/lassie-turtle/install/traveler_optitrack:/home/qianlab/Turtle_workspace/install/traveler_optitrack:/opt/ros/foxy CONDA_PROMPT_MODIFIER=(base) /usr/bin/cmake --build /home/qianlab/single_turtle_workspace/build/traveler_msgs -- -j12 -l12
[0.523s] DEBUG:colcon.colcon_core.event_handler.log_command:Invoked command in '/home/qianlab/single_turtle_workspace/build/traveler_msgs' returned '0': CMAKE_PREFIX_PATH=${CMAKE_PREFIX_PATH}:/home/qianlab/Turtle_workspace/lassie-turtle/install/traveler_optitrack:/home/qianlab/Turtle_workspace/install/traveler_optitrack:/opt/ros/foxy CONDA_PROMPT_MODIFIER=(base) /usr/bin/cmake --build /home/qianlab/single_turtle_workspace/build/traveler_msgs -- -j12 -l12
[0.602s] DEBUG:colcon.colcon_core.event_handler.log_command:Invoking command in '/home/qianlab/single_turtle_workspace/build/traveler_msgs': CMAKE_PREFIX_PATH=${CMAKE_PREFIX_PATH}:/home/qianlab/Turtle_workspace/lassie-turtle/install/traveler_optitrack:/home/qianlab/Turtle_workspace/install/traveler_optitrack:/opt/ros/foxy CONDA_PROMPT_MODIFIER=(base) /usr/bin/cmake --install /home/qianlab/single_turtle_workspace/build/traveler_msgs
[0.639s] Level 1:colcon.colcon_core.environment:create_environment_scripts_only(traveler_msgs)
[0.642s] DEBUG:colcon.colcon_core.event_handler.log_command:Invoked command in '/home/qianlab/single_turtle_workspace/build/traveler_msgs' returned '0': CMAKE_PREFIX_PATH=${CMAKE_PREFIX_PATH}:/home/qianlab/Turtle_workspace/lassie-turtle/install/traveler_optitrack:/home/qianlab/Turtle_workspace/install/traveler_optitrack:/opt/ros/foxy CONDA_PROMPT_MODIFIER=(base) /usr/bin/cmake --install /home/qianlab/single_turtle_workspace/build/traveler_msgs
[0.644s] Level 1:colcon.colcon_core.environment:checking '/home/qianlab/single_turtle_workspace/install/traveler_msgs' for CMake module files
[0.644s] Level 1:colcon.colcon_core.environment:checking '/home/qianlab/single_turtle_workspace/install/traveler_msgs' for CMake config files
[0.644s] Level 1:colcon.colcon_core.shell:create_environment_hook('traveler_msgs', 'cmake_prefix_path')
[0.644s] INFO:colcon.colcon_core.shell:Creating environment hook '/home/qianlab/single_turtle_workspace/install/traveler_msgs/share/traveler_msgs/hook/cmake_prefix_path.ps1'
[0.645s] INFO:colcon.colcon_core.shell:Creating environment descriptor '/home/qianlab/single_turtle_workspace/install/traveler_msgs/share/traveler_msgs/hook/cmake_prefix_path.dsv'
[0.645s] INFO:colcon.colcon_core.shell:Creating environment hook '/home/qianlab/single_turtle_workspace/install/traveler_msgs/share/traveler_msgs/hook/cmake_prefix_path.sh'
[0.646s] Level 1:colcon.colcon_core.environment:checking '/home/qianlab/single_turtle_workspace/install/traveler_msgs/lib'
[0.646s] Level 1:colcon.colcon_core.shell:create_environment_hook('traveler_msgs', 'ld_library_path_lib')
[0.646s] INFO:colcon.colcon_core.shell:Creating environment hook '/home/qianlab/single_turtle_workspace/install/traveler_msgs/share/traveler_msgs/hook/ld_library_path_lib.ps1'
[0.646s] INFO:colcon.colcon_core.shell:Creating environment descriptor '/home/qianlab/single_turtle_workspace/install/traveler_msgs/share/traveler_msgs/hook/ld_library_path_lib.dsv'
[0.646s] INFO:colcon.colcon_core.shell:Creating environment hook '/home/qianlab/single_turtle_workspace/install/traveler_msgs/share/traveler_msgs/hook/ld_library_path_lib.sh'
[0.646s] Level 1:colcon.colcon_core.environment:checking '/home/qianlab/single_turtle_workspace/install/traveler_msgs/bin'
[0.647s] Level 1:colcon.colcon_core.environment:checking '/home/qianlab/single_turtle_workspace/install/traveler_msgs/lib/pkgconfig/traveler_msgs.pc'
[0.647s] Level 1:colcon.colcon_core.environment:checking '/home/qianlab/single_turtle_workspace/install/traveler_msgs/lib/python3.8/site-packages'
[0.647s] Level 1:colcon.colcon_core.shell:create_environment_hook('traveler_msgs', 'pythonpath')
[0.647s] INFO:colcon.colcon_core.shell:Creating environment hook '/home/qianlab/single_turtle_workspace/install/traveler_msgs/share/traveler_msgs/hook/pythonpath.ps1'
[0.647s] INFO:colcon.colcon_core.shell:Creating environment descriptor '/home/qianlab/single_turtle_workspace/install/traveler_msgs/share/traveler_msgs/hook/pythonpath.dsv'
[0.647s] INFO:colcon.colcon_core.shell:Creating environment hook '/home/qianlab/single_turtle_workspace/install/traveler_msgs/share/traveler_msgs/hook/pythonpath.sh'
[0.647s] Level 1:colcon.colcon_core.environment:checking '/home/qianlab/single_turtle_workspace/install/traveler_msgs/bin'
[0.648s] INFO:colcon.colcon_core.shell:Creating package script '/home/qianlab/single_turtle_workspace/install/traveler_msgs/share/traveler_msgs/package.ps1'
[0.648s] INFO:colcon.colcon_core.shell:Creating package descriptor '/home/qianlab/single_turtle_workspace/install/traveler_msgs/share/traveler_msgs/package.dsv'
[0.648s] INFO:colcon.colcon_core.shell:Creating package script '/home/qianlab/single_turtle_workspace/install/traveler_msgs/share/traveler_msgs/package.sh'
[0.649s] INFO:colcon.colcon_core.shell:Creating package script '/home/qianlab/single_turtle_workspace/install/traveler_msgs/share/traveler_msgs/package.bash'
[0.649s] INFO:colcon.colcon_core.shell:Creating package script '/home/qianlab/single_turtle_workspace/install/traveler_msgs/share/traveler_msgs/package.zsh'
[0.650s] Level 1:colcon.colcon_core.environment:create_file_with_runtime_dependencies(/home/qianlab/single_turtle_workspace/install/traveler_msgs/share/colcon-core/packages/traveler_msgs)
[0.719s] Level 1:colcon.colcon_core.environment:create_environment_scripts_only(traveler_msgs)
[0.720s] Level 1:colcon.colcon_core.environment:checking '/home/qianlab/single_turtle_workspace/install/traveler_msgs' for CMake module files
[0.721s] Level 1:colcon.colcon_core.environment:checking '/home/qianlab/single_turtle_workspace/install/traveler_msgs' for CMake config files
[0.721s] Level 1:colcon.colcon_core.shell:create_environment_hook('traveler_msgs', 'cmake_prefix_path')
[0.721s] INFO:colcon.colcon_core.shell:Creating environment hook '/home/qianlab/single_turtle_workspace/install/traveler_msgs/share/traveler_msgs/hook/cmake_prefix_path.ps1'
[0.722s] INFO:colcon.colcon_core.shell:Creating environment descriptor '/home/qianlab/single_turtle_workspace/install/traveler_msgs/share/traveler_msgs/hook/cmake_prefix_path.dsv'
[0.722s] INFO:colcon.colcon_core.shell:Creating environment hook '/home/qianlab/single_turtle_workspace/install/traveler_msgs/share/traveler_msgs/hook/cmake_prefix_path.sh'
[0.723s] Level 1:colcon.colcon_core.environment:checking '/home/qianlab/single_turtle_workspace/install/traveler_msgs/lib'
[0.723s] Level 1:colcon.colcon_core.shell:create_environment_hook('traveler_msgs', 'ld_library_path_lib')
[0.723s] INFO:colcon.colcon_core.shell:Creating environment hook '/home/qianlab/single_turtle_workspace/install/traveler_msgs/share/traveler_msgs/hook/ld_library_path_lib.ps1'
[0.723s] INFO:colcon.colcon_core.shell:Creating environment descriptor '/home/qianlab/single_turtle_workspace/install/traveler_msgs/share/traveler_msgs/hook/ld_library_path_lib.dsv'
[0.724s] INFO:colcon.colcon_core.shell:Creating environment hook '/home/qianlab/single_turtle_workspace/install/traveler_msgs/share/traveler_msgs/hook/ld_library_path_lib.sh'
[0.724s] Level 1:colcon.colcon_core.environment:checking '/home/qianlab/single_turtle_workspace/install/traveler_msgs/bin'
[0.724s] Level 1:colcon.colcon_core.environment:checking '/home/qianlab/single_turtle_workspace/install/traveler_msgs/lib/pkgconfig/traveler_msgs.pc'
[0.724s] Level 1:colcon.colcon_core.environment:checking '/home/qianlab/single_turtle_workspace/install/traveler_msgs/lib/python3.8/site-packages'
[0.725s] Level 1:colcon.colcon_core.shell:create_environment_hook('traveler_msgs', 'pythonpath')
[0.725s] INFO:colcon.colcon_core.shell:Creating environment hook '/home/qianlab/single_turtle_workspace/install/traveler_msgs/share/traveler_msgs/hook/pythonpath.ps1'
[0.725s] INFO:colcon.colcon_core.shell:Creating environment descriptor '/home/qianlab/single_turtle_workspace/install/traveler_msgs/share/traveler_msgs/hook/pythonpath.dsv'
[0.726s] INFO:colcon.colcon_core.shell:Creating environment hook '/home/qianlab/single_turtle_workspace/install/traveler_msgs/share/traveler_msgs/hook/pythonpath.sh'
[0.726s] Level 1:colcon.colcon_core.environment:checking '/home/qianlab/single_turtle_workspace/install/traveler_msgs/bin'
[0.726s] INFO:colcon.colcon_core.shell:Creating package script '/home/qianlab/single_turtle_workspace/install/traveler_msgs/share/traveler_msgs/package.ps1'
[0.727s] INFO:colcon.colcon_core.shell:Creating package descriptor '/home/qianlab/single_turtle_workspace/install/traveler_msgs/share/traveler_msgs/package.dsv'
[0.727s] INFO:colcon.colcon_core.shell:Creating package script '/home/qianlab/single_turtle_workspace/install/traveler_msgs/share/traveler_msgs/package.sh'
[0.728s] INFO:colcon.colcon_core.shell:Creating package script '/home/qianlab/single_turtle_workspace/install/traveler_msgs/share/traveler_msgs/package.bash'
[0.728s] INFO:colcon.colcon_core.shell:Creating package script '/home/qianlab/single_turtle_workspace/install/traveler_msgs/share/traveler_msgs/package.zsh'
[0.729s] Level 1:colcon.colcon_core.environment:create_file_with_runtime_dependencies(/home/qianlab/single_turtle_workspace/install/traveler_msgs/share/colcon-core/packages/traveler_msgs)
[0.729s] INFO:colcon.colcon_ros.task.ament_cmake.build:Building ROS package in '/home/qianlab/single_turtle_workspace/dependencies/traveler_controller' with build type 'ament_cmake'
[0.729s] INFO:colcon.colcon_cmake.task.cmake.build:Building CMake package in '/home/qianlab/single_turtle_workspace/dependencies/traveler_controller'
[0.729s] INFO:colcon.colcon_core.shell:Skip shell extension 'powershell' for command environment: Not usable outside of PowerShell
[0.729s] DEBUG:colcon.colcon_core.shell:Skip shell extension 'dsv' for command environment
[0.740s] DEBUG:colcon.colcon_core.event_handler.log_command:Invoking command in '/home/qianlab/single_turtle_workspace/build/turtle_high_controller': AMENT_PREFIX_PATH=/home/qianlab/single_turtle_workspace/install/traveler_msgs:${AMENT_PREFIX_PATH} CMAKE_PREFIX_PATH=/home/qianlab/single_turtle_workspace/install/traveler_msgs:/home/qianlab/Turtle_workspace/lassie-turtle/install/turtle_high_controller:/home/qianlab/Turtle_workspace/lassie-turtle/install/traveler_msgs:/home/qianlab/Turtle_workspace/install/turtle_high_controller:/home/qianlab/Turtle_workspace/install/traveler_msgs:/home/qianlab/Turtle_workspace/lassie-turtle/install/traveler_optitrack:/home/qianlab/Turtle_workspace/install/traveler_optitrack:/opt/ros/foxy CONDA_PROMPT_MODIFIER=(base) LD_LIBRARY_PATH=/home/qianlab/single_turtle_workspace/install/traveler_msgs/lib:${LD_LIBRARY_PATH} PYTHONPATH=/home/qianlab/single_turtle_workspace/install/traveler_msgs/lib/python3.8/site-packages:${PYTHONPATH} /usr/bin/cmake --build /home/qianlab/single_turtle_workspace/build/turtle_high_controller -- -j12 -l12
[2.876s] DEBUG:colcon.colcon_core.event_handler.log_command:Invoked command in '/home/qianlab/single_turtle_workspace/build/turtle_high_controller' returned '0': AMENT_PREFIX_PATH=/home/qianlab/single_turtle_workspace/install/traveler_msgs:${AMENT_PREFIX_PATH} CMAKE_PREFIX_PATH=/home/qianlab/single_turtle_workspace/install/traveler_msgs:/home/qianlab/Turtle_workspace/lassie-turtle/install/turtle_high_controller:/home/qianlab/Turtle_workspace/lassie-turtle/install/traveler_msgs:/home/qianlab/Turtle_workspace/install/turtle_high_controller:/home/qianlab/Turtle_workspace/install/traveler_msgs:/home/qianlab/Turtle_workspace/lassie-turtle/install/traveler_optitrack:/home/qianlab/Turtle_workspace/install/traveler_optitrack:/opt/ros/foxy CONDA_PROMPT_MODIFIER=(base) LD_LIBRARY_PATH=/home/qianlab/single_turtle_workspace/install/traveler_msgs/lib:${LD_LIBRARY_PATH} PYTHONPATH=/home/qianlab/single_turtle_workspace/install/traveler_msgs/lib/python3.8/site-packages:${PYTHONPATH} /usr/bin/cmake --build /home/qianlab/single_turtle_workspace/build/turtle_high_controller -- -j12 -l12
[2.897s] DEBUG:colcon.colcon_core.event_handler.log_command:Invoking command in '/home/qianlab/single_turtle_workspace/build/turtle_high_controller': AMENT_PREFIX_PATH=/home/qianlab/single_turtle_workspace/install/traveler_msgs:${AMENT_PREFIX_PATH} CMAKE_PREFIX_PATH=/home/qianlab/single_turtle_workspace/install/traveler_msgs:/home/qianlab/Turtle_workspace/lassie-turtle/install/turtle_high_controller:/home/qianlab/Turtle_workspace/lassie-turtle/install/traveler_msgs:/home/qianlab/Turtle_workspace/install/turtle_high_controller:/home/qianlab/Turtle_workspace/install/traveler_msgs:/home/qianlab/Turtle_workspace/lassie-turtle/install/traveler_optitrack:/home/qianlab/Turtle_workspace/install/traveler_optitrack:/opt/ros/foxy CONDA_PROMPT_MODIFIER=(base) LD_LIBRARY_PATH=/home/qianlab/single_turtle_workspace/install/traveler_msgs/lib:${LD_LIBRARY_PATH} PYTHONPATH=/home/qianlab/single_turtle_workspace/install/traveler_msgs/lib/python3.8/site-packages:${PYTHONPATH} /usr/bin/cmake --install /home/qianlab/single_turtle_workspace/build/turtle_high_controller
[2.918s] Level 1:colcon.colcon_core.environment:create_environment_scripts_only(turtle_high_controller)
[2.918s] Level 1:colcon.colcon_core.environment:checking '/home/qianlab/single_turtle_workspace/install/turtle_high_controller' for CMake module files
[2.919s] DEBUG:colcon.colcon_core.event_handler.log_command:Invoked command in '/home/qianlab/single_turtle_workspace/build/turtle_high_controller' returned '0': AMENT_PREFIX_PATH=/home/qianlab/single_turtle_workspace/install/traveler_msgs:${AMENT_PREFIX_PATH} CMAKE_PREFIX_PATH=/home/qianlab/single_turtle_workspace/install/traveler_msgs:/home/qianlab/Turtle_workspace/lassie-turtle/install/turtle_high_controller:/home/qianlab/Turtle_workspace/lassie-turtle/install/traveler_msgs:/home/qianlab/Turtle_workspace/install/turtle_high_controller:/home/qianlab/Turtle_workspace/install/traveler_msgs:/home/qianlab/Turtle_workspace/lassie-turtle/install/traveler_optitrack:/home/qianlab/Turtle_workspace/install/traveler_optitrack:/opt/ros/foxy CONDA_PROMPT_MODIFIER=(base) LD_LIBRARY_PATH=/home/qianlab/single_turtle_workspace/install/traveler_msgs/lib:${LD_LIBRARY_PATH} PYTHONPATH=/home/qianlab/single_turtle_workspace/install/traveler_msgs/lib/python3.8/site-packages:${PYTHONPATH} /usr/bin/cmake --install /home/qianlab/single_turtle_workspace/build/turtle_high_controller
[2.919s] Level 1:colcon.colcon_core.environment:checking '/home/qianlab/single_turtle_workspace/install/turtle_high_controller' for CMake config files
[2.919s] Level 1:colcon.colcon_core.shell:create_environment_hook('turtle_high_controller', 'cmake_prefix_path')
[2.920s] INFO:colcon.colcon_core.shell:Creating environment hook '/home/qianlab/single_turtle_workspace/install/turtle_high_controller/share/turtle_high_controller/hook/cmake_prefix_path.ps1'
[2.920s] INFO:colcon.colcon_core.shell:Creating environment descriptor '/home/qianlab/single_turtle_workspace/install/turtle_high_controller/share/turtle_high_controller/hook/cmake_prefix_path.dsv'
[2.921s] INFO:colcon.colcon_core.shell:Creating environment hook '/home/qianlab/single_turtle_workspace/install/turtle_high_controller/share/turtle_high_controller/hook/cmake_prefix_path.sh'
[2.921s] Level 1:colcon.colcon_core.environment:checking '/home/qianlab/single_turtle_workspace/install/turtle_high_controller/lib'
[2.921s] Level 1:colcon.colcon_core.environment:checking '/home/qianlab/single_turtle_workspace/install/turtle_high_controller/bin'
[2.921s] Level 1:colcon.colcon_core.environment:checking '/home/qianlab/single_turtle_workspace/install/turtle_high_controller/lib/pkgconfig/turtle_high_controller.pc'
[2.922s] Level 1:colcon.colcon_core.environment:checking '/home/qianlab/single_turtle_workspace/install/turtle_high_controller/lib/python3.8/site-packages'
[2.922s] Level 1:colcon.colcon_core.environment:checking '/home/qianlab/single_turtle_workspace/install/turtle_high_controller/bin'
[2.922s] INFO:colcon.colcon_core.shell:Creating package script '/home/qianlab/single_turtle_workspace/install/turtle_high_controller/share/turtle_high_controller/package.ps1'
[2.923s] INFO:colcon.colcon_core.shell:Creating package descriptor '/home/qianlab/single_turtle_workspace/install/turtle_high_controller/share/turtle_high_controller/package.dsv'
[2.923s] INFO:colcon.colcon_core.shell:Creating package script '/home/qianlab/single_turtle_workspace/install/turtle_high_controller/share/turtle_high_controller/package.sh'
[2.923s] INFO:colcon.colcon_core.shell:Creating package script '/home/qianlab/single_turtle_workspace/install/turtle_high_controller/share/turtle_high_controller/package.bash'
[2.924s] INFO:colcon.colcon_core.shell:Creating package script '/home/qianlab/single_turtle_workspace/install/turtle_high_controller/share/turtle_high_controller/package.zsh'
[2.924s] Level 1:colcon.colcon_core.environment:create_file_with_runtime_dependencies(/home/qianlab/single_turtle_workspace/install/turtle_high_controller/share/colcon-core/packages/turtle_high_controller)
[2.947s] Level 1:colcon.colcon_core.environment:create_environment_scripts_only(turtle_high_controller)
[2.947s] Level 1:colcon.colcon_core.environment:checking '/home/qianlab/single_turtle_workspace/install/turtle_high_controller' for CMake module files
[2.948s] Level 1:colcon.colcon_core.environment:checking '/home/qianlab/single_turtle_workspace/install/turtle_high_controller' for CMake config files
[2.948s] Level 1:colcon.colcon_core.shell:create_environment_hook('turtle_high_controller', 'cmake_prefix_path')
[2.948s] INFO:colcon.colcon_core.shell:Creating environment hook '/home/qianlab/single_turtle_workspace/install/turtle_high_controller/share/turtle_high_controller/hook/cmake_prefix_path.ps1'
[2.949s] INFO:colcon.colcon_core.shell:Creating environment descriptor '/home/qianlab/single_turtle_workspace/install/turtle_high_controller/share/turtle_high_controller/hook/cmake_prefix_path.dsv'
[2.949s] INFO:colcon.colcon_core.shell:Creating environment hook '/home/qianlab/single_turtle_workspace/install/turtle_high_controller/share/turtle_high_controller/hook/cmake_prefix_path.sh'
[2.950s] Level 1:colcon.colcon_core.environment:checking '/home/qianlab/single_turtle_workspace/install/turtle_high_controller/lib'
[2.950s] Level 1:colcon.colcon_core.environment:checking '/home/qianlab/single_turtle_workspace/install/turtle_high_controller/bin'
[2.950s] Level 1:colcon.colcon_core.environment:checking '/home/qianlab/single_turtle_workspace/install/turtle_high_controller/lib/pkgconfig/turtle_high_controller.pc'
[2.950s] Level 1:colcon.colcon_core.environment:checking '/home/qianlab/single_turtle_workspace/install/turtle_high_controller/lib/python3.8/site-packages'
[2.950s] Level 1:colcon.colcon_core.environment:checking '/home/qianlab/single_turtle_workspace/install/turtle_high_controller/bin'
[2.951s] INFO:colcon.colcon_core.shell:Creating package script '/home/qianlab/single_turtle_workspace/install/turtle_high_controller/share/turtle_high_controller/package.ps1'
[2.951s] INFO:colcon.colcon_core.shell:Creating package descriptor '/home/qianlab/single_turtle_workspace/install/turtle_high_controller/share/turtle_high_controller/package.dsv'
[2.952s] INFO:colcon.colcon_core.shell:Creating package script '/home/qianlab/single_turtle_workspace/install/turtle_high_controller/share/turtle_high_controller/package.sh'
[2.952s] INFO:colcon.colcon_core.shell:Creating package script '/home/qianlab/single_turtle_workspace/install/turtle_high_controller/share/turtle_high_controller/package.bash'
[2.952s] INFO:colcon.colcon_core.shell:Creating package script '/home/qianlab/single_turtle_workspace/install/turtle_high_controller/share/turtle_high_controller/package.zsh'
[2.953s] Level 1:colcon.colcon_core.environment:create_file_with_runtime_dependencies(/home/qianlab/single_turtle_workspace/install/turtle_high_controller/share/colcon-core/packages/turtle_high_controller)
[2.953s] DEBUG:colcon.colcon_parallel_executor.executor.parallel:closing loop
[2.954s] DEBUG:colcon.colcon_parallel_executor.executor.parallel:loop closed
[2.954s] DEBUG:colcon.colcon_parallel_executor.executor.parallel:run_until_complete finished with '0'
[2.954s] DEBUG:colcon.colcon_core.event_reactor:joining thread
[2.959s] INFO:colcon.colcon_core.plugin_system:Skipping extension 'colcon_notification.desktop_notification.terminal_notifier': Not used on non-Darwin systems
[2.959s] INFO:colcon.colcon_core.plugin_system:Skipping extension 'colcon_notification.desktop_notification.win32': Not used on non-Windows systems
[2.959s] INFO:colcon.colcon_notification.desktop_notification:Sending desktop notification using 'notify2'
[2.971s] DEBUG:colcon.colcon_core.event_reactor:joined thread
[2.971s] INFO:colcon.colcon_core.shell:Creating prefix script '/home/qianlab/single_turtle_workspace/install/local_setup.ps1'
[2.973s] INFO:colcon.colcon_core.shell:Creating prefix util module '/home/qianlab/single_turtle_workspace/install/_local_setup_util_ps1.py'
[2.974s] INFO:colcon.colcon_core.shell:Creating prefix chain script '/home/qianlab/single_turtle_workspace/install/setup.ps1'
[2.976s] INFO:colcon.colcon_core.shell:Creating prefix script '/home/qianlab/single_turtle_workspace/install/local_setup.sh'
[2.976s] INFO:colcon.colcon_core.shell:Creating prefix util module '/home/qianlab/single_turtle_workspace/install/_local_setup_util_sh.py'
[2.977s] INFO:colcon.colcon_core.shell:Creating prefix chain script '/home/qianlab/single_turtle_workspace/install/setup.sh'
[2.977s] INFO:colcon.colcon_core.shell:Creating prefix script '/home/qianlab/single_turtle_workspace/install/local_setup.bash'
[2.978s] INFO:colcon.colcon_core.shell:Creating prefix chain script '/home/qianlab/single_turtle_workspace/install/setup.bash'
[2.978s] INFO:colcon.colcon_core.shell:Creating prefix script '/home/qianlab/single_turtle_workspace/install/local_setup.zsh'
[2.979s] INFO:colcon.colcon_core.shell:Creating prefix chain script '/home/qianlab/single_turtle_workspace/install/setup.zsh'
