[01m[K/home/qianlab/single_turtle_workspace/dependencies/traveler_controller/src/controller/Inverse_kinematics.cpp:[m[K In function ‘[01m[Kvoid fixed_insertion_depth_gait_lower_point_version_3_analytic_solution(turtle&, float)[m[K’:
[01m[K/home/qianlab/single_turtle_workspace/dependencies/traveler_controller/src/controller/Inverse_kinematics.cpp:82:9:[m[K [01;31m[Kerror: [m[K‘[01m[Kcorres_t[m[K’ was not declared in this scope
   82 |         [01;31m[Kcorres_t[m[K = t_mod / rectangle_params.period_up;
      |         [01;31m[K^~~~~~~~[m[K
[01m[K/home/qianlab/single_turtle_workspace/dependencies/traveler_controller/src/controller/Inverse_kinematics.cpp:83:18:[m[K [01;31m[Kerror: [m[K‘[01m[Kleft_hori_servo[m[K’ was not declared in this scope
   83 |         gamma1 = [01;31m[Kleft_hori_servo[m[K + extraction_angle;
      |                  [01;31m[K^~~~~~~~~~~~~~~[m[K
[01m[K/home/qianlab/single_turtle_workspace/dependencies/traveler_controller/src/controller/Inverse_kinematics.cpp:83:36:[m[K [01;31m[Kerror: [m[K‘[01m[Kextraction_angle[m[K’ was not declared in this scope
   83 |         gamma1 = left_hori_servo + [01;31m[Kextraction_angle[m[K;
      |                                    [01;31m[K^~~~~~~~~~~~~~~~[m[K
[01m[K/home/qianlab/single_turtle_workspace/dependencies/traveler_controller/src/controller/Inverse_kinematics.cpp:85:18:[m[K [01;31m[Kerror: [m[K‘[01m[Kright_hori_servo[m[K’ was not declared in this scope
   85 |         gamma2 = [01;31m[Kright_hori_servo[m[K - extraction_angle;
      |                  [01;31m[K^~~~~~~~~~~~~~~~[m[K
[01m[K/home/qianlab/single_turtle_workspace/dependencies/traveler_controller/src/controller/Inverse_kinematics.cpp:91:9:[m[K [01;31m[Kerror: [m[K‘[01m[Kcorres_t[m[K’ was not declared in this scope
   91 |         [01;31m[Kcorres_t[m[K = (t_mod - rectangle_params.period_up) / rectangle_params.period_right;
      |         [01;31m[K^~~~~~~~[m[K
[01m[K/home/qianlab/single_turtle_workspace/dependencies/traveler_controller/src/controller/Inverse_kinematics.cpp:93:18:[m[K [01;31m[Kerror: [m[K‘[01m[Kleft_hori_servo[m[K’ was not declared in this scope
   93 |         gamma1 = [01;31m[Kleft_hori_servo[m[K + extraction_angle - (initial_insertion_depth_rad * 180 / M_PI + extraction_angle) * corres_t;
      |                  [01;31m[K^~~~~~~~~~~~~~~[m[K
[01m[K/home/qianlab/single_turtle_workspace/dependencies/traveler_controller/src/controller/Inverse_kinematics.cpp:93:36:[m[K [01;31m[Kerror: [m[K‘[01m[Kextraction_angle[m[K’ was not declared in this scope
   93 |         gamma1 = left_hori_servo + [01;31m[Kextraction_angle[m[K - (initial_insertion_depth_rad * 180 / M_PI + extraction_angle) * corres_t;
      |                                    [01;31m[K^~~~~~~~~~~~~~~~[m[K
[01m[K/home/qianlab/single_turtle_workspace/dependencies/traveler_controller/src/controller/Inverse_kinematics.cpp:95:18:[m[K [01;31m[Kerror: [m[K‘[01m[Kright_hori_servo[m[K’ was not declared in this scope
   95 |         gamma2 = [01;31m[Kright_hori_servo[m[K - extraction_angle + (initial_insertion_depth_rad * 180 / M_PI + extraction_angle) * corres_t;
      |                  [01;31m[K^~~~~~~~~~~~~~~~[m[K
[01m[K/home/qianlab/single_turtle_workspace/dependencies/traveler_controller/src/controller/Inverse_kinematics.cpp:101:18:[m[K [01;31m[Kerror: [m[K‘[01m[Kleft_hori_servo[m[K’ was not declared in this scope
  101 |         gamma1 = [01;31m[Kleft_hori_servo[m[K + extraction_angle - (initial_insertion_depth_rad * 180 / M_PI + extraction_angle);
      |                  [01;31m[K^~~~~~~~~~~~~~~[m[K
[01m[K/home/qianlab/single_turtle_workspace/dependencies/traveler_controller/src/controller/Inverse_kinematics.cpp:101:36:[m[K [01;31m[Kerror: [m[K‘[01m[Kextraction_angle[m[K’ was not declared in this scope
  101 |         gamma1 = left_hori_servo + [01;31m[Kextraction_angle[m[K - (initial_insertion_depth_rad * 180 / M_PI + extraction_angle);
      |                                    [01;31m[K^~~~~~~~~~~~~~~~[m[K
[01m[K/home/qianlab/single_turtle_workspace/dependencies/traveler_controller/src/controller/Inverse_kinematics.cpp:103:18:[m[K [01;31m[Kerror: [m[K‘[01m[Kright_hori_servo[m[K’ was not declared in this scope
  103 |         gamma2 = [01;31m[Kright_hori_servo[m[K - extraction_angle + (initial_insertion_depth_rad * 180 / M_PI + extraction_angle);
      |                  [01;31m[K^~~~~~~~~~~~~~~~[m[K
[01m[K/home/qianlab/single_turtle_workspace/dependencies/traveler_controller/src/controller/Inverse_kinematics.cpp:109:9:[m[K [01;31m[Kerror: [m[K‘[01m[Kcorres_t[m[K’ was not declared in this scope
  109 |         [01;31m[Kcorres_t[m[K = (t_mod - rectangle_params.period_up - rectangle_params.period_right - hold_time_1) / rectangle_params.period_down;
      |         [01;31m[K^~~~~~~~[m[K
[01m[K/home/qianlab/single_turtle_workspace/dependencies/traveler_controller/src/controller/Inverse_kinematics.cpp:111:18:[m[K [01;31m[Kerror: [m[K‘[01m[Kleft_hori_servo[m[K’ was not declared in this scope
  111 |         gamma1 = [01;31m[Kleft_hori_servo[m[K - (asin((desierd_insertion_depth + turtle_height) / sqrt((l1 * cos(-theta1 * M_PI / 180)) * (l1 * cos(-theta1 * M_PI / 180)) + lower_point * lower_point)) - atan(lower_point / (l1 * cos(-theta1 * M_PI / 180)))) * 180 / M_PI;
      |                  [01;31m[K^~~~~~~~~~~~~~~[m[K
[01m[K/home/qianlab/single_turtle_workspace/dependencies/traveler_controller/src/controller/Inverse_kinematics.cpp:113:18:[m[K [01;31m[Kerror: [m[K‘[01m[Kright_hori_servo[m[K’ was not declared in this scope
  113 |         gamma2 = [01;31m[Kright_hori_servo[m[K + (asin((desierd_insertion_depth + turtle_height) / sqrt((l1 * cos(-theta1 * M_PI / 180)) * (l1 * cos(-theta1 * M_PI / 180)) + lower_point * lower_point)) - atan(lower_point / (l1 * cos(-theta1 * M_PI / 180)))) * 180 / M_PI;
      |                  [01;31m[K^~~~~~~~~~~~~~~~[m[K
[01m[K/home/qianlab/single_turtle_workspace/dependencies/traveler_controller/src/controller/Inverse_kinematics.cpp:120:18:[m[K [01;31m[Kerror: [m[K‘[01m[Kleft_hori_servo[m[K’ was not declared in this scope
  120 |         gamma1 = [01;31m[Kleft_hori_servo[m[K - (asin((desierd_insertion_depth + turtle_height) / sqrt((l1 * cos(-theta1 * M_PI / 180)) * (l1 * cos(-theta1 * M_PI / 180)) + lower_point * lower_point)) - atan(lower_point / (l1 * cos(-theta1 * M_PI / 180)))) * 180 / M_PI;
      |                  [01;31m[K^~~~~~~~~~~~~~~[m[K
[01m[K/home/qianlab/single_turtle_workspace/dependencies/traveler_controller/src/controller/Inverse_kinematics.cpp:122:18:[m[K [01;31m[Kerror: [m[K‘[01m[Kright_hori_servo[m[K’ was not declared in this scope
  122 |         gamma2 = [01;31m[Kright_hori_servo[m[K + (asin((desierd_insertion_depth + turtle_height) / sqrt((l1 * cos(-theta1 * M_PI / 180)) * (l1 * cos(-theta1 * M_PI / 180)) + lower_point * lower_point)) - atan(lower_point / (l1 * cos(-theta1 * M_PI / 180)))) * 180 / M_PI;
      |                  [01;31m[K^~~~~~~~~~~~~~~~[m[K
[01m[K/home/qianlab/single_turtle_workspace/dependencies/traveler_controller/src/controller/Inverse_kinematics.cpp:127:9:[m[K [01;31m[Kerror: [m[K‘[01m[Kcorres_t[m[K’ was not declared in this scope
  127 |         [01;31m[Kcorres_t[m[K = (t_mod - rectangle_params.period_up - rectangle_params.period_right - hold_time_1 - rectangle_params.period_down - hold_time_2) / rectangle_params.period_left;
      |         [01;31m[K^~~~~~~~[m[K
[01m[K/home/qianlab/single_turtle_workspace/dependencies/traveler_controller/src/controller/Inverse_kinematics.cpp:129:18:[m[K [01;31m[Kerror: [m[K‘[01m[Kleft_hori_servo[m[K’ was not declared in this scope
  129 |         gamma1 = [01;31m[Kleft_hori_servo[m[K - (initial_insertion_depth_rad * 180 / M_PI) + (initial_insertion_depth_rad * 180 / M_PI + extraction_angle) * corres_t;
      |                  [01;31m[K^~~~~~~~~~~~~~~[m[K
[01m[K/home/qianlab/single_turtle_workspace/dependencies/traveler_controller/src/controller/Inverse_kinematics.cpp:129:125:[m[K [01;31m[Kerror: [m[K‘[01m[Kextraction_angle[m[K’ was not declared in this scope
  129 |         gamma1 = left_hori_servo - (initial_insertion_depth_rad * 180 / M_PI) + (initial_insertion_depth_rad * 180 / M_PI + [01;31m[Kextraction_angle[m[K) * corres_t;
      |                                                                                                                             [01;31m[K^~~~~~~~~~~~~~~~[m[K
[01m[K/home/qianlab/single_turtle_workspace/dependencies/traveler_controller/src/controller/Inverse_kinematics.cpp:131:18:[m[K [01;31m[Kerror: [m[K‘[01m[Kright_hori_servo[m[K’ was not declared in this scope
  131 |         gamma2 = [01;31m[Kright_hori_servo[m[K + (initial_insertion_depth_rad * 180 / M_PI) - (initial_insertion_depth_rad * 180 / M_PI + extraction_angle) * corres_t;
      |                  [01;31m[K^~~~~~~~~~~~~~~~[m[K
[01m[K/home/qianlab/single_turtle_workspace/dependencies/traveler_controller/src/controller/Inverse_kinematics.cpp:142:1:[m[K [01;31m[Kerror: [m[Kexpected primary-expression before ‘[01m[K}[m[K’ token
  142 | [01;31m[K}[m[K
      | [01;31m[K^[m[K
[01m[K/home/qianlab/single_turtle_workspace/dependencies/traveler_controller/src/controller/Inverse_kinematics.cpp:72:12:[m[K [01;35m[Kwarning: [m[Kunused variable ‘[01m[Kinitial_insertion_depth_deg[m[K’ [[01;35m[K-Wunused-variable[m[K]
   72 |     double [01;35m[Kinitial_insertion_depth_deg[m[K = initial_insertion_depth_rad * 180 / M_PI;
      |            [01;35m[K^~~~~~~~~~~~~~~~~~~~~~~~~~~[m[K
make[2]: *** [CMakeFiles/turtle_high_controller.dir/build.make:76: CMakeFiles/turtle_high_controller.dir/src/controller/Inverse_kinematics.cpp.o] Error 1
make[1]: *** [CMakeFiles/Makefile2:107: CMakeFiles/turtle_high_controller.dir/all] Error 2
make: *** [Makefile:141: all] Error 2
