[35m[1mScanning dependencies of target turtle_high_controller[0m
[ 35%] Built target odrive_can_interface
[ 42%] [32mBuilding CXX object CMakeFiles/turtle_high_controller.dir/src/main.cpp.o[0m
[ 50%] [32mBuilding CXX object CMakeFiles/turtle_high_controller.dir/src/controller/trajectories_parser.cpp.o[0m
[01m[K/home/qianlab/single_turtle_workspace/dependencies/traveler_controller/src/controller/trajectories_parser.cpp:26:13:[m[K [01;31m[Kerror: [m[Kno declaration matches ‘[01m[Kvoid turtle_namespace::control::TrajectoriesParser::init()[m[K’
   26 |        void [01;31m[KTrajectoriesParser[m[K::init() {
      |             [01;31m[K^~~~~~~~~~~~~~~~~~[m[K
[01m[K/home/qianlab/single_turtle_workspace/dependencies/traveler_controller/src/controller/trajectories_parser.cpp:26:13:[m[K [01;36m[Knote: [m[Kno functions named ‘[01m[Kvoid turtle_namespace::control::TrajectoriesParser::init()[m[K’
In file included from [01m[K/home/qianlab/single_turtle_workspace/dependencies/traveler_controller/src/controller/trajectories_parser.cpp:1[m[K:
[01m[K/home/qianlab/single_turtle_workspace/dependencies/traveler_controller/include/controller/trajectories_parser.h:13:7:[m[K [01;36m[Knote: [m[K‘[01m[Kclass turtle_namespace::control::TrajectoriesParser[m[K’ defined here
   13 | class [01;36m[KTrajectoriesParser[m[K
      |       [01;36m[K^~~~~~~~~~~~~~~~~~[m[K
[01m[K/home/qianlab/single_turtle_workspace/dependencies/traveler_controller/src/controller/trajectories_parser.cpp:[m[K In member function ‘[01m[Kbool turtle_namespace::control::TrajectoriesParser::waypointTrajectory(turtle&)[m[K’:
[01m[K/home/qianlab/single_turtle_workspace/dependencies/traveler_controller/src/controller/trajectories_parser.cpp:38:16:[m[K [01;31m[Kerror: [m[K‘[01m[Kwaypoint_state_[m[K’ was not declared in this scope; did you mean ‘[01m[Kwaypoints_[m[K’?
   38 |                [01;31m[Kwaypoint_state_[m[K = 0;
      |                [01;31m[K^~~~~~~~~~~~~~~[m[K
      |                [32m[Kwaypoints_[m[K
[01m[K/home/qianlab/single_turtle_workspace/dependencies/traveler_controller/src/controller/trajectories_parser.cpp:39:16:[m[K [01;31m[Kerror: [m[K‘[01m[Kstate_flag_[m[K’ was not declared in this scope
   39 |                [01;31m[Kstate_flag_[m[K = 0;
      |                [01;31m[K^~~~~~~~~~~[m[K
[01m[K/home/qianlab/single_turtle_workspace/dependencies/traveler_controller/src/controller/trajectories_parser.cpp:66:20:[m[K [01;31m[Kerror: [m[K‘[01m[Kstate_flag_[m[K’ was not declared in this scope
   66 |                    [01;31m[Kstate_flag_[m[K = waypoint_index_; // to let us know in the data what waypoint we are going to
      |                    [01;31m[K^~~~~~~~~~~[m[K
[01m[K/home/qianlab/single_turtle_workspace/dependencies/traveler_controller/src/controller/trajectories_parser.cpp:76:20:[m[K [01;31m[Kerror: [m[K‘[01m[Kstate_flag_[m[K’ was not declared in this scope
   76 |                    [01;31m[Kstate_flag_[m[K = waypoint_index_; // to let us know in the data what waypoint we are going to
      |                    [01;31m[K^~~~~~~~~~~[m[K
[01m[K/home/qianlab/single_turtle_workspace/dependencies/traveler_controller/src/controller/trajectories_parser.cpp:78:40:[m[K [01;35m[Kwarning: [m[Kcomparison of integer expressions of different signedness: ‘[01m[Kint[m[K’ and ‘[01m[Kstd::vector<Waypoint>::size_type[m[K’ {aka ‘[01m[Klong unsigned int[m[K’} [[01;35m[K-Wsign-compare[m[K]
   78 |                    if ([01;35m[Kwaypoint_index_ < waypoints_.size()[m[K) {
      |                        [01;35m[K~~~~~~~~~~~~~~~~^~~~~~~~~~~~~~~~~~~[m[K
[01m[K/home/qianlab/single_turtle_workspace/dependencies/traveler_controller/src/controller/trajectories_parser.cpp:[m[K In member function ‘[01m[Kbool turtle_namespace::control::TrajectoriesParser::processWaypoint(turtle&)[m[K’:
[01m[K/home/qianlab/single_turtle_workspace/dependencies/traveler_controller/src/controller/trajectories_parser.cpp:103:19:[m[K [01;31m[Kerror: [m[K‘[01m[Kwaypoint_state_[m[K’ was not declared in this scope; did you mean ‘[01m[Kwaypoints_[m[K’?
  103 |            switch([01;31m[Kwaypoint_state_[m[K) {
      |                   [01;31m[K^~~~~~~~~~~~~~~[m[K
      |                   [32m[Kwaypoints_[m[K
[01m[K/home/qianlab/single_turtle_workspace/dependencies/traveler_controller/src/controller/trajectories_parser.cpp:127:103:[m[K [01;31m[Kerror: [m[K‘[01m[Kgamma2[m[K’ was not declared in this scope; did you mean ‘[01m[Kgamma_[m[K’?
  127 |                    if (linearTraj(t_, curr_waypoint_.vel, prev_waypoint_.point, curr_waypoint_.point, [01;31m[Kgamma2[m[K, theta2))
      |                                                                                                       [01;31m[K^~~~~~[m[K
      |                                                                                                       [32m[Kgamma_[m[K
[01m[K/home/qianlab/single_turtle_workspace/dependencies/traveler_controller/src/controller/trajectories_parser.cpp:127:111:[m[K [01;31m[Kerror: [m[K‘[01m[Ktheta2[m[K’ was not declared in this scope; did you mean ‘[01m[Ktheta_[m[K’?
  127 |                    if (linearTraj(t_, curr_waypoint_.vel, prev_waypoint_.point, curr_waypoint_.point, gamma2, [01;31m[Ktheta2[m[K))
      |                                                                                                               [01;31m[K^~~~~~[m[K
      |                                                                                                               [32m[Ktheta_[m[K
[01m[K/home/qianlab/single_turtle_workspace/dependencies/traveler_controller/src/controller/trajectories_parser.cpp:137:101:[m[K [01;31m[Kerror: [m[K‘[01m[Kgamma2[m[K’ was not declared in this scope; did you mean ‘[01m[Kgamma_[m[K’?
  137 |                    turtle.turtle_control.right_adduction.set_input_position_radian.input_position = [01;31m[Kgamma2[m[K;
      |                                                                                                     [01;31m[K^~~~~~[m[K
      |                                                                                                     [32m[Kgamma_[m[K
[01m[K/home/qianlab/single_turtle_workspace/dependencies/traveler_controller/src/controller/trajectories_parser.cpp:138:100:[m[K [01;31m[Kerror: [m[K‘[01m[Ktheta2[m[K’ was not declared in this scope; did you mean ‘[01m[Ktheta_[m[K’?
  138 |                    turtle.turtle_control.right_sweeping.set_input_position_radian.input_position = [01;31m[Ktheta2[m[K;
      |                                                                                                    [01;31m[K^~~~~~[m[K
      |                                                                                                    [32m[Ktheta_[m[K
[01m[K/home/qianlab/single_turtle_workspace/dependencies/traveler_controller/src/controller/trajectories_parser.cpp:140:20:[m[K [01;31m[Kerror: [m[K‘[01m[Kturtle_[m[K’ was not declared in this scope; did you mean ‘[01m[Kturtle[m[K’?
  140 |                    [01;31m[Kturtle_[m[K.turtle_control.right_adduction.set_input_position_radian.input_position = -gamma2 / 2(M_PI);
      |                    [01;31m[K^~~~~~~[m[K
      |                    [32m[Kturtle[m[K
[01m[K/home/qianlab/single_turtle_workspace/dependencies/traveler_controller/src/controller/trajectories_parser.cpp:140:118:[m[K [01;31m[Kerror: [m[Kexpression cannot be used as a function
  140 |                    turtle_.turtle_control.right_adduction.set_input_position_radian.input_position = -gamma2 / 2(M_PI[01;31m[K)[m[K;
      |                                                                                                                      [01;31m[K^[m[K
[01m[K/home/qianlab/single_turtle_workspace/dependencies/traveler_controller/src/controller/trajectories_parser.cpp:141:117:[m[K [01;31m[Kerror: [m[Kexpression cannot be used as a function
  141 |                    turtle_.turtle_control.right_sweeping.set_input_position_radian.input_position = -theta2 / 2(M_PI[01;31m[K)[m[K;
      |                                                                                                                     [01;31m[K^[m[K
[01m[K/home/qianlab/single_turtle_workspace/dependencies/traveler_controller/src/controller/trajectories_parser.cpp:[m[K In member function ‘[01m[Kvoid turtle_namespace::control::TrajectoriesParser::generateWaypoints(turtle&)[m[K’:
[01m[K/home/qianlab/single_turtle_workspace/dependencies/traveler_controller/src/controller/trajectories_parser.cpp:196:30:[m[K [01;35m[Kwarning: [m[Kcomparison of integer expressions of different signedness: ‘[01m[Kint[m[K’ and ‘[01m[Kstd::vector<Waypoint>::size_type[m[K’ {aka ‘[01m[Klong unsigned int[m[K’} [[01;35m[K-Wsign-compare[m[K]
  196 |            for (int i = 0; [01;35m[Ki < waypoints_.size()[m[K; i++) {
      |                            [01;35m[K~~^~~~~~~~~~~~~~~~~~~[m[K
[01m[K/home/qianlab/single_turtle_workspace/dependencies/traveler_controller/src/controller/trajectories_parser.cpp:180:16:[m[K [01;35m[Kwarning: [m[Kunused variable ‘[01m[Ktrajectory[m[K’ [[01;35m[K-Wunused-variable[m[K]
  180 |            int [01;35m[Ktrajectory[m[K = turtle.turtle_gui.drag_traj;
      |                [01;35m[K^~~~~~~~~~[m[K
[01m[K/home/qianlab/single_turtle_workspace/dependencies/traveler_controller/src/controller/trajectories_parser.cpp:[m[K In member function ‘[01m[Kvoid turtle_namespace::control::TrajectoriesParser::generateTempTraj(turtle&)[m[K’:
[01m[K/home/qianlab/single_turtle_workspace/dependencies/traveler_controller/src/controller/trajectories_parser.cpp:228:12:[m[K [01;31m[Kerror: [m[K‘[01m[Kprev_toe_pos[m[K’ was not declared in this scope
  228 |            [01;31m[Kprev_toe_pos[m[K = curr_toe_pos;
      |            [01;31m[K^~~~~~~~~~~~[m[K
[01m[K/home/qianlab/single_turtle_workspace/dependencies/traveler_controller/src/controller/trajectories_parser.cpp:228:27:[m[K [01;31m[Kerror: [m[K‘[01m[Kcurr_toe_pos[m[K’ was not declared in this scope
  228 |            prev_toe_pos = [01;31m[Kcurr_toe_pos[m[K;
      |                           [01;31m[K^~~~~~~~~~~~[m[K
[01m[K/home/qianlab/single_turtle_workspace/dependencies/traveler_controller/src/controller/trajectories_parser.cpp:231:12:[m[K [01;31m[Kerror: [m[K‘[01m[KMove_Dist[m[K’ was not declared in this scope
  231 |            [01;31m[KMove_Dist[m[K = distance(prev_toe_pos, curr_toe_pos);
      |            [01;31m[K^~~~~~~~~[m[K
[01m[K/home/qianlab/single_turtle_workspace/dependencies/traveler_controller/src/controller/trajectories_parser.cpp:245:16:[m[K [01;31m[Kerror: [m[K‘[01m[Kclock1_start_[m[K’ was not declared in this scope; did you mean ‘[01m[Kclock_start_[m[K’?
  245 |                [01;31m[Kclock1_start_[m[K = chrono::steady_clock::now();
      |                [01;31m[K^~~~~~~~~~~~~[m[K
      |                [32m[Kclock_start_[m[K
[01m[K/home/qianlab/single_turtle_workspace/dependencies/traveler_controller/src/controller/trajectories_parser.cpp:246:16:[m[K [01;31m[Kerror: [m[K‘[01m[Kclock2_start_[m[K’ was not declared in this scope; did you mean ‘[01m[Kclock_start_[m[K’?
  246 |                [01;31m[Kclock2_start_[m[K = chrono::steady_clock::now();
      |                [01;31m[K^~~~~~~~~~~~~[m[K
      |                [32m[Kclock_start_[m[K
[01m[K/home/qianlab/single_turtle_workspace/dependencies/traveler_controller/src/controller/trajectories_parser.cpp:251:16:[m[K [01;31m[Kerror: [m[K‘[01m[KGTP_first_iteration[m[K’ was not declared in this scope; did you mean ‘[01m[Kfirst_iteration[m[K’?
  251 |                [01;31m[KGTP_first_iteration[m[K = true;
      |                [01;31m[K^~~~~~~~~~~~~~~~~~~[m[K
      |                [32m[Kfirst_iteration[m[K
[01m[K/home/qianlab/single_turtle_workspace/dependencies/traveler_controller/src/controller/trajectories_parser.cpp:252:16:[m[K [01;31m[Kerror: [m[K‘[01m[KtraverseParams[m[K’ was not declared in this scope
  252 |                [01;31m[KtraverseParams[m[K.run = true;
      |                [01;31m[K^~~~~~~~~~~~~~[m[K
[01m[K/home/qianlab/single_turtle_workspace/dependencies/traveler_controller/src/controller/trajectories_parser.cpp:253:16:[m[K [01;31m[Kerror: [m[K‘[01m[Krun_[m[K’ was not declared in this scope
  253 |                [01;31m[Krun_[m[K = true;
      |                [01;31m[K^~~~[m[K
[01m[K/home/qianlab/single_turtle_workspace/dependencies/traveler_controller/src/controller/trajectories_parser.cpp:254:16:[m[K [01;31m[Kerror: [m[K‘[01m[Kstate_flag_[m[K’ was not declared in this scope
  254 |                [01;31m[Kstate_flag_[m[K = 0;
      |                [01;31m[K^~~~~~~~~~~[m[K
[01m[K/home/qianlab/single_turtle_workspace/dependencies/traveler_controller/src/controller/trajectories_parser.cpp:255:16:[m[K [01;31m[Kerror: [m[K‘[01m[KPene_state[m[K’ was not declared in this scope; did you mean ‘[01m[Ksetstate[m[K’?
  255 |                [01;31m[KPene_state[m[K = 0;
      |                [01;31m[K^~~~~~~~~~[m[K
      |                [32m[Ksetstate[m[K
[01m[K/home/qianlab/single_turtle_workspace/dependencies/traveler_controller/src/controller/trajectories_parser.cpp:256:16:[m[K [01;31m[Kerror: [m[K‘[01m[KWT_state[m[K’ was not declared in this scope
  256 |                [01;31m[KWT_state[m[K = 0;
      |                [01;31m[K^~~~~~~~[m[K
[01m[K/home/qianlab/single_turtle_workspace/dependencies/traveler_controller/src/controller/trajectories_parser.cpp:257:16:[m[K [01;31m[Kerror: [m[K‘[01m[Kps[m[K’ was not declared in this scope
  257 |                [01;31m[Kps[m[K.first_iteration = true;
      |                [01;31m[K^~[m[K
[01m[K/home/qianlab/single_turtle_workspace/dependencies/traveler_controller/src/controller/trajectories_parser.cpp:258:16:[m[K [01;31m[Kerror: [m[K‘[01m[Kdg[m[K’ was not declared in this scope
  258 |                [01;31m[Kdg[m[K.first_iteration = true;
      |                [01;31m[K^~[m[K
[01m[K/home/qianlab/single_turtle_workspace/dependencies/traveler_controller/src/controller/trajectories_parser.cpp:260:16:[m[K [01;31m[Kerror: [m[K‘[01m[KE_STOP[m[K’ was not declared in this scope
  260 |                [01;31m[KE_STOP[m[K = false;
      |                [01;31m[K^~~~~~[m[K
[01m[K/home/qianlab/single_turtle_workspace/dependencies/traveler_controller/src/controller/trajectories_parser.cpp:263:20:[m[K [01;31m[Kerror: [m[K‘[01m[KE_STOP[m[K’ was not declared in this scope
  263 |                if ([01;31m[KE_STOP[m[K) {
      |                    [01;31m[K^~~~~~[m[K
[01m[K/home/qianlab/single_turtle_workspace/dependencies/traveler_controller/src/controller/trajectories_parser.cpp:217:16:[m[K [01;35m[Kwarning: [m[Kunused variable ‘[01m[Ktrajectory[m[K’ [[01;35m[K-Wunused-variable[m[K]
  217 |            int [01;35m[Ktrajectory[m[K = turtle.turtle_gui.drag_traj;
      |                [01;35m[K^~~~~~~~~~[m[K
make[2]: *** [CMakeFiles/turtle_high_controller.dir/build.make:89: CMakeFiles/turtle_high_controller.dir/src/controller/trajectories_parser.cpp.o] Error 1
make[2]: *** Waiting for unfinished jobs....
make[1]: *** [CMakeFiles/Makefile2:107: CMakeFiles/turtle_high_controller.dir/all] Error 2
make: *** [Makefile:141: all] Error 2
