[0.009s] Invoking command in '/home/qianlab/single_turtle_workspace/build/turtle_high_controller': AMENT_PREFIX_PATH=/home/qianlab/single_turtle_workspace/install/traveler_msgs:${AMENT_PREFIX_PATH} CMAKE_PREFIX_PATH=/home/qianlab/single_turtle_workspace/install/traveler_msgs:/home/qianlab/lassie-traveler/dependencies/install/traveler_high_controller:/home/qianlab/lassie-traveler/dependencies/install/traveler_msgs:/opt/ros/foxy LD_LIBRARY_PATH=/home/qianlab/single_turtle_workspace/install/traveler_msgs/lib:${LD_LIBRARY_PATH} PYTHONPATH=/home/qianlab/single_turtle_workspace/install/traveler_msgs/lib/python3.8/site-packages:${PYTHONPATH} /usr/bin/cmake --build /home/qianlab/single_turtle_workspace/build/turtle_high_controller -- -j12 -l12
[0.053s] [35m[1mScanning dependencies of target turtle_high_controller[0m
[0.062s] [ 35%] Built target odrive_can_interface
[0.081s] [ 42%] [32mBuilding CXX object CMakeFiles/turtle_high_controller.dir/src/controller/trajectories_parser.cpp.o[0m
[0.375s] [01m[K/home/qianlab/single_turtle_workspace/dependencies/traveler_controller/src/controller/trajectories_parser.cpp:[m[K In member function ‘[01m[Kvoid turtle_namespace::control::TrajectoriesParser::generateWaypoints(turtle&)[m[K’:
[0.375s] [01m[K/home/qianlab/single_turtle_workspace/dependencies/traveler_controller/src/controller/trajectories_parser.cpp:22:9:[m[K [01;35m[Kwarning: [m[Kunused variable ‘[01m[Ktrajectory[m[K’ [[01;35m[K-Wunused-variable[m[K]
[0.375s]    22 |     int [01;35m[Ktrajectory[m[K = turtle.turtle_gui.drag_traj;
[0.376s]       |         [01;35m[K^~~~~~~~~~[m[K
[0.376s] [01m[K/home/qianlab/single_turtle_workspace/dependencies/traveler_controller/src/controller/trajectories_parser.cpp:[m[K In member function ‘[01m[Kbool turtle_namespace::control::TrajectoriesParser::processWaypoint(turtle&)[m[K’:
[0.377s] [01m[K/home/qianlab/single_turtle_workspace/dependencies/traveler_controller/src/controller/trajectories_parser.cpp:40:22:[m[K [01;31m[Kerror: [m[Kswitch quantity not an integer
[0.377s]    40 |     switch(waypoints_[01;31m[K)[m[K {
[0.377s]       |                      [01;31m[K^[m[K
[0.378s] [01m[K/home/qianlab/single_turtle_workspace/dependencies/traveler_controller/src/controller/trajectories_parser.cpp:46:1:[m[K [01;31m[Kerror: [m[K‘[01m[Kwaypoint_state[m[K’ was not declared in this scope; did you mean ‘[01m[Kwaypoints_[m[K’?
[0.378s]    46 | [01;31m[Kwaypoint_state[m[K
[0.378s]       | [01;31m[K^~~~~~~~~~~~~~[m[K
[0.378s]       | [32m[Kwaypoints_[m[K
[0.379s] [01m[K/home/qianlab/single_turtle_workspace/dependencies/traveler_controller/src/controller/trajectories_parser.cpp:57:13:[m[K [01;31m[Kerror: [m[K‘[01m[Kwaypoint_state_[m[K’ was not declared in this scope; did you mean ‘[01m[Kwaypoints_[m[K’?
[0.379s]    57 |             [01;31m[Kwaypoint_state_[m[K++; // increment state
[0.379s]       |             [01;31m[K^~~~~~~~~~~~~~~[m[K
[0.379s]       |             [32m[Kwaypoints_[m[K
[0.379s] [01m[K/home/qianlab/single_turtle_workspace/dependencies/traveler_controller/src/controller/trajectories_parser.cpp:73:110:[m[K [01;31m[Kerror: [m[Kexpression cannot be used as a function
[0.379s]    73 |             turtle.turtle_control.right_adduction.set_input_position_radian.input_position = -gamma_ / 2(M_PI[01;31m[K)[m[K;
[0.379s]       |                                                                                                              [01;31m[K^[m[K
[0.379s] [01m[K/home/qianlab/single_turtle_workspace/dependencies/traveler_controller/src/controller/trajectories_parser.cpp:74:109:[m[K [01;31m[Kerror: [m[Kexpression cannot be used as a function
[0.379s]    74 |             turtle.turtle_control.right_sweeping.set_input_position_radian.input_position = -theta_ / 2(M_PI[01;31m[K)[m[K;
[0.379s]       |                                                                                                             [01;31m[K^[m[K
[0.412s] make[2]: *** [CMakeFiles/turtle_high_controller.dir/build.make:89: CMakeFiles/turtle_high_controller.dir/src/controller/trajectories_parser.cpp.o] Error 1
[0.412s] make[1]: *** [CMakeFiles/Makefile2:107: CMakeFiles/turtle_high_controller.dir/all] Error 2
[0.412s] make: *** [Makefile:141: all] Error 2
[0.415s] Invoked command in '/home/qianlab/single_turtle_workspace/build/turtle_high_controller' returned '2': AMENT_PREFIX_PATH=/home/qianlab/single_turtle_workspace/install/traveler_msgs:${AMENT_PREFIX_PATH} CMAKE_PREFIX_PATH=/home/qianlab/single_turtle_workspace/install/traveler_msgs:/home/qianlab/lassie-traveler/dependencies/install/traveler_high_controller:/home/qianlab/lassie-traveler/dependencies/install/traveler_msgs:/opt/ros/foxy LD_LIBRARY_PATH=/home/qianlab/single_turtle_workspace/install/traveler_msgs/lib:${LD_LIBRARY_PATH} PYTHONPATH=/home/qianlab/single_turtle_workspace/install/traveler_msgs/lib/python3.8/site-packages:${PYTHONPATH} /usr/bin/cmake --build /home/qianlab/single_turtle_workspace/build/turtle_high_controller -- -j12 -l12
