[0.010s] Invoking command in '/home/qianlab/single_turtle_workspace/build/turtle_high_controller': AMENT_PREFIX_PATH=/home/qianlab/single_turtle_workspace/install/traveler_msgs:${AMENT_PREFIX_PATH} CMAKE_PREFIX_PATH=/home/qianlab/single_turtle_workspace/install/traveler_msgs:/home/qianlab/Turtle_workspace/lassie-turtle/install/turtle_high_controller:/home/qianlab/Turtle_workspace/lassie-turtle/install/traveler_msgs:/home/qianlab/Turtle_workspace/install/turtle_high_controller:/home/qianlab/Turtle_workspace/install/traveler_msgs:/home/qianlab/single_turtle_workspace/install/traveler_optitrack:/home/qianlab/Turtle_workspace/lassie-turtle/install/traveler_optitrack:/home/qianlab/Turtle_workspace/install/traveler_optitrack:/opt/ros/foxy LD_LIBRARY_PATH=/home/qianlab/single_turtle_workspace/install/traveler_msgs/lib:${LD_LIBRARY_PATH} PYTHONPATH=/home/qianlab/single_turtle_workspace/install/traveler_msgs/lib/python3.8/site-packages:${PYTHONPATH} /usr/bin/cmake --build /home/qianlab/single_turtle_workspace/build/turtle_high_controller -- -j12 -l12
[0.047s] [35m[1mScanning dependencies of target turtle_high_controller[0m
[0.055s] [ 38%] Built target odrive_can_interface
[0.070s] [ 46%] [32mBuilding CXX object CMakeFiles/turtle_high_controller.dir/src/controller/Inverse_kinematics.cpp.o[0m
[0.282s] [01m[K/home/qianlab/single_turtle_workspace/dependencies/traveler_controller/src/controller/Inverse_kinematics.cpp:[m[K In function ‘[01m[Kvoid fixed_insertion_depth_gait_lower_point_curved_extraction(turtle&, float)[m[K’:
[0.282s] [01m[K/home/qianlab/single_turtle_workspace/dependencies/traveler_controller/src/controller/Inverse_kinematics.cpp:62:11:[m[K [01;35m[Kwarning: [m[Kunused variable ‘[01m[Khold_time_1[m[K’ [[01;35m[K-Wunused-variable[m[K]
[0.282s]    62 |     float [01;35m[Khold_time_1[m[K = 3.0; // hold duration for a new phase (unused here)
[0.283s]       |           [01;35m[K^~~~~~~~~~~[m[K
[0.283s] [01m[K/home/qianlab/single_turtle_workspace/dependencies/traveler_controller/src/controller/Inverse_kinematics.cpp:63:11:[m[K [01;35m[Kwarning: [m[Kunused variable ‘[01m[Khold_time_2[m[K’ [[01;35m[K-Wunused-variable[m[K]
[0.283s]    63 |     float [01;35m[Khold_time_2[m[K = 3.0; // hold duration for a new phase (unused here)
[0.283s]       |           [01;35m[K^~~~~~~~~~~[m[K
[0.283s] [01m[K/home/qianlab/single_turtle_workspace/dependencies/traveler_controller/src/controller/Inverse_kinematics.cpp:64:11:[m[K [01;35m[Kwarning: [m[Kunused variable ‘[01m[Khold_time_3[m[K’ [[01;35m[K-Wunused-variable[m[K]
[0.283s]    64 |     float [01;35m[Khold_time_3[m[K = 3.0; // hold duration for a new phase (unused here)
[0.283s]       |           [01;35m[K^~~~~~~~~~~[m[K
[0.283s] [01m[K/home/qianlab/single_turtle_workspace/dependencies/traveler_controller/src/controller/Inverse_kinematics.cpp:65:11:[m[K [01;35m[Kwarning: [m[Kunused variable ‘[01m[Kend_delay[m[K’ [[01;35m[K-Wunused-variable[m[K]
[0.283s]    65 |     float [01;35m[Kend_delay[m[K    = 3.0; // delay at the end (unused here)
[0.283s]       |           [01;35m[K^~~~~~~~~[m[K
[0.283s] [01m[K/home/qianlab/single_turtle_workspace/dependencies/traveler_controller/src/controller/Inverse_kinematics.cpp:84:12:[m[K [01;35m[Kwarning: [m[Kunused variable ‘[01m[Kinitial_insertion_depth_deg[m[K’ [[01;35m[K-Wunused-variable[m[K]
[0.283s]    84 |     double [01;35m[Kinitial_insertion_depth_deg[m[K = initial_insertion_depth_rad * 180 / M_PI;
[0.283s]       |            [01;35m[K^~~~~~~~~~~~~~~~~~~~~~~~~~~[m[K
[0.331s] [ 53%] [32m[1mLinking CXX executable turtle_high_controller[0m
[0.641s] /usr/bin/ld: CMakeFiles/turtle_high_controller.dir/src/proxy/lowerproxy.cpp.o: in function `turtle_namespace::control::lowerproxy::calculate_position(turtle&)':
[0.641s] /home/qianlab/single_turtle_workspace/dependencies/traveler_controller/src/proxy/lowerproxy.cpp:171: undefined reference to `boundingGAIT(turtle&, float)'
[0.641s] collect2: error: ld returned 1 exit status
[0.643s] make[2]: *** [CMakeFiles/turtle_high_controller.dir/build.make:251: turtle_high_controller] Error 1
[0.643s] make[1]: *** [CMakeFiles/Makefile2:107: CMakeFiles/turtle_high_controller.dir/all] Error 2
[0.643s] make: *** [Makefile:141: all] Error 2
[0.645s] Invoked command in '/home/qianlab/single_turtle_workspace/build/turtle_high_controller' returned '2': AMENT_PREFIX_PATH=/home/qianlab/single_turtle_workspace/install/traveler_msgs:${AMENT_PREFIX_PATH} CMAKE_PREFIX_PATH=/home/qianlab/single_turtle_workspace/install/traveler_msgs:/home/qianlab/Turtle_workspace/lassie-turtle/install/turtle_high_controller:/home/qianlab/Turtle_workspace/lassie-turtle/install/traveler_msgs:/home/qianlab/Turtle_workspace/install/turtle_high_controller:/home/qianlab/Turtle_workspace/install/traveler_msgs:/home/qianlab/single_turtle_workspace/install/traveler_optitrack:/home/qianlab/Turtle_workspace/lassie-turtle/install/traveler_optitrack:/home/qianlab/Turtle_workspace/install/traveler_optitrack:/opt/ros/foxy LD_LIBRARY_PATH=/home/qianlab/single_turtle_workspace/install/traveler_msgs/lib:${LD_LIBRARY_PATH} PYTHONPATH=/home/qianlab/single_turtle_workspace/install/traveler_msgs/lib/python3.8/site-packages:${PYTHONPATH} /usr/bin/cmake --build /home/qianlab/single_turtle_workspace/build/turtle_high_controller -- -j12 -l12
