[1.322s] DEBUG:colcon:Command line arguments: ['/usr/bin/colcon', 'build']
[1.322s] DEBUG:colcon:Parsed command line arguments: Namespace(allow_overriding=[], ament_cmake_args=None, base_paths=['.'], build_base='build', catkin_cmake_args=None, catkin_skip_building_tests=False, cmake_args=None, cmake_clean_cache=False, cmake_clean_first=False, cmake_force_configure=False, cmake_target=None, cmake_target_skip_unavailable=False, continue_on_error=False, event_handlers=None, executor='parallel', ignore_user_meta=False, install_base='install', log_base=None, log_level=None, main=<bound method BuildVerb.main of <colcon_core.verb.build.BuildVerb object at 0x7f5509e60e80>>, merge_install=False, metas=['./colcon.meta'], packages_above=None, packages_above_and_dependencies=None, packages_above_depth=None, packages_end=None, packages_ignore=None, packages_ignore_regex=None, packages_select=None, packages_select_build_failed=False, packages_select_by_dep=None, packages_select_regex=None, packages_select_test_failures=False, packages_skip=None, packages_skip_build_finished=False, packages_skip_by_dep=None, packages_skip_regex=None, packages_skip_test_passed=False, packages_skip_up_to=None, packages_start=None, packages_up_to=None, packages_up_to_regex=None, parallel_workers=12, paths=None, symlink_install=False, test_result_base=None, verb_extension=<colcon_core.verb.build.BuildVerb object at 0x7f5509e60e80>, verb_name='build', verb_parser=<colcon_defaults.argument_parser.defaults.DefaultArgumentsDecorator object at 0x7f5509a7fb80>)
[1.384s] Level 1:colcon.colcon_core.package_discovery:discover_packages(colcon_meta) check parameters
[1.384s] Level 1:colcon.colcon_core.package_discovery:discover_packages(recursive) check parameters
[1.384s] Level 1:colcon.colcon_core.package_discovery:discover_packages(ignore) check parameters
[1.384s] Level 1:colcon.colcon_core.package_discovery:discover_packages(path) check parameters
[1.384s] Level 1:colcon.colcon_core.package_discovery:discover_packages(colcon_meta) discover
[1.384s] Level 1:colcon.colcon_core.package_discovery:discover_packages(recursive) discover
[1.384s] INFO:colcon.colcon_core.package_discovery:Crawling recursively for packages in '/home/qianlab/single_turtle_workspace'
[1.384s] Level 1:colcon.colcon_core.package_identification:_identify(.) by extensions ['ignore', 'ignore_ament_install']
[1.384s] Level 1:colcon.colcon_core.package_identification:_identify(.) by extension 'ignore'
[1.384s] Level 1:colcon.colcon_core.package_identification:_identify(.) by extension 'ignore_ament_install'
[1.384s] Level 1:colcon.colcon_core.package_identification:_identify(.) by extensions ['colcon_pkg']
[1.384s] Level 1:colcon.colcon_core.package_identification:_identify(.) by extension 'colcon_pkg'
[1.384s] Level 1:colcon.colcon_core.package_identification:_identify(.) by extensions ['colcon_meta']
[1.384s] Level 1:colcon.colcon_core.package_identification:_identify(.) by extension 'colcon_meta'
[1.384s] Level 1:colcon.colcon_core.package_identification:_identify(.) by extensions ['ros']
[1.384s] Level 1:colcon.colcon_core.package_identification:_identify(.) by extension 'ros'
[1.390s] Level 1:colcon.colcon_core.package_identification:_identify(.) by extensions ['cmake', 'python']
[1.390s] Level 1:colcon.colcon_core.package_identification:_identify(.) by extension 'cmake'
[1.390s] Level 1:colcon.colcon_core.package_identification:_identify(.) by extension 'python'
[1.390s] Level 1:colcon.colcon_core.package_identification:_identify(.) by extensions ['python_setup_py']
[1.391s] Level 1:colcon.colcon_core.package_identification:_identify(.) by extension 'python_setup_py'
[1.391s] Level 1:colcon.colcon_core.package_identification:_identify(build) by extensions ['ignore', 'ignore_ament_install']
[1.391s] Level 1:colcon.colcon_core.package_identification:_identify(build) by extension 'ignore'
[1.391s] Level 1:colcon.colcon_core.package_identification:_identify(build) ignored
[1.391s] Level 1:colcon.colcon_core.package_identification:_identify(dependencies) by extensions ['ignore', 'ignore_ament_install']
[1.391s] Level 1:colcon.colcon_core.package_identification:_identify(dependencies) by extension 'ignore'
[1.391s] Level 1:colcon.colcon_core.package_identification:_identify(dependencies) by extension 'ignore_ament_install'
[1.391s] Level 1:colcon.colcon_core.package_identification:_identify(dependencies) by extensions ['colcon_pkg']
[1.391s] Level 1:colcon.colcon_core.package_identification:_identify(dependencies) by extension 'colcon_pkg'
[1.391s] Level 1:colcon.colcon_core.package_identification:_identify(dependencies) by extensions ['colcon_meta']
[1.391s] Level 1:colcon.colcon_core.package_identification:_identify(dependencies) by extension 'colcon_meta'
[1.391s] Level 1:colcon.colcon_core.package_identification:_identify(dependencies) by extensions ['ros']
[1.391s] Level 1:colcon.colcon_core.package_identification:_identify(dependencies) by extension 'ros'
[1.391s] Level 1:colcon.colcon_core.package_identification:_identify(dependencies) by extensions ['cmake', 'python']
[1.391s] Level 1:colcon.colcon_core.package_identification:_identify(dependencies) by extension 'cmake'
[1.391s] Level 1:colcon.colcon_core.package_identification:_identify(dependencies) by extension 'python'
[1.391s] Level 1:colcon.colcon_core.package_identification:_identify(dependencies) by extensions ['python_setup_py']
[1.391s] Level 1:colcon.colcon_core.package_identification:_identify(dependencies) by extension 'python_setup_py'
[1.391s] Level 1:colcon.colcon_core.package_identification:_identify(dependencies/traveler_controller) by extensions ['ignore', 'ignore_ament_install']
[1.391s] Level 1:colcon.colcon_core.package_identification:_identify(dependencies/traveler_controller) by extension 'ignore'
[1.391s] Level 1:colcon.colcon_core.package_identification:_identify(dependencies/traveler_controller) by extension 'ignore_ament_install'
[1.391s] Level 1:colcon.colcon_core.package_identification:_identify(dependencies/traveler_controller) by extensions ['colcon_pkg']
[1.391s] Level 1:colcon.colcon_core.package_identification:_identify(dependencies/traveler_controller) by extension 'colcon_pkg'
[1.391s] Level 1:colcon.colcon_core.package_identification:_identify(dependencies/traveler_controller) by extensions ['colcon_meta']
[1.391s] Level 1:colcon.colcon_core.package_identification:_identify(dependencies/traveler_controller) by extension 'colcon_meta'
[1.391s] Level 1:colcon.colcon_core.package_identification:_identify(dependencies/traveler_controller) by extensions ['ros']
[1.391s] Level 1:colcon.colcon_core.package_identification:_identify(dependencies/traveler_controller) by extension 'ros'
[1.393s] DEBUG:colcon.colcon_core.package_identification:Package 'dependencies/traveler_controller' with type 'ros.ament_cmake' and name 'turtle_high_controller'
[1.393s] Level 1:colcon.colcon_core.package_identification:_identify(dependencies/traveler_msgs) by extensions ['ignore', 'ignore_ament_install']
[1.393s] Level 1:colcon.colcon_core.package_identification:_identify(dependencies/traveler_msgs) by extension 'ignore'
[1.393s] Level 1:colcon.colcon_core.package_identification:_identify(dependencies/traveler_msgs) by extension 'ignore_ament_install'
[1.393s] Level 1:colcon.colcon_core.package_identification:_identify(dependencies/traveler_msgs) by extensions ['colcon_pkg']
[1.393s] Level 1:colcon.colcon_core.package_identification:_identify(dependencies/traveler_msgs) by extension 'colcon_pkg'
[1.393s] Level 1:colcon.colcon_core.package_identification:_identify(dependencies/traveler_msgs) by extensions ['colcon_meta']
[1.393s] Level 1:colcon.colcon_core.package_identification:_identify(dependencies/traveler_msgs) by extension 'colcon_meta'
[1.393s] Level 1:colcon.colcon_core.package_identification:_identify(dependencies/traveler_msgs) by extensions ['ros']
[1.393s] Level 1:colcon.colcon_core.package_identification:_identify(dependencies/traveler_msgs) by extension 'ros'
[1.393s] DEBUG:colcon.colcon_core.package_identification:Package 'dependencies/traveler_msgs' with type 'ros.ament_cmake' and name 'traveler_msgs'
[1.393s] Level 1:colcon.colcon_core.package_identification:_identify(install) by extensions ['ignore', 'ignore_ament_install']
[1.393s] Level 1:colcon.colcon_core.package_identification:_identify(install) by extension 'ignore'
[1.393s] Level 1:colcon.colcon_core.package_identification:_identify(install) ignored
[1.393s] Level 1:colcon.colcon_core.package_identification:_identify(log) by extensions ['ignore', 'ignore_ament_install']
[1.393s] Level 1:colcon.colcon_core.package_identification:_identify(log) by extension 'ignore'
[1.393s] Level 1:colcon.colcon_core.package_identification:_identify(log) ignored
[1.393s] Level 1:colcon.colcon_core.package_discovery:discover_packages(recursive) using defaults
[1.393s] Level 1:colcon.colcon_core.package_discovery:discover_packages(ignore) discover
[1.393s] Level 1:colcon.colcon_core.package_discovery:discover_packages(ignore) using defaults
[1.394s] Level 1:colcon.colcon_core.package_discovery:discover_packages(path) discover
[1.394s] Level 1:colcon.colcon_core.package_discovery:discover_packages(path) using defaults
[1.521s] Level 1:colcon.colcon_core.package_discovery:discover_packages(prefix_path) check parameters
[1.521s] Level 1:colcon.colcon_core.package_discovery:discover_packages(prefix_path) discover
[1.568s] DEBUG:colcon.colcon_installed_package_information.package_discovery:Found 295 installed packages in /opt/ros/foxy
[1.569s] Level 1:colcon.colcon_core.package_discovery:discover_packages(prefix_path) using defaults
[1.663s] Level 5:colcon.colcon_core.verb:set package 'traveler_msgs' build argument 'cmake_args' from command line to 'None'
[1.663s] Level 5:colcon.colcon_core.verb:set package 'traveler_msgs' build argument 'cmake_target' from command line to 'None'
[1.663s] Level 5:colcon.colcon_core.verb:set package 'traveler_msgs' build argument 'cmake_target_skip_unavailable' from command line to 'False'
[1.663s] Level 5:colcon.colcon_core.verb:set package 'traveler_msgs' build argument 'cmake_clean_cache' from command line to 'False'
[1.663s] Level 5:colcon.colcon_core.verb:set package 'traveler_msgs' build argument 'cmake_clean_first' from command line to 'False'
[1.663s] Level 5:colcon.colcon_core.verb:set package 'traveler_msgs' build argument 'cmake_force_configure' from command line to 'False'
[1.663s] Level 5:colcon.colcon_core.verb:set package 'traveler_msgs' build argument 'ament_cmake_args' from command line to 'None'
[1.663s] Level 5:colcon.colcon_core.verb:set package 'traveler_msgs' build argument 'catkin_cmake_args' from command line to 'None'
[1.663s] Level 5:colcon.colcon_core.verb:set package 'traveler_msgs' build argument 'catkin_skip_building_tests' from command line to 'False'
[1.663s] DEBUG:colcon.colcon_core.verb:Building package 'traveler_msgs' with the following arguments: {'ament_cmake_args': None, 'build_base': '/home/qianlab/single_turtle_workspace/build/traveler_msgs', 'catkin_cmake_args': None, 'catkin_skip_building_tests': False, 'cmake_args': None, 'cmake_clean_cache': False, 'cmake_clean_first': False, 'cmake_force_configure': False, 'cmake_target': None, 'cmake_target_skip_unavailable': False, 'install_base': '/home/qianlab/single_turtle_workspace/install/traveler_msgs', 'merge_install': False, 'path': '/home/qianlab/single_turtle_workspace/dependencies/traveler_msgs', 'symlink_install': False, 'test_result_base': None}
[1.685s] Level 5:colcon.colcon_core.verb:set package 'turtle_high_controller' build argument 'cmake_args' from command line to 'None'
[1.685s] Level 5:colcon.colcon_core.verb:set package 'turtle_high_controller' build argument 'cmake_target' from command line to 'None'
[1.685s] Level 5:colcon.colcon_core.verb:set package 'turtle_high_controller' build argument 'cmake_target_skip_unavailable' from command line to 'False'
[1.685s] Level 5:colcon.colcon_core.verb:set package 'turtle_high_controller' build argument 'cmake_clean_cache' from command line to 'False'
[1.685s] Level 5:colcon.colcon_core.verb:set package 'turtle_high_controller' build argument 'cmake_clean_first' from command line to 'False'
[1.685s] Level 5:colcon.colcon_core.verb:set package 'turtle_high_controller' build argument 'cmake_force_configure' from command line to 'False'
[1.685s] Level 5:colcon.colcon_core.verb:set package 'turtle_high_controller' build argument 'ament_cmake_args' from command line to 'None'
[1.685s] Level 5:colcon.colcon_core.verb:set package 'turtle_high_controller' build argument 'catkin_cmake_args' from command line to 'None'
[1.685s] Level 5:colcon.colcon_core.verb:set package 'turtle_high_controller' build argument 'catkin_skip_building_tests' from command line to 'False'
[1.685s] DEBUG:colcon.colcon_core.verb:Building package 'turtle_high_controller' with the following arguments: {'ament_cmake_args': None, 'build_base': '/home/qianlab/single_turtle_workspace/build/turtle_high_controller', 'catkin_cmake_args': None, 'catkin_skip_building_tests': False, 'cmake_args': None, 'cmake_clean_cache': False, 'cmake_clean_first': False, 'cmake_force_configure': False, 'cmake_target': None, 'cmake_target_skip_unavailable': False, 'install_base': '/home/qianlab/single_turtle_workspace/install/turtle_high_controller', 'merge_install': False, 'path': '/home/qianlab/single_turtle_workspace/dependencies/traveler_controller', 'symlink_install': False, 'test_result_base': None}
[1.708s] INFO:colcon.colcon_core.executor:Executing jobs using 'parallel' executor
[1.731s] DEBUG:colcon.colcon_parallel_executor.executor.parallel:run_until_complete
[1.732s] INFO:colcon.colcon_ros.task.ament_cmake.build:Building ROS package in '/home/qianlab/single_turtle_workspace/dependencies/traveler_msgs' with build type 'ament_cmake'
[1.732s] INFO:colcon.colcon_cmake.task.cmake.build:Building CMake package in '/home/qianlab/single_turtle_workspace/dependencies/traveler_msgs'
[1.756s] INFO:colcon.colcon_core.plugin_system:Skipping extension 'colcon_core.shell.bat': Not used on non-Windows systems
[1.756s] INFO:colcon.colcon_core.shell:Skip shell extension 'powershell' for command environment: Not usable outside of PowerShell
[1.756s] DEBUG:colcon.colcon_core.shell:Skip shell extension 'dsv' for command environment
[1.812s] DEBUG:colcon.colcon_core.event_handler.log_command:Invoking command in '/home/qianlab/single_turtle_workspace/build/traveler_msgs': CMAKE_PREFIX_PATH=/opt/ros/foxy /usr/bin/cmake /home/qianlab/single_turtle_workspace/dependencies/traveler_msgs -DCMAKE_INSTALL_PREFIX=/home/qianlab/single_turtle_workspace/install/traveler_msgs
[3.034s] DEBUG:colcon.colcon_core.event_handler.log_command:Invoked command in '/home/qianlab/single_turtle_workspace/build/traveler_msgs' returned '0': CMAKE_PREFIX_PATH=/opt/ros/foxy /usr/bin/cmake /home/qianlab/single_turtle_workspace/dependencies/traveler_msgs -DCMAKE_INSTALL_PREFIX=/home/qianlab/single_turtle_workspace/install/traveler_msgs
[3.035s] DEBUG:colcon.colcon_core.event_handler.log_command:Invoking command in '/home/qianlab/single_turtle_workspace/build/traveler_msgs': CMAKE_PREFIX_PATH=/opt/ros/foxy /usr/bin/cmake --build /home/qianlab/single_turtle_workspace/build/traveler_msgs -- -j12 -l12
[5.891s] DEBUG:colcon.colcon_core.event_handler.log_command:Invoked command in '/home/qianlab/single_turtle_workspace/build/traveler_msgs' returned '0': CMAKE_PREFIX_PATH=/opt/ros/foxy /usr/bin/cmake --build /home/qianlab/single_turtle_workspace/build/traveler_msgs -- -j12 -l12
[5.954s] DEBUG:colcon.colcon_core.event_handler.log_command:Invoking command in '/home/qianlab/single_turtle_workspace/build/traveler_msgs': CMAKE_PREFIX_PATH=/opt/ros/foxy /usr/bin/cmake --install /home/qianlab/single_turtle_workspace/build/traveler_msgs
[5.993s] Level 1:colcon.colcon_core.environment:create_environment_scripts_only(traveler_msgs)
[5.993s] DEBUG:colcon.colcon_core.event_handler.log_command:Invoked command in '/home/qianlab/single_turtle_workspace/build/traveler_msgs' returned '0': CMAKE_PREFIX_PATH=/opt/ros/foxy /usr/bin/cmake --install /home/qianlab/single_turtle_workspace/build/traveler_msgs
[6.019s] Level 1:colcon.colcon_core.environment:checking '/home/qianlab/single_turtle_workspace/install/traveler_msgs' for CMake module files
[6.020s] Level 1:colcon.colcon_core.environment:checking '/home/qianlab/single_turtle_workspace/install/traveler_msgs' for CMake config files
[6.020s] Level 1:colcon.colcon_core.shell:create_environment_hook('traveler_msgs', 'cmake_prefix_path')
[6.044s] INFO:colcon.colcon_core.shell:Creating environment hook '/home/qianlab/single_turtle_workspace/install/traveler_msgs/share/traveler_msgs/hook/cmake_prefix_path.ps1'
[6.045s] INFO:colcon.colcon_core.shell:Creating environment descriptor '/home/qianlab/single_turtle_workspace/install/traveler_msgs/share/traveler_msgs/hook/cmake_prefix_path.dsv'
[6.045s] INFO:colcon.colcon_core.shell:Creating environment hook '/home/qianlab/single_turtle_workspace/install/traveler_msgs/share/traveler_msgs/hook/cmake_prefix_path.sh'
[6.046s] Level 1:colcon.colcon_core.environment:checking '/home/qianlab/single_turtle_workspace/install/traveler_msgs/lib'
[6.046s] Level 1:colcon.colcon_core.shell:create_environment_hook('traveler_msgs', 'ld_library_path_lib')
[6.069s] INFO:colcon.colcon_core.shell:Creating environment hook '/home/qianlab/single_turtle_workspace/install/traveler_msgs/share/traveler_msgs/hook/ld_library_path_lib.ps1'
[6.070s] INFO:colcon.colcon_core.shell:Creating environment descriptor '/home/qianlab/single_turtle_workspace/install/traveler_msgs/share/traveler_msgs/hook/ld_library_path_lib.dsv'
[6.070s] INFO:colcon.colcon_core.shell:Creating environment hook '/home/qianlab/single_turtle_workspace/install/traveler_msgs/share/traveler_msgs/hook/ld_library_path_lib.sh'
[6.070s] Level 1:colcon.colcon_core.environment:checking '/home/qianlab/single_turtle_workspace/install/traveler_msgs/bin'
[6.070s] Level 1:colcon.colcon_core.environment:checking '/home/qianlab/single_turtle_workspace/install/traveler_msgs/lib/pkgconfig/traveler_msgs.pc'
[6.070s] Level 1:colcon.colcon_core.environment:checking '/home/qianlab/single_turtle_workspace/install/traveler_msgs/lib/python3.8/site-packages'
[6.070s] Level 1:colcon.colcon_core.shell:create_environment_hook('traveler_msgs', 'pythonpath')
[6.093s] INFO:colcon.colcon_core.shell:Creating environment hook '/home/qianlab/single_turtle_workspace/install/traveler_msgs/share/traveler_msgs/hook/pythonpath.ps1'
[6.094s] INFO:colcon.colcon_core.shell:Creating environment descriptor '/home/qianlab/single_turtle_workspace/install/traveler_msgs/share/traveler_msgs/hook/pythonpath.dsv'
[6.094s] INFO:colcon.colcon_core.shell:Creating environment hook '/home/qianlab/single_turtle_workspace/install/traveler_msgs/share/traveler_msgs/hook/pythonpath.sh'
[6.094s] Level 1:colcon.colcon_core.environment:checking '/home/qianlab/single_turtle_workspace/install/traveler_msgs/bin'
[6.121s] INFO:colcon.colcon_core.shell:Creating package script '/home/qianlab/single_turtle_workspace/install/traveler_msgs/share/traveler_msgs/package.ps1'
[6.121s] INFO:colcon.colcon_core.shell:Creating package descriptor '/home/qianlab/single_turtle_workspace/install/traveler_msgs/share/traveler_msgs/package.dsv'
[6.122s] INFO:colcon.colcon_core.shell:Creating package script '/home/qianlab/single_turtle_workspace/install/traveler_msgs/share/traveler_msgs/package.sh'
[6.122s] INFO:colcon.colcon_core.shell:Creating package script '/home/qianlab/single_turtle_workspace/install/traveler_msgs/share/traveler_msgs/package.bash'
[6.123s] INFO:colcon.colcon_core.shell:Creating package script '/home/qianlab/single_turtle_workspace/install/traveler_msgs/share/traveler_msgs/package.zsh'
[6.123s] Level 1:colcon.colcon_core.environment:create_file_with_runtime_dependencies(/home/qianlab/single_turtle_workspace/install/traveler_msgs/share/colcon-core/packages/traveler_msgs)
[6.205s] Level 1:colcon.colcon_core.environment:create_environment_scripts_only(traveler_msgs)
[6.229s] Level 1:colcon.colcon_core.environment:checking '/home/qianlab/single_turtle_workspace/install/traveler_msgs' for CMake module files
[6.229s] Level 1:colcon.colcon_core.environment:checking '/home/qianlab/single_turtle_workspace/install/traveler_msgs' for CMake config files
[6.229s] Level 1:colcon.colcon_core.shell:create_environment_hook('traveler_msgs', 'cmake_prefix_path')
[6.258s] INFO:colcon.colcon_core.shell:Creating environment hook '/home/qianlab/single_turtle_workspace/install/traveler_msgs/share/traveler_msgs/hook/cmake_prefix_path.ps1'
[6.259s] INFO:colcon.colcon_core.shell:Creating environment descriptor '/home/qianlab/single_turtle_workspace/install/traveler_msgs/share/traveler_msgs/hook/cmake_prefix_path.dsv'
[6.259s] INFO:colcon.colcon_core.shell:Creating environment hook '/home/qianlab/single_turtle_workspace/install/traveler_msgs/share/traveler_msgs/hook/cmake_prefix_path.sh'
[6.259s] Level 1:colcon.colcon_core.environment:checking '/home/qianlab/single_turtle_workspace/install/traveler_msgs/lib'
[6.259s] Level 1:colcon.colcon_core.shell:create_environment_hook('traveler_msgs', 'ld_library_path_lib')
[6.284s] INFO:colcon.colcon_core.shell:Creating environment hook '/home/qianlab/single_turtle_workspace/install/traveler_msgs/share/traveler_msgs/hook/ld_library_path_lib.ps1'
[6.285s] INFO:colcon.colcon_core.shell:Creating environment descriptor '/home/qianlab/single_turtle_workspace/install/traveler_msgs/share/traveler_msgs/hook/ld_library_path_lib.dsv'
[6.285s] INFO:colcon.colcon_core.shell:Creating environment hook '/home/qianlab/single_turtle_workspace/install/traveler_msgs/share/traveler_msgs/hook/ld_library_path_lib.sh'
[6.285s] Level 1:colcon.colcon_core.environment:checking '/home/qianlab/single_turtle_workspace/install/traveler_msgs/bin'
[6.285s] Level 1:colcon.colcon_core.environment:checking '/home/qianlab/single_turtle_workspace/install/traveler_msgs/lib/pkgconfig/traveler_msgs.pc'
[6.285s] Level 1:colcon.colcon_core.environment:checking '/home/qianlab/single_turtle_workspace/install/traveler_msgs/lib/python3.8/site-packages'
[6.285s] Level 1:colcon.colcon_core.shell:create_environment_hook('traveler_msgs', 'pythonpath')
[6.312s] INFO:colcon.colcon_core.shell:Creating environment hook '/home/qianlab/single_turtle_workspace/install/traveler_msgs/share/traveler_msgs/hook/pythonpath.ps1'
[6.313s] INFO:colcon.colcon_core.shell:Creating environment descriptor '/home/qianlab/single_turtle_workspace/install/traveler_msgs/share/traveler_msgs/hook/pythonpath.dsv'
[6.313s] INFO:colcon.colcon_core.shell:Creating environment hook '/home/qianlab/single_turtle_workspace/install/traveler_msgs/share/traveler_msgs/hook/pythonpath.sh'
[6.313s] Level 1:colcon.colcon_core.environment:checking '/home/qianlab/single_turtle_workspace/install/traveler_msgs/bin'
[6.337s] INFO:colcon.colcon_core.shell:Creating package script '/home/qianlab/single_turtle_workspace/install/traveler_msgs/share/traveler_msgs/package.ps1'
[6.338s] INFO:colcon.colcon_core.shell:Creating package descriptor '/home/qianlab/single_turtle_workspace/install/traveler_msgs/share/traveler_msgs/package.dsv'
[6.339s] INFO:colcon.colcon_core.shell:Creating package script '/home/qianlab/single_turtle_workspace/install/traveler_msgs/share/traveler_msgs/package.sh'
[6.339s] INFO:colcon.colcon_core.shell:Creating package script '/home/qianlab/single_turtle_workspace/install/traveler_msgs/share/traveler_msgs/package.bash'
[6.339s] INFO:colcon.colcon_core.shell:Creating package script '/home/qianlab/single_turtle_workspace/install/traveler_msgs/share/traveler_msgs/package.zsh'
[6.339s] Level 1:colcon.colcon_core.environment:create_file_with_runtime_dependencies(/home/qianlab/single_turtle_workspace/install/traveler_msgs/share/colcon-core/packages/traveler_msgs)
[6.339s] INFO:colcon.colcon_ros.task.ament_cmake.build:Building ROS package in '/home/qianlab/single_turtle_workspace/dependencies/traveler_controller' with build type 'ament_cmake'
[6.340s] INFO:colcon.colcon_cmake.task.cmake.build:Building CMake package in '/home/qianlab/single_turtle_workspace/dependencies/traveler_controller'
[6.364s] INFO:colcon.colcon_core.shell:Skip shell extension 'powershell' for command environment: Not usable outside of PowerShell
[6.364s] DEBUG:colcon.colcon_core.shell:Skip shell extension 'dsv' for command environment
[6.420s] DEBUG:colcon.colcon_core.event_handler.log_command:Invoking command in '/home/qianlab/single_turtle_workspace/build/turtle_high_controller': AMENT_PREFIX_PATH=/home/qianlab/single_turtle_workspace/install/traveler_msgs:${AMENT_PREFIX_PATH} CMAKE_PREFIX_PATH=/home/qianlab/single_turtle_workspace/install/traveler_msgs:/opt/ros/foxy LD_LIBRARY_PATH=/home/qianlab/single_turtle_workspace/install/traveler_msgs/lib:${LD_LIBRARY_PATH} PYTHONPATH=/home/qianlab/single_turtle_workspace/install/traveler_msgs/lib/python3.8/site-packages:${PYTHONPATH} /usr/bin/cmake /home/qianlab/single_turtle_workspace/dependencies/traveler_controller -DCMAKE_INSTALL_PREFIX=/home/qianlab/single_turtle_workspace/install/turtle_high_controller
[7.591s] DEBUG:colcon.colcon_core.event_handler.log_command:Invoked command in '/home/qianlab/single_turtle_workspace/build/turtle_high_controller' returned '0': AMENT_PREFIX_PATH=/home/qianlab/single_turtle_workspace/install/traveler_msgs:${AMENT_PREFIX_PATH} CMAKE_PREFIX_PATH=/home/qianlab/single_turtle_workspace/install/traveler_msgs:/opt/ros/foxy LD_LIBRARY_PATH=/home/qianlab/single_turtle_workspace/install/traveler_msgs/lib:${LD_LIBRARY_PATH} PYTHONPATH=/home/qianlab/single_turtle_workspace/install/traveler_msgs/lib/python3.8/site-packages:${PYTHONPATH} /usr/bin/cmake /home/qianlab/single_turtle_workspace/dependencies/traveler_controller -DCMAKE_INSTALL_PREFIX=/home/qianlab/single_turtle_workspace/install/turtle_high_controller
[7.593s] DEBUG:colcon.colcon_core.event_handler.log_command:Invoking command in '/home/qianlab/single_turtle_workspace/build/turtle_high_controller': AMENT_PREFIX_PATH=/home/qianlab/single_turtle_workspace/install/traveler_msgs:${AMENT_PREFIX_PATH} CMAKE_PREFIX_PATH=/home/qianlab/single_turtle_workspace/install/traveler_msgs:/opt/ros/foxy LD_LIBRARY_PATH=/home/qianlab/single_turtle_workspace/install/traveler_msgs/lib:${LD_LIBRARY_PATH} PYTHONPATH=/home/qianlab/single_turtle_workspace/install/traveler_msgs/lib/python3.8/site-packages:${PYTHONPATH} /usr/bin/cmake --build /home/qianlab/single_turtle_workspace/build/turtle_high_controller -- -j12 -l12
[13.588s] DEBUG:colcon.colcon_core.event_handler.log_command:Invoked command in '/home/qianlab/single_turtle_workspace/build/turtle_high_controller' returned '0': AMENT_PREFIX_PATH=/home/qianlab/single_turtle_workspace/install/traveler_msgs:${AMENT_PREFIX_PATH} CMAKE_PREFIX_PATH=/home/qianlab/single_turtle_workspace/install/traveler_msgs:/opt/ros/foxy LD_LIBRARY_PATH=/home/qianlab/single_turtle_workspace/install/traveler_msgs/lib:${LD_LIBRARY_PATH} PYTHONPATH=/home/qianlab/single_turtle_workspace/install/traveler_msgs/lib/python3.8/site-packages:${PYTHONPATH} /usr/bin/cmake --build /home/qianlab/single_turtle_workspace/build/turtle_high_controller -- -j12 -l12
[13.614s] DEBUG:colcon.colcon_core.event_handler.log_command:Invoking command in '/home/qianlab/single_turtle_workspace/build/turtle_high_controller': AMENT_PREFIX_PATH=/home/qianlab/single_turtle_workspace/install/traveler_msgs:${AMENT_PREFIX_PATH} CMAKE_PREFIX_PATH=/home/qianlab/single_turtle_workspace/install/traveler_msgs:/opt/ros/foxy LD_LIBRARY_PATH=/home/qianlab/single_turtle_workspace/install/traveler_msgs/lib:${LD_LIBRARY_PATH} PYTHONPATH=/home/qianlab/single_turtle_workspace/install/traveler_msgs/lib/python3.8/site-packages:${PYTHONPATH} /usr/bin/cmake --install /home/qianlab/single_turtle_workspace/build/turtle_high_controller
[13.633s] Level 1:colcon.colcon_core.environment:create_environment_scripts_only(turtle_high_controller)
[13.634s] DEBUG:colcon.colcon_core.event_handler.log_command:Invoked command in '/home/qianlab/single_turtle_workspace/build/turtle_high_controller' returned '0': AMENT_PREFIX_PATH=/home/qianlab/single_turtle_workspace/install/traveler_msgs:${AMENT_PREFIX_PATH} CMAKE_PREFIX_PATH=/home/qianlab/single_turtle_workspace/install/traveler_msgs:/opt/ros/foxy LD_LIBRARY_PATH=/home/qianlab/single_turtle_workspace/install/traveler_msgs/lib:${LD_LIBRARY_PATH} PYTHONPATH=/home/qianlab/single_turtle_workspace/install/traveler_msgs/lib/python3.8/site-packages:${PYTHONPATH} /usr/bin/cmake --install /home/qianlab/single_turtle_workspace/build/turtle_high_controller
[13.697s] Level 1:colcon.colcon_core.environment:checking '/home/qianlab/single_turtle_workspace/install/turtle_high_controller' for CMake module files
[13.697s] Level 1:colcon.colcon_core.environment:checking '/home/qianlab/single_turtle_workspace/install/turtle_high_controller' for CMake config files
[13.698s] Level 1:colcon.colcon_core.shell:create_environment_hook('turtle_high_controller', 'cmake_prefix_path')
[13.721s] INFO:colcon.colcon_core.shell:Creating environment hook '/home/qianlab/single_turtle_workspace/install/turtle_high_controller/share/turtle_high_controller/hook/cmake_prefix_path.ps1'
[13.721s] INFO:colcon.colcon_core.shell:Creating environment descriptor '/home/qianlab/single_turtle_workspace/install/turtle_high_controller/share/turtle_high_controller/hook/cmake_prefix_path.dsv'
[13.721s] INFO:colcon.colcon_core.shell:Creating environment hook '/home/qianlab/single_turtle_workspace/install/turtle_high_controller/share/turtle_high_controller/hook/cmake_prefix_path.sh'
[13.722s] Level 1:colcon.colcon_core.environment:checking '/home/qianlab/single_turtle_workspace/install/turtle_high_controller/lib'
[13.722s] Level 1:colcon.colcon_core.environment:checking '/home/qianlab/single_turtle_workspace/install/turtle_high_controller/bin'
[13.722s] Level 1:colcon.colcon_core.environment:checking '/home/qianlab/single_turtle_workspace/install/turtle_high_controller/lib/pkgconfig/turtle_high_controller.pc'
[13.722s] Level 1:colcon.colcon_core.environment:checking '/home/qianlab/single_turtle_workspace/install/turtle_high_controller/lib/python3.8/site-packages'
[13.722s] Level 1:colcon.colcon_core.environment:checking '/home/qianlab/single_turtle_workspace/install/turtle_high_controller/bin'
[13.745s] INFO:colcon.colcon_core.shell:Creating package script '/home/qianlab/single_turtle_workspace/install/turtle_high_controller/share/turtle_high_controller/package.ps1'
[13.746s] INFO:colcon.colcon_core.shell:Creating package descriptor '/home/qianlab/single_turtle_workspace/install/turtle_high_controller/share/turtle_high_controller/package.dsv'
[13.746s] INFO:colcon.colcon_core.shell:Creating package script '/home/qianlab/single_turtle_workspace/install/turtle_high_controller/share/turtle_high_controller/package.sh'
[13.746s] INFO:colcon.colcon_core.shell:Creating package script '/home/qianlab/single_turtle_workspace/install/turtle_high_controller/share/turtle_high_controller/package.bash'
[13.747s] INFO:colcon.colcon_core.shell:Creating package script '/home/qianlab/single_turtle_workspace/install/turtle_high_controller/share/turtle_high_controller/package.zsh'
[13.747s] Level 1:colcon.colcon_core.environment:create_file_with_runtime_dependencies(/home/qianlab/single_turtle_workspace/install/turtle_high_controller/share/colcon-core/packages/turtle_high_controller)
[13.794s] Level 1:colcon.colcon_core.environment:create_environment_scripts_only(turtle_high_controller)
[13.818s] Level 1:colcon.colcon_core.environment:checking '/home/qianlab/single_turtle_workspace/install/turtle_high_controller' for CMake module files
[13.818s] Level 1:colcon.colcon_core.environment:checking '/home/qianlab/single_turtle_workspace/install/turtle_high_controller' for CMake config files
[13.818s] Level 1:colcon.colcon_core.shell:create_environment_hook('turtle_high_controller', 'cmake_prefix_path')
[13.841s] INFO:colcon.colcon_core.shell:Creating environment hook '/home/qianlab/single_turtle_workspace/install/turtle_high_controller/share/turtle_high_controller/hook/cmake_prefix_path.ps1'
[13.842s] INFO:colcon.colcon_core.shell:Creating environment descriptor '/home/qianlab/single_turtle_workspace/install/turtle_high_controller/share/turtle_high_controller/hook/cmake_prefix_path.dsv'
[13.842s] INFO:colcon.colcon_core.shell:Creating environment hook '/home/qianlab/single_turtle_workspace/install/turtle_high_controller/share/turtle_high_controller/hook/cmake_prefix_path.sh'
[13.842s] Level 1:colcon.colcon_core.environment:checking '/home/qianlab/single_turtle_workspace/install/turtle_high_controller/lib'
[13.842s] Level 1:colcon.colcon_core.environment:checking '/home/qianlab/single_turtle_workspace/install/turtle_high_controller/bin'
[13.842s] Level 1:colcon.colcon_core.environment:checking '/home/qianlab/single_turtle_workspace/install/turtle_high_controller/lib/pkgconfig/turtle_high_controller.pc'
[13.842s] Level 1:colcon.colcon_core.environment:checking '/home/qianlab/single_turtle_workspace/install/turtle_high_controller/lib/python3.8/site-packages'
[13.842s] Level 1:colcon.colcon_core.environment:checking '/home/qianlab/single_turtle_workspace/install/turtle_high_controller/bin'
[13.866s] INFO:colcon.colcon_core.shell:Creating package script '/home/qianlab/single_turtle_workspace/install/turtle_high_controller/share/turtle_high_controller/package.ps1'
[13.866s] INFO:colcon.colcon_core.shell:Creating package descriptor '/home/qianlab/single_turtle_workspace/install/turtle_high_controller/share/turtle_high_controller/package.dsv'
[13.867s] INFO:colcon.colcon_core.shell:Creating package script '/home/qianlab/single_turtle_workspace/install/turtle_high_controller/share/turtle_high_controller/package.sh'
[13.867s] INFO:colcon.colcon_core.shell:Creating package script '/home/qianlab/single_turtle_workspace/install/turtle_high_controller/share/turtle_high_controller/package.bash'
[13.867s] INFO:colcon.colcon_core.shell:Creating package script '/home/qianlab/single_turtle_workspace/install/turtle_high_controller/share/turtle_high_controller/package.zsh'
[13.867s] Level 1:colcon.colcon_core.environment:create_file_with_runtime_dependencies(/home/qianlab/single_turtle_workspace/install/turtle_high_controller/share/colcon-core/packages/turtle_high_controller)
[13.868s] DEBUG:colcon.colcon_parallel_executor.executor.parallel:closing loop
[13.868s] DEBUG:colcon.colcon_parallel_executor.executor.parallel:loop closed
[13.868s] DEBUG:colcon.colcon_parallel_executor.executor.parallel:run_until_complete finished with '0'
[13.868s] DEBUG:colcon.colcon_core.event_reactor:joining thread
[13.906s] INFO:colcon.colcon_core.plugin_system:Skipping extension 'colcon_notification.desktop_notification.terminal_notifier': Not used on non-Darwin systems
[13.906s] INFO:colcon.colcon_core.plugin_system:Skipping extension 'colcon_notification.desktop_notification.win32': Not used on non-Windows systems
[13.906s] INFO:colcon.colcon_notification.desktop_notification:Sending desktop notification using 'notify2'
[13.921s] DEBUG:colcon.colcon_core.event_reactor:joined thread
[13.945s] INFO:colcon.colcon_core.shell:Creating prefix script '/home/qianlab/single_turtle_workspace/install/local_setup.ps1'
[13.946s] INFO:colcon.colcon_core.shell:Creating prefix util module '/home/qianlab/single_turtle_workspace/install/_local_setup_util_ps1.py'
[13.947s] INFO:colcon.colcon_core.shell:Creating prefix chain script '/home/qianlab/single_turtle_workspace/install/setup.ps1'
[13.971s] INFO:colcon.colcon_core.shell:Creating prefix script '/home/qianlab/single_turtle_workspace/install/local_setup.sh'
[13.971s] INFO:colcon.colcon_core.shell:Creating prefix util module '/home/qianlab/single_turtle_workspace/install/_local_setup_util_sh.py'
[13.972s] INFO:colcon.colcon_core.shell:Creating prefix chain script '/home/qianlab/single_turtle_workspace/install/setup.sh'
[13.995s] INFO:colcon.colcon_core.shell:Creating prefix script '/home/qianlab/single_turtle_workspace/install/local_setup.bash'
[13.995s] INFO:colcon.colcon_core.shell:Creating prefix chain script '/home/qianlab/single_turtle_workspace/install/setup.bash'
[14.019s] INFO:colcon.colcon_core.shell:Creating prefix script '/home/qianlab/single_turtle_workspace/install/local_setup.zsh'
[14.020s] INFO:colcon.colcon_core.shell:Creating prefix chain script '/home/qianlab/single_turtle_workspace/install/setup.zsh'
