[0.011s] Invoking command in '/home/qianlab/single_turtle_workspace/build/turtle_high_controller': AMENT_PREFIX_PATH=/home/qianlab/single_turtle_workspace/install/traveler_msgs:${AMENT_PREFIX_PATH} CMAKE_PREFIX_PATH=/home/qianlab/single_turtle_workspace/install/traveler_msgs:/home/qianlab/Turtle_workspace/lassie-turtle/install/turtle_high_controller:/home/qianlab/Turtle_workspace/lassie-turtle/install/traveler_msgs:/home/qianlab/Turtle_workspace/install/turtle_high_controller:/home/qianlab/Turtle_workspace/install/traveler_msgs:/home/qianlab/Turtle_workspace/lassie-turtle/install/traveler_optitrack:/home/qianlab/Turtle_workspace/install/traveler_optitrack:/opt/ros/foxy CONDA_PROMPT_MODIFIER=(base) LD_LIBRARY_PATH=/home/qianlab/single_turtle_workspace/install/traveler_msgs/lib:${LD_LIBRARY_PATH} PYTHONPATH=/home/qianlab/single_turtle_workspace/install/traveler_msgs/lib/python3.8/site-packages:${PYTHONPATH} /usr/bin/cmake --build /home/qianlab/single_turtle_workspace/build/turtle_high_controller -- -j12 -l12
[0.043s] [35m[1mScanning dependencies of target odrive_can_interface[0m
[0.046s] [35m[1mScanning dependencies of target turtle_high_controller[0m
[0.070s] [ 15%] [32mBuilding CXX object CMakeFiles/odrive_can_interface.dir/src/can_driver/odrive_can.cpp.o[0m
[0.070s] [ 15%] [32mBuilding CXX object CMakeFiles/odrive_can_interface.dir/src/can_driver/can_driver.cpp.o[0m
[0.081s] [ 23%] [32mBuilding CXX object CMakeFiles/turtle_high_controller.dir/src/proxy/lowerproxy.cpp.o[0m
[0.081s] [ 30%] [32mBuilding CXX object CMakeFiles/turtle_high_controller.dir/src/main.cpp.o[0m
[0.082s] [ 38%] [32mBuilding CXX object CMakeFiles/turtle_high_controller.dir/src/can_driver/can_driver.cpp.o[0m
[0.083s] [ 53%] [32mBuilding CXX object CMakeFiles/turtle_high_controller.dir/src/controller/Inverse_kinematics.cpp.o[0m
[0.083s] [ 53%] [32mBuilding CXX object CMakeFiles/turtle_high_controller.dir/src/proxy/upperproxy.cpp.o[0m
[1.335s] [01m[K/home/qianlab/single_turtle_workspace/dependencies/traveler_controller/src/controller/Inverse_kinematics.cpp:[m[K In member function ‘[01m[Kvoid turtle_namespace::control::lowerproxy::calculate_position(turtle&)[m[K’:
[1.335s] [01m[K/home/qianlab/single_turtle_workspace/dependencies/traveler_controller/src/controller/Inverse_kinematics.cpp:165:17:[m[K [01;31m[Kerror: [m[K‘[01m[Kcustom_trajectory[m[K’ was not declared in this scope
[1.336s]   165 |                 [01;31m[Kcustom_trajectory[m[K(turtle_, running_t); // MODIFIED: custom_trajectory function is added below.
[1.336s]       |                 [01;31m[K^~~~~~~~~~~~~~~~~[m[K
[1.336s] [01m[K/home/qianlab/single_turtle_workspace/dependencies/traveler_controller/src/controller/Inverse_kinematics.cpp:177:16:[m[K [01;35m[Kwarning: [m[Kunused variable ‘[01m[Kback_curr_time[m[K’ [[01;35m[K-Wunused-variable[m[K]
[1.336s]   177 |         double [01;35m[Kback_curr_time[m[K = deltaTime.count();
[1.336s]       |                [01;35m[K^~~~~~~~~~~~~~[m[K
[1.617s] [01m[K/home/qianlab/single_turtle_workspace/dependencies/traveler_controller/src/main.cpp:[m[K In function ‘[01m[Kint main(int, char**)[m[K’:
[1.617s] [01m[K/home/qianlab/single_turtle_workspace/dependencies/traveler_controller/src/main.cpp:35:9:[m[K [01;35m[Kwarning: [m[Kunused variable ‘[01m[Kcount1[m[K’ [[01;35m[K-Wunused-variable[m[K]
[1.617s]    35 |     int [01;35m[Kcount1[m[K;
[1.617s]       |         [01;35m[K^~~~~~[m[K
[1.860s] [01m[K/home/qianlab/single_turtle_workspace/dependencies/traveler_controller/src/proxy/lowerproxy.cpp:[m[K In member function ‘[01m[Kvoid turtle_namespace::control::lowerproxy::calculate_position(turtle&)[m[K’:
[1.861s] [01m[K/home/qianlab/single_turtle_workspace/dependencies/traveler_controller/src/proxy/lowerproxy.cpp:167:17:[m[K [01;31m[Kerror: [m[K‘[01m[Kcustom_trajectory[m[K’ was not declared in this scope
[1.861s]   167 |                 [01;31m[Kcustom_trajectory[m[K(turtle_, running_t); // MODIFIED: custom_trajectory is defined in inverse_kinematics.
[1.861s]       |                 [01;31m[K^~~~~~~~~~~~~~~~~[m[K
[1.862s] [01m[K/home/qianlab/single_turtle_workspace/dependencies/traveler_controller/src/proxy/lowerproxy.cpp:179:16:[m[K [01;35m[Kwarning: [m[Kunused variable ‘[01m[Kback_curr_time[m[K’ [[01;35m[K-Wunused-variable[m[K]
[1.862s]   179 |         double [01;35m[Kback_curr_time[m[K = deltaTime.count();
[1.862s]       |                [01;35m[K^~~~~~~~~~~~~~[m[K
[2.138s] In file included from [01m[K/home/qianlab/single_turtle_workspace/dependencies/traveler_controller/src/main.cpp:8[m[K:
[2.138s] [01m[K/home/qianlab/single_turtle_workspace/dependencies/traveler_controller/include/main.h:[m[K At global scope:
[2.138s] [01m[K/home/qianlab/single_turtle_workspace/dependencies/traveler_controller/include/main.h:46:14:[m[K [01;35m[Kwarning: [m[K‘[01m[Ktimer[m[K’ defined but not used [[01;35m[K-Wunused-variable[m[K]
[2.138s]    46 | static float [01;35m[Ktimer[m[K[10] = { 0 };
[2.138s]       |              [01;35m[K^~~~~[m[K
[2.138s] [01m[K/home/qianlab/single_turtle_workspace/dependencies/traveler_controller/include/main.h:44:12:[m[K [01;35m[Kwarning: [m[K‘[01m[Kinit_done[m[K’ defined but not used [[01;35m[K-Wunused-variable[m[K]
[2.138s]    44 | static int [01;35m[Kinit_done[m[K = 0;
[2.138s]       |            [01;35m[K^~~~~~~~~[m[K
[2.138s] [01m[K/home/qianlab/single_turtle_workspace/dependencies/traveler_controller/include/main.h:43:14:[m[K [01;35m[Kwarning: [m[K‘[01m[Kinit_cnt[m[K’ defined but not used [[01;35m[K-Wunused-variable[m[K]
[2.138s]    43 | static float [01;35m[Kinit_cnt[m[K = 0;
[2.138s]       |              [01;35m[K^~~~~~~~[m[K
[2.324s] make[2]: *** [CMakeFiles/turtle_high_controller.dir/build.make:76: CMakeFiles/turtle_high_controller.dir/src/controller/Inverse_kinematics.cpp.o] Error 1
[2.324s] make[2]: *** Waiting for unfinished jobs....
[2.622s] [ 61%] [32m[1mLinking CXX executable odrive_can_interface[0m
[2.691s] make[2]: *** [CMakeFiles/turtle_high_controller.dir/build.make:89: CMakeFiles/turtle_high_controller.dir/src/proxy/lowerproxy.cpp.o] Error 1
[2.919s] [ 76%] Built target odrive_can_interface
[4.808s] make[1]: *** [CMakeFiles/Makefile2:107: CMakeFiles/turtle_high_controller.dir/all] Error 2
[4.808s] make: *** [Makefile:141: all] Error 2
[4.810s] Invoked command in '/home/qianlab/single_turtle_workspace/build/turtle_high_controller' returned '2': AMENT_PREFIX_PATH=/home/qianlab/single_turtle_workspace/install/traveler_msgs:${AMENT_PREFIX_PATH} CMAKE_PREFIX_PATH=/home/qianlab/single_turtle_workspace/install/traveler_msgs:/home/qianlab/Turtle_workspace/lassie-turtle/install/turtle_high_controller:/home/qianlab/Turtle_workspace/lassie-turtle/install/traveler_msgs:/home/qianlab/Turtle_workspace/install/turtle_high_controller:/home/qianlab/Turtle_workspace/install/traveler_msgs:/home/qianlab/Turtle_workspace/lassie-turtle/install/traveler_optitrack:/home/qianlab/Turtle_workspace/install/traveler_optitrack:/opt/ros/foxy CONDA_PROMPT_MODIFIER=(base) LD_LIBRARY_PATH=/home/qianlab/single_turtle_workspace/install/traveler_msgs/lib:${LD_LIBRARY_PATH} PYTHONPATH=/home/qianlab/single_turtle_workspace/install/traveler_msgs/lib/python3.8/site-packages:${PYTHONPATH} /usr/bin/cmake --build /home/qianlab/single_turtle_workspace/build/turtle_high_controller -- -j12 -l12
