[0.008s] Invoking command in '/home/qianlab/single_turtle_workspace/build/turtle_high_controller': CMAKE_PREFIX_PATH=${CMAKE_PREFIX_PATH}:/home/qianlab/single_turtle_workspace/install/traveler_optitrack:/home/qianlab/Turtle_workspace/lassie-turtle/install/traveler_optitrack:/home/qianlab/Turtle_workspace/install/traveler_optitrack:/opt/ros/foxy /usr/bin/cmake /home/qianlab/single_turtle_workspace/dependencies/traveler_controller -DAMENT_CMAKE_SYMLINK_INSTALL=1 -DCMAKE_INSTALL_PREFIX=/home/qianlab/single_turtle_workspace/install/turtle_high_controller
[0.021s] -- Found ament_cmake: 0.9.12 (/opt/ros/foxy/share/ament_cmake/cmake)
[0.032s] -- Using PYTHON_EXECUTABLE: /home/qianlab/miniconda3/bin/python3
[0.115s] -- Override CMake install command with custom implementation using symlinks instead of copying resources
[0.120s] -- Found rclcpp: 2.4.3 (/opt/ros/foxy/share/rclcpp/cmake)
[0.141s] -- Using all available rosidl_typesupport_c: rosidl_typesupport_fastrtps_c;rosidl_typesupport_introspection_c
[0.143s] -- Found rosidl_adapter: 1.3.1 (/opt/ros/foxy/share/rosidl_adapter/cmake)
[0.225s] -- Using all available rosidl_typesupport_cpp: rosidl_typesupport_fastrtps_cpp;rosidl_typesupport_introspection_cpp
[0.255s] -- Found rmw_implementation_cmake: 1.0.4 (/opt/ros/foxy/share/rmw_implementation_cmake/cmake)
[0.256s] -- Using RMW implementation 'rmw_fastrtps_cpp' as default
[0.346s] -- Found control_msgs: 2.5.1 (/opt/ros/foxy/share/control_msgs/cmake)
[0.590s] -- Found traveler_msgs: 0.0.0 (/home/qianlab/Turtle_workspace/lassie-turtle/install/traveler_msgs/share/traveler_msgs/cmake)
[0.615s] Traceback (most recent call last):
[0.615s]   File "/opt/ros/foxy/share/ament_cmake_core/cmake/core/package_xml_2_cmake.py", line 21, in <module>
[0.615s]     from catkin_pkg.package import parse_package_string
[0.615s] ModuleNotFoundError: No module named 'catkin_pkg'
[0.617s] CMake Error at /opt/ros/foxy/share/ament_cmake_core/cmake/core/ament_package_xml.cmake:94 (message):
[0.617s]   execute_process(/home/qianlab/miniconda3/bin/python3
[0.617s]   /opt/ros/foxy/share/ament_cmake_core/cmake/core/package_xml_2_cmake.py
[0.617s]   /home/qianlab/single_turtle_workspace/dependencies/traveler_controller/package.xml
[0.618s]   /home/qianlab/single_turtle_workspace/build/turtle_high_controller/ament_cmake_core/package.cmake)
[0.618s]   returned error code 1
[0.618s] Call Stack (most recent call first):
[0.618s]   /opt/ros/foxy/share/ament_cmake_core/cmake/core/ament_package_xml.cmake:49 (_ament_package_xml)
[0.618s]   /opt/ros/foxy/share/ament_cmake_core/cmake/core/ament_package.cmake:63 (ament_package_xml)
[0.618s]   CMakeLists.txt:82 (ament_package)
[0.618s] 
[0.618s] 
[0.618s] -- Configuring incomplete, errors occurred!
[0.618s] See also "/home/qianlab/single_turtle_workspace/build/turtle_high_controller/CMakeFiles/CMakeOutput.log".
[0.619s] See also "/home/qianlab/single_turtle_workspace/build/turtle_high_controller/CMakeFiles/CMakeError.log".
[0.625s] Invoked command in '/home/qianlab/single_turtle_workspace/build/turtle_high_controller' returned '1': CMAKE_PREFIX_PATH=${CMAKE_PREFIX_PATH}:/home/qianlab/single_turtle_workspace/install/traveler_optitrack:/home/qianlab/Turtle_workspace/lassie-turtle/install/traveler_optitrack:/home/qianlab/Turtle_workspace/install/traveler_optitrack:/opt/ros/foxy /usr/bin/cmake /home/qianlab/single_turtle_workspace/dependencies/traveler_controller -DAMENT_CMAKE_SYMLINK_INSTALL=1 -DCMAKE_INSTALL_PREFIX=/home/qianlab/single_turtle_workspace/install/turtle_high_controller
