[35m[1mScanning dependencies of target turtle_high_controller[0m
[ 38%] Built target odrive_can_interface
[ 53%] [32mBuilding CXX object CMakeFiles/turtle_high_controller.dir/src/proxy/lowerproxy.cpp.o[0m
[ 53%] [32mBuilding CXX object CMakeFiles/turtle_high_controller.dir/src/controller/Inverse_kinematics.cpp.o[0m
[01m[K/home/qianlab/single_turtle_workspace/dependencies/traveler_controller/src/controller/Inverse_kinematics.cpp:[m[K In function ‘[01m[Kvoid combined_phase_trajectory(turtle&, float, PhaseCombination)[m[K’:
[01m[K/home/qianlab/single_turtle_workspace/dependencies/traveler_controller/src/controller/Inverse_kinematics.cpp:50:48:[m[K [01;31m[Kerror: [m[K‘[01m[Kstruct TrajectoryData[m[K’ has no member named ‘[01m[Klateral_angle_range[m[K’
   50 |     float horizontal_angle = turtle_.traj_data.[01;31m[Klateral_angle_range[m[K * 180 / M_PI;
      |                                                [01;31m[K^~~~~~~~~~~~~~~~~~~[m[K
[01m[K/home/qianlab/single_turtle_workspace/dependencies/traveler_controller/src/controller/Inverse_kinematics.cpp:54:55:[m[K [01;31m[Kerror: [m[K‘[01m[Kstruct TrajectoryData[m[K’ has no member named ‘[01m[Klateral_angle_range[m[K’
   54 |     rectangle_params.period_down  = turtle_.traj_data.[01;31m[Klateral_angle_range[m[K * l1 * 2 / turtle_.traj_data.drag_speed;
      |                                                       [01;31m[K^~~~~~~~~~~~~~~~~~~[m[K
[01m[K/home/qianlab/single_turtle_workspace/dependencies/traveler_controller/src/controller/Inverse_kinematics.cpp:54:104:[m[K [01;31m[Kerror: [m[K‘[01m[Kstruct TrajectoryData[m[K’ has no member named ‘[01m[Kdrag_speed[m[K’
   54 |     rectangle_params.period_down  = turtle_.traj_data.lateral_angle_range * l1 * 2 / turtle_.traj_data.[01;31m[Kdrag_speed[m[K;
      |                                                                                                        [01;31m[K^~~~~~~~~~[m[K
[01m[K/home/qianlab/single_turtle_workspace/dependencies/traveler_controller/src/controller/Inverse_kinematics.cpp:56:55:[m[K [01;31m[Kerror: [m[K‘[01m[Kstruct TrajectoryData[m[K’ has no member named ‘[01m[Kservo_speed[m[K’
   56 |     rectangle_params.period_left  = turtle_.traj_data.[01;31m[Kservo_speed[m[K;
      |                                                       [01;31m[K^~~~~~~~~~~[m[K
[01m[K/home/qianlab/single_turtle_workspace/dependencies/traveler_controller/src/controller/Inverse_kinematics.cpp:57:55:[m[K [01;31m[Kerror: [m[K‘[01m[Kstruct TrajectoryData[m[K’ has no member named ‘[01m[Kservo_speed[m[K’
   57 |     rectangle_params.period_right = turtle_.traj_data.[01;31m[Kservo_speed[m[K;
      |                                                       [01;31m[K^~~~~~~~~~~[m[K
[01m[K/home/qianlab/single_turtle_workspace/dependencies/traveler_controller/src/controller/Inverse_kinematics.cpp:59:59:[m[K [01;31m[Kerror: [m[K‘[01m[Kstruct TrajectoryData[m[K’ has no member named ‘[01m[Klateral_angle_range[m[K’
   59 |     rectangle_params.horizontal_range = turtle_.traj_data.[01;31m[Klateral_angle_range[m[K * 180 / M_PI;
      |                                                           [01;31m[K^~~~~~~~~~~~~~~~~~~[m[K
[01m[K/home/qianlab/single_turtle_workspace/dependencies/traveler_controller/src/controller/Inverse_kinematics.cpp:71:48:[m[K [01;31m[Kerror: [m[K‘[01m[Kstruct TrajectoryData[m[K’ has no member named ‘[01m[Kextraction_angle[m[K’
   71 |     float extraction_angle = turtle_.traj_data.[01;31m[Kextraction_angle[m[K;
      |                                                [01;31m[K^~~~~~~~~~~~~~~~[m[K
[01m[K/home/qianlab/single_turtle_workspace/dependencies/traveler_controller/src/controller/Inverse_kinematics.cpp:244:26:[m[K [01;31m[Kerror: [m[K‘[01m[KlinearInterpolate[m[K’ was not declared in this scope
  244 |                 gamma1 = [01;31m[KlinearInterpolate[m[K(turtle_.traj_data.start_gamma, turtle_.traj_data.end_gamma, corres_t);
      |                          [01;31m[K^~~~~~~~~~~~~~~~~[m[K
[01m[K/home/qianlab/single_turtle_workspace/dependencies/traveler_controller/src/controller/Inverse_kinematics.cpp:66:11:[m[K [01;35m[Kwarning: [m[Kunused variable ‘[01m[Kend_delay[m[K’ [[01;35m[K-Wunused-variable[m[K]
   66 |     float [01;35m[Kend_delay[m[K    = 3.0;
      |           [01;35m[K^~~~~~~~~[m[K
[01m[K/home/qianlab/single_turtle_workspace/dependencies/traveler_controller/src/controller/Inverse_kinematics.cpp:86:12:[m[K [01;35m[Kwarning: [m[Kunused variable ‘[01m[Kinitial_insertion_depth_deg[m[K’ [[01;35m[K-Wunused-variable[m[K]
   86 |     double [01;35m[Kinitial_insertion_depth_deg[m[K = initial_insertion_depth_rad * 180 / M_PI;
      |            [01;35m[K^~~~~~~~~~~~~~~~~~~~~~~~~~~[m[K
[01m[K/home/qianlab/single_turtle_workspace/dependencies/traveler_controller/src/controller/Inverse_kinematics.cpp:[m[K In function ‘[01m[Kvoid boundingGAIT(turtle&, float, int)[m[K’:
[01m[K/home/qianlab/single_turtle_workspace/dependencies/traveler_controller/src/controller/Inverse_kinematics.cpp:271:49:[m[K [01;35m[Kwarning: [m[Kunused parameter ‘[01m[Kmode[m[K’ [[01;35m[K-Wunused-parameter[m[K]
  271 | void boundingGAIT(turtle& turtle_, float t, [01;35m[Kint mode[m[K) {
      |                                             [01;35m[K~~~~^~~~[m[K
make[2]: *** [CMakeFiles/turtle_high_controller.dir/build.make:76: CMakeFiles/turtle_high_controller.dir/src/controller/Inverse_kinematics.cpp.o] Error 1
make[2]: *** Waiting for unfinished jobs....
[01m[K/home/qianlab/single_turtle_workspace/dependencies/traveler_controller/src/proxy/lowerproxy.cpp:[m[K In member function ‘[01m[Kvoid turtle_namespace::control::lowerproxy::calculate_position(turtle&)[m[K’:
[01m[K/home/qianlab/single_turtle_workspace/dependencies/traveler_controller/src/proxy/lowerproxy.cpp:166:17:[m[K [01;31m[Kerror: [m[K‘[01m[Kcustom_trajectory[m[K’ was not declared in this scope
  166 |                 [01;31m[Kcustom_trajectory[m[K(turtle_, running_t); // MODIFIED: custom_trajectory is defined in inverse_kinematics.
      |                 [01;31m[K^~~~~~~~~~~~~~~~~[m[K
[01m[K/home/qianlab/single_turtle_workspace/dependencies/traveler_controller/src/proxy/lowerproxy.cpp:178:16:[m[K [01;35m[Kwarning: [m[Kunused variable ‘[01m[Kback_curr_time[m[K’ [[01;35m[K-Wunused-variable[m[K]
  178 |         double [01;35m[Kback_curr_time[m[K = deltaTime.count();
      |                [01;35m[K^~~~~~~~~~~~~~[m[K
make[2]: *** [CMakeFiles/turtle_high_controller.dir/build.make:89: CMakeFiles/turtle_high_controller.dir/src/proxy/lowerproxy.cpp.o] Error 1
make[1]: *** [CMakeFiles/Makefile2:107: CMakeFiles/turtle_high_controller.dir/all] Error 2
make: *** [Makefile:141: all] Error 2
