[01m[K/home/qianlab/single_turtle_workspace/dependencies/traveler_controller/src/controller/trajectories_parser.cpp:[m[K In member function ‘[01m[Kvoid turtle_namespace::control::TrajectoriesParser::generateWaypoints(turtle&)[m[K’:
[01m[K/home/qianlab/single_turtle_workspace/dependencies/traveler_controller/src/controller/trajectories_parser.cpp:24:9:[m[K [01;35m[Kwarning: [m[Kunused variable ‘[01m[Ktrajectory[m[K’ [[01;35m[K-Wunused-variable[m[K]
   24 |     int [01;35m[Ktrajectory[m[K = turtle.turtle_gui.drag_traj;
      |         [01;35m[K^~~~~~~~~~[m[K
[01m[K/home/qianlab/single_turtle_workspace/dependencies/traveler_controller/src/controller/trajectories_parser.cpp:[m[K In member function ‘[01m[Kbool turtle_namespace::control::TrajectoriesParser::waypointTrajectory(turtle&)[m[K’:
[01m[K/home/qianlab/single_turtle_workspace/dependencies/traveler_controller/src/controller/trajectories_parser.cpp:69:39:[m[K [01;31m[Kerror: [m[Kexpected ‘[01m[K;[m[K’ before ‘[01m[Kcurr_waypoint_[m[K’
   69 |         prev_waypoint_ = waypoints_[0]
      |                                       [01;31m[K^[m[K
      |                                       [32m[K;[m[K
   70 |         [32m[Kcurr_waypoint_[m[K = waypoints_[1];
      |         [32m[K~~~~~~~~~~~~~~[m[K                 
[01m[K/home/qianlab/single_turtle_workspace/dependencies/traveler_controller/src/controller/trajectories_parser.cpp:[m[K In member function ‘[01m[Kvoid turtle_namespace::control::TrajectoriesParser::generateTempTraj(turtle&)[m[K’:
[01m[K/home/qianlab/single_turtle_workspace/dependencies/traveler_controller/src/controller/trajectories_parser.cpp:98:9:[m[K [01;35m[Kwarning: [m[Kunused variable ‘[01m[Ktrajectory[m[K’ [[01;35m[K-Wunused-variable[m[K]
   98 |     int [01;35m[Ktrajectory[m[K = turtle.turtle_gui.drag_traj;
      |         [01;35m[K^~~~~~~~~~[m[K
[01m[K/home/qianlab/single_turtle_workspace/dependencies/traveler_controller/src/controller/trajectories_parser.cpp:99:9:[m[K [01;35m[Kwarning: [m[Kunused variable ‘[01m[KRUN[m[K’ [[01;35m[K-Wunused-variable[m[K]
   99 |     int [01;35m[KRUN[m[K = turtle.turtle_gui.start_flag;
      |         [01;35m[K^~~[m[K
make[2]: *** [CMakeFiles/turtle_high_controller.dir/build.make:89: CMakeFiles/turtle_high_controller.dir/src/controller/trajectories_parser.cpp.o] Error 1
make[1]: *** [CMakeFiles/Makefile2:107: CMakeFiles/turtle_high_controller.dir/all] Error 2
make: *** [Makefile:141: all] Error 2
