[0.009s] Invoking command in '/home/qianlab/single_turtle_workspace/build/turtle_high_controller': AMENT_PREFIX_PATH=/home/qianlab/single_turtle_workspace/install/traveler_msgs:${AMENT_PREFIX_PATH} CMAKE_PREFIX_PATH=/home/qianlab/single_turtle_workspace/install/traveler_msgs:/home/qianlab/Turtle_workspace/lassie-turtle/install/turtle_high_controller:/home/qianlab/Turtle_workspace/lassie-turtle/install/traveler_msgs:/home/qianlab/Turtle_workspace/install/turtle_high_controller:/home/qianlab/Turtle_workspace/install/traveler_msgs:/home/qianlab/Turtle_workspace/lassie-turtle/install/traveler_optitrack:/home/qianlab/Turtle_workspace/install/traveler_optitrack:/opt/ros/foxy CONDA_PROMPT_MODIFIER=(base) LD_LIBRARY_PATH=/home/qianlab/single_turtle_workspace/install/traveler_msgs/lib:${LD_LIBRARY_PATH} PYTHONPATH=/home/qianlab/single_turtle_workspace/install/traveler_msgs/lib/python3.8/site-packages:${PYTHONPATH} /usr/bin/cmake --build /home/qianlab/single_turtle_workspace/build/turtle_high_controller -- -j12 -l12
[0.048s] [35m[1mScanning dependencies of target odrive_can_interface[0m
[0.051s] [35m[1mScanning dependencies of target turtle_high_controller[0m
[0.072s] [  7%] [32mBuilding CXX object CMakeFiles/odrive_can_interface.dir/src/can_driver/can_driver.cpp.o[0m
[0.124s] [ 23%] [32mBuilding CXX object CMakeFiles/turtle_high_controller.dir/src/can_driver/can_driver.cpp.o[0m
[0.124s] [ 23%] [32mBuilding CXX object CMakeFiles/turtle_high_controller.dir/src/controller/Inverse_kinematics.cpp.o[0m
[0.494s] [01m[K/home/qianlab/single_turtle_workspace/dependencies/traveler_controller/src/controller/Inverse_kinematics.cpp:[m[K In function ‘[01m[Kvoid fixed_insertion_depth_gait_lower_point_version_3_analytic_solution(turtle&, float)[m[K’:
[0.495s] [01m[K/home/qianlab/single_turtle_workspace/dependencies/traveler_controller/src/controller/Inverse_kinematics.cpp:201:12:[m[K [01;35m[Kwarning: [m[Kunused variable ‘[01m[Kinitial_insertion_depth_deg[m[K’ [[01;35m[K-Wunused-variable[m[K]
[0.495s]   201 |     double [01;35m[Kinitial_insertion_depth_deg[m[K = initial_insertion_depth_rad * 180 / M_PI;
[0.495s]       |            [01;35m[K^~~~~~~~~~~~~~~~~~~~~~~~~~~[m[K
[1.573s] [ 30%] [32m[1mLinking CXX executable turtle_high_controller[0m
[1.621s] [ 38%] [32m[1mLinking CXX executable odrive_can_interface[0m
[1.835s] [ 61%] Built target odrive_can_interface
[1.954s] [100%] Built target turtle_high_controller
[1.963s] Invoked command in '/home/qianlab/single_turtle_workspace/build/turtle_high_controller' returned '0': AMENT_PREFIX_PATH=/home/qianlab/single_turtle_workspace/install/traveler_msgs:${AMENT_PREFIX_PATH} CMAKE_PREFIX_PATH=/home/qianlab/single_turtle_workspace/install/traveler_msgs:/home/qianlab/Turtle_workspace/lassie-turtle/install/turtle_high_controller:/home/qianlab/Turtle_workspace/lassie-turtle/install/traveler_msgs:/home/qianlab/Turtle_workspace/install/turtle_high_controller:/home/qianlab/Turtle_workspace/install/traveler_msgs:/home/qianlab/Turtle_workspace/lassie-turtle/install/traveler_optitrack:/home/qianlab/Turtle_workspace/install/traveler_optitrack:/opt/ros/foxy CONDA_PROMPT_MODIFIER=(base) LD_LIBRARY_PATH=/home/qianlab/single_turtle_workspace/install/traveler_msgs/lib:${LD_LIBRARY_PATH} PYTHONPATH=/home/qianlab/single_turtle_workspace/install/traveler_msgs/lib/python3.8/site-packages:${PYTHONPATH} /usr/bin/cmake --build /home/qianlab/single_turtle_workspace/build/turtle_high_controller -- -j12 -l12
[1.985s] Invoking command in '/home/qianlab/single_turtle_workspace/build/turtle_high_controller': AMENT_PREFIX_PATH=/home/qianlab/single_turtle_workspace/install/traveler_msgs:${AMENT_PREFIX_PATH} CMAKE_PREFIX_PATH=/home/qianlab/single_turtle_workspace/install/traveler_msgs:/home/qianlab/Turtle_workspace/lassie-turtle/install/turtle_high_controller:/home/qianlab/Turtle_workspace/lassie-turtle/install/traveler_msgs:/home/qianlab/Turtle_workspace/install/turtle_high_controller:/home/qianlab/Turtle_workspace/install/traveler_msgs:/home/qianlab/Turtle_workspace/lassie-turtle/install/traveler_optitrack:/home/qianlab/Turtle_workspace/install/traveler_optitrack:/opt/ros/foxy CONDA_PROMPT_MODIFIER=(base) LD_LIBRARY_PATH=/home/qianlab/single_turtle_workspace/install/traveler_msgs/lib:${LD_LIBRARY_PATH} PYTHONPATH=/home/qianlab/single_turtle_workspace/install/traveler_msgs/lib/python3.8/site-packages:${PYTHONPATH} /usr/bin/cmake --install /home/qianlab/single_turtle_workspace/build/turtle_high_controller
[1.990s] -- Install configuration: "Debug"
[1.991s] -- Installing: /home/qianlab/single_turtle_workspace/install/turtle_high_controller/lib/turtle_high_controller/turtle_high_controller
[1.997s] -- Set runtime path of "/home/qianlab/single_turtle_workspace/install/turtle_high_controller/lib/turtle_high_controller/turtle_high_controller" to ""
[1.998s] -- Installing: /home/qianlab/single_turtle_workspace/install/turtle_high_controller/lib/turtle_high_controller/odrive_can_interface
[2.001s] -- Set runtime path of "/home/qianlab/single_turtle_workspace/install/turtle_high_controller/lib/turtle_high_controller/odrive_can_interface" to ""
[2.001s] -- Up-to-date: /home/qianlab/single_turtle_workspace/install/turtle_high_controller/share/ament_index/resource_index/package_run_dependencies/turtle_high_controller
[2.002s] -- Up-to-date: /home/qianlab/single_turtle_workspace/install/turtle_high_controller/share/ament_index/resource_index/parent_prefix_path/turtle_high_controller
[2.002s] -- Up-to-date: /home/qianlab/single_turtle_workspace/install/turtle_high_controller/share/turtle_high_controller/environment/ament_prefix_path.sh
[2.002s] -- Up-to-date: /home/qianlab/single_turtle_workspace/install/turtle_high_controller/share/turtle_high_controller/environment/ament_prefix_path.dsv
[2.002s] -- Up-to-date: /home/qianlab/single_turtle_workspace/install/turtle_high_controller/share/turtle_high_controller/environment/path.sh
[2.002s] -- Up-to-date: /home/qianlab/single_turtle_workspace/install/turtle_high_controller/share/turtle_high_controller/environment/path.dsv
[2.002s] -- Up-to-date: /home/qianlab/single_turtle_workspace/install/turtle_high_controller/share/turtle_high_controller/local_setup.bash
[2.002s] -- Up-to-date: /home/qianlab/single_turtle_workspace/install/turtle_high_controller/share/turtle_high_controller/local_setup.sh
[2.002s] -- Up-to-date: /home/qianlab/single_turtle_workspace/install/turtle_high_controller/share/turtle_high_controller/local_setup.zsh
[2.002s] -- Up-to-date: /home/qianlab/single_turtle_workspace/install/turtle_high_controller/share/turtle_high_controller/local_setup.dsv
[2.002s] -- Installing: /home/qianlab/single_turtle_workspace/install/turtle_high_controller/share/turtle_high_controller/package.dsv
[2.002s] -- Up-to-date: /home/qianlab/single_turtle_workspace/install/turtle_high_controller/share/ament_index/resource_index/packages/turtle_high_controller
[2.002s] -- Up-to-date: /home/qianlab/single_turtle_workspace/install/turtle_high_controller/share/turtle_high_controller/cmake/turtle_high_controllerConfig.cmake
[2.002s] -- Up-to-date: /home/qianlab/single_turtle_workspace/install/turtle_high_controller/share/turtle_high_controller/cmake/turtle_high_controllerConfig-version.cmake
[2.003s] -- Up-to-date: /home/qianlab/single_turtle_workspace/install/turtle_high_controller/share/turtle_high_controller/package.xml
[2.004s] Invoked command in '/home/qianlab/single_turtle_workspace/build/turtle_high_controller' returned '0': AMENT_PREFIX_PATH=/home/qianlab/single_turtle_workspace/install/traveler_msgs:${AMENT_PREFIX_PATH} CMAKE_PREFIX_PATH=/home/qianlab/single_turtle_workspace/install/traveler_msgs:/home/qianlab/Turtle_workspace/lassie-turtle/install/turtle_high_controller:/home/qianlab/Turtle_workspace/lassie-turtle/install/traveler_msgs:/home/qianlab/Turtle_workspace/install/turtle_high_controller:/home/qianlab/Turtle_workspace/install/traveler_msgs:/home/qianlab/Turtle_workspace/lassie-turtle/install/traveler_optitrack:/home/qianlab/Turtle_workspace/install/traveler_optitrack:/opt/ros/foxy CONDA_PROMPT_MODIFIER=(base) LD_LIBRARY_PATH=/home/qianlab/single_turtle_workspace/install/traveler_msgs/lib:${LD_LIBRARY_PATH} PYTHONPATH=/home/qianlab/single_turtle_workspace/install/traveler_msgs/lib/python3.8/site-packages:${PYTHONPATH} /usr/bin/cmake --install /home/qianlab/single_turtle_workspace/build/turtle_high_controller
