[0.160s] Invoking command in '/home/qianlab/single_turtle_workspace/build/turtle_high_controller': CMAKE_PREFIX_PATH=${CMAKE_PREFIX_PATH}:/home/qianlab/Turtle_workspace/lassie-turtle/install/traveler_optitrack:/home/qianlab/Turtle_workspace/install/traveler_optitrack:/opt/ros/foxy /usr/bin/cmake /home/qianlab/single_turtle_workspace/dependencies/traveler_controller -DCMAKE_INSTALL_PREFIX=/home/qianlab/single_turtle_workspace/install/turtle_high_controller
[0.169s] -- Found ament_cmake: 0.9.12 (/opt/ros/foxy/share/ament_cmake/cmake)
[0.180s] -- Using PYTHON_EXECUTABLE: /home/qianlab/miniconda3/bin/python3
[0.268s] -- Found rclcpp: 2.4.3 (/opt/ros/foxy/share/rclcpp/cmake)
[0.292s] -- Using all available rosidl_typesupport_c: rosidl_typesupport_fastrtps_c;rosidl_typesupport_introspection_c
[0.294s] -- Found rosidl_adapter: 1.3.1 (/opt/ros/foxy/share/rosidl_adapter/cmake)
[0.373s] -- Using all available rosidl_typesupport_cpp: rosidl_typesupport_fastrtps_cpp;rosidl_typesupport_introspection_cpp
[0.405s] -- Found rmw_implementation_cmake: 1.0.4 (/opt/ros/foxy/share/rmw_implementation_cmake/cmake)
[0.406s] -- Using RMW implementation 'rmw_fastrtps_cpp' as default
[0.498s] -- Found control_msgs: 2.5.1 (/opt/ros/foxy/share/control_msgs/cmake)
[0.743s] -- Found traveler_msgs: 0.0.0 (/home/qianlab/Turtle_workspace/lassie-turtle/install/traveler_msgs/share/traveler_msgs/cmake)
[0.764s] Traceback (most recent call last):
[0.764s]   File "/opt/ros/foxy/share/ament_cmake_core/cmake/core/package_xml_2_cmake.py", line 21, in <module>
[0.764s]     from catkin_pkg.package import parse_package_string
[0.765s] ModuleNotFoundError: No module named 'catkin_pkg'
[0.766s] CMake Error at /opt/ros/foxy/share/ament_cmake_core/cmake/core/ament_package_xml.cmake:94 (message):
[0.767s]   execute_process(/home/qianlab/miniconda3/bin/python3
[0.767s]   /opt/ros/foxy/share/ament_cmake_core/cmake/core/package_xml_2_cmake.py
[0.767s]   /home/qianlab/single_turtle_workspace/dependencies/traveler_controller/package.xml
[0.767s]   /home/qianlab/single_turtle_workspace/build/turtle_high_controller/ament_cmake_core/package.cmake)
[0.767s]   returned error code 1
[0.767s] Call Stack (most recent call first):
[0.767s]   /opt/ros/foxy/share/ament_cmake_core/cmake/core/ament_package_xml.cmake:49 (_ament_package_xml)
[0.767s]   /opt/ros/foxy/share/ament_cmake_core/cmake/core/ament_package.cmake:63 (ament_package_xml)
[0.767s]   CMakeLists.txt:82 (ament_package)
[0.767s] 
[0.767s] 
[0.768s] -- Configuring incomplete, errors occurred!
[0.768s] See also "/home/qianlab/single_turtle_workspace/build/turtle_high_controller/CMakeFiles/CMakeOutput.log".
[0.768s] See also "/home/qianlab/single_turtle_workspace/build/turtle_high_controller/CMakeFiles/CMakeError.log".
[0.773s] Invoked command in '/home/qianlab/single_turtle_workspace/build/turtle_high_controller' returned '1': CMAKE_PREFIX_PATH=${CMAKE_PREFIX_PATH}:/home/qianlab/Turtle_workspace/lassie-turtle/install/traveler_optitrack:/home/qianlab/Turtle_workspace/install/traveler_optitrack:/opt/ros/foxy /usr/bin/cmake /home/qianlab/single_turtle_workspace/dependencies/traveler_controller -DCMAKE_INSTALL_PREFIX=/home/qianlab/single_turtle_workspace/install/turtle_high_controller
