[0.011s] Invoking command in '/home/qianlab/single_turtle_workspace/build/turtle_high_controller': AMENT_PREFIX_PATH=/home/qianlab/single_turtle_workspace/install/traveler_msgs:${AMENT_PREFIX_PATH} CMAKE_PREFIX_PATH=/home/qianlab/single_turtle_workspace/install/traveler_msgs:/home/qianlab/lassie-traveler/dependencies/install/traveler_high_controller:/home/qianlab/lassie-traveler/dependencies/install/traveler_msgs:/opt/ros/foxy LD_LIBRARY_PATH=/home/qianlab/single_turtle_workspace/install/traveler_msgs/lib:${LD_LIBRARY_PATH} PYTHONPATH=/home/qianlab/single_turtle_workspace/install/traveler_msgs/lib/python3.8/site-packages:${PYTHONPATH} /usr/bin/cmake --build /home/qianlab/single_turtle_workspace/build/turtle_high_controller -- -j12 -l12
[0.074s] [  7%] [32mBuilding CXX object CMakeFiles/odrive_can_interface.dir/src/can_driver/can_driver.cpp.o[0m
[0.080s] [ 14%] [32mBuilding CXX object CMakeFiles/turtle_high_controller.dir/src/proxy/lowerproxy.cpp.o[0m
[0.080s] [ 21%] [32mBuilding CXX object CMakeFiles/turtle_high_controller.dir/src/can_driver/can_driver.cpp.o[0m
[1.122s] [01m[K/home/qianlab/single_turtle_workspace/dependencies/traveler_controller/src/can_driver/can_driver.cpp:[m[K In member function ‘[01m[Kvoid can_driver::change_odrive_state(turtle&)[m[K’:
[1.122s] [01m[K/home/qianlab/single_turtle_workspace/dependencies/traveler_controller/src/can_driver/can_driver.cpp:248:51:[m[K [01;31m[Kerror: [m[K‘[01m[Kstruct motor_command[m[K’ has no member named ‘[01m[Kset_state[m[K’
[1.122s]   248 |             turtle_.turtle_control.left_adduction.[01;31m[Kset_state[m[K.can_channel = 1;
[1.122s]       |                                                   [01;31m[K^~~~~~~~~[m[K
[1.122s] [01m[K/home/qianlab/single_turtle_workspace/dependencies/traveler_controller/src/can_driver/can_driver.cpp:249:50:[m[K [01;31m[Kerror: [m[K‘[01m[Kstruct motor_command[m[K’ has no member named ‘[01m[Kset_state[m[K’
[1.122s]   249 |             turtle_.turtle_control.left_sweeping.[01;31m[Kset_state[m[K.can_channel = 1;
[1.122s]       |                                                  [01;31m[K^~~~~~~~~[m[K
[1.122s] [01m[K/home/qianlab/single_turtle_workspace/dependencies/traveler_controller/src/can_driver/can_driver.cpp:250:52:[m[K [01;31m[Kerror: [m[K‘[01m[Kstruct motor_command[m[K’ has no member named ‘[01m[Kset_state[m[K’
[1.122s]   250 |             turtle_.turtle_control.right_adduction.[01;31m[Kset_state[m[K.can_channel = 0;
[1.122s]       |                                                    [01;31m[K^~~~~~~~~[m[K
[1.122s] [01m[K/home/qianlab/single_turtle_workspace/dependencies/traveler_controller/src/can_driver/can_driver.cpp:251:51:[m[K [01;31m[Kerror: [m[K‘[01m[Kstruct motor_command[m[K’ has no member named ‘[01m[Kset_state[m[K’
[1.123s]   251 |             turtle_.turtle_control.right_sweeping.[01;31m[Kset_state[m[K.can_channel = 0;
[1.123s]       |                                                   [01;31m[K^~~~~~~~~[m[K
[1.123s] [01m[K/home/qianlab/single_turtle_workspace/dependencies/traveler_controller/src/can_driver/can_driver.cpp:252:51:[m[K [01;31m[Kerror: [m[K‘[01m[Kstruct motor_command[m[K’ has no member named ‘[01m[Kset_state[m[K’
[1.123s]   252 |             turtle_.turtle_control.left_adduction.[01;31m[Kset_state[m[K.set_state = 8;
[1.123s]       |                                                   [01;31m[K^~~~~~~~~[m[K
[1.123s] [01m[K/home/qianlab/single_turtle_workspace/dependencies/traveler_controller/src/can_driver/can_driver.cpp:253:50:[m[K [01;31m[Kerror: [m[K‘[01m[Kstruct motor_command[m[K’ has no member named ‘[01m[Kset_state[m[K’
[1.123s]   253 |             turtle_.turtle_control.left_sweeping.[01;31m[Kset_state[m[K.set_state = 8;
[1.123s]       |                                                  [01;31m[K^~~~~~~~~[m[K
[1.123s] [01m[K/home/qianlab/single_turtle_workspace/dependencies/traveler_controller/src/can_driver/can_driver.cpp:254:52:[m[K [01;31m[Kerror: [m[K‘[01m[Kstruct motor_command[m[K’ has no member named ‘[01m[Kset_state[m[K’
[1.123s]   254 |             turtle_.turtle_control.right_adduction.[01;31m[Kset_state[m[K.set_state = 8;
[1.123s]       |                                                    [01;31m[K^~~~~~~~~[m[K
[1.123s] [01m[K/home/qianlab/single_turtle_workspace/dependencies/traveler_controller/src/can_driver/can_driver.cpp:255:51:[m[K [01;31m[Kerror: [m[K‘[01m[Kstruct motor_command[m[K’ has no member named ‘[01m[Kset_state[m[K’
[1.123s]   255 |             turtle_.turtle_control.right_sweeping.[01;31m[Kset_state[m[K.set_state = 8;
[1.123s]       |                                                   [01;31m[K^~~~~~~~~[m[K
[1.124s] [01m[K/home/qianlab/single_turtle_workspace/dependencies/traveler_controller/src/can_driver/can_driver.cpp:256:75:[m[K [01;31m[Kerror: [m[K‘[01m[Kstruct motor_command[m[K’ has no member named ‘[01m[Kset_state[m[K’
[1.124s]   256 |             setstate_left_adduction(turtle_.turtle_control.left_adduction.[01;31m[Kset_state[m[K);
[1.124s]       |                                                                           [01;31m[K^~~~~~~~~[m[K
[1.124s] [01m[K/home/qianlab/single_turtle_workspace/dependencies/traveler_controller/src/can_driver/can_driver.cpp:257:73:[m[K [01;31m[Kerror: [m[K‘[01m[Kstruct motor_command[m[K’ has no member named ‘[01m[Kset_state[m[K’
[1.124s]   257 |             setstate_left_sweeping(turtle_.turtle_control.left_sweeping.[01;31m[Kset_state[m[K);
[1.124s]       |                                                                         [01;31m[K^~~~~~~~~[m[K
[1.124s] [01m[K/home/qianlab/single_turtle_workspace/dependencies/traveler_controller/src/can_driver/can_driver.cpp:258:77:[m[K [01;31m[Kerror: [m[K‘[01m[Kstruct motor_command[m[K’ has no member named ‘[01m[Kset_state[m[K’
[1.124s]   258 |             setstate_right_adduction(turtle_.turtle_control.right_adduction.[01;31m[Kset_state[m[K);
[1.124s]       |                                                                             [01;31m[K^~~~~~~~~[m[K
[1.124s] [01m[K/home/qianlab/single_turtle_workspace/dependencies/traveler_controller/src/can_driver/can_driver.cpp:259:75:[m[K [01;31m[Kerror: [m[K‘[01m[Kstruct motor_command[m[K’ has no member named ‘[01m[Kset_state[m[K’
[1.124s]   259 |             setstate_right_sweeping(turtle_.turtle_control.right_sweeping.[01;31m[Kset_state[m[K);
[1.124s]       |                                                                           [01;31m[K^~~~~~~~~[m[K
[1.124s] [01m[K/home/qianlab/single_turtle_workspace/dependencies/traveler_controller/src/can_driver/can_driver.cpp:270:51:[m[K [01;31m[Kerror: [m[K‘[01m[Kstruct motor_command[m[K’ has no member named ‘[01m[Kset_state[m[K’
[1.125s]   270 |             turtle_.turtle_control.left_adduction.[01;31m[Kset_state[m[K.can_channel = 1;
[1.125s]       |                                                   [01;31m[K^~~~~~~~~[m[K
[1.125s] [01m[K/home/qianlab/single_turtle_workspace/dependencies/traveler_controller/src/can_driver/can_driver.cpp:271:50:[m[K [01;31m[Kerror: [m[K‘[01m[Kstruct motor_command[m[K’ has no member named ‘[01m[Kset_state[m[K’
[1.125s]   271 |             turtle_.turtle_control.left_sweeping.[01;31m[Kset_state[m[K.can_channel = 1;
[1.125s]       |                                                  [01;31m[K^~~~~~~~~[m[K
[1.125s] [01m[K/home/qianlab/single_turtle_workspace/dependencies/traveler_controller/src/can_driver/can_driver.cpp:272:52:[m[K [01;31m[Kerror: [m[K‘[01m[Kstruct motor_command[m[K’ has no member named ‘[01m[Kset_state[m[K’
[1.125s]   272 |             turtle_.turtle_control.right_adduction.[01;31m[Kset_state[m[K.can_channel = 0;
[1.125s]       |                                                    [01;31m[K^~~~~~~~~[m[K
[1.125s] [01m[K/home/qianlab/single_turtle_workspace/dependencies/traveler_controller/src/can_driver/can_driver.cpp:273:51:[m[K [01;31m[Kerror: [m[K‘[01m[Kstruct motor_command[m[K’ has no member named ‘[01m[Kset_state[m[K’
[1.125s]   273 |             turtle_.turtle_control.right_sweeping.[01;31m[Kset_state[m[K.can_channel = 0;
[1.125s]       |                                                   [01;31m[K^~~~~~~~~[m[K
[1.125s] [01m[K/home/qianlab/single_turtle_workspace/dependencies/traveler_controller/src/can_driver/can_driver.cpp:274:51:[m[K [01;31m[Kerror: [m[K‘[01m[Kstruct motor_command[m[K’ has no member named ‘[01m[Kset_state[m[K’
[1.125s]   274 |             turtle_.turtle_control.left_adduction.[01;31m[Kset_state[m[K.set_state = 1;
[1.125s]       |                                                   [01;31m[K^~~~~~~~~[m[K
[1.125s] [01m[K/home/qianlab/single_turtle_workspace/dependencies/traveler_controller/src/can_driver/can_driver.cpp:275:50:[m[K [01;31m[Kerror: [m[K‘[01m[Kstruct motor_command[m[K’ has no member named ‘[01m[Kset_state[m[K’
[1.126s]   275 |             turtle_.turtle_control.left_sweeping.[01;31m[Kset_state[m[K.set_state = 1;
[1.126s]       |                                                  [01;31m[K^~~~~~~~~[m[K
[1.126s] [01m[K/home/qianlab/single_turtle_workspace/dependencies/traveler_controller/src/can_driver/can_driver.cpp:276:52:[m[K [01;31m[Kerror: [m[K‘[01m[Kstruct motor_command[m[K’ has no member named ‘[01m[Kset_state[m[K’
[1.126s]   276 |             turtle_.turtle_control.right_adduction.[01;31m[Kset_state[m[K.set_state = 1;
[1.126s]       |                                                    [01;31m[K^~~~~~~~~[m[K
[1.126s] [01m[K/home/qianlab/single_turtle_workspace/dependencies/traveler_controller/src/can_driver/can_driver.cpp:277:51:[m[K [01;31m[Kerror: [m[K‘[01m[Kstruct motor_command[m[K’ has no member named ‘[01m[Kset_state[m[K’
[1.126s]   277 |             turtle_.turtle_control.right_sweeping.[01;31m[Kset_state[m[K.set_state = 1;
[1.126s]       |                                                   [01;31m[K^~~~~~~~~[m[K
[1.126s] [01m[K/home/qianlab/single_turtle_workspace/dependencies/traveler_controller/src/can_driver/can_driver.cpp:278:75:[m[K [01;31m[Kerror: [m[K‘[01m[Kstruct motor_command[m[K’ has no member named ‘[01m[Kset_state[m[K’
[1.126s]   278 |             setstate_left_adduction(turtle_.turtle_control.left_adduction.[01;31m[Kset_state[m[K);
[1.126s]       |                                                                           [01;31m[K^~~~~~~~~[m[K
[1.126s] [01m[K/home/qianlab/single_turtle_workspace/dependencies/traveler_controller/src/can_driver/can_driver.cpp:279:73:[m[K [01;31m[Kerror: [m[K‘[01m[Kstruct motor_command[m[K’ has no member named ‘[01m[Kset_state[m[K’
[1.126s]   279 |             setstate_left_sweeping(turtle_.turtle_control.left_sweeping.[01;31m[Kset_state[m[K);
[1.126s]       |                                                                         [01;31m[K^~~~~~~~~[m[K
[1.127s] [01m[K/home/qianlab/single_turtle_workspace/dependencies/traveler_controller/src/can_driver/can_driver.cpp:280:77:[m[K [01;31m[Kerror: [m[K‘[01m[Kstruct motor_command[m[K’ has no member named ‘[01m[Kset_state[m[K’
[1.127s]   280 |             setstate_right_adduction(turtle_.turtle_control.right_adduction.[01;31m[Kset_state[m[K);
[1.127s]       |                                                                             [01;31m[K^~~~~~~~~[m[K
[1.127s] [01m[K/home/qianlab/single_turtle_workspace/dependencies/traveler_controller/src/can_driver/can_driver.cpp:281:75:[m[K [01;31m[Kerror: [m[K‘[01m[Kstruct motor_command[m[K’ has no member named ‘[01m[Kset_state[m[K’
[1.127s]   281 |             setstate_right_sweeping(turtle_.turtle_control.right_sweeping.[01;31m[Kset_state[m[K);
[1.127s]       |                                                                           [01;31m[K^~~~~~~~~[m[K
[1.283s] [01m[K/home/qianlab/single_turtle_workspace/dependencies/traveler_controller/src/proxy/lowerproxy.cpp:[m[K In member function ‘[01m[Kvoid turtle_namespace::control::lowerproxy::calculate_position(turtle&)[m[K’:
[1.284s] [01m[K/home/qianlab/single_turtle_workspace/dependencies/traveler_controller/src/proxy/lowerproxy.cpp:150:52:[m[K [01;31m[Kerror: [m[K‘[01m[Kstruct TrajectoryData[m[K’ has no member named ‘[01m[Kextraction_angle[m[K’
[1.284s]   150 |                                 -turtle_.traj_data.[01;31m[Kextraction_angle[m[K,
[1.284s]       |                                                    [01;31m[K^~~~~~~~~~~~~~~~[m[K
[1.284s] [01m[K/home/qianlab/single_turtle_workspace/dependencies/traveler_controller/src/proxy/lowerproxy.cpp:151:51:[m[K [01;31m[Kerror: [m[K‘[01m[Kstruct TrajectoryData[m[K’ has no member named ‘[01m[Klateral_angle_range[m[K’
[1.284s]   151 |                                 turtle_.traj_data.[01;31m[Klateral_angle_range[m[K,
[1.284s]       |                                                   [01;31m[K^~~~~~~~~~~~~~~~~~~[m[K
[1.284s] [01m[K/home/qianlab/single_turtle_workspace/dependencies/traveler_controller/src/proxy/lowerproxy.cpp:152:51:[m[K [01;31m[Kerror: [m[K‘[01m[Kstruct TrajectoryData[m[K’ has no member named ‘[01m[Kextraction_angle[m[K’
[1.284s]   152 |                                 turtle_.traj_data.[01;31m[Kextraction_angle[m[K,
[1.284s]       |                                                   [01;31m[K^~~~~~~~~~~~~~~~[m[K
[1.284s] [01m[K/home/qianlab/single_turtle_workspace/dependencies/traveler_controller/src/proxy/lowerproxy.cpp:153:52:[m[K [01;31m[Kerror: [m[K‘[01m[Kstruct TrajectoryData[m[K’ has no member named ‘[01m[Klateral_angle_range[m[K’
[1.284s]   153 |                                 -turtle_.traj_data.[01;31m[Klateral_angle_range[m[K,
[1.284s]       |                                                    [01;31m[K^~~~~~~~~~~~~~~~~~~[m[K
[1.286s] [01m[K/home/qianlab/single_turtle_workspace/dependencies/traveler_controller/src/proxy/lowerproxy.cpp:171:25:[m[K [01;31m[Kerror: [m[K‘[01m[KboundingGAIT[m[K’ was not declared in this scope
[1.286s]   171 |                         [01;31m[KboundingGAIT[m[K(turtle_, running_t);
[1.286s]       |                         [01;31m[K^~~~~~~~~~~~[m[K
[1.287s] [01m[K/home/qianlab/single_turtle_workspace/dependencies/traveler_controller/src/proxy/lowerproxy.cpp:186:24:[m[K [01;35m[Kwarning: [m[Kunused variable ‘[01m[Kback_curr_time[m[K’ [[01;35m[K-Wunused-variable[m[K]
[1.287s]   186 |                 double [01;35m[Kback_curr_time[m[K = deltaTime.count();
[1.287s]       |                        [01;35m[K^~~~~~~~~~~~~~[m[K
[1.547s] [01m[K/home/qianlab/single_turtle_workspace/dependencies/traveler_controller/src/can_driver/can_driver.cpp:[m[K In member function ‘[01m[Kvoid can_driver::change_odrive_state(turtle&)[m[K’:
[1.547s] [01m[K/home/qianlab/single_turtle_workspace/dependencies/traveler_controller/src/can_driver/can_driver.cpp:248:51:[m[K [01;31m[Kerror: [m[K‘[01m[Kstruct motor_command[m[K’ has no member named ‘[01m[Kset_state[m[K’
[1.547s]   248 |             turtle_.turtle_control.left_adduction.[01;31m[Kset_state[m[K.can_channel = 1;
[1.547s]       |                                                   [01;31m[K^~~~~~~~~[m[K
[1.547s] [01m[K/home/qianlab/single_turtle_workspace/dependencies/traveler_controller/src/can_driver/can_driver.cpp:249:50:[m[K [01;31m[Kerror: [m[K‘[01m[Kstruct motor_command[m[K’ has no member named ‘[01m[Kset_state[m[K’
[1.547s]   249 |             turtle_.turtle_control.left_sweeping.[01;31m[Kset_state[m[K.can_channel = 1;
[1.547s]       |                                                  [01;31m[K^~~~~~~~~[m[K
[1.547s] [01m[K/home/qianlab/single_turtle_workspace/dependencies/traveler_controller/src/can_driver/can_driver.cpp:250:52:[m[K [01;31m[Kerror: [m[K‘[01m[Kstruct motor_command[m[K’ has no member named ‘[01m[Kset_state[m[K’
[1.547s]   250 |             turtle_.turtle_control.right_adduction.[01;31m[Kset_state[m[K.can_channel = 0;
[1.547s]       |                                                    [01;31m[K^~~~~~~~~[m[K
[1.547s] [01m[K/home/qianlab/single_turtle_workspace/dependencies/traveler_controller/src/can_driver/can_driver.cpp:251:51:[m[K [01;31m[Kerror: [m[K‘[01m[Kstruct motor_command[m[K’ has no member named ‘[01m[Kset_state[m[K’
[1.547s]   251 |             turtle_.turtle_control.right_sweeping.[01;31m[Kset_state[m[K.can_channel = 0;
[1.548s]       |                                                   [01;31m[K^~~~~~~~~[m[K
[1.548s] [01m[K/home/qianlab/single_turtle_workspace/dependencies/traveler_controller/src/can_driver/can_driver.cpp:252:51:[m[K [01;31m[Kerror: [m[K‘[01m[Kstruct motor_command[m[K’ has no member named ‘[01m[Kset_state[m[K’
[1.548s]   252 |             turtle_.turtle_control.left_adduction.[01;31m[Kset_state[m[K.set_state = 8;
[1.548s]       |                                                   [01;31m[K^~~~~~~~~[m[K
[1.548s] [01m[K/home/qianlab/single_turtle_workspace/dependencies/traveler_controller/src/can_driver/can_driver.cpp:253:50:[m[K [01;31m[Kerror: [m[K‘[01m[Kstruct motor_command[m[K’ has no member named ‘[01m[Kset_state[m[K’
[1.548s]   253 |             turtle_.turtle_control.left_sweeping.[01;31m[Kset_state[m[K.set_state = 8;
[1.548s]       |                                                  [01;31m[K^~~~~~~~~[m[K
[1.548s] [01m[K/home/qianlab/single_turtle_workspace/dependencies/traveler_controller/src/can_driver/can_driver.cpp:254:52:[m[K [01;31m[Kerror: [m[K‘[01m[Kstruct motor_command[m[K’ has no member named ‘[01m[Kset_state[m[K’
[1.548s]   254 |             turtle_.turtle_control.right_adduction.[01;31m[Kset_state[m[K.set_state = 8;
[1.548s]       |                                                    [01;31m[K^~~~~~~~~[m[K
[1.548s] [01m[K/home/qianlab/single_turtle_workspace/dependencies/traveler_controller/src/can_driver/can_driver.cpp:255:51:[m[K [01;31m[Kerror: [m[K‘[01m[Kstruct motor_command[m[K’ has no member named ‘[01m[Kset_state[m[K’
[1.548s]   255 |             turtle_.turtle_control.right_sweeping.[01;31m[Kset_state[m[K.set_state = 8;
[1.548s]       |                                                   [01;31m[K^~~~~~~~~[m[K
[1.548s] [01m[K/home/qianlab/single_turtle_workspace/dependencies/traveler_controller/src/can_driver/can_driver.cpp:256:75:[m[K [01;31m[Kerror: [m[K‘[01m[Kstruct motor_command[m[K’ has no member named ‘[01m[Kset_state[m[K’
[1.548s]   256 |             setstate_left_adduction(turtle_.turtle_control.left_adduction.[01;31m[Kset_state[m[K);
[1.549s]       |                                                                           [01;31m[K^~~~~~~~~[m[K
[1.549s] [01m[K/home/qianlab/single_turtle_workspace/dependencies/traveler_controller/src/can_driver/can_driver.cpp:257:73:[m[K [01;31m[Kerror: [m[K‘[01m[Kstruct motor_command[m[K’ has no member named ‘[01m[Kset_state[m[K’
[1.549s]   257 |             setstate_left_sweeping(turtle_.turtle_control.left_sweeping.[01;31m[Kset_state[m[K);
[1.549s]       |                                                                         [01;31m[K^~~~~~~~~[m[K
[1.549s] [01m[K/home/qianlab/single_turtle_workspace/dependencies/traveler_controller/src/can_driver/can_driver.cpp:258:77:[m[K [01;31m[Kerror: [m[K‘[01m[Kstruct motor_command[m[K’ has no member named ‘[01m[Kset_state[m[K’
[1.549s]   258 |             setstate_right_adduction(turtle_.turtle_control.right_adduction.[01;31m[Kset_state[m[K);
[1.549s]       |                                                                             [01;31m[K^~~~~~~~~[m[K
[1.549s] [01m[K/home/qianlab/single_turtle_workspace/dependencies/traveler_controller/src/can_driver/can_driver.cpp:259:75:[m[K [01;31m[Kerror: [m[K‘[01m[Kstruct motor_command[m[K’ has no member named ‘[01m[Kset_state[m[K’
[1.549s]   259 |             setstate_right_sweeping(turtle_.turtle_control.right_sweeping.[01;31m[Kset_state[m[K);
[1.549s]       |                                                                           [01;31m[K^~~~~~~~~[m[K
[1.549s] [01m[K/home/qianlab/single_turtle_workspace/dependencies/traveler_controller/src/can_driver/can_driver.cpp:270:51:[m[K [01;31m[Kerror: [m[K‘[01m[Kstruct motor_command[m[K’ has no member named ‘[01m[Kset_state[m[K’
[1.549s]   270 |             turtle_.turtle_control.left_adduction.[01;31m[Kset_state[m[K.can_channel = 1;
[1.549s]       |                                                   [01;31m[K^~~~~~~~~[m[K
[1.549s] [01m[K/home/qianlab/single_turtle_workspace/dependencies/traveler_controller/src/can_driver/can_driver.cpp:271:50:[m[K [01;31m[Kerror: [m[K‘[01m[Kstruct motor_command[m[K’ has no member named ‘[01m[Kset_state[m[K’
[1.549s]   271 |             turtle_.turtle_control.left_sweeping.[01;31m[Kset_state[m[K.can_channel = 1;
[1.549s]       |                                                  [01;31m[K^~~~~~~~~[m[K
[1.550s] [01m[K/home/qianlab/single_turtle_workspace/dependencies/traveler_controller/src/can_driver/can_driver.cpp:272:52:[m[K [01;31m[Kerror: [m[K‘[01m[Kstruct motor_command[m[K’ has no member named ‘[01m[Kset_state[m[K’
[1.550s]   272 |             turtle_.turtle_control.right_adduction.[01;31m[Kset_state[m[K.can_channel = 0;
[1.550s]       |                                                    [01;31m[K^~~~~~~~~[m[K
[1.550s] [01m[K/home/qianlab/single_turtle_workspace/dependencies/traveler_controller/src/can_driver/can_driver.cpp:273:51:[m[K [01;31m[Kerror: [m[K‘[01m[Kstruct motor_command[m[K’ has no member named ‘[01m[Kset_state[m[K’
[1.550s]   273 |             turtle_.turtle_control.right_sweeping.[01;31m[Kset_state[m[K.can_channel = 0;
[1.550s]       |                                                   [01;31m[K^~~~~~~~~[m[K
[1.550s] [01m[K/home/qianlab/single_turtle_workspace/dependencies/traveler_controller/src/can_driver/can_driver.cpp:274:51:[m[K [01;31m[Kerror: [m[K‘[01m[Kstruct motor_command[m[K’ has no member named ‘[01m[Kset_state[m[K’
[1.550s]   274 |             turtle_.turtle_control.left_adduction.[01;31m[Kset_state[m[K.set_state = 1;
[1.550s]       |                                                   [01;31m[K^~~~~~~~~[m[K
[1.550s] [01m[K/home/qianlab/single_turtle_workspace/dependencies/traveler_controller/src/can_driver/can_driver.cpp:275:50:[m[K [01;31m[Kerror: [m[K‘[01m[Kstruct motor_command[m[K’ has no member named ‘[01m[Kset_state[m[K’
[1.550s]   275 |             turtle_.turtle_control.left_sweeping.[01;31m[Kset_state[m[K.set_state = 1;
[1.550s]       |                                                  [01;31m[K^~~~~~~~~[m[K
[1.550s] [01m[K/home/qianlab/single_turtle_workspace/dependencies/traveler_controller/src/can_driver/can_driver.cpp:276:52:[m[K [01;31m[Kerror: [m[K‘[01m[Kstruct motor_command[m[K’ has no member named ‘[01m[Kset_state[m[K’
[1.550s]   276 |             turtle_.turtle_control.right_adduction.[01;31m[Kset_state[m[K.set_state = 1;
[1.550s]       |                                                    [01;31m[K^~~~~~~~~[m[K
[1.551s] [01m[K/home/qianlab/single_turtle_workspace/dependencies/traveler_controller/src/can_driver/can_driver.cpp:277:51:[m[K [01;31m[Kerror: [m[K‘[01m[Kstruct motor_command[m[K’ has no member named ‘[01m[Kset_state[m[K’
[1.551s]   277 |             turtle_.turtle_control.right_sweeping.[01;31m[Kset_state[m[K.set_state = 1;
[1.551s]       |                                                   [01;31m[K^~~~~~~~~[m[K
[1.551s] [01m[K/home/qianlab/single_turtle_workspace/dependencies/traveler_controller/src/can_driver/can_driver.cpp:278:75:[m[K [01;31m[Kerror: [m[K‘[01m[Kstruct motor_command[m[K’ has no member named ‘[01m[Kset_state[m[K’
[1.551s]   278 |             setstate_left_adduction(turtle_.turtle_control.left_adduction.[01;31m[Kset_state[m[K);
[1.551s]       |                                                                           [01;31m[K^~~~~~~~~[m[K
[1.551s] [01m[K/home/qianlab/single_turtle_workspace/dependencies/traveler_controller/src/can_driver/can_driver.cpp:279:73:[m[K [01;31m[Kerror: [m[K‘[01m[Kstruct motor_command[m[K’ has no member named ‘[01m[Kset_state[m[K’
[1.551s]   279 |             setstate_left_sweeping(turtle_.turtle_control.left_sweeping.[01;31m[Kset_state[m[K);
[1.551s]       |                                                                         [01;31m[K^~~~~~~~~[m[K
[1.551s] [01m[K/home/qianlab/single_turtle_workspace/dependencies/traveler_controller/src/can_driver/can_driver.cpp:280:77:[m[K [01;31m[Kerror: [m[K‘[01m[Kstruct motor_command[m[K’ has no member named ‘[01m[Kset_state[m[K’
[1.551s]   280 |             setstate_right_adduction(turtle_.turtle_control.right_adduction.[01;31m[Kset_state[m[K);
[1.551s]       |                                                                             [01;31m[K^~~~~~~~~[m[K
[1.551s] [01m[K/home/qianlab/single_turtle_workspace/dependencies/traveler_controller/src/can_driver/can_driver.cpp:281:75:[m[K [01;31m[Kerror: [m[K‘[01m[Kstruct motor_command[m[K’ has no member named ‘[01m[Kset_state[m[K’
[1.551s]   281 |             setstate_right_sweeping(turtle_.turtle_control.right_sweeping.[01;31m[Kset_state[m[K);
[1.551s]       |                                                                           [01;31m[K^~~~~~~~~[m[K
[1.609s] make[2]: *** [CMakeFiles/turtle_high_controller.dir/build.make:128: CMakeFiles/turtle_high_controller.dir/src/can_driver/can_driver.cpp.o] Error 1
[1.609s] make[2]: *** Waiting for unfinished jobs....
[1.964s] make[2]: *** [CMakeFiles/odrive_can_interface.dir/build.make:76: CMakeFiles/odrive_can_interface.dir/src/can_driver/can_driver.cpp.o] Error 1
[1.964s] make[1]: *** [CMakeFiles/Makefile2:80: CMakeFiles/odrive_can_interface.dir/all] Error 2
[1.964s] make[1]: *** Waiting for unfinished jobs....
[1.964s] make[2]: *** [CMakeFiles/turtle_high_controller.dir/build.make:102: CMakeFiles/turtle_high_controller.dir/src/proxy/lowerproxy.cpp.o] Error 1
[1.964s] make[1]: *** [CMakeFiles/Makefile2:107: CMakeFiles/turtle_high_controller.dir/all] Error 2
[1.965s] make: *** [Makefile:141: all] Error 2
[1.967s] Invoked command in '/home/qianlab/single_turtle_workspace/build/turtle_high_controller' returned '2': AMENT_PREFIX_PATH=/home/qianlab/single_turtle_workspace/install/traveler_msgs:${AMENT_PREFIX_PATH} CMAKE_PREFIX_PATH=/home/qianlab/single_turtle_workspace/install/traveler_msgs:/home/qianlab/lassie-traveler/dependencies/install/traveler_high_controller:/home/qianlab/lassie-traveler/dependencies/install/traveler_msgs:/opt/ros/foxy LD_LIBRARY_PATH=/home/qianlab/single_turtle_workspace/install/traveler_msgs/lib:${LD_LIBRARY_PATH} PYTHONPATH=/home/qianlab/single_turtle_workspace/install/traveler_msgs/lib/python3.8/site-packages:${PYTHONPATH} /usr/bin/cmake --build /home/qianlab/single_turtle_workspace/build/turtle_high_controller -- -j12 -l12
