[0.009s] Invoking command in '/home/qianlab/single_turtle_workspace/build/turtle_high_controller': AMENT_PREFIX_PATH=/home/qianlab/single_turtle_workspace/install/traveler_msgs:${AMENT_PREFIX_PATH} CMAKE_PREFIX_PATH=/home/qianlab/single_turtle_workspace/install/traveler_msgs:/home/qianlab/lassie-traveler/dependencies/install/traveler_high_controller:/home/qianlab/lassie-traveler/dependencies/install/traveler_msgs:/opt/ros/foxy LD_LIBRARY_PATH=/home/qianlab/single_turtle_workspace/install/traveler_msgs/lib:${LD_LIBRARY_PATH} PYTHONPATH=/home/qianlab/single_turtle_workspace/install/traveler_msgs/lib/python3.8/site-packages:${PYTHONPATH} /usr/bin/cmake --build /home/qianlab/single_turtle_workspace/build/turtle_high_controller -- -j12 -l12
[0.055s] [ 14%] [32mBuilding CXX object CMakeFiles/turtle_high_controller.dir/src/main.cpp.o[0m
[0.055s] [ 42%] Built target odrive_can_interface
[0.058s] [ 57%] [32mBuilding CXX object CMakeFiles/turtle_high_controller.dir/src/controller/trajectories_parser.cpp.o[0m
[0.058s] [ 64%] [32mBuilding CXX object CMakeFiles/turtle_high_controller.dir/src/proxy/lowerproxy.cpp.o[0m
[0.058s] [ 64%] [32mBuilding CXX object CMakeFiles/turtle_high_controller.dir/src/controller/Inverse_kinematics.cpp.o[0m
[0.058s] [ 71%] [32mBuilding CXX object CMakeFiles/turtle_high_controller.dir/src/proxy/upperproxy.cpp.o[0m
[0.064s] [01m[K/home/qianlab/single_turtle_workspace/dependencies/traveler_controller/src/controller/trajectories_parser.cpp:3:10:[m[K [01;31m[Kfatal error: [m[Kcontroller/trajectories_parser.h: No such file or directory
[0.064s]     3 | #include [01;31m[K"controller/trajectories_parser.h"[m[K
[0.064s]       |          [01;31m[K^~~~~~~~~~~~~~~~~~~~~~~~~~~~~~~~~~[m[K
[0.065s] compilation terminated.
[0.065s] make[2]: *** [CMakeFiles/turtle_high_controller.dir/build.make:89: CMakeFiles/turtle_high_controller.dir/src/controller/trajectories_parser.cpp.o] Error 1
[0.065s] make[2]: *** Waiting for unfinished jobs....
[0.147s] [01m[K/home/qianlab/single_turtle_workspace/dependencies/traveler_controller/src/main.cpp:10:10:[m[K [01;31m[Kfatal error: [m[Kcontroller/trajectories_parser.h: No such file or directory
[0.147s]    10 | #include [01;31m[K"controller/trajectories_parser.h"[m[K
[0.147s]       |          [01;31m[K^~~~~~~~~~~~~~~~~~~~~~~~~~~~~~~~~~[m[K
[0.147s] compilation terminated.
[0.149s] make[2]: *** [CMakeFiles/turtle_high_controller.dir/build.make:63: CMakeFiles/turtle_high_controller.dir/src/main.cpp.o] Error 1
[0.394s] In file included from [01m[K/home/qianlab/single_turtle_workspace/dependencies/traveler_controller/src/controller/Inverse_kinematics.cpp:1[m[K:
[0.394s] [01m[K/home/qianlab/single_turtle_workspace/dependencies/traveler_controller/include/controller/inverse_kinematics.h:28:47:[m[K [01;31m[Kerror: [m[K‘[01m[KXY_pair[m[K’ has not been declared
[0.394s]    28 | void abstractToPhysical(float L, float Theta, [01;31m[KXY_pair[m[K& point);
[0.394s]       |                                               [01;31m[K^~~~~~~[m[K
[0.394s] [01m[K/home/qianlab/single_turtle_workspace/dependencies/traveler_controller/include/controller/inverse_kinematics.h:35:52:[m[K [01;31m[Kerror: [m[K‘[01m[KXY_pair[m[K’ has not been declared
[0.394s]    35 | void linearTraj(float t, float t_start, float vel, [01;31m[KXY_pair[m[K A, XY_pair B, float& X, float& Y);
[0.394s]       |                                                    [01;31m[K^~~~~~~[m[K
[0.394s] [01m[K/home/qianlab/single_turtle_workspace/dependencies/traveler_controller/include/controller/inverse_kinematics.h:35:63:[m[K [01;31m[Kerror: [m[K‘[01m[KXY_pair[m[K’ has not been declared
[0.394s]    35 | void linearTraj(float t, float t_start, float vel, XY_pair A, [01;31m[KXY_pair[m[K B, float& X, float& Y);
[0.394s]       |                                                               [01;31m[K^~~~~~~[m[K
[0.395s] [01m[K/home/qianlab/single_turtle_workspace/dependencies/traveler_controller/include/controller/inverse_kinematics.h:38:41:[m[K [01;31m[Kerror: [m[K‘[01m[KXY_pair[m[K’ has not been declared
[0.395s]    38 | bool linearTraj(float t_rel, float vel, [01;31m[KXY_pair[m[K A, XY_pair B, float& X, float& Y);
[0.395s]       |                                         [01;31m[K^~~~~~~[m[K
[0.395s] [01m[K/home/qianlab/single_turtle_workspace/dependencies/traveler_controller/include/controller/inverse_kinematics.h:38:52:[m[K [01;31m[Kerror: [m[K‘[01m[KXY_pair[m[K’ has not been declared
[0.395s]    38 | bool linearTraj(float t_rel, float vel, XY_pair A, [01;31m[KXY_pair[m[K B, float& X, float& Y);
[0.395s]       |                                                    [01;31m[K^~~~~~~[m[K
[0.395s] [01m[K/home/qianlab/single_turtle_workspace/dependencies/traveler_controller/include/controller/inverse_kinematics.h:41:41:[m[K [01;31m[Kerror: [m[K‘[01m[KXY_pair[m[K’ has not been declared
[0.395s]    41 | bool linearTraj(float t_rel, float vel, [01;31m[KXY_pair[m[K A, XY_pair B,
[0.395s]       |                                         [01;31m[K^~~~~~~[m[K
[0.395s] [01m[K/home/qianlab/single_turtle_workspace/dependencies/traveler_controller/include/controller/inverse_kinematics.h:41:52:[m[K [01;31m[Kerror: [m[K‘[01m[KXY_pair[m[K’ has not been declared
[0.395s]    41 | bool linearTraj(float t_rel, float vel, XY_pair A, [01;31m[KXY_pair[m[K B,
[0.395s]       |                                                    [01;31m[K^~~~~~~[m[K
[0.396s] [01m[K/home/qianlab/single_turtle_workspace/dependencies/traveler_controller/include/controller/inverse_kinematics.h:42:17:[m[K [01;31m[Kerror: [m[K‘[01m[KXY_pair[m[K’ has not been declared
[0.396s]    42 |                 [01;31m[KXY_pair[m[K ToeXY, float& X, float& Y, float threshold = 0.01f);
[0.396s]       |                 [01;31m[K^~~~~~~[m[K
[0.396s] [01m[K/home/qianlab/single_turtle_workspace/dependencies/traveler_controller/include/controller/inverse_kinematics.h:50:15:[m[K [01;31m[Kerror: [m[K‘[01m[Kbool clamp_XY[m[K’ redeclared as different kind of entity
[0.396s]    50 | bool clamp_XY([01;31m[KXY_pair[m[K& P, float L = 0.0f);
[0.396s]       |               [01;31m[K^~~~~~~[m[K
[0.396s] [01m[K/home/qianlab/single_turtle_workspace/dependencies/traveler_controller/include/controller/inverse_kinematics.h:49:6:[m[K [01;36m[Knote: [m[Kprevious declaration ‘[01m[Kbool clamp_XY(float&, float&, float)[m[K’
[0.396s]    49 | bool [01;36m[Kclamp_XY[m[K(float& x, float& y, float L = 0.0f);
[0.396s]       |      [01;36m[K^~~~~~~~[m[K
[0.396s] [01m[K/home/qianlab/single_turtle_workspace/dependencies/traveler_controller/include/controller/inverse_kinematics.h:50:15:[m[K [01;31m[Kerror: [m[K‘[01m[KXY_pair[m[K’ was not declared in this scope
[0.396s]    50 | bool clamp_XY([01;31m[KXY_pair[m[K& P, float L = 0.0f);
[0.397s]       |               [01;31m[K^~~~~~~[m[K
[0.397s] [01m[K/home/qianlab/single_turtle_workspace/dependencies/traveler_controller/include/controller/inverse_kinematics.h:50:24:[m[K [01;31m[Kerror: [m[K‘[01m[KP[m[K’ was not declared in this scope
[0.397s]    50 | bool clamp_XY(XY_pair& [01;31m[KP[m[K, float L = 0.0f);
[0.397s]       |                        [01;31m[K^[m[K
[0.397s] [01m[K/home/qianlab/single_turtle_workspace/dependencies/traveler_controller/include/controller/inverse_kinematics.h:50:27:[m[K [01;31m[Kerror: [m[Kexpected primary-expression before ‘[01m[Kfloat[m[K’
[0.397s]    50 | bool clamp_XY(XY_pair& P, [01;31m[Kfloat[m[K L = 0.0f);
[0.397s]       |                           [01;31m[K^~~~~[m[K
[0.397s] [01m[K/home/qianlab/single_turtle_workspace/dependencies/traveler_controller/include/controller/inverse_kinematics.h:53:16:[m[K [01;31m[Kerror: [m[K‘[01m[KXY_pair[m[K’ was not declared in this scope
[0.397s]    53 | float distance([01;31m[KXY_pair[m[K A, XY_pair B);
[0.397s]       |                [01;31m[K^~~~~~~[m[K
[0.397s] [01m[K/home/qianlab/single_turtle_workspace/dependencies/traveler_controller/include/controller/inverse_kinematics.h:53:27:[m[K [01;31m[Kerror: [m[K‘[01m[KXY_pair[m[K’ was not declared in this scope
[0.398s]    53 | float distance(XY_pair A, [01;31m[KXY_pair[m[K B);
[0.398s]       |                           [01;31m[K^~~~~~~[m[K
[0.398s] [01m[K/home/qianlab/single_turtle_workspace/dependencies/traveler_controller/include/controller/inverse_kinematics.h:53:36:[m[K [01;31m[Kerror: [m[Kexpression list treated as compound expression in initializer [[01;31m[K-fpermissive[m[K]
[0.398s]    53 | float distance(XY_pair A, XY_pair B[01;31m[K)[m[K;
[0.398s]       |                                    [01;31m[K^[m[K
[0.398s] [01m[K/home/qianlab/single_turtle_workspace/dependencies/traveler_controller/src/controller/Inverse_kinematics.cpp:[m[K In function ‘[01m[Kvoid getGamma(float, float&)[m[K’:
[0.398s] [01m[K/home/qianlab/single_turtle_workspace/dependencies/traveler_controller/src/controller/Inverse_kinematics.cpp:26:47:[m[K [01;31m[Kerror: [m[K‘[01m[KL3[m[K’ was not declared in this scope; did you mean ‘[01m[KL[m[K’?
[0.398s]    26 |     gamma = static_cast<float>(acosf((pow(L - [01;31m[KL3[m[K, 2) + L1 * L1 - L2 * L2) / (2 * L1 * (L - L3))));
[0.398s]       |                                               [01;31m[K^~[m[K
[0.398s]       |                                               [32m[KL[m[K
[0.398s] [01m[K/home/qianlab/single_turtle_workspace/dependencies/traveler_controller/src/controller/Inverse_kinematics.cpp:26:56:[m[K [01;31m[Kerror: [m[K‘[01m[KL1[m[K’ was not declared in this scope; did you mean ‘[01m[KL[m[K’?
[0.398s]    26 |     gamma = static_cast<float>(acosf((pow(L - L3, 2) + [01;31m[KL1[m[K * L1 - L2 * L2) / (2 * L1 * (L - L3))));
[0.399s]       |                                                        [01;31m[K^~[m[K
[0.399s]       |                                                        [32m[KL[m[K
[0.399s] [01m[K/home/qianlab/single_turtle_workspace/dependencies/traveler_controller/src/controller/Inverse_kinematics.cpp:26:66:[m[K [01;31m[Kerror: [m[K‘[01m[KL2[m[K’ was not declared in this scope; did you mean ‘[01m[KL[m[K’?
[0.399s]    26 |     gamma = static_cast<float>(acosf((pow(L - L3, 2) + L1 * L1 - [01;31m[KL2[m[K * L2) / (2 * L1 * (L - L3))));
[0.399s]       |                                                                  [01;31m[K^~[m[K
[0.399s]       |                                                                  [32m[KL[m[K
[0.399s] [01m[K/home/qianlab/single_turtle_workspace/dependencies/traveler_controller/src/controller/Inverse_kinematics.cpp:[m[K In function ‘[01m[Kvoid physicalToAbstract(float, float, float&, float&, float&)[m[K’:
[0.399s] [01m[K/home/qianlab/single_turtle_workspace/dependencies/traveler_controller/src/controller/Inverse_kinematics.cpp:54:47:[m[K [01;31m[Kerror: [m[K‘[01m[KL3[m[K’ was not declared in this scope; did you mean ‘[01m[KL[m[K’?
[0.399s]    54 |     gamma = static_cast<float>(acosf((pow(L - [01;31m[KL3[m[K, 2) + L1 * L1 - L2 * L2) / (2 * L1 * (L - L3))));
[0.399s]       |                                               [01;31m[K^~[m[K
[0.399s]       |                                               [32m[KL[m[K
[0.399s] [01m[K/home/qianlab/single_turtle_workspace/dependencies/traveler_controller/src/controller/Inverse_kinematics.cpp:54:56:[m[K [01;31m[Kerror: [m[K‘[01m[KL1[m[K’ was not declared in this scope; did you mean ‘[01m[KL[m[K’?
[0.400s]    54 |     gamma = static_cast<float>(acosf((pow(L - L3, 2) + [01;31m[KL1[m[K * L1 - L2 * L2) / (2 * L1 * (L - L3))));
[0.400s]       |                                                        [01;31m[K^~[m[K
[0.400s]       |                                                        [32m[KL[m[K
[0.400s] [01m[K/home/qianlab/single_turtle_workspace/dependencies/traveler_controller/src/controller/Inverse_kinematics.cpp:54:66:[m[K [01;31m[Kerror: [m[K‘[01m[KL2[m[K’ was not declared in this scope; did you mean ‘[01m[KL[m[K’?
[0.400s]    54 |     gamma = static_cast<float>(acosf((pow(L - L3, 2) + L1 * L1 - [01;31m[KL2[m[K * L2) / (2 * L1 * (L - L3))));
[0.400s]       |                                                                  [01;31m[K^~[m[K
[0.400s]       |                                                                  [32m[KL[m[K
[0.401s] [01m[K/home/qianlab/single_turtle_workspace/dependencies/traveler_controller/src/controller/Inverse_kinematics.cpp:[m[K In function ‘[01m[Kvoid physicalToAbstract(float, float, float&, float&, bool)[m[K’:
[0.401s] [01m[K/home/qianlab/single_turtle_workspace/dependencies/traveler_controller/src/controller/Inverse_kinematics.cpp:86:47:[m[K [01;31m[Kerror: [m[K‘[01m[KL3[m[K’ was not declared in this scope; did you mean ‘[01m[KL[m[K’?
[0.401s]    86 |     gamma = static_cast<float>(acosf((pow(L - [01;31m[KL3[m[K, 2) + L1 * L1 - L2 * L2) / (2 * L1 * (L - L3))));
[0.401s]       |                                               [01;31m[K^~[m[K
[0.401s]       |                                               [32m[KL[m[K
[0.401s] [01m[K/home/qianlab/single_turtle_workspace/dependencies/traveler_controller/src/controller/Inverse_kinematics.cpp:86:56:[m[K [01;31m[Kerror: [m[K‘[01m[KL1[m[K’ was not declared in this scope; did you mean ‘[01m[KL[m[K’?
[0.402s]    86 |     gamma = static_cast<float>(acosf((pow(L - L3, 2) + [01;31m[KL1[m[K * L1 - L2 * L2) / (2 * L1 * (L - L3))));
[0.402s]       |                                                        [01;31m[K^~[m[K
[0.402s]       |                                                        [32m[KL[m[K
[0.402s] [01m[K/home/qianlab/single_turtle_workspace/dependencies/traveler_controller/src/controller/Inverse_kinematics.cpp:86:66:[m[K [01;31m[Kerror: [m[K‘[01m[KL2[m[K’ was not declared in this scope; did you mean ‘[01m[KL[m[K’?
[0.402s]    86 |     gamma = static_cast<float>(acosf((pow(L - L3, 2) + L1 * L1 - [01;31m[KL2[m[K * L2) / (2 * L1 * (L - L3))));
[0.402s]       |                                                                  [01;31m[K^~[m[K
[0.402s]       |                                                                  [32m[KL[m[K
[0.402s] [01m[K/home/qianlab/single_turtle_workspace/dependencies/traveler_controller/src/controller/Inverse_kinematics.cpp:[m[K At global scope:
[0.402s] [01m[K/home/qianlab/single_turtle_workspace/dependencies/traveler_controller/src/controller/Inverse_kinematics.cpp:107:47:[m[K [01;31m[Kerror: [m[K‘[01m[KXY_pair[m[K’ has not been declared
[0.402s]   107 | void abstractToPhysical(float L, float Theta, [01;31m[KXY_pair[m[K &point) {
[0.402s]       |                                               [01;31m[K^~~~~~~[m[K
[0.402s] [01m[K/home/qianlab/single_turtle_workspace/dependencies/traveler_controller/src/controller/Inverse_kinematics.cpp:[m[K In function ‘[01m[Kvoid abstractToPhysical(float, float, int&)[m[K’:
[0.402s] [01m[K/home/qianlab/single_turtle_workspace/dependencies/traveler_controller/src/controller/Inverse_kinematics.cpp:108:11:[m[K [01;31m[Kerror: [m[Krequest for member ‘[01m[Kx[m[K’ in ‘[01m[Kpoint[m[K’, which is of non-class type ‘[01m[Kint[m[K’
[0.403s]   108 |     point.[01;31m[Kx[m[K = - L * sinf(Theta);
[0.403s]       |           [01;31m[K^[m[K
[0.403s] [01m[K/home/qianlab/single_turtle_workspace/dependencies/traveler_controller/src/controller/Inverse_kinematics.cpp:109:11:[m[K [01;31m[Kerror: [m[Krequest for member ‘[01m[Ky[m[K’ in ‘[01m[Kpoint[m[K’, which is of non-class type ‘[01m[Kint[m[K’
[0.403s]   109 |     point.[01;31m[Ky[m[K = L * cosf(Theta);
[0.403s]       |           [01;31m[K^[m[K
[0.403s] [01m[K/home/qianlab/single_turtle_workspace/dependencies/traveler_controller/src/controller/Inverse_kinematics.cpp:[m[K At global scope:
[0.403s] [01m[K/home/qianlab/single_turtle_workspace/dependencies/traveler_controller/src/controller/Inverse_kinematics.cpp:113:52:[m[K [01;31m[Kerror: [m[K‘[01m[KXY_pair[m[K’ has not been declared
[0.403s]   113 | void linearTraj(float t, float t_start, float vel, [01;31m[KXY_pair[m[K A, XY_pair B, float &X, float &Y) {
[0.403s]       |                                                    [01;31m[K^~~~~~~[m[K
[0.403s] [01m[K/home/qianlab/single_turtle_workspace/dependencies/traveler_controller/src/controller/Inverse_kinematics.cpp:113:63:[m[K [01;31m[Kerror: [m[K‘[01m[KXY_pair[m[K’ has not been declared
[0.403s]   113 | void linearTraj(float t, float t_start, float vel, XY_pair A, [01;31m[KXY_pair[m[K B, float &X, float &Y) {
[0.403s]       |                                                               [01;31m[K^~~~~~~[m[K
[0.403s] [01m[K/home/qianlab/single_turtle_workspace/dependencies/traveler_controller/src/controller/Inverse_kinematics.cpp:[m[K In function ‘[01m[Kvoid linearTraj(float, float, float, int, int, float&, float&)[m[K’:
[0.404s] [01m[K/home/qianlab/single_turtle_workspace/dependencies/traveler_controller/src/controller/Inverse_kinematics.cpp:115:18:[m[K [01;31m[Kerror: [m[Krequest for member ‘[01m[Kx[m[K’ in ‘[01m[KB[m[K’, which is of non-class type ‘[01m[Kint[m[K’
[0.404s]   115 |     float d1 = B.[01;31m[Kx[m[K - A.x;
[0.404s]       |                  [01;31m[K^[m[K
[0.404s] [01m[K/home/qianlab/single_turtle_workspace/dependencies/traveler_controller/src/controller/Inverse_kinematics.cpp:115:24:[m[K [01;31m[Kerror: [m[Krequest for member ‘[01m[Kx[m[K’ in ‘[01m[KA[m[K’, which is of non-class type ‘[01m[Kint[m[K’
[0.404s]   115 |     float d1 = B.x - A.[01;31m[Kx[m[K;
[0.404s]       |                        [01;31m[K^[m[K
[0.404s] [01m[K/home/qianlab/single_turtle_workspace/dependencies/traveler_controller/src/controller/Inverse_kinematics.cpp:116:18:[m[K [01;31m[Kerror: [m[Krequest for member ‘[01m[Ky[m[K’ in ‘[01m[KB[m[K’, which is of non-class type ‘[01m[Kint[m[K’
[0.404s]   116 |     float d2 = B.[01;31m[Ky[m[K - A.y;
[0.404s]       |                  [01;31m[K^[m[K
[0.404s] [01m[K/home/qianlab/single_turtle_workspace/dependencies/traveler_controller/src/controller/Inverse_kinematics.cpp:116:24:[m[K [01;31m[Kerror: [m[Krequest for member ‘[01m[Ky[m[K’ in ‘[01m[KA[m[K’, which is of non-class type ‘[01m[Kint[m[K’
[0.404s]   116 |     float d2 = B.y - A.[01;31m[Ky[m[K;
[0.404s]       |                        [01;31m[K^[m[K
[0.404s] [01m[K/home/qianlab/single_turtle_workspace/dependencies/traveler_controller/src/controller/Inverse_kinematics.cpp:121:33:[m[K [01;31m[Kerror: [m[Krequest for member ‘[01m[Kx[m[K’ in ‘[01m[KA[m[K’, which is of non-class type ‘[01m[Kint[m[K’
[0.405s]   121 |     X = scalar * d1 * t_rel + A.[01;31m[Kx[m[K;
[0.405s]       |                                 [01;31m[K^[m[K
[0.405s] [01m[K/home/qianlab/single_turtle_workspace/dependencies/traveler_controller/src/controller/Inverse_kinematics.cpp:122:33:[m[K [01;31m[Kerror: [m[Krequest for member ‘[01m[Kx[m[K’ in ‘[01m[KB[m[K’, which is of non-class type ‘[01m[Kint[m[K’
[0.405s]   122 |     Y = scalar * d2 * t_rel + B.[01;31m[Kx[m[K;
[0.405s]       |                                 [01;31m[K^[m[K
[0.405s] [01m[K/home/qianlab/single_turtle_workspace/dependencies/traveler_controller/src/controller/Inverse_kinematics.cpp:[m[K At global scope:
[0.405s] [01m[K/home/qianlab/single_turtle_workspace/dependencies/traveler_controller/src/controller/Inverse_kinematics.cpp:125:41:[m[K [01;31m[Kerror: [m[K‘[01m[KXY_pair[m[K’ has not been declared
[0.405s]   125 | bool linearTraj(float t_rel, float vel, [01;31m[KXY_pair[m[K A, XY_pair B, float &X, float &Y) {    // actually using this one
[0.405s]       |                                         [01;31m[K^~~~~~~[m[K
[0.405s] [01m[K/home/qianlab/single_turtle_workspace/dependencies/traveler_controller/src/controller/Inverse_kinematics.cpp:125:52:[m[K [01;31m[Kerror: [m[K‘[01m[KXY_pair[m[K’ has not been declared
[0.405s]   125 | bool linearTraj(float t_rel, float vel, XY_pair A, [01;31m[KXY_pair[m[K B, float &X, float &Y) {    // actually using this one
[0.405s]       |                                                    [01;31m[K^~~~~~~[m[K
[0.405s] [01m[K/home/qianlab/single_turtle_workspace/dependencies/traveler_controller/src/controller/Inverse_kinematics.cpp:[m[K In function ‘[01m[Kbool linearTraj(float, float, int, int, float&, float&)[m[K’:
[0.405s] [01m[K/home/qianlab/single_turtle_workspace/dependencies/traveler_controller/src/controller/Inverse_kinematics.cpp:127:18:[m[K [01;31m[Kerror: [m[Krequest for member ‘[01m[Kx[m[K’ in ‘[01m[KB[m[K’, which is of non-class type ‘[01m[Kint[m[K’
[0.406s]   127 |     float d1 = B.[01;31m[Kx[m[K - A.x;
[0.406s]       |                  [01;31m[K^[m[K
[0.406s] [01m[K/home/qianlab/single_turtle_workspace/dependencies/traveler_controller/src/controller/Inverse_kinematics.cpp:127:24:[m[K [01;31m[Kerror: [m[Krequest for member ‘[01m[Kx[m[K’ in ‘[01m[KA[m[K’, which is of non-class type ‘[01m[Kint[m[K’
[0.406s]   127 |     float d1 = B.x - A.[01;31m[Kx[m[K;
[0.406s]       |                        [01;31m[K^[m[K
[0.406s] [01m[K/home/qianlab/single_turtle_workspace/dependencies/traveler_controller/src/controller/Inverse_kinematics.cpp:128:18:[m[K [01;31m[Kerror: [m[Krequest for member ‘[01m[Ky[m[K’ in ‘[01m[KB[m[K’, which is of non-class type ‘[01m[Kint[m[K’
[0.406s]   128 |     float d2 = B.[01;31m[Ky[m[K - A.y;
[0.406s]       |                  [01;31m[K^[m[K
[0.406s] [01m[K/home/qianlab/single_turtle_workspace/dependencies/traveler_controller/src/controller/Inverse_kinematics.cpp:128:24:[m[K [01;31m[Kerror: [m[Krequest for member ‘[01m[Ky[m[K’ in ‘[01m[KA[m[K’, which is of non-class type ‘[01m[Kint[m[K’
[0.406s]   128 |     float d2 = B.y - A.[01;31m[Ky[m[K;
[0.406s]       |                        [01;31m[K^[m[K
[0.406s] [01m[K/home/qianlab/single_turtle_workspace/dependencies/traveler_controller/src/controller/Inverse_kinematics.cpp:135:15:[m[K [01;31m[Kerror: [m[Krequest for member ‘[01m[Kx[m[K’ in ‘[01m[KA[m[K’, which is of non-class type ‘[01m[Kint[m[K’
[0.406s]   135 |         X = A.[01;31m[Kx[m[K;
[0.407s]       |               [01;31m[K^[m[K
[0.407s] [01m[K/home/qianlab/single_turtle_workspace/dependencies/traveler_controller/src/controller/Inverse_kinematics.cpp:136:15:[m[K [01;31m[Kerror: [m[Krequest for member ‘[01m[Ky[m[K’ in ‘[01m[KA[m[K’, which is of non-class type ‘[01m[Kint[m[K’
[0.407s]   136 |         Y = A.[01;31m[Ky[m[K;
[0.407s]       |               [01;31m[K^[m[K
[0.407s] [01m[K/home/qianlab/single_turtle_workspace/dependencies/traveler_controller/src/controller/Inverse_kinematics.cpp:144:35:[m[K [01;31m[Kerror: [m[Krequest for member ‘[01m[Kx[m[K’ in ‘[01m[KA[m[K’, which is of non-class type ‘[01m[Kint[m[K’
[0.407s]   144 |     X = (scalar * d1 * t_rel) + A.[01;31m[Kx[m[K;
[0.407s]       |                                   [01;31m[K^[m[K
[0.407s] [01m[K/home/qianlab/single_turtle_workspace/dependencies/traveler_controller/src/controller/Inverse_kinematics.cpp:145:35:[m[K [01;31m[Kerror: [m[Krequest for member ‘[01m[Ky[m[K’ in ‘[01m[KA[m[K’, which is of non-class type ‘[01m[Kint[m[K’
[0.407s]   145 |     Y = (scalar * d2 * t_rel) + A.[01;31m[Ky[m[K;
[0.407s]       |                                   [01;31m[K^[m[K
[0.407s] [01m[K/home/qianlab/single_turtle_workspace/dependencies/traveler_controller/src/controller/Inverse_kinematics.cpp:151:38:[m[K [01;31m[Kerror: [m[Krequest for member ‘[01m[Kx[m[K’ in ‘[01m[KA[m[K’, which is of non-class type ‘[01m[Kint[m[K’
[0.407s]   151 |     float actual_dist = sqrtf((X - A.[01;31m[Kx[m[K) * (X - A.x)+ (Y - A.y) * (Y - A.y));
[0.407s]       |                                      [01;31m[K^[m[K
[0.408s] [01m[K/home/qianlab/single_turtle_workspace/dependencies/traveler_controller/src/controller/Inverse_kinematics.cpp:151:50:[m[K [01;31m[Kerror: [m[Krequest for member ‘[01m[Kx[m[K’ in ‘[01m[KA[m[K’, which is of non-class type ‘[01m[Kint[m[K’
[0.408s]   151 |     float actual_dist = sqrtf((X - A.x) * (X - A.[01;31m[Kx[m[K)+ (Y - A.y) * (Y - A.y));
[0.408s]       |                                                  [01;31m[K^[m[K
[0.408s] [01m[K/home/qianlab/single_turtle_workspace/dependencies/traveler_controller/src/controller/Inverse_kinematics.cpp:151:61:[m[K [01;31m[Kerror: [m[Krequest for member ‘[01m[Ky[m[K’ in ‘[01m[KA[m[K’, which is of non-class type ‘[01m[Kint[m[K’
[0.408s]   151 |     float actual_dist = sqrtf((X - A.x) * (X - A.x)+ (Y - A.[01;31m[Ky[m[K) * (Y - A.y));
[0.408s]       |                                                             [01;31m[K^[m[K
[0.408s] [01m[K/home/qianlab/single_turtle_workspace/dependencies/traveler_controller/src/controller/Inverse_kinematics.cpp:151:73:[m[K [01;31m[Kerror: [m[Krequest for member ‘[01m[Ky[m[K’ in ‘[01m[KA[m[K’, which is of non-class type ‘[01m[Kint[m[K’
[0.408s]   151 |     float actual_dist = sqrtf((X - A.x) * (X - A.x)+ (Y - A.y) * (Y - A.[01;31m[Ky[m[K));
[0.408s]       |                                                                         [01;31m[K^[m[K
[0.408s] [01m[K/home/qianlab/single_turtle_workspace/dependencies/traveler_controller/src/controller/Inverse_kinematics.cpp:[m[K At global scope:
[0.408s] [01m[K/home/qianlab/single_turtle_workspace/dependencies/traveler_controller/src/controller/Inverse_kinematics.cpp:160:41:[m[K [01;31m[Kerror: [m[K‘[01m[KXY_pair[m[K’ has not been declared
[0.408s]   160 | bool linearTraj(float t_rel, float vel, [01;31m[KXY_pair[m[K A, XY_pair B, XY_pair ToeXY, float &X, float &Y, float threshold) {
[0.408s]       |                                         [01;31m[K^~~~~~~[m[K
[0.408s] [01m[K/home/qianlab/single_turtle_workspace/dependencies/traveler_controller/src/controller/Inverse_kinematics.cpp:160:52:[m[K [01;31m[Kerror: [m[K‘[01m[KXY_pair[m[K’ has not been declared
[0.409s]   160 | bool linearTraj(float t_rel, float vel, XY_pair A, [01;31m[KXY_pair[m[K B, XY_pair ToeXY, float &X, float &Y, float threshold) {
[0.409s]       |                                                    [01;31m[K^~~~~~~[m[K
[0.409s] [01m[K/home/qianlab/single_turtle_workspace/dependencies/traveler_controller/src/controller/Inverse_kinematics.cpp:160:63:[m[K [01;31m[Kerror: [m[K‘[01m[KXY_pair[m[K’ has not been declared
[0.409s]   160 | bool linearTraj(float t_rel, float vel, XY_pair A, XY_pair B, [01;31m[KXY_pair[m[K ToeXY, float &X, float &Y, float threshold) {
[0.409s]       |                                                               [01;31m[K^~~~~~~[m[K
[0.409s] [01m[K/home/qianlab/single_turtle_workspace/dependencies/traveler_controller/src/controller/Inverse_kinematics.cpp:[m[K In function ‘[01m[Kbool linearTraj(float, float, int, int, int, float&, float&, float)[m[K’:
[0.409s] [01m[K/home/qianlab/single_turtle_workspace/dependencies/traveler_controller/src/controller/Inverse_kinematics.cpp:162:18:[m[K [01;31m[Kerror: [m[Krequest for member ‘[01m[Kx[m[K’ in ‘[01m[KB[m[K’, which is of non-class type ‘[01m[Kint[m[K’
[0.409s]   162 |     float d1 = B.[01;31m[Kx[m[K - A.x;
[0.409s]       |                  [01;31m[K^[m[K
[0.409s] [01m[K/home/qianlab/single_turtle_workspace/dependencies/traveler_controller/src/controller/Inverse_kinematics.cpp:162:24:[m[K [01;31m[Kerror: [m[Krequest for member ‘[01m[Kx[m[K’ in ‘[01m[KA[m[K’, which is of non-class type ‘[01m[Kint[m[K’
[0.409s]   162 |     float d1 = B.x - A.[01;31m[Kx[m[K;
[0.409s]       |                        [01;31m[K^[m[K
[0.409s] [01m[K/home/qianlab/single_turtle_workspace/dependencies/traveler_controller/src/controller/Inverse_kinematics.cpp:163:18:[m[K [01;31m[Kerror: [m[Krequest for member ‘[01m[Ky[m[K’ in ‘[01m[KB[m[K’, which is of non-class type ‘[01m[Kint[m[K’
[0.409s]   163 |     float d2 = B.[01;31m[Ky[m[K - A.y;
[0.409s]       |                  [01;31m[K^[m[K
[0.410s] [01m[K/home/qianlab/single_turtle_workspace/dependencies/traveler_controller/src/controller/Inverse_kinematics.cpp:163:24:[m[K [01;31m[Kerror: [m[Krequest for member ‘[01m[Ky[m[K’ in ‘[01m[KA[m[K’, which is of non-class type ‘[01m[Kint[m[K’
[0.410s]   163 |     float d2 = B.y - A.[01;31m[Ky[m[K;
[0.410s]       |                        [01;31m[K^[m[K
[0.410s] [01m[K/home/qianlab/single_turtle_workspace/dependencies/traveler_controller/src/controller/Inverse_kinematics.cpp:172:35:[m[K [01;31m[Kerror: [m[Krequest for member ‘[01m[Kx[m[K’ in ‘[01m[KA[m[K’, which is of non-class type ‘[01m[Kint[m[K’
[0.410s]   172 |     X = (scalar * d1 * t_rel) + A.[01;31m[Kx[m[K;
[0.410s]       |                                   [01;31m[K^[m[K
[0.410s] [01m[K/home/qianlab/single_turtle_workspace/dependencies/traveler_controller/src/controller/Inverse_kinematics.cpp:173:35:[m[K [01;31m[Kerror: [m[Krequest for member ‘[01m[Ky[m[K’ in ‘[01m[KA[m[K’, which is of non-class type ‘[01m[Kint[m[K’
[0.410s]   173 |     Y = (scalar * d2 * t_rel) + A.[01;31m[Ky[m[K;
[0.410s]       |                                   [01;31m[K^[m[K
[0.410s] [01m[K/home/qianlab/single_turtle_workspace/dependencies/traveler_controller/src/controller/Inverse_kinematics.cpp:179:38:[m[K [01;31m[Kerror: [m[Krequest for member ‘[01m[Kx[m[K’ in ‘[01m[KToeXY[m[K’, which is of non-class type ‘[01m[Kint[m[K’
[0.410s]   179 |     float actual_dist = sqrtf((ToeXY.[01;31m[Kx[m[K - B.x) * (ToeXY.x - B.x)+ (ToeXY.y - B.y) * (ToeXY.y - B.y));
[0.410s]       |                                      [01;31m[K^[m[K
[0.410s] [01m[K/home/qianlab/single_turtle_workspace/dependencies/traveler_controller/src/controller/Inverse_kinematics.cpp:179:44:[m[K [01;31m[Kerror: [m[Krequest for member ‘[01m[Kx[m[K’ in ‘[01m[KB[m[K’, which is of non-class type ‘[01m[Kint[m[K’
[0.410s]   179 |     float actual_dist = sqrtf((ToeXY.x - B.[01;31m[Kx[m[K) * (ToeXY.x - B.x)+ (ToeXY.y - B.y) * (ToeXY.y - B.y));
[0.410s]       |                                            [01;31m[K^[m[K
[0.411s] [01m[K/home/qianlab/single_turtle_workspace/dependencies/traveler_controller/src/controller/Inverse_kinematics.cpp:179:56:[m[K [01;31m[Kerror: [m[Krequest for member ‘[01m[Kx[m[K’ in ‘[01m[KToeXY[m[K’, which is of non-class type ‘[01m[Kint[m[K’
[0.411s]   179 |     float actual_dist = sqrtf((ToeXY.x - B.x) * (ToeXY.[01;31m[Kx[m[K - B.x)+ (ToeXY.y - B.y) * (ToeXY.y - B.y));
[0.411s]       |                                                        [01;31m[K^[m[K
[0.411s] [01m[K/home/qianlab/single_turtle_workspace/dependencies/traveler_controller/src/controller/Inverse_kinematics.cpp:179:62:[m[K [01;31m[Kerror: [m[Krequest for member ‘[01m[Kx[m[K’ in ‘[01m[KB[m[K’, which is of non-class type ‘[01m[Kint[m[K’
[0.411s]   179 |     float actual_dist = sqrtf((ToeXY.x - B.x) * (ToeXY.x - B.[01;31m[Kx[m[K)+ (ToeXY.y - B.y) * (ToeXY.y - B.y));
[0.411s]       |                                                              [01;31m[K^[m[K
[0.411s] [01m[K/home/qianlab/single_turtle_workspace/dependencies/traveler_controller/src/controller/Inverse_kinematics.cpp:179:73:[m[K [01;31m[Kerror: [m[Krequest for member ‘[01m[Ky[m[K’ in ‘[01m[KToeXY[m[K’, which is of non-class type ‘[01m[Kint[m[K’
[0.411s]   179 |     float actual_dist = sqrtf((ToeXY.x - B.x) * (ToeXY.x - B.x)+ (ToeXY.[01;31m[Ky[m[K - B.y) * (ToeXY.y - B.y));
[0.411s]       |                                                                         [01;31m[K^[m[K
[0.411s] [01m[K/home/qianlab/single_turtle_workspace/dependencies/traveler_controller/src/controller/Inverse_kinematics.cpp:179:79:[m[K [01;31m[Kerror: [m[Krequest for member ‘[01m[Ky[m[K’ in ‘[01m[KB[m[K’, which is of non-class type ‘[01m[Kint[m[K’
[0.411s]   179 |     float actual_dist = sqrtf((ToeXY.x - B.x) * (ToeXY.x - B.x)+ (ToeXY.y - B.[01;31m[Ky[m[K) * (ToeXY.y - B.y));
[0.411s]       |                                                                               [01;31m[K^[m[K
[0.411s] [01m[K/home/qianlab/single_turtle_workspace/dependencies/traveler_controller/src/controller/Inverse_kinematics.cpp:179:91:[m[K [01;31m[Kerror: [m[Krequest for member ‘[01m[Ky[m[K’ in ‘[01m[KToeXY[m[K’, which is of non-class type ‘[01m[Kint[m[K’
[0.411s]   179 |     float actual_dist = sqrtf((ToeXY.x - B.x) * (ToeXY.x - B.x)+ (ToeXY.y - B.y) * (ToeXY.[01;31m[Ky[m[K - B.y));
[0.411s]       |                                                                                           [01;31m[K^[m[K
[0.412s] [01m[K/home/qianlab/single_turtle_workspace/dependencies/traveler_controller/src/controller/Inverse_kinematics.cpp:179:97:[m[K [01;31m[Kerror: [m[Krequest for member ‘[01m[Ky[m[K’ in ‘[01m[KB[m[K’, which is of non-class type ‘[01m[Kint[m[K’
[0.412s]   179 |     float actual_dist = sqrtf((ToeXY.x - B.x) * (ToeXY.x - B.x)+ (ToeXY.y - B.y) * (ToeXY.y - B.[01;31m[Ky[m[K));
[0.412s]       |                                                                                                 [01;31m[K^[m[K
[0.412s] [01m[K/home/qianlab/single_turtle_workspace/dependencies/traveler_controller/src/controller/Inverse_kinematics.cpp:[m[K In function ‘[01m[Kbool clamp_XY(float&, float&, float)[m[K’:
[0.412s] [01m[K/home/qianlab/single_turtle_workspace/dependencies/traveler_controller/src/controller/Inverse_kinematics.cpp:194:14:[m[K [01;31m[Kerror: [m[K‘[01m[KMAX_EXT[m[K’ was not declared in this scope
[0.412s]   194 |     if (L > ([01;31m[KMAX_EXT[m[K)) {
[0.412s]       |              [01;31m[K^~~~~~~[m[K
[0.412s] [01m[K/home/qianlab/single_turtle_workspace/dependencies/traveler_controller/src/controller/Inverse_kinematics.cpp:198:21:[m[K [01;31m[Kerror: [m[K‘[01m[KMIN_EXT[m[K’ was not declared in this scope
[0.412s]   198 |     } else if (L < ([01;31m[KMIN_EXT[m[K)) {
[0.412s]       |                     [01;31m[K^~~~~~~[m[K
[0.412s] [01m[K/home/qianlab/single_turtle_workspace/dependencies/traveler_controller/src/controller/Inverse_kinematics.cpp:[m[K At global scope:
[0.412s] [01m[K/home/qianlab/single_turtle_workspace/dependencies/traveler_controller/src/controller/Inverse_kinematics.cpp:207:15:[m[K [01;31m[Kerror: [m[K‘[01m[Kbool clamp_XY[m[K’ redeclared as different kind of entity
[0.412s]   207 | bool clamp_XY([01;31m[KXY_pair[m[K &P, float L) {
[0.412s]       |               [01;31m[K^~~~~~~[m[K
[0.412s] [01m[K/home/qianlab/single_turtle_workspace/dependencies/traveler_controller/src/controller/Inverse_kinematics.cpp:189:6:[m[K [01;36m[Knote: [m[Kprevious declaration ‘[01m[Kbool clamp_XY(float&, float&, float)[m[K’
[0.413s]   189 | bool [01;36m[Kclamp_XY[m[K(float &x, float &y, float L) {
[0.413s]       |      [01;36m[K^~~~~~~~[m[K
[0.413s] [01m[K/home/qianlab/single_turtle_workspace/dependencies/traveler_controller/src/controller/Inverse_kinematics.cpp:207:15:[m[K [01;31m[Kerror: [m[K‘[01m[KXY_pair[m[K’ was not declared in this scope
[0.413s]   207 | bool clamp_XY([01;31m[KXY_pair[m[K &P, float L) {
[0.413s]       |               [01;31m[K^~~~~~~[m[K
[0.413s] [01m[K/home/qianlab/single_turtle_workspace/dependencies/traveler_controller/src/controller/Inverse_kinematics.cpp:207:24:[m[K [01;31m[Kerror: [m[K‘[01m[KP[m[K’ was not declared in this scope
[0.413s]   207 | bool clamp_XY(XY_pair &[01;31m[KP[m[K, float L) {
[0.413s]       |                        [01;31m[K^[m[K
[0.413s] [01m[K/home/qianlab/single_turtle_workspace/dependencies/traveler_controller/src/controller/Inverse_kinematics.cpp:207:27:[m[K [01;31m[Kerror: [m[Kexpected primary-expression before ‘[01m[Kfloat[m[K’
[0.413s]   207 | bool clamp_XY(XY_pair &P, [01;31m[Kfloat[m[K L) {
[0.413s]       |                           [01;31m[K^~~~~[m[K
[0.413s] [01m[K/home/qianlab/single_turtle_workspace/dependencies/traveler_controller/src/controller/Inverse_kinematics.cpp:231:7:[m[K [01;31m[Kerror: [m[Kredefinition of ‘[01m[Kfloat distance[m[K’
[0.413s]   231 | float [01;31m[Kdistance[m[K(XY_pair A, XY_pair B) {
[0.413s]       |       [01;31m[K^~~~~~~~[m[K
[0.413s] In file included from [01m[K/home/qianlab/single_turtle_workspace/dependencies/traveler_controller/src/controller/Inverse_kinematics.cpp:1[m[K:
[0.414s] [01m[K/home/qianlab/single_turtle_workspace/dependencies/traveler_controller/include/controller/inverse_kinematics.h:53:7:[m[K [01;36m[Knote: [m[K‘[01m[Kfloat distance[m[K’ previously defined here
[0.414s]    53 | float [01;36m[Kdistance[m[K(XY_pair A, XY_pair B);
[0.414s]       |       [01;36m[K^~~~~~~~[m[K
[0.414s] [01m[K/home/qianlab/single_turtle_workspace/dependencies/traveler_controller/src/controller/Inverse_kinematics.cpp:231:16:[m[K [01;31m[Kerror: [m[K‘[01m[KXY_pair[m[K’ was not declared in this scope
[0.414s]   231 | float distance([01;31m[KXY_pair[m[K A, XY_pair B) {
[0.414s]       |                [01;31m[K^~~~~~~[m[K
[0.414s] [01m[K/home/qianlab/single_turtle_workspace/dependencies/traveler_controller/src/controller/Inverse_kinematics.cpp:231:27:[m[K [01;31m[Kerror: [m[K‘[01m[KXY_pair[m[K’ was not declared in this scope
[0.414s]   231 | float distance(XY_pair A, [01;31m[KXY_pair[m[K B) {
[0.414s]       |                           [01;31m[K^~~~~~~[m[K
[0.437s] [01m[K/home/qianlab/single_turtle_workspace/dependencies/traveler_controller/src/controller/Inverse_kinematics.cpp:[m[K In function ‘[01m[Kbool clamp_XY(float&, float&, float)[m[K’:
[0.437s] [01m[K/home/qianlab/single_turtle_workspace/dependencies/traveler_controller/src/controller/Inverse_kinematics.cpp:205:1:[m[K [01;35m[Kwarning: [m[Kcontrol reaches end of non-void function [[01;35m[K-Wreturn-type[m[K]
[0.437s]   205 | [01;35m[K}[m[K
[0.438s]       | [01;35m[K^[m[K
[0.443s] make[2]: *** [CMakeFiles/turtle_high_controller.dir/build.make:76: CMakeFiles/turtle_high_controller.dir/src/controller/Inverse_kinematics.cpp.o] Error 1
[0.929s] In file included from [01m[K/home/qianlab/single_turtle_workspace/dependencies/traveler_controller/src/proxy/lowerproxy.cpp:8[m[K:
[0.929s] [01m[K/home/qianlab/single_turtle_workspace/dependencies/traveler_controller/include/proxy/lowerproxy.h:97:17:[m[K [01;31m[Kerror: [m[K‘[01m[KTrajectoryPoint[m[K’ was not declared in this scope; did you mean ‘[01m[KTrajectoryData[m[K’?
[0.929s]    97 |     std::vector<[01;31m[KTrajectoryPoint[m[K> precomputed_;
[0.929s]       |                 [01;31m[K^~~~~~~~~~~~~~~[m[K
[0.929s]       |                 [32m[KTrajectoryData[m[K
[0.929s] [01m[K/home/qianlab/single_turtle_workspace/dependencies/traveler_controller/include/proxy/lowerproxy.h:97:32:[m[K [01;31m[Kerror: [m[Ktemplate argument 1 is invalid
[0.929s]    97 |     std::vector<TrajectoryPoint[01;31m[K>[m[K precomputed_;
[0.930s]       |                                [01;31m[K^[m[K
[0.930s] [01m[K/home/qianlab/single_turtle_workspace/dependencies/traveler_controller/include/proxy/lowerproxy.h:97:32:[m[K [01;31m[Kerror: [m[Ktemplate argument 2 is invalid
[0.930s] In file included from [01m[K/home/qianlab/single_turtle_workspace/dependencies/traveler_controller/src/proxy/lowerproxy.cpp:9[m[K:
[0.930s] [01m[K/home/qianlab/single_turtle_workspace/dependencies/traveler_controller/include/controller/inverse_kinematics.h:28:47:[m[K [01;31m[Kerror: [m[K‘[01m[KXY_pair[m[K’ has not been declared
[0.930s]    28 | void abstractToPhysical(float L, float Theta, [01;31m[KXY_pair[m[K& point);
[0.930s]       |                                               [01;31m[K^~~~~~~[m[K
[0.930s] [01m[K/home/qianlab/single_turtle_workspace/dependencies/traveler_controller/include/controller/inverse_kinematics.h:35:52:[m[K [01;31m[Kerror: [m[K‘[01m[KXY_pair[m[K’ has not been declared
[0.930s]    35 | void linearTraj(float t, float t_start, float vel, [01;31m[KXY_pair[m[K A, XY_pair B, float& X, float& Y);
[0.930s]       |                                                    [01;31m[K^~~~~~~[m[K
[0.930s] [01m[K/home/qianlab/single_turtle_workspace/dependencies/traveler_controller/include/controller/inverse_kinematics.h:35:63:[m[K [01;31m[Kerror: [m[K‘[01m[KXY_pair[m[K’ has not been declared
[0.930s]    35 | void linearTraj(float t, float t_start, float vel, XY_pair A, [01;31m[KXY_pair[m[K B, float& X, float& Y);
[0.931s]       |                                                               [01;31m[K^~~~~~~[m[K
[0.931s] [01m[K/home/qianlab/single_turtle_workspace/dependencies/traveler_controller/include/controller/inverse_kinematics.h:38:41:[m[K [01;31m[Kerror: [m[K‘[01m[KXY_pair[m[K’ has not been declared
[0.931s]    38 | bool linearTraj(float t_rel, float vel, [01;31m[KXY_pair[m[K A, XY_pair B, float& X, float& Y);
[0.931s]       |                                         [01;31m[K^~~~~~~[m[K
[0.931s] [01m[K/home/qianlab/single_turtle_workspace/dependencies/traveler_controller/include/controller/inverse_kinematics.h:38:52:[m[K [01;31m[Kerror: [m[K‘[01m[KXY_pair[m[K’ has not been declared
[0.931s]    38 | bool linearTraj(float t_rel, float vel, XY_pair A, [01;31m[KXY_pair[m[K B, float& X, float& Y);
[0.931s]       |                                                    [01;31m[K^~~~~~~[m[K
[0.931s] [01m[K/home/qianlab/single_turtle_workspace/dependencies/traveler_controller/include/controller/inverse_kinematics.h:41:41:[m[K [01;31m[Kerror: [m[K‘[01m[KXY_pair[m[K’ has not been declared
[0.931s]    41 | bool linearTraj(float t_rel, float vel, [01;31m[KXY_pair[m[K A, XY_pair B,
[0.931s]       |                                         [01;31m[K^~~~~~~[m[K
[0.931s] [01m[K/home/qianlab/single_turtle_workspace/dependencies/traveler_controller/include/controller/inverse_kinematics.h:41:52:[m[K [01;31m[Kerror: [m[K‘[01m[KXY_pair[m[K’ has not been declared
[0.932s]    41 | bool linearTraj(float t_rel, float vel, XY_pair A, [01;31m[KXY_pair[m[K B,
[0.932s]       |                                                    [01;31m[K^~~~~~~[m[K
[0.932s] [01m[K/home/qianlab/single_turtle_workspace/dependencies/traveler_controller/include/controller/inverse_kinematics.h:42:17:[m[K [01;31m[Kerror: [m[K‘[01m[KXY_pair[m[K’ has not been declared
[0.932s]    42 |                 [01;31m[KXY_pair[m[K ToeXY, float& X, float& Y, float threshold = 0.01f);
[0.932s]       |                 [01;31m[K^~~~~~~[m[K
[0.932s] [01m[K/home/qianlab/single_turtle_workspace/dependencies/traveler_controller/include/controller/inverse_kinematics.h:50:15:[m[K [01;31m[Kerror: [m[K‘[01m[Kbool clamp_XY[m[K’ redeclared as different kind of entity
[0.932s]    50 | bool clamp_XY([01;31m[KXY_pair[m[K& P, float L = 0.0f);
[0.932s]       |               [01;31m[K^~~~~~~[m[K
[0.932s] [01m[K/home/qianlab/single_turtle_workspace/dependencies/traveler_controller/include/controller/inverse_kinematics.h:49:6:[m[K [01;36m[Knote: [m[Kprevious declaration ‘[01m[Kbool clamp_XY(float&, float&, float)[m[K’
[0.932s]    49 | bool [01;36m[Kclamp_XY[m[K(float& x, float& y, float L = 0.0f);
[0.932s]       |      [01;36m[K^~~~~~~~[m[K
[0.932s] [01m[K/home/qianlab/single_turtle_workspace/dependencies/traveler_controller/include/controller/inverse_kinematics.h:50:15:[m[K [01;31m[Kerror: [m[K‘[01m[KXY_pair[m[K’ was not declared in this scope
[0.932s]    50 | bool clamp_XY([01;31m[KXY_pair[m[K& P, float L = 0.0f);
[0.933s]       |               [01;31m[K^~~~~~~[m[K
[0.933s] [01m[K/home/qianlab/single_turtle_workspace/dependencies/traveler_controller/include/controller/inverse_kinematics.h:50:24:[m[K [01;31m[Kerror: [m[K‘[01m[KP[m[K’ was not declared in this scope
[0.933s]    50 | bool clamp_XY(XY_pair& [01;31m[KP[m[K, float L = 0.0f);
[0.933s]       |                        [01;31m[K^[m[K
[0.933s] [01m[K/home/qianlab/single_turtle_workspace/dependencies/traveler_controller/include/controller/inverse_kinematics.h:50:27:[m[K [01;31m[Kerror: [m[Kexpected primary-expression before ‘[01m[Kfloat[m[K’
[0.933s]    50 | bool clamp_XY(XY_pair& P, [01;31m[Kfloat[m[K L = 0.0f);
[0.933s]       |                           [01;31m[K^~~~~[m[K
[0.933s] [01m[K/home/qianlab/single_turtle_workspace/dependencies/traveler_controller/include/controller/inverse_kinematics.h:53:16:[m[K [01;31m[Kerror: [m[K‘[01m[KXY_pair[m[K’ was not declared in this scope
[0.933s]    53 | float distance([01;31m[KXY_pair[m[K A, XY_pair B);
[0.933s]       |                [01;31m[K^~~~~~~[m[K
[0.933s] [01m[K/home/qianlab/single_turtle_workspace/dependencies/traveler_controller/include/controller/inverse_kinematics.h:53:27:[m[K [01;31m[Kerror: [m[K‘[01m[KXY_pair[m[K’ was not declared in this scope
[0.933s]    53 | float distance(XY_pair A, [01;31m[KXY_pair[m[K B);
[0.934s]       |                           [01;31m[K^~~~~~~[m[K
[0.934s] [01m[K/home/qianlab/single_turtle_workspace/dependencies/traveler_controller/include/controller/inverse_kinematics.h:53:36:[m[K [01;31m[Kerror: [m[Kexpression list treated as compound expression in initializer [[01;31m[K-fpermissive[m[K]
[0.934s]    53 | float distance(XY_pair A, XY_pair B[01;31m[K)[m[K;
[0.934s]       |                                    [01;31m[K^[m[K
[0.952s] In file included from [01m[K/home/qianlab/single_turtle_workspace/dependencies/traveler_controller/src/proxy/upperproxy.cpp:29[m[K:
[0.952s] [01m[K/home/qianlab/single_turtle_workspace/dependencies/traveler_controller/include/controller/inverse_kinematics.h:28:47:[m[K [01;31m[Kerror: [m[K‘[01m[KXY_pair[m[K’ has not been declared
[0.952s]    28 | void abstractToPhysical(float L, float Theta, [01;31m[KXY_pair[m[K& point);
[0.952s]       |                                               [01;31m[K^~~~~~~[m[K
[0.952s] [01m[K/home/qianlab/single_turtle_workspace/dependencies/traveler_controller/include/controller/inverse_kinematics.h:35:52:[m[K [01;31m[Kerror: [m[K‘[01m[KXY_pair[m[K’ has not been declared
[0.952s]    35 | void linearTraj(float t, float t_start, float vel, [01;31m[KXY_pair[m[K A, XY_pair B, float& X, float& Y);
[0.952s]       |                                                    [01;31m[K^~~~~~~[m[K
[0.952s] [01m[K/home/qianlab/single_turtle_workspace/dependencies/traveler_controller/include/controller/inverse_kinematics.h:35:63:[m[K [01;31m[Kerror: [m[K‘[01m[KXY_pair[m[K’ has not been declared
[0.953s]    35 | void linearTraj(float t, float t_start, float vel, XY_pair A, [01;31m[KXY_pair[m[K B, float& X, float& Y);
[0.953s]       |                                                               [01;31m[K^~~~~~~[m[K
[0.953s] [01m[K/home/qianlab/single_turtle_workspace/dependencies/traveler_controller/include/controller/inverse_kinematics.h:38:41:[m[K [01;31m[Kerror: [m[K‘[01m[KXY_pair[m[K’ has not been declared
[0.953s]    38 | bool linearTraj(float t_rel, float vel, [01;31m[KXY_pair[m[K A, XY_pair B, float& X, float& Y);
[0.953s]       |                                         [01;31m[K^~~~~~~[m[K
[0.953s] [01m[K/home/qianlab/single_turtle_workspace/dependencies/traveler_controller/include/controller/inverse_kinematics.h:38:52:[m[K [01;31m[Kerror: [m[K‘[01m[KXY_pair[m[K’ has not been declared
[0.953s]    38 | bool linearTraj(float t_rel, float vel, XY_pair A, [01;31m[KXY_pair[m[K B, float& X, float& Y);
[0.953s]       |                                                    [01;31m[K^~~~~~~[m[K
[0.953s] [01m[K/home/qianlab/single_turtle_workspace/dependencies/traveler_controller/include/controller/inverse_kinematics.h:41:41:[m[K [01;31m[Kerror: [m[K‘[01m[KXY_pair[m[K’ has not been declared
[0.953s]    41 | bool linearTraj(float t_rel, float vel, [01;31m[KXY_pair[m[K A, XY_pair B,
[0.953s]       |                                         [01;31m[K^~~~~~~[m[K
[0.953s] [01m[K/home/qianlab/single_turtle_workspace/dependencies/traveler_controller/include/controller/inverse_kinematics.h:41:52:[m[K [01;31m[Kerror: [m[K‘[01m[KXY_pair[m[K’ has not been declared
[0.953s]    41 | bool linearTraj(float t_rel, float vel, XY_pair A, [01;31m[KXY_pair[m[K B,
[0.954s]       |                                                    [01;31m[K^~~~~~~[m[K
[0.954s] [01m[K/home/qianlab/single_turtle_workspace/dependencies/traveler_controller/include/controller/inverse_kinematics.h:42:17:[m[K [01;31m[Kerror: [m[K‘[01m[KXY_pair[m[K’ has not been declared
[0.954s]    42 |                 [01;31m[KXY_pair[m[K ToeXY, float& X, float& Y, float threshold = 0.01f);
[0.954s]       |                 [01;31m[K^~~~~~~[m[K
[0.954s] [01m[K/home/qianlab/single_turtle_workspace/dependencies/traveler_controller/include/controller/inverse_kinematics.h:50:15:[m[K [01;31m[Kerror: [m[K‘[01m[Kbool turtle_namespace::control::clamp_XY[m[K’ redeclared as different kind of entity
[0.954s]    50 | bool clamp_XY([01;31m[KXY_pair[m[K& P, float L = 0.0f);
[0.954s]       |               [01;31m[K^~~~~~~[m[K
[0.954s] [01m[K/home/qianlab/single_turtle_workspace/dependencies/traveler_controller/include/controller/inverse_kinematics.h:49:6:[m[K [01;36m[Knote: [m[Kprevious declaration ‘[01m[Kbool turtle_namespace::control::clamp_XY(float&, float&, float)[m[K’
[0.954s]    49 | bool [01;36m[Kclamp_XY[m[K(float& x, float& y, float L = 0.0f);
[0.954s]       |      [01;36m[K^~~~~~~~[m[K
[0.954s] [01m[K/home/qianlab/single_turtle_workspace/dependencies/traveler_controller/include/controller/inverse_kinematics.h:50:15:[m[K [01;31m[Kerror: [m[K‘[01m[KXY_pair[m[K’ was not declared in this scope
[0.955s]    50 | bool clamp_XY([01;31m[KXY_pair[m[K& P, float L = 0.0f);
[0.955s]       |               [01;31m[K^~~~~~~[m[K
[0.955s] [01m[K/home/qianlab/single_turtle_workspace/dependencies/traveler_controller/include/controller/inverse_kinematics.h:50:24:[m[K [01;31m[Kerror: [m[K‘[01m[KP[m[K’ was not declared in this scope
[0.955s]    50 | bool clamp_XY(XY_pair& [01;31m[KP[m[K, float L = 0.0f);
[0.955s]       |                        [01;31m[K^[m[K
[0.955s] [01m[K/home/qianlab/single_turtle_workspace/dependencies/traveler_controller/include/controller/inverse_kinematics.h:50:27:[m[K [01;31m[Kerror: [m[Kexpected primary-expression before ‘[01m[Kfloat[m[K’
[0.955s]    50 | bool clamp_XY(XY_pair& P, [01;31m[Kfloat[m[K L = 0.0f);
[0.955s]       |                           [01;31m[K^~~~~[m[K
[0.955s] [01m[K/home/qianlab/single_turtle_workspace/dependencies/traveler_controller/include/controller/inverse_kinematics.h:53:16:[m[K [01;31m[Kerror: [m[K‘[01m[KXY_pair[m[K’ was not declared in this scope
[0.955s]    53 | float distance([01;31m[KXY_pair[m[K A, XY_pair B);
[0.955s]       |                [01;31m[K^~~~~~~[m[K
[0.955s] [01m[K/home/qianlab/single_turtle_workspace/dependencies/traveler_controller/include/controller/inverse_kinematics.h:53:27:[m[K [01;31m[Kerror: [m[K‘[01m[KXY_pair[m[K’ was not declared in this scope
[0.955s]    53 | float distance(XY_pair A, [01;31m[KXY_pair[m[K B);
[0.956s]       |                           [01;31m[K^~~~~~~[m[K
[0.956s] [01m[K/home/qianlab/single_turtle_workspace/dependencies/traveler_controller/include/controller/inverse_kinematics.h:53:36:[m[K [01;31m[Kerror: [m[Kexpression list treated as compound expression in initializer [[01;31m[K-fpermissive[m[K]
[0.956s]    53 | float distance(XY_pair A, XY_pair B[01;31m[K)[m[K;
[0.956s]       |                                    [01;31m[K^[m[K
[0.957s] [01m[K/home/qianlab/single_turtle_workspace/dependencies/traveler_controller/src/proxy/upperproxy.cpp:[m[K In member function ‘[01m[Kvoid turtle_namespace::control::upperproxy::handle_gui(std_msgs::msg::Float64MultiArray_<std::allocator<void> >::SharedPtr)[m[K’:
[0.957s] [01m[K/home/qianlab/single_turtle_workspace/dependencies/traveler_controller/src/proxy/upperproxy.cpp:38:29:[m[K [01;31m[Kerror: [m[K‘[01m[Kstruct TrajectoryData[m[K’ has no member named ‘[01m[Kwiggle_time[m[K’
[0.957s]    38 |     turtle_inter_.traj_data.[01;31m[Kwiggle_time[m[K        = msg->data[4];
[0.957s]       |                             [01;31m[K^~~~~~~~~~~[m[K
[0.957s] [01m[K/home/qianlab/single_turtle_workspace/dependencies/traveler_controller/src/proxy/upperproxy.cpp:41:29:[m[K [01;31m[Kerror: [m[K‘[01m[Kstruct TrajectoryData[m[K’ has no member named ‘[01m[Kwiggle_frequency[m[K’
[0.957s]    41 |     turtle_inter_.traj_data.[01;31m[Kwiggle_frequency[m[K   = msg->data[7];
[0.957s]       |                             [01;31m[K^~~~~~~~~~~~~~~~[m[K
[0.957s] [01m[K/home/qianlab/single_turtle_workspace/dependencies/traveler_controller/src/proxy/upperproxy.cpp:43:29:[m[K [01;31m[Kerror: [m[K‘[01m[Kstruct TrajectoryData[m[K’ has no member named ‘[01m[Kwiggle_amptitude[m[K’
[0.957s]    43 |     turtle_inter_.traj_data.[01;31m[Kwiggle_amptitude[m[K   = msg->data[9];
[0.958s]       |                             [01;31m[K^~~~~~~~~~~~~~~~[m[K
[0.970s] [01m[K/home/qianlab/single_turtle_workspace/dependencies/traveler_controller/src/proxy/lowerproxy.cpp:[m[K In member function ‘[01m[Kvoid turtle_namespace::control::lowerproxy::calculate_position(turtle&)[m[K’:
[0.970s] [01m[K/home/qianlab/single_turtle_workspace/dependencies/traveler_controller/src/proxy/lowerproxy.cpp:35:45:[m[K [01;35m[Kwarning: [m[Kunused parameter ‘[01m[Kturtle_[m[K’ [[01;35m[K-Wunused-parameter[m[K]
[0.970s]    35 | void lowerproxy::calculate_position([01;35m[Kturtle &turtle_[m[K) {
[0.970s]       |                                     [01;35m[K~~~~~~~~^~~~~~~[m[K
[1.523s] make[2]: *** [CMakeFiles/turtle_high_controller.dir/build.make:102: CMakeFiles/turtle_high_controller.dir/src/proxy/lowerproxy.cpp.o] Error 1
[1.880s] make[2]: *** [CMakeFiles/turtle_high_controller.dir/build.make:115: CMakeFiles/turtle_high_controller.dir/src/proxy/upperproxy.cpp.o] Error 1
[1.880s] make[1]: *** [CMakeFiles/Makefile2:107: CMakeFiles/turtle_high_controller.dir/all] Error 2
[1.880s] make: *** [Makefile:141: all] Error 2
[1.883s] Invoked command in '/home/qianlab/single_turtle_workspace/build/turtle_high_controller' returned '2': AMENT_PREFIX_PATH=/home/qianlab/single_turtle_workspace/install/traveler_msgs:${AMENT_PREFIX_PATH} CMAKE_PREFIX_PATH=/home/qianlab/single_turtle_workspace/install/traveler_msgs:/home/qianlab/lassie-traveler/dependencies/install/traveler_high_controller:/home/qianlab/lassie-traveler/dependencies/install/traveler_msgs:/opt/ros/foxy LD_LIBRARY_PATH=/home/qianlab/single_turtle_workspace/install/traveler_msgs/lib:${LD_LIBRARY_PATH} PYTHONPATH=/home/qianlab/single_turtle_workspace/install/traveler_msgs/lib/python3.8/site-packages:${PYTHONPATH} /usr/bin/cmake --build /home/qianlab/single_turtle_workspace/build/turtle_high_controller -- -j12 -l12
