[0.126s] DEBUG:colcon:Command line arguments: ['/usr/bin/colcon', 'build']
[0.126s] DEBUG:colcon:Parsed command line arguments: Namespace(allow_overriding=[], ament_cmake_args=None, base_paths=['.'], build_base='build', catkin_cmake_args=None, catkin_skip_building_tests=False, cmake_args=None, cmake_clean_cache=False, cmake_clean_first=False, cmake_force_configure=False, cmake_target=None, cmake_target_skip_unavailable=False, continue_on_error=False, event_handlers=None, executor='parallel', ignore_user_meta=False, install_base='install', log_base=None, log_level=None, main=<bound method BuildVerb.main of <colcon_core.verb.build.BuildVerb object at 0x7ff9b36bfdc0>>, merge_install=False, metas=['./colcon.meta'], mixin=None, mixin_files=None, mixin_verb=('build',), packages_above=None, packages_above_and_dependencies=None, packages_above_depth=None, packages_end=None, packages_ignore=None, packages_ignore_regex=None, packages_select=None, packages_select_build_failed=False, packages_select_by_dep=None, packages_select_regex=None, packages_select_test_failures=False, packages_skip=None, packages_skip_build_finished=False, packages_skip_by_dep=None, packages_skip_regex=None, packages_skip_test_passed=False, packages_skip_up_to=None, packages_start=None, packages_up_to=None, packages_up_to_regex=None, parallel_workers=12, paths=None, symlink_install=False, test_result_base=None, verb_extension=<colcon_core.verb.build.BuildVerb object at 0x7ff9b36bfdc0>, verb_name='build', verb_parser=<colcon_mixin.mixin.mixin_argument.MixinArgumentDecorator object at 0x7ff9b364e2e0>)
[0.219s] Level 1:colcon.colcon_core.package_discovery:discover_packages(colcon_meta) check parameters
[0.219s] Level 1:colcon.colcon_core.package_discovery:discover_packages(recursive) check parameters
[0.219s] Level 1:colcon.colcon_core.package_discovery:discover_packages(ignore) check parameters
[0.219s] Level 1:colcon.colcon_core.package_discovery:discover_packages(path) check parameters
[0.219s] Level 1:colcon.colcon_core.package_discovery:discover_packages(colcon_meta) discover
[0.219s] Level 1:colcon.colcon_core.package_discovery:discover_packages(recursive) discover
[0.219s] INFO:colcon.colcon_core.package_discovery:Crawling recursively for packages in '/home/qianlab/single_turtle_workspace/highlevel/LASSIE_GUI'
[0.219s] Level 1:colcon.colcon_core.package_identification:_identify(.) by extensions ['ignore', 'ignore_ament_install']
[0.219s] Level 1:colcon.colcon_core.package_identification:_identify(.) by extension 'ignore'
[0.219s] Level 1:colcon.colcon_core.package_identification:_identify(.) by extension 'ignore_ament_install'
[0.220s] Level 1:colcon.colcon_core.package_identification:_identify(.) by extensions ['colcon_pkg']
[0.220s] Level 1:colcon.colcon_core.package_identification:_identify(.) by extension 'colcon_pkg'
[0.220s] Level 1:colcon.colcon_core.package_identification:_identify(.) by extensions ['colcon_meta']
[0.220s] Level 1:colcon.colcon_core.package_identification:_identify(.) by extension 'colcon_meta'
[0.220s] Level 1:colcon.colcon_core.package_identification:_identify(.) by extensions ['ros']
[0.220s] Level 1:colcon.colcon_core.package_identification:_identify(.) by extension 'ros'
[0.227s] Level 1:colcon.colcon_core.package_identification:_identify(.) by extensions ['cmake', 'python']
[0.227s] Level 1:colcon.colcon_core.package_identification:_identify(.) by extension 'cmake'
[0.227s] Level 1:colcon.colcon_core.package_identification:_identify(.) by extension 'python'
[0.227s] Level 1:colcon.colcon_core.package_identification:_identify(.) by extensions ['python_setup_py']
[0.227s] Level 1:colcon.colcon_core.package_identification:_identify(.) by extension 'python_setup_py'
[0.227s] Level 1:colcon.colcon_core.package_identification:_identify(__pycache__) by extensions ['ignore', 'ignore_ament_install']
[0.227s] Level 1:colcon.colcon_core.package_identification:_identify(__pycache__) by extension 'ignore'
[0.227s] Level 1:colcon.colcon_core.package_identification:_identify(__pycache__) by extension 'ignore_ament_install'
[0.227s] Level 1:colcon.colcon_core.package_identification:_identify(__pycache__) by extensions ['colcon_pkg']
[0.227s] Level 1:colcon.colcon_core.package_identification:_identify(__pycache__) by extension 'colcon_pkg'
[0.227s] Level 1:colcon.colcon_core.package_identification:_identify(__pycache__) by extensions ['colcon_meta']
[0.227s] Level 1:colcon.colcon_core.package_identification:_identify(__pycache__) by extension 'colcon_meta'
[0.227s] Level 1:colcon.colcon_core.package_identification:_identify(__pycache__) by extensions ['ros']
[0.227s] Level 1:colcon.colcon_core.package_identification:_identify(__pycache__) by extension 'ros'
[0.227s] Level 1:colcon.colcon_core.package_identification:_identify(__pycache__) by extensions ['cmake', 'python']
[0.227s] Level 1:colcon.colcon_core.package_identification:_identify(__pycache__) by extension 'cmake'
[0.227s] Level 1:colcon.colcon_core.package_identification:_identify(__pycache__) by extension 'python'
[0.227s] Level 1:colcon.colcon_core.package_identification:_identify(__pycache__) by extensions ['python_setup_py']
[0.227s] Level 1:colcon.colcon_core.package_identification:_identify(__pycache__) by extension 'python_setup_py'
[0.227s] Level 1:colcon.colcon_core.package_identification:_identify(build) by extensions ['ignore', 'ignore_ament_install']
[0.227s] Level 1:colcon.colcon_core.package_identification:_identify(build) by extension 'ignore'
[0.227s] Level 1:colcon.colcon_core.package_identification:_identify(build) ignored
[0.228s] Level 1:colcon.colcon_core.package_identification:_identify(config) by extensions ['ignore', 'ignore_ament_install']
[0.228s] Level 1:colcon.colcon_core.package_identification:_identify(config) by extension 'ignore'
[0.228s] Level 1:colcon.colcon_core.package_identification:_identify(config) by extension 'ignore_ament_install'
[0.228s] Level 1:colcon.colcon_core.package_identification:_identify(config) by extensions ['colcon_pkg']
[0.228s] Level 1:colcon.colcon_core.package_identification:_identify(config) by extension 'colcon_pkg'
[0.228s] Level 1:colcon.colcon_core.package_identification:_identify(config) by extensions ['colcon_meta']
[0.228s] Level 1:colcon.colcon_core.package_identification:_identify(config) by extension 'colcon_meta'
[0.228s] Level 1:colcon.colcon_core.package_identification:_identify(config) by extensions ['ros']
[0.228s] Level 1:colcon.colcon_core.package_identification:_identify(config) by extension 'ros'
[0.228s] Level 1:colcon.colcon_core.package_identification:_identify(config) by extensions ['cmake', 'python']
[0.228s] Level 1:colcon.colcon_core.package_identification:_identify(config) by extension 'cmake'
[0.228s] Level 1:colcon.colcon_core.package_identification:_identify(config) by extension 'python'
[0.228s] Level 1:colcon.colcon_core.package_identification:_identify(config) by extensions ['python_setup_py']
[0.228s] Level 1:colcon.colcon_core.package_identification:_identify(config) by extension 'python_setup_py'
[0.228s] Level 1:colcon.colcon_core.package_identification:_identify(experiment_data) by extensions ['ignore', 'ignore_ament_install']
[0.228s] Level 1:colcon.colcon_core.package_identification:_identify(experiment_data) by extension 'ignore'
[0.228s] Level 1:colcon.colcon_core.package_identification:_identify(experiment_data) by extension 'ignore_ament_install'
[0.228s] Level 1:colcon.colcon_core.package_identification:_identify(experiment_data) by extensions ['colcon_pkg']
[0.228s] Level 1:colcon.colcon_core.package_identification:_identify(experiment_data) by extension 'colcon_pkg'
[0.228s] Level 1:colcon.colcon_core.package_identification:_identify(experiment_data) by extensions ['colcon_meta']
[0.228s] Level 1:colcon.colcon_core.package_identification:_identify(experiment_data) by extension 'colcon_meta'
[0.228s] Level 1:colcon.colcon_core.package_identification:_identify(experiment_data) by extensions ['ros']
[0.228s] Level 1:colcon.colcon_core.package_identification:_identify(experiment_data) by extension 'ros'
[0.228s] Level 1:colcon.colcon_core.package_identification:_identify(experiment_data) by extensions ['cmake', 'python']
[0.228s] Level 1:colcon.colcon_core.package_identification:_identify(experiment_data) by extension 'cmake'
[0.228s] Level 1:colcon.colcon_core.package_identification:_identify(experiment_data) by extension 'python'
[0.228s] Level 1:colcon.colcon_core.package_identification:_identify(experiment_data) by extensions ['python_setup_py']
[0.228s] Level 1:colcon.colcon_core.package_identification:_identify(experiment_data) by extension 'python_setup_py'
[0.228s] Level 1:colcon.colcon_core.package_identification:_identify(experiment_data/turtle) by extensions ['ignore', 'ignore_ament_install']
[0.228s] Level 1:colcon.colcon_core.package_identification:_identify(experiment_data/turtle) by extension 'ignore'
[0.228s] Level 1:colcon.colcon_core.package_identification:_identify(experiment_data/turtle) by extension 'ignore_ament_install'
[0.228s] Level 1:colcon.colcon_core.package_identification:_identify(experiment_data/turtle) by extensions ['colcon_pkg']
[0.228s] Level 1:colcon.colcon_core.package_identification:_identify(experiment_data/turtle) by extension 'colcon_pkg'
[0.228s] Level 1:colcon.colcon_core.package_identification:_identify(experiment_data/turtle) by extensions ['colcon_meta']
[0.228s] Level 1:colcon.colcon_core.package_identification:_identify(experiment_data/turtle) by extension 'colcon_meta'
[0.228s] Level 1:colcon.colcon_core.package_identification:_identify(experiment_data/turtle) by extensions ['ros']
[0.228s] Level 1:colcon.colcon_core.package_identification:_identify(experiment_data/turtle) by extension 'ros'
[0.228s] Level 1:colcon.colcon_core.package_identification:_identify(experiment_data/turtle) by extensions ['cmake', 'python']
[0.228s] Level 1:colcon.colcon_core.package_identification:_identify(experiment_data/turtle) by extension 'cmake'
[0.228s] Level 1:colcon.colcon_core.package_identification:_identify(experiment_data/turtle) by extension 'python'
[0.228s] Level 1:colcon.colcon_core.package_identification:_identify(experiment_data/turtle) by extensions ['python_setup_py']
[0.228s] Level 1:colcon.colcon_core.package_identification:_identify(experiment_data/turtle) by extension 'python_setup_py'
[0.229s] Level 1:colcon.colcon_core.package_identification:_identify(install) by extensions ['ignore', 'ignore_ament_install']
[0.229s] Level 1:colcon.colcon_core.package_identification:_identify(install) by extension 'ignore'
[0.229s] Level 1:colcon.colcon_core.package_identification:_identify(install) ignored
[0.229s] Level 1:colcon.colcon_core.package_identification:_identify(log) by extensions ['ignore', 'ignore_ament_install']
[0.229s] Level 1:colcon.colcon_core.package_identification:_identify(log) by extension 'ignore'
[0.229s] Level 1:colcon.colcon_core.package_identification:_identify(log) ignored
[0.229s] Level 1:colcon.colcon_core.package_discovery:discover_packages(recursive) using defaults
[0.229s] Level 1:colcon.colcon_core.package_discovery:discover_packages(ignore) discover
[0.229s] Level 1:colcon.colcon_core.package_discovery:discover_packages(ignore) using defaults
[0.229s] Level 1:colcon.colcon_core.package_discovery:discover_packages(path) discover
[0.229s] Level 1:colcon.colcon_core.package_discovery:discover_packages(path) using defaults
[0.246s] Level 1:colcon.colcon_core.package_discovery:discover_packages(prefix_path) check parameters
[0.246s] Level 1:colcon.colcon_core.package_discovery:discover_packages(prefix_path) discover
[0.247s] DEBUG:colcon.colcon_installed_package_information.package_discovery:Found 3 installed packages in /home/qianlab/Turtle_workspace/lassie-turtle/install
[0.248s] DEBUG:colcon.colcon_installed_package_information.package_discovery:Found 3 installed packages in /home/qianlab/Turtle_workspace/install
[0.248s] DEBUG:colcon.colcon_installed_package_information.package_discovery:Found 295 installed packages in /opt/ros/foxy
[0.249s] Level 1:colcon.colcon_core.package_discovery:discover_packages(prefix_path) using defaults
[0.282s] INFO:colcon.colcon_core.executor:Executing jobs using 'parallel' executor
[0.283s] DEBUG:colcon.colcon_parallel_executor.executor.parallel:run_until_complete
[0.283s] DEBUG:colcon.colcon_parallel_executor.executor.parallel:closing loop
[0.283s] DEBUG:colcon.colcon_parallel_executor.executor.parallel:loop closed
[0.283s] DEBUG:colcon.colcon_parallel_executor.executor.parallel:run_until_complete finished with '0'
[0.283s] DEBUG:colcon.colcon_core.event_reactor:joining thread
[0.286s] INFO:colcon.colcon_core.plugin_system:Skipping extension 'colcon_notification.desktop_notification.terminal_notifier': Not used on non-Darwin systems
[0.286s] INFO:colcon.colcon_core.plugin_system:Skipping extension 'colcon_notification.desktop_notification.win32': Not used on non-Windows systems
[0.286s] INFO:colcon.colcon_notification.desktop_notification:Sending desktop notification using 'notify2'
[0.296s] DEBUG:colcon.colcon_core.event_reactor:joined thread
[0.298s] INFO:colcon.colcon_core.plugin_system:Skipping extension 'colcon_core.shell.bat': Not used on non-Windows systems
[0.298s] INFO:colcon.colcon_core.shell:Creating prefix script '/home/qianlab/single_turtle_workspace/highlevel/LASSIE_GUI/install/local_setup.ps1'
[0.298s] INFO:colcon.colcon_core.shell:Creating prefix util module '/home/qianlab/single_turtle_workspace/highlevel/LASSIE_GUI/install/_local_setup_util_ps1.py'
[0.299s] INFO:colcon.colcon_core.shell:Creating prefix chain script '/home/qianlab/single_turtle_workspace/highlevel/LASSIE_GUI/install/setup.ps1'
[0.299s] INFO:colcon.colcon_core.shell:Creating prefix script '/home/qianlab/single_turtle_workspace/highlevel/LASSIE_GUI/install/local_setup.sh'
[0.300s] INFO:colcon.colcon_core.shell:Creating prefix util module '/home/qianlab/single_turtle_workspace/highlevel/LASSIE_GUI/install/_local_setup_util_sh.py'
[0.300s] INFO:colcon.colcon_core.shell:Creating prefix chain script '/home/qianlab/single_turtle_workspace/highlevel/LASSIE_GUI/install/setup.sh'
[0.300s] INFO:colcon.colcon_core.shell:Creating prefix script '/home/qianlab/single_turtle_workspace/highlevel/LASSIE_GUI/install/local_setup.bash'
[0.301s] INFO:colcon.colcon_core.shell:Creating prefix chain script '/home/qianlab/single_turtle_workspace/highlevel/LASSIE_GUI/install/setup.bash'
[0.301s] INFO:colcon.colcon_core.shell:Creating prefix script '/home/qianlab/single_turtle_workspace/highlevel/LASSIE_GUI/install/local_setup.zsh'
[0.301s] INFO:colcon.colcon_core.shell:Creating prefix chain script '/home/qianlab/single_turtle_workspace/highlevel/LASSIE_GUI/install/setup.zsh'
