[0.010s] Invoking command in '/home/qianlab/single_turtle_workspace/build/turtle_high_controller': AMENT_PREFIX_PATH=/home/qianlab/single_turtle_workspace/install/traveler_msgs:${AMENT_PREFIX_PATH} CMAKE_PREFIX_PATH=/home/qianlab/single_turtle_workspace/install/traveler_msgs:/home/qianlab/lassie-traveler/dependencies/install/traveler_high_controller:/home/qianlab/lassie-traveler/dependencies/install/traveler_msgs:/opt/ros/foxy LD_LIBRARY_PATH=/home/qianlab/single_turtle_workspace/install/traveler_msgs/lib:${LD_LIBRARY_PATH} PYTHONPATH=/home/qianlab/single_turtle_workspace/install/traveler_msgs/lib/python3.8/site-packages:${PYTHONPATH} /usr/bin/cmake --build /home/qianlab/single_turtle_workspace/build/turtle_high_controller -- -j12 -l12
[0.041s] [35m[1mScanning dependencies of target odrive_can_interface[0m
[0.044s] [35m[1mScanning dependencies of target turtle_high_controller[0m
[0.077s] [  7%] [32mBuilding CXX object CMakeFiles/odrive_can_interface.dir/src/can_driver/odrive_can.cpp.o[0m
[0.078s] [ 42%] [32mBuilding CXX object CMakeFiles/turtle_high_controller.dir/src/controller/trajectories_parser.cpp.o[0m
[0.078s] [ 42%] [32mBuilding CXX object CMakeFiles/odrive_can_interface.dir/src/can_driver/can_driver.cpp.o[0m
[0.078s] [ 42%] [32mBuilding CXX object CMakeFiles/turtle_high_controller.dir/src/proxy/lowerproxy.cpp.o[0m
[0.078s] [ 42%] [32mBuilding CXX object CMakeFiles/turtle_high_controller.dir/src/controller/Inverse_kinematics.cpp.o[0m
[0.078s] [ 42%] [32mBuilding CXX object CMakeFiles/turtle_high_controller.dir/src/proxy/upperproxy.cpp.o[0m
[0.080s] [ 50%] [32mBuilding CXX object CMakeFiles/turtle_high_controller.dir/src/main.cpp.o[0m
[0.086s] [ 57%] [32mBuilding CXX object CMakeFiles/turtle_high_controller.dir/src/can_driver/can_driver.cpp.o[0m
[0.473s] [01m[K/home/qianlab/single_turtle_workspace/dependencies/traveler_controller/src/controller/Inverse_kinematics.cpp:[m[K In function ‘[01m[Kvoid physicalToAbstract(float, float, float&, float&, bool)[m[K’:
[0.473s] [01m[K/home/qianlab/single_turtle_workspace/dependencies/traveler_controller/src/controller/Inverse_kinematics.cpp:24:76:[m[K [01;35m[Kwarning: [m[Kunused parameter ‘[01m[Kclamp[m[K’ [[01;35m[K-Wunused-parameter[m[K]
[0.473s]    24 | void physicalToAbstract(float X, float Y, float &theta, float &gamma, [01;35m[Kbool clamp[m[K)
[0.473s]       |                                                                       [01;35m[K~~~~~^~~~~[m[K
[0.500s] [01m[K/home/qianlab/single_turtle_workspace/dependencies/traveler_controller/src/controller/trajectories_parser.cpp:[m[K In member function ‘[01m[Kvoid turtle_namespace::control::TrajectoriesParser::generateWaypoints(turtle&)[m[K’:
[0.500s] [01m[K/home/qianlab/single_turtle_workspace/dependencies/traveler_controller/src/controller/trajectories_parser.cpp:29:23:[m[K [01;35m[Kwarning: [m[Kcomparison of integer expressions of different signedness: ‘[01m[Kint[m[K’ and ‘[01m[Kstd::vector<Waypoint>::size_type[m[K’ {aka ‘[01m[Klong unsigned int[m[K’} [[01;35m[K-Wsign-compare[m[K]
[0.500s]    29 |     for (int i = 0; [01;35m[Ki < waypoints_.size()[m[K; i++) {
[0.500s]       |                     [01;35m[K~~^~~~~~~~~~~~~~~~~~~[m[K
[0.504s] [01m[K/home/qianlab/single_turtle_workspace/dependencies/traveler_controller/src/controller/trajectories_parser.cpp:[m[K In member function ‘[01m[Kbool turtle_namespace::control::TrajectoriesParser::waypointTrajectory(turtle&)[m[K’:
[0.505s] [01m[K/home/qianlab/single_turtle_workspace/dependencies/traveler_controller/src/controller/trajectories_parser.cpp:52:57:[m[K [01;31m[Kerror: [m[K‘[01m[Kstruct turtle_status[m[K’ has no member named ‘[01m[Kright_adduction[m[K’
[0.505s]    52 |         prev_waypoint_ = Waypoint(turtle.turtle_chassis.[01;31m[Kright_adduction[m[K.pos_estimate, turtle.turtle_chassis.right_sweeping.pos_estimate, 0.0f, 0.0f);
[0.505s]       |                                                         [01;31m[K^~~~~~~~~~~~~~~[m[K
[0.505s] [01m[K/home/qianlab/single_turtle_workspace/dependencies/traveler_controller/src/controller/trajectories_parser.cpp:52:109:[m[K [01;31m[Kerror: [m[K‘[01m[Kstruct turtle_status[m[K’ has no member named ‘[01m[Kright_sweeping[m[K’
[0.505s]    52 |         prev_waypoint_ = Waypoint(turtle.turtle_chassis.right_adduction.pos_estimate, turtle.turtle_chassis.[01;31m[Kright_sweeping[m[K.pos_estimate, 0.0f, 0.0f);
[0.505s]       |                                                                                                             [01;31m[K^~~~~~~~~~~~~~[m[K
[0.505s] [01m[K/home/qianlab/single_turtle_workspace/dependencies/traveler_controller/src/controller/trajectories_parser.cpp:58:25:[m[K [01;35m[Kwarning: [m[Kcomparison of integer expressions of different signedness: ‘[01m[Kint[m[K’ and ‘[01m[Kstd::vector<Waypoint>::size_type[m[K’ {aka ‘[01m[Klong unsigned int[m[K’} [[01;35m[K-Wsign-compare[m[K]
[0.505s]    58 |     if ([01;35m[Kwaypoint_index_ >= waypoints_.size()[m[K) {
[0.505s]       |         [01;35m[K~~~~~~~~~~~~~~~~^~~~~~~~~~~~~~~~~~~~[m[K
[0.505s] [01m[K/home/qianlab/single_turtle_workspace/dependencies/traveler_controller/src/controller/trajectories_parser.cpp:65:29:[m[K [01;35m[Kwarning: [m[Kcomparison of integer expressions of different signedness: ‘[01m[Kint[m[K’ and ‘[01m[Kstd::vector<Waypoint>::size_type[m[K’ {aka ‘[01m[Klong unsigned int[m[K’} [[01;35m[K-Wsign-compare[m[K]
[0.505s]    65 |         if ([01;35m[Kwaypoint_index_ < waypoints_.size()[m[K) {
[0.505s]       |             [01;35m[K~~~~~~~~~~~~~~~~^~~~~~~~~~~~~~~~~~~[m[K
[0.564s] make[2]: *** [CMakeFiles/turtle_high_controller.dir/build.make:89: CMakeFiles/turtle_high_controller.dir/src/controller/trajectories_parser.cpp.o] Error 1
[0.564s] make[2]: *** Waiting for unfinished jobs....
[1.322s] [01m[K/home/qianlab/single_turtle_workspace/dependencies/traveler_controller/src/can_driver/can_driver.cpp:[m[K In constructor ‘[01m[Kcan_driver::can_driver()[m[K’:
[1.323s] [01m[K/home/qianlab/single_turtle_workspace/dependencies/traveler_controller/src/can_driver/can_driver.cpp:15:144:[m[K [01;31m[Kerror: [m[Kno matching function for call to ‘[01m[KSocketcanInterface::SocketcanInterface()[m[K’
[1.323s]    15 |                                socket_topic_set_position_1_axis2(odrive_can::Msg::MSG_SET_INPUT_POS | odrive_can::AXIS::AXIS_2_ID,1, 0x7FF, 500[01;31m[K)[m[K
[1.323s]       |                                                                                                                                                [01;31m[K^[m[K
[1.323s] In file included from [01m[K/home/qianlab/single_turtle_workspace/dependencies/traveler_controller/include/can_driver/can_driver.hpp:6[m[K,
[1.323s]                  from [01m[K/home/qianlab/single_turtle_workspace/dependencies/traveler_controller/src/can_driver/can_driver.cpp:1[m[K:
[1.323s] [01m[K/home/qianlab/single_turtle_workspace/dependencies/traveler_controller/include/can_driver/socketcan_interface.hpp:28:3:[m[K [01;36m[Knote: [m[Kcandidate: ‘[01m[KSocketcanInterface::SocketcanInterface(canid_t, uint8_t, uint16_t, uint32_t)[m[K’
[1.323s]    28 |   [01;36m[KSocketcanInterface[m[K(canid_t msg_id, uint8_t can_channel, uint16_t mask, uint32_t timeout_microseconds);
[1.323s]       |   [01;36m[K^~~~~~~~~~~~~~~~~~[m[K
[1.323s] [01m[K/home/qianlab/single_turtle_workspace/dependencies/traveler_controller/include/can_driver/socketcan_interface.hpp:28:3:[m[K [01;36m[Knote: [m[K  candidate expects 4 arguments, 0 provided
[1.323s] [01m[K/home/qianlab/single_turtle_workspace/dependencies/traveler_controller/include/can_driver/socketcan_interface.hpp:27:3:[m[K [01;36m[Knote: [m[Kcandidate: ‘[01m[KSocketcanInterface::SocketcanInterface(canid_t, uint8_t, uint16_t)[m[K’
[1.323s]    27 |   [01;36m[KSocketcanInterface[m[K(canid_t msg_id, uint8_t can_channel, uint16_t mask);
[1.323s]       |   [01;36m[K^~~~~~~~~~~~~~~~~~[m[K
[1.323s] [01m[K/home/qianlab/single_turtle_workspace/dependencies/traveler_controller/include/can_driver/socketcan_interface.hpp:27:3:[m[K [01;36m[Knote: [m[K  candidate expects 3 arguments, 0 provided
[1.323s] [01m[K/home/qianlab/single_turtle_workspace/dependencies/traveler_controller/include/can_driver/socketcan_interface.hpp:26:3:[m[K [01;36m[Knote: [m[Kcandidate: ‘[01m[KSocketcanInterface::SocketcanInterface(canid_t, uint8_t)[m[K’
[1.323s]    26 |   [01;36m[KSocketcanInterface[m[K(canid_t msg_id, uint8_t can_channel);
[1.323s]       |   [01;36m[K^~~~~~~~~~~~~~~~~~[m[K
[1.324s] [01m[K/home/qianlab/single_turtle_workspace/dependencies/traveler_controller/include/can_driver/socketcan_interface.hpp:26:3:[m[K [01;36m[Knote: [m[K  candidate expects 2 arguments, 0 provided
[1.324s] [01m[K/home/qianlab/single_turtle_workspace/dependencies/traveler_controller/include/can_driver/socketcan_interface.hpp:25:3:[m[K [01;36m[Knote: [m[Kcandidate: ‘[01m[KSocketcanInterface::SocketcanInterface(canid_t)[m[K’
[1.324s]    25 |   [01;36m[KSocketcanInterface[m[K(canid_t msg_id);
[1.324s]       |   [01;36m[K^~~~~~~~~~~~~~~~~~[m[K
[1.324s] [01m[K/home/qianlab/single_turtle_workspace/dependencies/traveler_controller/include/can_driver/socketcan_interface.hpp:25:3:[m[K [01;36m[Knote: [m[K  candidate expects 1 argument, 0 provided
[1.324s] [01m[K/home/qianlab/single_turtle_workspace/dependencies/traveler_controller/include/can_driver/socketcan_interface.hpp:21:7:[m[K [01;36m[Knote: [m[Kcandidate: ‘[01m[Kconstexpr SocketcanInterface::SocketcanInterface(const SocketcanInterface&)[m[K’
[1.324s]    21 | class [01;36m[KSocketcanInterface[m[K
[1.324s]       |       [01;36m[K^~~~~~~~~~~~~~~~~~[m[K
[1.325s] [01m[K/home/qianlab/single_turtle_workspace/dependencies/traveler_controller/include/can_driver/socketcan_interface.hpp:21:7:[m[K [01;36m[Knote: [m[K  candidate expects 1 argument, 0 provided
[1.325s] [01m[K/home/qianlab/single_turtle_workspace/dependencies/traveler_controller/src/can_driver/can_driver.cpp:15:144:[m[K [01;31m[Kerror: [m[Kno matching function for call to ‘[01m[KSocketcanInterface::SocketcanInterface()[m[K’
[1.325s]    15 |                                socket_topic_set_position_1_axis2(odrive_can::Msg::MSG_SET_INPUT_POS | odrive_can::AXIS::AXIS_2_ID,1, 0x7FF, 500[01;31m[K)[m[K
[1.325s]       |                                                                                                                                                [01;31m[K^[m[K
[1.325s] In file included from [01m[K/home/qianlab/single_turtle_workspace/dependencies/traveler_controller/include/can_driver/can_driver.hpp:6[m[K,
[1.325s]                  from [01m[K/home/qianlab/single_turtle_workspace/dependencies/traveler_controller/src/can_driver/can_driver.cpp:1[m[K:
[1.325s] [01m[K/home/qianlab/single_turtle_workspace/dependencies/traveler_controller/include/can_driver/socketcan_interface.hpp:28:3:[m[K [01;36m[Knote: [m[Kcandidate: ‘[01m[KSocketcanInterface::SocketcanInterface(canid_t, uint8_t, uint16_t, uint32_t)[m[K’
[1.325s]    28 |   [01;36m[KSocketcanInterface[m[K(canid_t msg_id, uint8_t can_channel, uint16_t mask, uint32_t timeout_microseconds);
[1.325s]       |   [01;36m[K^~~~~~~~~~~~~~~~~~[m[K
[1.325s] [01m[K/home/qianlab/single_turtle_workspace/dependencies/traveler_controller/include/can_driver/socketcan_interface.hpp:28:3:[m[K [01;36m[Knote: [m[K  candidate expects 4 arguments, 0 provided
[1.325s] [01m[K/home/qianlab/single_turtle_workspace/dependencies/traveler_controller/include/can_driver/socketcan_interface.hpp:27:3:[m[K [01;36m[Knote: [m[Kcandidate: ‘[01m[KSocketcanInterface::SocketcanInterface(canid_t, uint8_t, uint16_t)[m[K’
[1.325s]    27 |   [01;36m[KSocketcanInterface[m[K(canid_t msg_id, uint8_t can_channel, uint16_t mask);
[1.325s]       |   [01;36m[K^~~~~~~~~~~~~~~~~~[m[K
[1.325s] [01m[K/home/qianlab/single_turtle_workspace/dependencies/traveler_controller/include/can_driver/socketcan_interface.hpp:27:3:[m[K [01;36m[Knote: [m[K  candidate expects 3 arguments, 0 provided
[1.325s] [01m[K/home/qianlab/single_turtle_workspace/dependencies/traveler_controller/include/can_driver/socketcan_interface.hpp:26:3:[m[K [01;36m[Knote: [m[Kcandidate: ‘[01m[KSocketcanInterface::SocketcanInterface(canid_t, uint8_t)[m[K’
[1.326s]    26 |   [01;36m[KSocketcanInterface[m[K(canid_t msg_id, uint8_t can_channel);
[1.326s]       |   [01;36m[K^~~~~~~~~~~~~~~~~~[m[K
[1.326s] [01m[K/home/qianlab/single_turtle_workspace/dependencies/traveler_controller/include/can_driver/socketcan_interface.hpp:26:3:[m[K [01;36m[Knote: [m[K  candidate expects 2 arguments, 0 provided
[1.326s] [01m[K/home/qianlab/single_turtle_workspace/dependencies/traveler_controller/include/can_driver/socketcan_interface.hpp:25:3:[m[K [01;36m[Knote: [m[Kcandidate: ‘[01m[KSocketcanInterface::SocketcanInterface(canid_t)[m[K’
[1.326s]    25 |   [01;36m[KSocketcanInterface[m[K(canid_t msg_id);
[1.326s]       |   [01;36m[K^~~~~~~~~~~~~~~~~~[m[K
[1.326s] [01m[K/home/qianlab/single_turtle_workspace/dependencies/traveler_controller/include/can_driver/socketcan_interface.hpp:25:3:[m[K [01;36m[Knote: [m[K  candidate expects 1 argument, 0 provided
[1.326s] [01m[K/home/qianlab/single_turtle_workspace/dependencies/traveler_controller/include/can_driver/socketcan_interface.hpp:21:7:[m[K [01;36m[Knote: [m[Kcandidate: ‘[01m[Kconstexpr SocketcanInterface::SocketcanInterface(const SocketcanInterface&)[m[K’
[1.326s]    21 | class [01;36m[KSocketcanInterface[m[K
[1.326s]       |       [01;36m[K^~~~~~~~~~~~~~~~~~[m[K
[1.326s] [01m[K/home/qianlab/single_turtle_workspace/dependencies/traveler_controller/include/can_driver/socketcan_interface.hpp:21:7:[m[K [01;36m[Knote: [m[K  candidate expects 1 argument, 0 provided
[1.326s] [01m[K/home/qianlab/single_turtle_workspace/dependencies/traveler_controller/src/can_driver/can_driver.cpp:15:144:[m[K [01;31m[Kerror: [m[Kno matching function for call to ‘[01m[KSocketcanInterface::SocketcanInterface()[m[K’
[1.326s]    15 |                                socket_topic_set_position_1_axis2(odrive_can::Msg::MSG_SET_INPUT_POS | odrive_can::AXIS::AXIS_2_ID,1, 0x7FF, 500[01;31m[K)[m[K
[1.326s]       |                                                                                                                                                [01;31m[K^[m[K
[1.326s] In file included from [01m[K/home/qianlab/single_turtle_workspace/dependencies/traveler_controller/include/can_driver/can_driver.hpp:6[m[K,
[1.326s]                  from [01m[K/home/qianlab/single_turtle_workspace/dependencies/traveler_controller/src/can_driver/can_driver.cpp:1[m[K:
[1.326s] [01m[K/home/qianlab/single_turtle_workspace/dependencies/traveler_controller/include/can_driver/socketcan_interface.hpp:28:3:[m[K [01;36m[Knote: [m[Kcandidate: ‘[01m[KSocketcanInterface::SocketcanInterface(canid_t, uint8_t, uint16_t, uint32_t)[m[K’
[1.326s]    28 |   [01;36m[KSocketcanInterface[m[K(canid_t msg_id, uint8_t can_channel, uint16_t mask, uint32_t timeout_microseconds);
[1.327s]       |   [01;36m[K^~~~~~~~~~~~~~~~~~[m[K
[1.327s] [01m[K/home/qianlab/single_turtle_workspace/dependencies/traveler_controller/include/can_driver/socketcan_interface.hpp:28:3:[m[K [01;36m[Knote: [m[K  candidate expects 4 arguments, 0 provided
[1.327s] [01m[K/home/qianlab/single_turtle_workspace/dependencies/traveler_controller/include/can_driver/socketcan_interface.hpp:27:3:[m[K [01;36m[Knote: [m[Kcandidate: ‘[01m[KSocketcanInterface::SocketcanInterface(canid_t, uint8_t, uint16_t)[m[K’
[1.327s]    27 |   [01;36m[KSocketcanInterface[m[K(canid_t msg_id, uint8_t can_channel, uint16_t mask);
[1.327s]       |   [01;36m[K^~~~~~~~~~~~~~~~~~[m[K
[1.327s] [01m[K/home/qianlab/single_turtle_workspace/dependencies/traveler_controller/include/can_driver/socketcan_interface.hpp:27:3:[m[K [01;36m[Knote: [m[K  candidate expects 3 arguments, 0 provided
[1.327s] [01m[K/home/qianlab/single_turtle_workspace/dependencies/traveler_controller/include/can_driver/socketcan_interface.hpp:26:3:[m[K [01;36m[Knote: [m[Kcandidate: ‘[01m[KSocketcanInterface::SocketcanInterface(canid_t, uint8_t)[m[K’
[1.327s]    26 |   [01;36m[KSocketcanInterface[m[K(canid_t msg_id, uint8_t can_channel);
[1.327s]       |   [01;36m[K^~~~~~~~~~~~~~~~~~[m[K
[1.327s] [01m[K/home/qianlab/single_turtle_workspace/dependencies/traveler_controller/include/can_driver/socketcan_interface.hpp:26:3:[m[K [01;36m[Knote: [m[K  candidate expects 2 arguments, 0 provided
[1.327s] [01m[K/home/qianlab/single_turtle_workspace/dependencies/traveler_controller/include/can_driver/socketcan_interface.hpp:25:3:[m[K [01;36m[Knote: [m[Kcandidate: ‘[01m[KSocketcanInterface::SocketcanInterface(canid_t)[m[K’
[1.327s]    25 |   [01;36m[KSocketcanInterface[m[K(canid_t msg_id);
[1.327s]       |   [01;36m[K^~~~~~~~~~~~~~~~~~[m[K
[1.327s] [01m[K/home/qianlab/single_turtle_workspace/dependencies/traveler_controller/include/can_driver/socketcan_interface.hpp:25:3:[m[K [01;36m[Knote: [m[K  candidate expects 1 argument, 0 provided
[1.327s] [01m[K/home/qianlab/single_turtle_workspace/dependencies/traveler_controller/include/can_driver/socketcan_interface.hpp:21:7:[m[K [01;36m[Knote: [m[Kcandidate: ‘[01m[Kconstexpr SocketcanInterface::SocketcanInterface(const SocketcanInterface&)[m[K’
[1.327s]    21 | class [01;36m[KSocketcanInterface[m[K
[1.327s]       |       [01;36m[K^~~~~~~~~~~~~~~~~~[m[K
[1.327s] [01m[K/home/qianlab/single_turtle_workspace/dependencies/traveler_controller/include/can_driver/socketcan_interface.hpp:21:7:[m[K [01;36m[Knote: [m[K  candidate expects 1 argument, 0 provided
[1.327s] [01m[K/home/qianlab/single_turtle_workspace/dependencies/traveler_controller/src/can_driver/can_driver.cpp:15:144:[m[K [01;31m[Kerror: [m[Kno matching function for call to ‘[01m[KSocketcanInterface::SocketcanInterface()[m[K’
[1.328s]    15 |                                socket_topic_set_position_1_axis2(odrive_can::Msg::MSG_SET_INPUT_POS | odrive_can::AXIS::AXIS_2_ID,1, 0x7FF, 500[01;31m[K)[m[K
[1.328s]       |                                                                                                                                                [01;31m[K^[m[K
[1.328s] In file included from [01m[K/home/qianlab/single_turtle_workspace/dependencies/traveler_controller/include/can_driver/can_driver.hpp:6[m[K,
[1.328s]                  from [01m[K/home/qianlab/single_turtle_workspace/dependencies/traveler_controller/src/can_driver/can_driver.cpp:1[m[K:
[1.328s] [01m[K/home/qianlab/single_turtle_workspace/dependencies/traveler_controller/include/can_driver/socketcan_interface.hpp:28:3:[m[K [01;36m[Knote: [m[Kcandidate: ‘[01m[KSocketcanInterface::SocketcanInterface(canid_t, uint8_t, uint16_t, uint32_t)[m[K’
[1.328s]    28 |   [01;36m[KSocketcanInterface[m[K(canid_t msg_id, uint8_t can_channel, uint16_t mask, uint32_t timeout_microseconds);
[1.328s]       |   [01;36m[K^~~~~~~~~~~~~~~~~~[m[K
[1.328s] [01m[K/home/qianlab/single_turtle_workspace/dependencies/traveler_controller/include/can_driver/socketcan_interface.hpp:28:3:[m[K [01;36m[Knote: [m[K  candidate expects 4 arguments, 0 provided
[1.328s] [01m[K/home/qianlab/single_turtle_workspace/dependencies/traveler_controller/include/can_driver/socketcan_interface.hpp:27:3:[m[K [01;36m[Knote: [m[Kcandidate: ‘[01m[KSocketcanInterface::SocketcanInterface(canid_t, uint8_t, uint16_t)[m[K’
[1.328s]    27 |   [01;36m[KSocketcanInterface[m[K(canid_t msg_id, uint8_t can_channel, uint16_t mask);
[1.328s]       |   [01;36m[K^~~~~~~~~~~~~~~~~~[m[K
[1.328s] [01m[K/home/qianlab/single_turtle_workspace/dependencies/traveler_controller/include/can_driver/socketcan_interface.hpp:27:3:[m[K [01;36m[Knote: [m[K  candidate expects 3 arguments, 0 provided
[1.328s] [01m[K/home/qianlab/single_turtle_workspace/dependencies/traveler_controller/include/can_driver/socketcan_interface.hpp:26:3:[m[K [01;36m[Knote: [m[Kcandidate: ‘[01m[KSocketcanInterface::SocketcanInterface(canid_t, uint8_t)[m[K’
[1.328s]    26 |   [01;36m[KSocketcanInterface[m[K(canid_t msg_id, uint8_t can_channel);
[1.328s]       |   [01;36m[K^~~~~~~~~~~~~~~~~~[m[K
[1.328s] [01m[K/home/qianlab/single_turtle_workspace/dependencies/traveler_controller/include/can_driver/socketcan_interface.hpp:26:3:[m[K [01;36m[Knote: [m[K  candidate expects 2 arguments, 0 provided
[1.328s] [01m[K/home/qianlab/single_turtle_workspace/dependencies/traveler_controller/include/can_driver/socketcan_interface.hpp:25:3:[m[K [01;36m[Knote: [m[Kcandidate: ‘[01m[KSocketcanInterface::SocketcanInterface(canid_t)[m[K’
[1.328s]    25 |   [01;36m[KSocketcanInterface[m[K(canid_t msg_id);
[1.328s]       |   [01;36m[K^~~~~~~~~~~~~~~~~~[m[K
[1.328s] [01m[K/home/qianlab/single_turtle_workspace/dependencies/traveler_controller/include/can_driver/socketcan_interface.hpp:25:3:[m[K [01;36m[Knote: [m[K  candidate expects 1 argument, 0 provided
[1.329s] [01m[K/home/qianlab/single_turtle_workspace/dependencies/traveler_controller/include/can_driver/socketcan_interface.hpp:21:7:[m[K [01;36m[Knote: [m[Kcandidate: ‘[01m[Kconstexpr SocketcanInterface::SocketcanInterface(const SocketcanInterface&)[m[K’
[1.329s]    21 | class [01;36m[KSocketcanInterface[m[K
[1.329s]       |       [01;36m[K^~~~~~~~~~~~~~~~~~[m[K
[1.329s] [01m[K/home/qianlab/single_turtle_workspace/dependencies/traveler_controller/include/can_driver/socketcan_interface.hpp:21:7:[m[K [01;36m[Knote: [m[K  candidate expects 1 argument, 0 provided
[1.329s] [01m[K/home/qianlab/single_turtle_workspace/dependencies/traveler_controller/src/can_driver/can_driver.cpp:[m[K In member function ‘[01m[Kvoid can_driver::get_motor_status(turtle&)[m[K’:
[1.329s] [01m[K/home/qianlab/single_turtle_workspace/dependencies/traveler_controller/src/can_driver/can_driver.cpp:110:28:[m[K [01;31m[Kerror: [m[K‘[01m[Kstruct turtle_status[m[K’ has no member named ‘[01m[Kright_adduction[m[K’
[1.329s]   110 |     turtle_.turtle_chassis.[01;31m[Kright_adduction[m[K = odrive_status_msg_1_axis1;
[1.329s]       |                            [01;31m[K^~~~~~~~~~~~~~~[m[K
[1.329s] [01m[K/home/qianlab/single_turtle_workspace/dependencies/traveler_controller/src/can_driver/can_driver.cpp:111:28:[m[K [01;31m[Kerror: [m[K‘[01m[Kstruct turtle_status[m[K’ has no member named ‘[01m[Kright_sweeping[m[K’
[1.329s]   111 |     turtle_.turtle_chassis.[01;31m[Kright_sweeping[m[K  = odrive_status_msg_1_axis0;
[1.329s]       |                            [01;31m[K^~~~~~~~~~~~~~[m[K
[1.745s] [01m[K/home/qianlab/single_turtle_workspace/dependencies/traveler_controller/src/proxy/lowerproxy.cpp:[m[K In member function ‘[01m[Kvoid turtle_namespace::control::lowerproxy::calculate_position(turtle&)[m[K’:
[1.745s] [01m[K/home/qianlab/single_turtle_workspace/dependencies/traveler_controller/src/proxy/lowerproxy.cpp:97:32:[m[K [01;31m[Kerror: [m[K‘[01m[Kstruct turtle_command[m[K’ has no member named ‘[01m[KLeg_lf[m[K’
[1.745s]    97 |         turtle_.turtle_control.[01;31m[KLeg_lf[m[K.axis0.motor_control_position;
[1.745s]       |                                [01;31m[K^~~~~~[m[K
[1.745s] [01m[K/home/qianlab/single_turtle_workspace/dependencies/traveler_controller/src/proxy/lowerproxy.cpp:99:32:[m[K [01;31m[Kerror: [m[K‘[01m[Kstruct turtle_command[m[K’ has no member named ‘[01m[KLeg_lf[m[K’
[1.745s]    99 |         turtle_.turtle_control.[01;31m[KLeg_lf[m[K.axis1.motor_control_position;
[1.746s]       |                                [01;31m[K^~~~~~[m[K
[1.746s] [01m[K/home/qianlab/single_turtle_workspace/dependencies/traveler_controller/src/proxy/lowerproxy.cpp:[m[K In member function ‘[01m[Kvoid turtle_namespace::control::lowerproxy::UpdateJoystickStatus(turtle&)[m[K’:
[1.746s] [01m[K/home/qianlab/single_turtle_workspace/dependencies/traveler_controller/src/proxy/lowerproxy.cpp:173:61:[m[K [01;31m[Kerror: [m[K‘[01m[Kstruct turtle_status[m[K’ has no member named ‘[01m[Kleft_adduction[m[K’
[1.746s]   173 |     robot_state.data.push_back(turtle_inter_.turtle_chassis.[01;31m[Kleft_adduction[m[K.pos_estimate); //left adduction motor position status
[1.746s]       |                                                             [01;31m[K^~~~~~~~~~~~~~[m[K
[1.746s] [01m[K/home/qianlab/single_turtle_workspace/dependencies/traveler_controller/src/proxy/lowerproxy.cpp:174:61:[m[K [01;31m[Kerror: [m[K‘[01m[Kstruct turtle_status[m[K’ has no member named ‘[01m[Kleft_sweeping[m[K’
[1.746s]   174 |     robot_state.data.push_back(turtle_inter_.turtle_chassis.[01;31m[Kleft_sweeping[m[K.pos_estimate); //left sweeping motor position status
[1.746s]       |                                                             [01;31m[K^~~~~~~~~~~~~[m[K
[1.746s] [01m[K/home/qianlab/single_turtle_workspace/dependencies/traveler_controller/src/proxy/lowerproxy.cpp:175:61:[m[K [01;31m[Kerror: [m[K‘[01m[Kstruct turtle_status[m[K’ has no member named ‘[01m[Kright_adduction[m[K’
[1.746s]   175 |     robot_state.data.push_back(turtle_inter_.turtle_chassis.[01;31m[Kright_adduction[m[K.pos_estimate); //right adduction motor position status
[1.746s]       |                                                             [01;31m[K^~~~~~~~~~~~~~~[m[K
[1.746s] [01m[K/home/qianlab/single_turtle_workspace/dependencies/traveler_controller/src/proxy/lowerproxy.cpp:176:61:[m[K [01;31m[Kerror: [m[K‘[01m[Kstruct turtle_status[m[K’ has no member named ‘[01m[Kright_sweeping[m[K’
[1.747s]   176 |     robot_state.data.push_back(turtle_inter_.turtle_chassis.[01;31m[Kright_sweeping[m[K.pos_estimate); //right sweeping motor position status
[1.747s]       |                                                             [01;31m[K^~~~~~~~~~~~~~[m[K
[1.747s] [01m[K/home/qianlab/single_turtle_workspace/dependencies/traveler_controller/src/proxy/lowerproxy.cpp:177:61:[m[K [01;31m[Kerror: [m[K‘[01m[Kstruct turtle_status[m[K’ has no member named ‘[01m[Kleft_adduction[m[K’
[1.747s]   177 |     robot_state.data.push_back(turtle_inter_.turtle_chassis.[01;31m[Kleft_adduction[m[K.iq_setpoint); //left adduction motor torque status
[1.747s]       |                                                             [01;31m[K^~~~~~~~~~~~~~[m[K
[1.747s] [01m[K/home/qianlab/single_turtle_workspace/dependencies/traveler_controller/src/proxy/lowerproxy.cpp:178:61:[m[K [01;31m[Kerror: [m[K‘[01m[Kstruct turtle_status[m[K’ has no member named ‘[01m[Kleft_sweeping[m[K’
[1.747s]   178 |     robot_state.data.push_back(turtle_inter_.turtle_chassis.[01;31m[Kleft_sweeping[m[K.iq_setpoint); //left sweeping motor torque status
[1.747s]       |                                                             [01;31m[K^~~~~~~~~~~~~[m[K
[1.747s] [01m[K/home/qianlab/single_turtle_workspace/dependencies/traveler_controller/src/proxy/lowerproxy.cpp:179:61:[m[K [01;31m[Kerror: [m[K‘[01m[Kstruct turtle_status[m[K’ has no member named ‘[01m[Kright_adduction[m[K’
[1.747s]   179 |     robot_state.data.push_back(turtle_inter_.turtle_chassis.[01;31m[Kright_adduction[m[K.iq_setpoint); //right sweeping motor torque status
[1.747s]       |                                                             [01;31m[K^~~~~~~~~~~~~~~[m[K
[1.747s] [01m[K/home/qianlab/single_turtle_workspace/dependencies/traveler_controller/src/proxy/lowerproxy.cpp:180:61:[m[K [01;31m[Kerror: [m[K‘[01m[Kstruct turtle_status[m[K’ has no member named ‘[01m[Kright_sweeping[m[K’
[1.747s]   180 |     robot_state.data.push_back(turtle_inter_.turtle_chassis.[01;31m[Kright_sweeping[m[K.iq_setpoint); //left adduction motor torque status
[1.747s]       |                                                             [01;31m[K^~~~~~~~~~~~~~[m[K
[1.748s] [01m[K/home/qianlab/single_turtle_workspace/dependencies/traveler_controller/src/can_driver/can_driver.cpp:[m[K In constructor ‘[01m[Kcan_driver::can_driver()[m[K’:
[1.748s] [01m[K/home/qianlab/single_turtle_workspace/dependencies/traveler_controller/src/can_driver/can_driver.cpp:15:144:[m[K [01;31m[Kerror: [m[Kno matching function for call to ‘[01m[KSocketcanInterface::SocketcanInterface()[m[K’
[1.749s]    15 |                                socket_topic_set_position_1_axis2(odrive_can::Msg::MSG_SET_INPUT_POS | odrive_can::AXIS::AXIS_2_ID,1, 0x7FF, 500[01;31m[K)[m[K
[1.749s]       |                                                                                                                                                [01;31m[K^[m[K
[1.749s] In file included from [01m[K/home/qianlab/single_turtle_workspace/dependencies/traveler_controller/include/can_driver/can_driver.hpp:6[m[K,
[1.749s]                  from [01m[K/home/qianlab/single_turtle_workspace/dependencies/traveler_controller/src/can_driver/can_driver.cpp:1[m[K:
[1.749s] [01m[K/home/qianlab/single_turtle_workspace/dependencies/traveler_controller/include/can_driver/socketcan_interface.hpp:28:3:[m[K [01;36m[Knote: [m[Kcandidate: ‘[01m[KSocketcanInterface::SocketcanInterface(canid_t, uint8_t, uint16_t, uint32_t)[m[K’
[1.749s]    28 |   [01;36m[KSocketcanInterface[m[K(canid_t msg_id, uint8_t can_channel, uint16_t mask, uint32_t timeout_microseconds);
[1.749s]       |   [01;36m[K^~~~~~~~~~~~~~~~~~[m[K
[1.749s] [01m[K/home/qianlab/single_turtle_workspace/dependencies/traveler_controller/include/can_driver/socketcan_interface.hpp:28:3:[m[K [01;36m[Knote: [m[K  candidate expects 4 arguments, 0 provided
[1.749s] [01m[K/home/qianlab/single_turtle_workspace/dependencies/traveler_controller/include/can_driver/socketcan_interface.hpp:27:3:[m[K [01;36m[Knote: [m[Kcandidate: ‘[01m[KSocketcanInterface::SocketcanInterface(canid_t, uint8_t, uint16_t)[m[K’
[1.749s]    27 |   [01;36m[KSocketcanInterface[m[K(canid_t msg_id, uint8_t can_channel, uint16_t mask);
[1.749s]       |   [01;36m[K^~~~~~~~~~~~~~~~~~[m[K
[1.749s] [01m[K/home/qianlab/single_turtle_workspace/dependencies/traveler_controller/include/can_driver/socketcan_interface.hpp:27:3:[m[K [01;36m[Knote: [m[K  candidate expects 3 arguments, 0 provided
[1.749s] [01m[K/home/qianlab/single_turtle_workspace/dependencies/traveler_controller/include/can_driver/socketcan_interface.hpp:26:3:[m[K [01;36m[Knote: [m[Kcandidate: ‘[01m[KSocketcanInterface::SocketcanInterface(canid_t, uint8_t)[m[K’
[1.749s]    26 |   [01;36m[KSocketcanInterface[m[K(canid_t msg_id, uint8_t can_channel);
[1.749s]       |   [01;36m[K^~~~~~~~~~~~~~~~~~[m[K
[1.750s] [01m[K/home/qianlab/single_turtle_workspace/dependencies/traveler_controller/include/can_driver/socketcan_interface.hpp:26:3:[m[K [01;36m[Knote: [m[K  candidate expects 2 arguments, 0 provided
[1.750s] [01m[K/home/qianlab/single_turtle_workspace/dependencies/traveler_controller/include/can_driver/socketcan_interface.hpp:25:3:[m[K [01;36m[Knote: [m[Kcandidate: ‘[01m[KSocketcanInterface::SocketcanInterface(canid_t)[m[K’
[1.750s]    25 |   [01;36m[KSocketcanInterface[m[K(canid_t msg_id);
[1.750s]       |   [01;36m[K^~~~~~~~~~~~~~~~~~[m[K
[1.750s] [01m[K/home/qianlab/single_turtle_workspace/dependencies/traveler_controller/include/can_driver/socketcan_interface.hpp:25:3:[m[K [01;36m[Knote: [m[K  candidate expects 1 argument, 0 provided
[1.750s] [01m[K/home/qianlab/single_turtle_workspace/dependencies/traveler_controller/include/can_driver/socketcan_interface.hpp:21:7:[m[K [01;36m[Knote: [m[Kcandidate: ‘[01m[Kconstexpr SocketcanInterface::SocketcanInterface(const SocketcanInterface&)[m[K’
[1.750s]    21 | class [01;36m[KSocketcanInterface[m[K
[1.750s]       |       [01;36m[K^~~~~~~~~~~~~~~~~~[m[K
[1.750s] [01m[K/home/qianlab/single_turtle_workspace/dependencies/traveler_controller/include/can_driver/socketcan_interface.hpp:21:7:[m[K [01;36m[Knote: [m[K  candidate expects 1 argument, 0 provided
[1.750s] [01m[K/home/qianlab/single_turtle_workspace/dependencies/traveler_controller/src/can_driver/can_driver.cpp:15:144:[m[K [01;31m[Kerror: [m[Kno matching function for call to ‘[01m[KSocketcanInterface::SocketcanInterface()[m[K’
[1.750s]    15 |                                socket_topic_set_position_1_axis2(odrive_can::Msg::MSG_SET_INPUT_POS | odrive_can::AXIS::AXIS_2_ID,1, 0x7FF, 500[01;31m[K)[m[K
[1.750s]       |                                                                                                                                                [01;31m[K^[m[K
[1.750s] In file included from [01m[K/home/qianlab/single_turtle_workspace/dependencies/traveler_controller/include/can_driver/can_driver.hpp:6[m[K,
[1.750s]                  from [01m[K/home/qianlab/single_turtle_workspace/dependencies/traveler_controller/src/can_driver/can_driver.cpp:1[m[K:
[1.751s] [01m[K/home/qianlab/single_turtle_workspace/dependencies/traveler_controller/include/can_driver/socketcan_interface.hpp:28:3:[m[K [01;36m[Knote: [m[Kcandidate: ‘[01m[KSocketcanInterface::SocketcanInterface(canid_t, uint8_t, uint16_t, uint32_t)[m[K’
[1.751s]    28 |   [01;36m[KSocketcanInterface[m[K(canid_t msg_id, uint8_t can_channel, uint16_t mask, uint32_t timeout_microseconds);
[1.751s]       |   [01;36m[K^~~~~~~~~~~~~~~~~~[m[K
[1.751s] [01m[K/home/qianlab/single_turtle_workspace/dependencies/traveler_controller/include/can_driver/socketcan_interface.hpp:28:3:[m[K [01;36m[Knote: [m[K  candidate expects 4 arguments, 0 provided
[1.751s] [01m[K/home/qianlab/single_turtle_workspace/dependencies/traveler_controller/include/can_driver/socketcan_interface.hpp:27:3:[m[K [01;36m[Knote: [m[Kcandidate: ‘[01m[KSocketcanInterface::SocketcanInterface(canid_t, uint8_t, uint16_t)[m[K’
[1.751s]    27 |   [01;36m[KSocketcanInterface[m[K(canid_t msg_id, uint8_t can_channel, uint16_t mask);
[1.751s]       |   [01;36m[K^~~~~~~~~~~~~~~~~~[m[K
[1.751s] [01m[K/home/qianlab/single_turtle_workspace/dependencies/traveler_controller/include/can_driver/socketcan_interface.hpp:27:3:[m[K [01;36m[Knote: [m[K  candidate expects 3 arguments, 0 provided
[1.751s] [01m[K/home/qianlab/single_turtle_workspace/dependencies/traveler_controller/include/can_driver/socketcan_interface.hpp:26:3:[m[K [01;36m[Knote: [m[Kcandidate: ‘[01m[KSocketcanInterface::SocketcanInterface(canid_t, uint8_t)[m[K’
[1.751s]    26 |   [01;36m[KSocketcanInterface[m[K(canid_t msg_id, uint8_t can_channel);
[1.751s]       |   [01;36m[K^~~~~~~~~~~~~~~~~~[m[K
[1.752s] [01m[K/home/qianlab/single_turtle_workspace/dependencies/traveler_controller/include/can_driver/socketcan_interface.hpp:26:3:[m[K [01;36m[Knote: [m[K  candidate expects 2 arguments, 0 provided
[1.752s] [01m[K/home/qianlab/single_turtle_workspace/dependencies/traveler_controller/include/can_driver/socketcan_interface.hpp:25:3:[m[K [01;36m[Knote: [m[Kcandidate: ‘[01m[KSocketcanInterface::SocketcanInterface(canid_t)[m[K’
[1.752s]    25 |   [01;36m[KSocketcanInterface[m[K(canid_t msg_id);
[1.752s]       |   [01;36m[K^~~~~~~~~~~~~~~~~~[m[K
[1.752s] [01m[K/home/qianlab/single_turtle_workspace/dependencies/traveler_controller/include/can_driver/socketcan_interface.hpp:25:3:[m[K [01;36m[Knote: [m[K  candidate expects 1 argument, 0 provided
[1.752s] [01m[K/home/qianlab/single_turtle_workspace/dependencies/traveler_controller/include/can_driver/socketcan_interface.hpp:21:7:[m[K [01;36m[Knote: [m[Kcandidate: ‘[01m[Kconstexpr SocketcanInterface::SocketcanInterface(const SocketcanInterface&)[m[K’
[1.752s]    21 | class [01;36m[KSocketcanInterface[m[K
[1.752s]       |       [01;36m[K^~~~~~~~~~~~~~~~~~[m[K
[1.752s] [01m[K/home/qianlab/single_turtle_workspace/dependencies/traveler_controller/include/can_driver/socketcan_interface.hpp:21:7:[m[K [01;36m[Knote: [m[K  candidate expects 1 argument, 0 provided
[1.752s] [01m[K/home/qianlab/single_turtle_workspace/dependencies/traveler_controller/src/can_driver/can_driver.cpp:15:144:[m[K [01;31m[Kerror: [m[Kno matching function for call to ‘[01m[KSocketcanInterface::SocketcanInterface()[m[K’
[1.752s]    15 |                                socket_topic_set_position_1_axis2(odrive_can::Msg::MSG_SET_INPUT_POS | odrive_can::AXIS::AXIS_2_ID,1, 0x7FF, 500[01;31m[K)[m[K
[1.752s]       |                                                                                                                                                [01;31m[K^[m[K
[1.752s] In file included from [01m[K/home/qianlab/single_turtle_workspace/dependencies/traveler_controller/include/can_driver/can_driver.hpp:6[m[K,
[1.753s]                  from [01m[K/home/qianlab/single_turtle_workspace/dependencies/traveler_controller/src/can_driver/can_driver.cpp:1[m[K:
[1.753s] [01m[K/home/qianlab/single_turtle_workspace/dependencies/traveler_controller/include/can_driver/socketcan_interface.hpp:28:3:[m[K [01;36m[Knote: [m[Kcandidate: ‘[01m[KSocketcanInterface::SocketcanInterface(canid_t, uint8_t, uint16_t, uint32_t)[m[K’
[1.753s]    28 |   [01;36m[KSocketcanInterface[m[K(canid_t msg_id, uint8_t can_channel, uint16_t mask, uint32_t timeout_microseconds);
[1.753s]       |   [01;36m[K^~~~~~~~~~~~~~~~~~[m[K
[1.753s] [01m[K/home/qianlab/single_turtle_workspace/dependencies/traveler_controller/include/can_driver/socketcan_interface.hpp:28:3:[m[K [01;36m[Knote: [m[K  candidate expects 4 arguments, 0 provided
[1.753s] [01m[K/home/qianlab/single_turtle_workspace/dependencies/traveler_controller/include/can_driver/socketcan_interface.hpp:27:3:[m[K [01;36m[Knote: [m[Kcandidate: ‘[01m[KSocketcanInterface::SocketcanInterface(canid_t, uint8_t, uint16_t)[m[K’
[1.753s]    27 |   [01;36m[KSocketcanInterface[m[K(canid_t msg_id, uint8_t can_channel, uint16_t mask);
[1.753s]       |   [01;36m[K^~~~~~~~~~~~~~~~~~[m[K
[1.753s] [01m[K/home/qianlab/single_turtle_workspace/dependencies/traveler_controller/include/can_driver/socketcan_interface.hpp:27:3:[m[K [01;36m[Knote: [m[K  candidate expects 3 arguments, 0 provided
[1.753s] [01m[K/home/qianlab/single_turtle_workspace/dependencies/traveler_controller/include/can_driver/socketcan_interface.hpp:26:3:[m[K [01;36m[Knote: [m[Kcandidate: ‘[01m[KSocketcanInterface::SocketcanInterface(canid_t, uint8_t)[m[K’
[1.753s]    26 |   [01;36m[KSocketcanInterface[m[K(canid_t msg_id, uint8_t can_channel);
[1.753s]       |   [01;36m[K^~~~~~~~~~~~~~~~~~[m[K
[1.753s] [01m[K/home/qianlab/single_turtle_workspace/dependencies/traveler_controller/include/can_driver/socketcan_interface.hpp:26:3:[m[K [01;36m[Knote: [m[K  candidate expects 2 arguments, 0 provided
[1.753s] [01m[K/home/qianlab/single_turtle_workspace/dependencies/traveler_controller/include/can_driver/socketcan_interface.hpp:25:3:[m[K [01;36m[Knote: [m[Kcandidate: ‘[01m[KSocketcanInterface::SocketcanInterface(canid_t)[m[K’
[1.753s]    25 |   [01;36m[KSocketcanInterface[m[K(canid_t msg_id);
[1.754s]       |   [01;36m[K^~~~~~~~~~~~~~~~~~[m[K
[1.754s] [01m[K/home/qianlab/single_turtle_workspace/dependencies/traveler_controller/include/can_driver/socketcan_interface.hpp:25:3:[m[K [01;36m[Knote: [m[K  candidate expects 1 argument, 0 provided
[1.754s] [01m[K/home/qianlab/single_turtle_workspace/dependencies/traveler_controller/include/can_driver/socketcan_interface.hpp:21:7:[m[K [01;36m[Knote: [m[Kcandidate: ‘[01m[Kconstexpr SocketcanInterface::SocketcanInterface(const SocketcanInterface&)[m[K’
[1.754s]    21 | class [01;36m[KSocketcanInterface[m[K
[1.754s]       |       [01;36m[K^~~~~~~~~~~~~~~~~~[m[K
[1.754s] [01m[K/home/qianlab/single_turtle_workspace/dependencies/traveler_controller/include/can_driver/socketcan_interface.hpp:21:7:[m[K [01;36m[Knote: [m[K  candidate expects 1 argument, 0 provided
[1.754s] [01m[K/home/qianlab/single_turtle_workspace/dependencies/traveler_controller/src/can_driver/can_driver.cpp:15:144:[m[K [01;31m[Kerror: [m[Kno matching function for call to ‘[01m[KSocketcanInterface::SocketcanInterface()[m[K’
[1.754s]    15 |                                socket_topic_set_position_1_axis2(odrive_can::Msg::MSG_SET_INPUT_POS | odrive_can::AXIS::AXIS_2_ID,1, 0x7FF, 500[01;31m[K)[m[K
[1.754s]       |                                                                                                                                                [01;31m[K^[m[K
[1.754s] In file included from [01m[K/home/qianlab/single_turtle_workspace/dependencies/traveler_controller/include/can_driver/can_driver.hpp:6[m[K,
[1.754s]                  from [01m[K/home/qianlab/single_turtle_workspace/dependencies/traveler_controller/src/can_driver/can_driver.cpp:1[m[K:
[1.754s] [01m[K/home/qianlab/single_turtle_workspace/dependencies/traveler_controller/include/can_driver/socketcan_interface.hpp:28:3:[m[K [01;36m[Knote: [m[Kcandidate: ‘[01m[KSocketcanInterface::SocketcanInterface(canid_t, uint8_t, uint16_t, uint32_t)[m[K’
[1.754s]    28 |   [01;36m[KSocketcanInterface[m[K(canid_t msg_id, uint8_t can_channel, uint16_t mask, uint32_t timeout_microseconds);
[1.754s]       |   [01;36m[K^~~~~~~~~~~~~~~~~~[m[K
[1.754s] [01m[K/home/qianlab/single_turtle_workspace/dependencies/traveler_controller/include/can_driver/socketcan_interface.hpp:28:3:[m[K [01;36m[Knote: [m[K  candidate expects 4 arguments, 0 provided
[1.755s] [01m[K/home/qianlab/single_turtle_workspace/dependencies/traveler_controller/include/can_driver/socketcan_interface.hpp:27:3:[m[K [01;36m[Knote: [m[Kcandidate: ‘[01m[KSocketcanInterface::SocketcanInterface(canid_t, uint8_t, uint16_t)[m[K’
[1.755s]    27 |   [01;36m[KSocketcanInterface[m[K(canid_t msg_id, uint8_t can_channel, uint16_t mask);
[1.755s]       |   [01;36m[K^~~~~~~~~~~~~~~~~~[m[K
[1.755s] [01m[K/home/qianlab/single_turtle_workspace/dependencies/traveler_controller/include/can_driver/socketcan_interface.hpp:27:3:[m[K [01;36m[Knote: [m[K  candidate expects 3 arguments, 0 provided
[1.755s] [01m[K/home/qianlab/single_turtle_workspace/dependencies/traveler_controller/include/can_driver/socketcan_interface.hpp:26:3:[m[K [01;36m[Knote: [m[Kcandidate: ‘[01m[KSocketcanInterface::SocketcanInterface(canid_t, uint8_t)[m[K’
[1.755s]    26 |   [01;36m[KSocketcanInterface[m[K(canid_t msg_id, uint8_t can_channel);
[1.755s]       |   [01;36m[K^~~~~~~~~~~~~~~~~~[m[K
[1.755s] [01m[K/home/qianlab/single_turtle_workspace/dependencies/traveler_controller/include/can_driver/socketcan_interface.hpp:26:3:[m[K [01;36m[Knote: [m[K  candidate expects 2 arguments, 0 provided
[1.755s] [01m[K/home/qianlab/single_turtle_workspace/dependencies/traveler_controller/include/can_driver/socketcan_interface.hpp:25:3:[m[K [01;36m[Knote: [m[Kcandidate: ‘[01m[KSocketcanInterface::SocketcanInterface(canid_t)[m[K’
[1.755s]    25 |   [01;36m[KSocketcanInterface[m[K(canid_t msg_id);
[1.755s]       |   [01;36m[K^~~~~~~~~~~~~~~~~~[m[K
[1.755s] [01m[K/home/qianlab/single_turtle_workspace/dependencies/traveler_controller/include/can_driver/socketcan_interface.hpp:25:3:[m[K [01;36m[Knote: [m[K  candidate expects 1 argument, 0 provided
[1.755s] [01m[K/home/qianlab/single_turtle_workspace/dependencies/traveler_controller/include/can_driver/socketcan_interface.hpp:21:7:[m[K [01;36m[Knote: [m[Kcandidate: ‘[01m[Kconstexpr SocketcanInterface::SocketcanInterface(const SocketcanInterface&)[m[K’
[1.755s]    21 | class [01;36m[KSocketcanInterface[m[K
[1.755s]       |       [01;36m[K^~~~~~~~~~~~~~~~~~[m[K
[1.755s] [01m[K/home/qianlab/single_turtle_workspace/dependencies/traveler_controller/include/can_driver/socketcan_interface.hpp:21:7:[m[K [01;36m[Knote: [m[K  candidate expects 1 argument, 0 provided
[1.756s] [01m[K/home/qianlab/single_turtle_workspace/dependencies/traveler_controller/src/can_driver/can_driver.cpp:[m[K In member function ‘[01m[Kvoid can_driver::get_motor_status(turtle&)[m[K’:
[1.756s] [01m[K/home/qianlab/single_turtle_workspace/dependencies/traveler_controller/src/can_driver/can_driver.cpp:110:28:[m[K [01;31m[Kerror: [m[K‘[01m[Kstruct turtle_status[m[K’ has no member named ‘[01m[Kright_adduction[m[K’
[1.756s]   110 |     turtle_.turtle_chassis.[01;31m[Kright_adduction[m[K = odrive_status_msg_1_axis1;
[1.756s]       |                            [01;31m[K^~~~~~~~~~~~~~~[m[K
[1.756s] [01m[K/home/qianlab/single_turtle_workspace/dependencies/traveler_controller/src/can_driver/can_driver.cpp:111:28:[m[K [01;31m[Kerror: [m[K‘[01m[Kstruct turtle_status[m[K’ has no member named ‘[01m[Kright_sweeping[m[K’
[1.756s]   111 |     turtle_.turtle_chassis.[01;31m[Kright_sweeping[m[K  = odrive_status_msg_1_axis0;
[1.756s]       |                            [01;31m[K^~~~~~~~~~~~~~[m[K
[1.766s] [01m[K/home/qianlab/single_turtle_workspace/dependencies/traveler_controller/src/proxy/upperproxy.cpp:[m[K In lambda function:
[1.766s] [01m[K/home/qianlab/single_turtle_workspace/dependencies/traveler_controller/src/proxy/upperproxy.cpp:46:5:[m[K [01;31m[Kerror: [m[Kuse of ‘[01m[Kpush_xy[m[K’ before deduction of ‘[01m[Kauto[m[K’
[1.766s]    46 |     [01;31m[Kpush_xy[m[K(0.10f, 0.12f, 0.03f);
[1.766s]       |     [01;31m[K^~~~~~~[m[K
[1.766s] [01m[K/home/qianlab/single_turtle_workspace/dependencies/traveler_controller/src/proxy/upperproxy.cpp:47:5:[m[K [01;31m[Kerror: [m[Kuse of ‘[01m[Kpush_xy[m[K’ before deduction of ‘[01m[Kauto[m[K’
[1.766s]    47 |     [01;31m[Kpush_xy[m[K(0.12f, 0.08f, 0.03f);
[1.766s]       |     [01;31m[K^~~~~~~[m[K
[1.766s] [01m[K/home/qianlab/single_turtle_workspace/dependencies/traveler_controller/src/proxy/upperproxy.cpp:48:5:[m[K [01;31m[Kerror: [m[Kuse of ‘[01m[Kpush_xy[m[K’ before deduction of ‘[01m[Kauto[m[K’
[1.766s]    48 |     [01;31m[Kpush_xy[m[K(0.09f, 0.15f, 0.03f);
[1.766s]       |     [01;31m[K^~~~~~~[m[K
[1.767s] [01m[K/home/qianlab/single_turtle_workspace/dependencies/traveler_controller/src/proxy/upperproxy.cpp:49:5:[m[K [01;31m[Kerror: [m[Kuse of ‘[01m[Kpush_xy[m[K’ before deduction of ‘[01m[Kauto[m[K’
[1.767s]    49 |     [01;31m[Kpush_xy[m[K(0.11f, 0.11f, 0.03f);
[1.767s]       |     [01;31m[K^~~~~~~[m[K
[1.767s] [01m[K/home/qianlab/single_turtle_workspace/dependencies/traveler_controller/src/proxy/upperproxy.cpp:[m[K In member function ‘[01m[Kvoid turtle_namespace::control::upperproxy::manual_waypoints()[m[K’:
[1.767s] [01m[K/home/qianlab/single_turtle_workspace/dependencies/traveler_controller/src/proxy/upperproxy.cpp:51:1:[m[K [01;31m[Kerror: [m[Kexpected ‘[01m[K,[m[K’ or ‘[01m[K;[m[K’ before ‘[01m[K}[m[K’ token
[1.767s]    51 | [01;31m[K}[m[K
[1.767s]       | [01;31m[K^[m[K
[1.956s] make[2]: *** [CMakeFiles/odrive_can_interface.dir/build.make:76: CMakeFiles/odrive_can_interface.dir/src/can_driver/can_driver.cpp.o] Error 1
[1.956s] make[2]: *** Waiting for unfinished jobs....
[2.171s] In file included from [01m[K/home/qianlab/single_turtle_workspace/dependencies/traveler_controller/src/main.cpp:8[m[K:
[2.171s] [01m[K/home/qianlab/single_turtle_workspace/dependencies/traveler_controller/include/main.h:48:14:[m[K [01;35m[Kwarning: [m[K‘[01m[Ktimer[m[K’ defined but not used [[01;35m[K-Wunused-variable[m[K]
[2.171s]    48 | static float [01;35m[Ktimer[m[K[10] = { 0 };
[2.171s]       |              [01;35m[K^~~~~[m[K
[2.171s] [01m[K/home/qianlab/single_turtle_workspace/dependencies/traveler_controller/include/main.h:46:12:[m[K [01;35m[Kwarning: [m[K‘[01m[Kinit_done[m[K’ defined but not used [[01;35m[K-Wunused-variable[m[K]
[2.171s]    46 | static int [01;35m[Kinit_done[m[K = 0;
[2.171s]       |            [01;35m[K^~~~~~~~~[m[K
[2.171s] [01m[K/home/qianlab/single_turtle_workspace/dependencies/traveler_controller/include/main.h:45:14:[m[K [01;35m[Kwarning: [m[K‘[01m[Kinit_cnt[m[K’ defined but not used [[01;35m[K-Wunused-variable[m[K]
[2.171s]    45 | static float [01;35m[Kinit_cnt[m[K = 0;
[2.171s]       |              [01;35m[K^~~~~~~~[m[K
[2.171s] make[1]: *** [CMakeFiles/Makefile2:80: CMakeFiles/odrive_can_interface.dir/all] Error 2
[2.171s] make[1]: *** Waiting for unfinished jobs....
[2.342s] make[2]: *** [CMakeFiles/turtle_high_controller.dir/build.make:128: CMakeFiles/turtle_high_controller.dir/src/can_driver/can_driver.cpp.o] Error 1
[2.419s] make[2]: *** [CMakeFiles/turtle_high_controller.dir/build.make:102: CMakeFiles/turtle_high_controller.dir/src/proxy/lowerproxy.cpp.o] Error 1
[3.136s] make[2]: *** [CMakeFiles/turtle_high_controller.dir/build.make:115: CMakeFiles/turtle_high_controller.dir/src/proxy/upperproxy.cpp.o] Error 1
[3.136s] make[1]: *** [CMakeFiles/Makefile2:107: CMakeFiles/turtle_high_controller.dir/all] Error 2
[3.136s] make: *** [Makefile:141: all] Error 2
[3.138s] Invoked command in '/home/qianlab/single_turtle_workspace/build/turtle_high_controller' returned '2': AMENT_PREFIX_PATH=/home/qianlab/single_turtle_workspace/install/traveler_msgs:${AMENT_PREFIX_PATH} CMAKE_PREFIX_PATH=/home/qianlab/single_turtle_workspace/install/traveler_msgs:/home/qianlab/lassie-traveler/dependencies/install/traveler_high_controller:/home/qianlab/lassie-traveler/dependencies/install/traveler_msgs:/opt/ros/foxy LD_LIBRARY_PATH=/home/qianlab/single_turtle_workspace/install/traveler_msgs/lib:${LD_LIBRARY_PATH} PYTHONPATH=/home/qianlab/single_turtle_workspace/install/traveler_msgs/lib/python3.8/site-packages:${PYTHONPATH} /usr/bin/cmake --build /home/qianlab/single_turtle_workspace/build/turtle_high_controller -- -j12 -l12
