In file included from [01m[K/home/qianlab/single_turtle_workspace/dependencies/traveler_controller/include/can_driver/can_driver.hpp:4[m[K,
                 from [01m[K/home/qianlab/single_turtle_workspace/dependencies/traveler_controller/src/can_driver/can_driver.cpp:1[m[K:
[01m[K/home/qianlab/single_turtle_workspace/dependencies/traveler_controller/include/proxy/control_data.h:87:11:[m[K [01;31m[Kerror: [m[Kredeclaration of ‘[01m[Kfloat TrajectoryData::extraction_angle[m[K’
   87 |     float [01;31m[Kextraction_angle[m[K;
      |           [01;31m[K^~~~~~~~~~~~~~~~[m[K
[01m[K/home/qianlab/single_turtle_workspace/dependencies/traveler_controller/include/proxy/control_data.h:85:11:[m[K [01;36m[Knote: [m[Kprevious declaration ‘[01m[Kfloat TrajectoryData::extraction_angle[m[K’
   85 |     float [01;36m[Kextraction_angle[m[K;
      |           [01;36m[K^~~~~~~~~~~~~~~~[m[K
In file included from [01m[K/home/qianlab/single_turtle_workspace/dependencies/traveler_controller/include/can_driver/can_driver.hpp:4[m[K,
                 from [01m[K/home/qianlab/single_turtle_workspace/dependencies/traveler_controller/src/can_driver/can_driver.cpp:1[m[K:
[01m[K/home/qianlab/single_turtle_workspace/dependencies/traveler_controller/include/proxy/control_data.h:87:11:[m[K [01;31m[Kerror: [m[Kredeclaration of ‘[01m[Kfloat TrajectoryData::extraction_angle[m[K’
   87 |     float [01;31m[Kextraction_angle[m[K;
      |           [01;31m[K^~~~~~~~~~~~~~~~[m[K
[01m[K/home/qianlab/single_turtle_workspace/dependencies/traveler_controller/include/proxy/control_data.h:85:11:[m[K [01;36m[Knote: [m[Kprevious declaration ‘[01m[Kfloat TrajectoryData::extraction_angle[m[K’
   85 |     float [01;36m[Kextraction_angle[m[K;
      |           [01;36m[K^~~~~~~~~~~~~~~~[m[K
In file included from [01m[K/home/qianlab/single_turtle_workspace/dependencies/traveler_controller/include/controller/inverse_kinematics.h:8[m[K,
                 from [01m[K/home/qianlab/single_turtle_workspace/dependencies/traveler_controller/src/controller/Inverse_kinematics.cpp:1[m[K:
[01m[K/home/qianlab/single_turtle_workspace/dependencies/traveler_controller/include/proxy/control_data.h:87:11:[m[K [01;31m[Kerror: [m[Kredeclaration of ‘[01m[Kfloat TrajectoryData::extraction_angle[m[K’
   87 |     float [01;31m[Kextraction_angle[m[K;
      |           [01;31m[K^~~~~~~~~~~~~~~~[m[K
[01m[K/home/qianlab/single_turtle_workspace/dependencies/traveler_controller/include/proxy/control_data.h:85:11:[m[K [01;36m[Knote: [m[Kprevious declaration ‘[01m[Kfloat TrajectoryData::extraction_angle[m[K’
   85 |     float [01;36m[Kextraction_angle[m[K;
      |           [01;36m[K^~~~~~~~~~~~~~~~[m[K
In file included from [01m[K/home/qianlab/single_turtle_workspace/dependencies/traveler_controller/include/proxy/lowerproxy.h:16[m[K,
                 from [01m[K/home/qianlab/single_turtle_workspace/dependencies/traveler_controller/src/proxy/lowerproxy.cpp:8[m[K:
[01m[K/home/qianlab/single_turtle_workspace/dependencies/traveler_controller/include/proxy/control_data.h:87:11:[m[K [01;31m[Kerror: [m[Kredeclaration of ‘[01m[Kfloat TrajectoryData::extraction_angle[m[K’
   87 |     float [01;31m[Kextraction_angle[m[K;
      |           [01;31m[K^~~~~~~~~~~~~~~~[m[K
[01m[K/home/qianlab/single_turtle_workspace/dependencies/traveler_controller/include/proxy/control_data.h:85:11:[m[K [01;36m[Knote: [m[Kprevious declaration ‘[01m[Kfloat TrajectoryData::extraction_angle[m[K’
   85 |     float [01;36m[Kextraction_angle[m[K;
      |           [01;36m[K^~~~~~~~~~~~~~~~[m[K
In file included from [01m[K/home/qianlab/single_turtle_workspace/dependencies/traveler_controller/include/proxy/upperproxy.h:14[m[K,
                 from [01m[K/home/qianlab/single_turtle_workspace/dependencies/traveler_controller/src/proxy/upperproxy.cpp:8[m[K:
[01m[K/home/qianlab/single_turtle_workspace/dependencies/traveler_controller/include/proxy/control_data.h:87:11:[m[K [01;31m[Kerror: [m[Kredeclaration of ‘[01m[Kfloat TrajectoryData::extraction_angle[m[K’
   87 |     float [01;31m[Kextraction_angle[m[K;
      |           [01;31m[K^~~~~~~~~~~~~~~~[m[K
[01m[K/home/qianlab/single_turtle_workspace/dependencies/traveler_controller/include/proxy/control_data.h:85:11:[m[K [01;36m[Knote: [m[Kprevious declaration ‘[01m[Kfloat TrajectoryData::extraction_angle[m[K’
   85 |     float [01;36m[Kextraction_angle[m[K;
      |           [01;36m[K^~~~~~~~~~~~~~~~[m[K
In file included from [01m[K/home/qianlab/single_turtle_workspace/dependencies/traveler_controller/include/proxy/lowerproxy.h:16[m[K,
                 from [01m[K/home/qianlab/single_turtle_workspace/dependencies/traveler_controller/include/main.h:13[m[K,
                 from [01m[K/home/qianlab/single_turtle_workspace/dependencies/traveler_controller/src/main.cpp:8[m[K:
[01m[K/home/qianlab/single_turtle_workspace/dependencies/traveler_controller/include/proxy/control_data.h:87:11:[m[K [01;31m[Kerror: [m[Kredeclaration of ‘[01m[Kfloat TrajectoryData::extraction_angle[m[K’
   87 |     float [01;31m[Kextraction_angle[m[K;
      |           [01;31m[K^~~~~~~~~~~~~~~~[m[K
[01m[K/home/qianlab/single_turtle_workspace/dependencies/traveler_controller/include/proxy/control_data.h:85:11:[m[K [01;36m[Knote: [m[Kprevious declaration ‘[01m[Kfloat TrajectoryData::extraction_angle[m[K’
   85 |     float [01;36m[Kextraction_angle[m[K;
      |           [01;36m[K^~~~~~~~~~~~~~~~[m[K
[01m[K/home/qianlab/single_turtle_workspace/dependencies/traveler_controller/src/controller/Inverse_kinematics.cpp:[m[K In function ‘[01m[Kvoid combined_phase_trajectory(turtle&, float, PhaseCombination)[m[K’:
[01m[K/home/qianlab/single_turtle_workspace/dependencies/traveler_controller/src/controller/Inverse_kinematics.cpp:66:11:[m[K [01;35m[Kwarning: [m[Kunused variable ‘[01m[Kend_delay[m[K’ [[01;35m[K-Wunused-variable[m[K]
   66 |     float [01;35m[Kend_delay[m[K    = 3.0;
      |           [01;35m[K^~~~~~~~~[m[K
[01m[K/home/qianlab/single_turtle_workspace/dependencies/traveler_controller/src/controller/Inverse_kinematics.cpp:86:12:[m[K [01;35m[Kwarning: [m[Kunused variable ‘[01m[Kinitial_insertion_depth_deg[m[K’ [[01;35m[K-Wunused-variable[m[K]
   86 |     double [01;35m[Kinitial_insertion_depth_deg[m[K = initial_insertion_depth_rad * 180 / M_PI;
      |            [01;35m[K^~~~~~~~~~~~~~~~~~~~~~~~~~~[m[K
[01m[K/home/qianlab/single_turtle_workspace/dependencies/traveler_controller/src/controller/Inverse_kinematics.cpp:[m[K In function ‘[01m[Kvoid boundingGAIT(turtle&, float, int)[m[K’:
[01m[K/home/qianlab/single_turtle_workspace/dependencies/traveler_controller/src/controller/Inverse_kinematics.cpp:258:49:[m[K [01;35m[Kwarning: [m[Kunused parameter ‘[01m[Kmode[m[K’ [[01;35m[K-Wunused-parameter[m[K]
  258 | void boundingGAIT(turtle& turtle_, float t, [01;35m[Kint mode[m[K) {
      |                                             [01;35m[K~~~~^~~~[m[K
make[2]: *** [CMakeFiles/turtle_high_controller.dir/build.make:76: CMakeFiles/turtle_high_controller.dir/src/controller/Inverse_kinematics.cpp.o] Error 1
make[2]: *** Waiting for unfinished jobs....
In file included from [01m[K/home/qianlab/single_turtle_workspace/dependencies/traveler_controller/include/can_driver/can_driver.hpp:4[m[K,
                 from [01m[K/home/qianlab/single_turtle_workspace/dependencies/traveler_controller/src/can_driver/odrive_can.cpp:7[m[K:
[01m[K/home/qianlab/single_turtle_workspace/dependencies/traveler_controller/include/proxy/control_data.h:87:11:[m[K [01;31m[Kerror: [m[Kredeclaration of ‘[01m[Kfloat TrajectoryData::extraction_angle[m[K’
   87 |     float [01;31m[Kextraction_angle[m[K;
      |           [01;31m[K^~~~~~~~~~~~~~~~[m[K
[01m[K/home/qianlab/single_turtle_workspace/dependencies/traveler_controller/include/proxy/control_data.h:85:11:[m[K [01;36m[Knote: [m[Kprevious declaration ‘[01m[Kfloat TrajectoryData::extraction_angle[m[K’
   85 |     float [01;36m[Kextraction_angle[m[K;
      |           [01;36m[K^~~~~~~~~~~~~~~~[m[K
make[2]: *** [CMakeFiles/odrive_can_interface.dir/build.make:76: CMakeFiles/odrive_can_interface.dir/src/can_driver/can_driver.cpp.o] Error 1
make[2]: *** Waiting for unfinished jobs....
[01m[K/home/qianlab/single_turtle_workspace/dependencies/traveler_controller/src/proxy/lowerproxy.cpp:[m[K In member function ‘[01m[Kvoid turtle_namespace::control::lowerproxy::calculate_position(turtle&)[m[K’:
[01m[K/home/qianlab/single_turtle_workspace/dependencies/traveler_controller/src/proxy/lowerproxy.cpp:178:16:[m[K [01;35m[Kwarning: [m[Kunused variable ‘[01m[Kback_curr_time[m[K’ [[01;35m[K-Wunused-variable[m[K]
  178 |         double [01;35m[Kback_curr_time[m[K = deltaTime.count();
      |                [01;35m[K^~~~~~~~~~~~~~[m[K
[01m[K/home/qianlab/single_turtle_workspace/dependencies/traveler_controller/src/main.cpp:[m[K In function ‘[01m[Kint main(int, char**)[m[K’:
[01m[K/home/qianlab/single_turtle_workspace/dependencies/traveler_controller/src/main.cpp:35:9:[m[K [01;35m[Kwarning: [m[Kunused variable ‘[01m[Kcount1[m[K’ [[01;35m[K-Wunused-variable[m[K]
   35 |     int [01;35m[Kcount1[m[K;
      |         [01;35m[K^~~~~~[m[K
In file included from [01m[K/home/qianlab/single_turtle_workspace/dependencies/traveler_controller/src/main.cpp:8[m[K:
[01m[K/home/qianlab/single_turtle_workspace/dependencies/traveler_controller/include/main.h:[m[K At global scope:
[01m[K/home/qianlab/single_turtle_workspace/dependencies/traveler_controller/include/main.h:46:14:[m[K [01;35m[Kwarning: [m[K‘[01m[Ktimer[m[K’ defined but not used [[01;35m[K-Wunused-variable[m[K]
   46 | static float [01;35m[Ktimer[m[K[10] = { 0 };
      |              [01;35m[K^~~~~[m[K
[01m[K/home/qianlab/single_turtle_workspace/dependencies/traveler_controller/include/main.h:44:12:[m[K [01;35m[Kwarning: [m[K‘[01m[Kinit_done[m[K’ defined but not used [[01;35m[K-Wunused-variable[m[K]
   44 | static int [01;35m[Kinit_done[m[K = 0;
      |            [01;35m[K^~~~~~~~~[m[K
[01m[K/home/qianlab/single_turtle_workspace/dependencies/traveler_controller/include/main.h:43:14:[m[K [01;35m[Kwarning: [m[K‘[01m[Kinit_cnt[m[K’ defined but not used [[01;35m[K-Wunused-variable[m[K]
   43 | static float [01;35m[Kinit_cnt[m[K = 0;
      |              [01;35m[K^~~~~~~~[m[K
make[2]: *** [CMakeFiles/turtle_high_controller.dir/build.make:63: CMakeFiles/turtle_high_controller.dir/src/main.cpp.o] Error 1
make[2]: *** [CMakeFiles/odrive_can_interface.dir/build.make:63: CMakeFiles/odrive_can_interface.dir/src/can_driver/odrive_can.cpp.o] Error 1
make[1]: *** [CMakeFiles/Makefile2:80: CMakeFiles/odrive_can_interface.dir/all] Error 2
make[1]: *** Waiting for unfinished jobs....
make[2]: *** [CMakeFiles/turtle_high_controller.dir/build.make:115: CMakeFiles/turtle_high_controller.dir/src/can_driver/can_driver.cpp.o] Error 1
make[2]: *** [CMakeFiles/turtle_high_controller.dir/build.make:89: CMakeFiles/turtle_high_controller.dir/src/proxy/lowerproxy.cpp.o] Error 1
make[2]: *** [CMakeFiles/turtle_high_controller.dir/build.make:102: CMakeFiles/turtle_high_controller.dir/src/proxy/upperproxy.cpp.o] Error 1
make[1]: *** [CMakeFiles/Makefile2:107: CMakeFiles/turtle_high_controller.dir/all] Error 2
make: *** [Makefile:141: all] Error 2
