[35m[1mScanning dependencies of target odrive_can_interface[0m
[35m[1mScanning dependencies of target turtle_high_controller[0m
[ 14%] [32mBuilding CXX object CMakeFiles/odrive_can_interface.dir/src/can_driver/odrive_can.cpp.o[0m
[ 14%] [32mBuilding CXX object CMakeFiles/odrive_can_interface.dir/src/can_driver/can_driver.cpp.o[0m
[ 35%] [32mBuilding CXX object CMakeFiles/turtle_high_controller.dir/src/controller/Inverse_kinematics.cpp.o[0m
[ 35%] [32mBuilding CXX object CMakeFiles/turtle_high_controller.dir/src/main.cpp.o[0m
[ 35%] [32mBuilding CXX object CMakeFiles/turtle_high_controller.dir/src/proxy/lowerproxy.cpp.o[0m
[ 42%] [32mBuilding CXX object CMakeFiles/turtle_high_controller.dir/src/proxy/upperproxy.cpp.o[0m
[ 50%] [32mBuilding CXX object CMakeFiles/turtle_high_controller.dir/src/controller/trajectories_parser.cpp.o[0m
[ 57%] [32mBuilding CXX object CMakeFiles/turtle_high_controller.dir/src/can_driver/can_driver.cpp.o[0m
[01m[K/home/qianlab/single_turtle_workspace/dependencies/traveler_controller/src/proxy/lowerproxy.cpp:[m[K In member function ‘[01m[Kvoid turtle_namespace::control::lowerproxy::calculate_position(turtle&)[m[K’:
[01m[K/home/qianlab/single_turtle_workspace/dependencies/traveler_controller/src/proxy/lowerproxy.cpp:150:52:[m[K [01;31m[Kerror: [m[K‘[01m[Kstruct TrajectoryData[m[K’ has no member named ‘[01m[Kextraction_angle[m[K’
  150 |                                 -turtle_.traj_data.[01;31m[Kextraction_angle[m[K,
      |                                                    [01;31m[K^~~~~~~~~~~~~~~~[m[K
[01m[K/home/qianlab/single_turtle_workspace/dependencies/traveler_controller/src/proxy/lowerproxy.cpp:151:51:[m[K [01;31m[Kerror: [m[K‘[01m[Kstruct TrajectoryData[m[K’ has no member named ‘[01m[Klateral_angle_range[m[K’
  151 |                                 turtle_.traj_data.[01;31m[Klateral_angle_range[m[K,
      |                                                   [01;31m[K^~~~~~~~~~~~~~~~~~~[m[K
[01m[K/home/qianlab/single_turtle_workspace/dependencies/traveler_controller/src/proxy/lowerproxy.cpp:152:51:[m[K [01;31m[Kerror: [m[K‘[01m[Kstruct TrajectoryData[m[K’ has no member named ‘[01m[Kextraction_angle[m[K’
  152 |                                 turtle_.traj_data.[01;31m[Kextraction_angle[m[K,
      |                                                   [01;31m[K^~~~~~~~~~~~~~~~[m[K
[01m[K/home/qianlab/single_turtle_workspace/dependencies/traveler_controller/src/proxy/lowerproxy.cpp:153:52:[m[K [01;31m[Kerror: [m[K‘[01m[Kstruct TrajectoryData[m[K’ has no member named ‘[01m[Klateral_angle_range[m[K’
  153 |                                 -turtle_.traj_data.[01;31m[Klateral_angle_range[m[K,
      |                                                    [01;31m[K^~~~~~~~~~~~~~~~~~~[m[K
[01m[K/home/qianlab/single_turtle_workspace/dependencies/traveler_controller/src/proxy/lowerproxy.cpp:171:25:[m[K [01;31m[Kerror: [m[K‘[01m[KboundingGAIT[m[K’ was not declared in this scope
  171 |                         [01;31m[KboundingGAIT[m[K(turtle_, running_t);
      |                         [01;31m[K^~~~~~~~~~~~[m[K
[01m[K/home/qianlab/single_turtle_workspace/dependencies/traveler_controller/src/proxy/lowerproxy.cpp:186:24:[m[K [01;35m[Kwarning: [m[Kunused variable ‘[01m[Kback_curr_time[m[K’ [[01;35m[K-Wunused-variable[m[K]
  186 |                 double [01;35m[Kback_curr_time[m[K = deltaTime.count();
      |                        [01;35m[K^~~~~~~~~~~~~~[m[K
[ 64%] [32m[1mLinking CXX executable odrive_can_interface[0m
make[2]: *** [CMakeFiles/turtle_high_controller.dir/build.make:102: CMakeFiles/turtle_high_controller.dir/src/proxy/lowerproxy.cpp.o] Error 1
make[2]: *** Waiting for unfinished jobs....
[ 78%] Built target odrive_can_interface
make[1]: *** [CMakeFiles/Makefile2:107: CMakeFiles/turtle_high_controller.dir/all] Error 2
make: *** [Makefile:141: all] Error 2
