[0.131s] DEBUG:colcon:Command line arguments: ['/usr/bin/colcon', 'build']
[0.131s] DEBUG:colcon:Parsed command line arguments: Namespace(allow_overriding=[], ament_cmake_args=None, base_paths=['.'], build_base='build', catkin_cmake_args=None, catkin_skip_building_tests=False, cmake_args=None, cmake_clean_cache=False, cmake_clean_first=False, cmake_force_configure=False, cmake_target=None, cmake_target_skip_unavailable=False, continue_on_error=False, event_handlers=None, executor='parallel', ignore_user_meta=False, install_base='install', log_base=None, log_level=None, main=<bound method BuildVerb.main of <colcon_core.verb.build.BuildVerb object at 0x7f8482f40dc0>>, merge_install=False, metas=['./colcon.meta'], mixin=None, mixin_files=None, mixin_verb=('build',), packages_above=None, packages_above_and_dependencies=None, packages_above_depth=None, packages_end=None, packages_ignore=None, packages_ignore_regex=None, packages_select=None, packages_select_build_failed=False, packages_select_by_dep=None, packages_select_regex=None, packages_select_test_failures=False, packages_skip=None, packages_skip_build_finished=False, packages_skip_by_dep=None, packages_skip_regex=None, packages_skip_test_passed=False, packages_skip_up_to=None, packages_start=None, packages_up_to=None, packages_up_to_regex=None, parallel_workers=12, paths=None, symlink_install=False, test_result_base=None, verb_extension=<colcon_core.verb.build.BuildVerb object at 0x7f8482f40dc0>, verb_name='build', verb_parser=<colcon_mixin.mixin.mixin_argument.MixinArgumentDecorator object at 0x7f8482f502e0>)
[0.227s] Level 1:colcon.colcon_core.package_discovery:discover_packages(colcon_meta) check parameters
[0.227s] Level 1:colcon.colcon_core.package_discovery:discover_packages(recursive) check parameters
[0.227s] Level 1:colcon.colcon_core.package_discovery:discover_packages(ignore) check parameters
[0.227s] Level 1:colcon.colcon_core.package_discovery:discover_packages(path) check parameters
[0.227s] Level 1:colcon.colcon_core.package_discovery:discover_packages(colcon_meta) discover
[0.227s] Level 1:colcon.colcon_core.package_discovery:discover_packages(recursive) discover
[0.227s] INFO:colcon.colcon_core.package_discovery:Crawling recursively for packages in '/home/qianlab/single_turtle_workspace'
[0.227s] Level 1:colcon.colcon_core.package_identification:_identify(.) by extensions ['ignore', 'ignore_ament_install']
[0.227s] Level 1:colcon.colcon_core.package_identification:_identify(.) by extension 'ignore'
[0.227s] Level 1:colcon.colcon_core.package_identification:_identify(.) by extension 'ignore_ament_install'
[0.227s] Level 1:colcon.colcon_core.package_identification:_identify(.) by extensions ['colcon_pkg']
[0.227s] Level 1:colcon.colcon_core.package_identification:_identify(.) by extension 'colcon_pkg'
[0.227s] Level 1:colcon.colcon_core.package_identification:_identify(.) by extensions ['colcon_meta']
[0.227s] Level 1:colcon.colcon_core.package_identification:_identify(.) by extension 'colcon_meta'
[0.227s] Level 1:colcon.colcon_core.package_identification:_identify(.) by extensions ['ros']
[0.227s] Level 1:colcon.colcon_core.package_identification:_identify(.) by extension 'ros'
[0.234s] Level 1:colcon.colcon_core.package_identification:_identify(.) by extensions ['cmake', 'python']
[0.235s] Level 1:colcon.colcon_core.package_identification:_identify(.) by extension 'cmake'
[0.235s] Level 1:colcon.colcon_core.package_identification:_identify(.) by extension 'python'
[0.235s] Level 1:colcon.colcon_core.package_identification:_identify(.) by extensions ['python_setup_py']
[0.235s] Level 1:colcon.colcon_core.package_identification:_identify(.) by extension 'python_setup_py'
[0.235s] Level 1:colcon.colcon_core.package_identification:_identify(build) by extensions ['ignore', 'ignore_ament_install']
[0.235s] Level 1:colcon.colcon_core.package_identification:_identify(build) by extension 'ignore'
[0.235s] Level 1:colcon.colcon_core.package_identification:_identify(build) ignored
[0.235s] Level 1:colcon.colcon_core.package_identification:_identify(dependencies) by extensions ['ignore', 'ignore_ament_install']
[0.235s] Level 1:colcon.colcon_core.package_identification:_identify(dependencies) by extension 'ignore'
[0.235s] Level 1:colcon.colcon_core.package_identification:_identify(dependencies) by extension 'ignore_ament_install'
[0.235s] Level 1:colcon.colcon_core.package_identification:_identify(dependencies) by extensions ['colcon_pkg']
[0.235s] Level 1:colcon.colcon_core.package_identification:_identify(dependencies) by extension 'colcon_pkg'
[0.235s] Level 1:colcon.colcon_core.package_identification:_identify(dependencies) by extensions ['colcon_meta']
[0.235s] Level 1:colcon.colcon_core.package_identification:_identify(dependencies) by extension 'colcon_meta'
[0.235s] Level 1:colcon.colcon_core.package_identification:_identify(dependencies) by extensions ['ros']
[0.235s] Level 1:colcon.colcon_core.package_identification:_identify(dependencies) by extension 'ros'
[0.235s] Level 1:colcon.colcon_core.package_identification:_identify(dependencies) by extensions ['cmake', 'python']
[0.235s] Level 1:colcon.colcon_core.package_identification:_identify(dependencies) by extension 'cmake'
[0.235s] Level 1:colcon.colcon_core.package_identification:_identify(dependencies) by extension 'python'
[0.235s] Level 1:colcon.colcon_core.package_identification:_identify(dependencies) by extensions ['python_setup_py']
[0.235s] Level 1:colcon.colcon_core.package_identification:_identify(dependencies) by extension 'python_setup_py'
[0.235s] Level 1:colcon.colcon_core.package_identification:_identify(dependencies/traveler_controller) by extensions ['ignore', 'ignore_ament_install']
[0.235s] Level 1:colcon.colcon_core.package_identification:_identify(dependencies/traveler_controller) by extension 'ignore'
[0.235s] Level 1:colcon.colcon_core.package_identification:_identify(dependencies/traveler_controller) by extension 'ignore_ament_install'
[0.235s] Level 1:colcon.colcon_core.package_identification:_identify(dependencies/traveler_controller) by extensions ['colcon_pkg']
[0.235s] Level 1:colcon.colcon_core.package_identification:_identify(dependencies/traveler_controller) by extension 'colcon_pkg'
[0.235s] Level 1:colcon.colcon_core.package_identification:_identify(dependencies/traveler_controller) by extensions ['colcon_meta']
[0.235s] Level 1:colcon.colcon_core.package_identification:_identify(dependencies/traveler_controller) by extension 'colcon_meta'
[0.236s] Level 1:colcon.colcon_core.package_identification:_identify(dependencies/traveler_controller) by extensions ['ros']
[0.236s] Level 1:colcon.colcon_core.package_identification:_identify(dependencies/traveler_controller) by extension 'ros'
[0.237s] DEBUG:colcon.colcon_core.package_identification:Package 'dependencies/traveler_controller' with type 'ros.ament_cmake' and name 'turtle_high_controller'
[0.237s] Level 1:colcon.colcon_core.package_identification:_identify(dependencies/traveler_msgs) by extensions ['ignore', 'ignore_ament_install']
[0.237s] Level 1:colcon.colcon_core.package_identification:_identify(dependencies/traveler_msgs) by extension 'ignore'
[0.237s] Level 1:colcon.colcon_core.package_identification:_identify(dependencies/traveler_msgs) by extension 'ignore_ament_install'
[0.237s] Level 1:colcon.colcon_core.package_identification:_identify(dependencies/traveler_msgs) by extensions ['colcon_pkg']
[0.237s] Level 1:colcon.colcon_core.package_identification:_identify(dependencies/traveler_msgs) by extension 'colcon_pkg'
[0.238s] Level 1:colcon.colcon_core.package_identification:_identify(dependencies/traveler_msgs) by extensions ['colcon_meta']
[0.238s] Level 1:colcon.colcon_core.package_identification:_identify(dependencies/traveler_msgs) by extension 'colcon_meta'
[0.238s] Level 1:colcon.colcon_core.package_identification:_identify(dependencies/traveler_msgs) by extensions ['ros']
[0.238s] Level 1:colcon.colcon_core.package_identification:_identify(dependencies/traveler_msgs) by extension 'ros'
[0.238s] DEBUG:colcon.colcon_core.package_identification:Package 'dependencies/traveler_msgs' with type 'ros.ament_cmake' and name 'traveler_msgs'
[0.238s] Level 1:colcon.colcon_core.package_identification:_identify(install) by extensions ['ignore', 'ignore_ament_install']
[0.238s] Level 1:colcon.colcon_core.package_identification:_identify(install) by extension 'ignore'
[0.238s] Level 1:colcon.colcon_core.package_identification:_identify(install) ignored
[0.238s] Level 1:colcon.colcon_core.package_identification:_identify(log) by extensions ['ignore', 'ignore_ament_install']
[0.238s] Level 1:colcon.colcon_core.package_identification:_identify(log) by extension 'ignore'
[0.238s] Level 1:colcon.colcon_core.package_identification:_identify(log) ignored
[0.238s] Level 1:colcon.colcon_core.package_discovery:discover_packages(recursive) using defaults
[0.238s] Level 1:colcon.colcon_core.package_discovery:discover_packages(ignore) discover
[0.238s] Level 1:colcon.colcon_core.package_discovery:discover_packages(ignore) using defaults
[0.238s] Level 1:colcon.colcon_core.package_discovery:discover_packages(path) discover
[0.238s] Level 1:colcon.colcon_core.package_discovery:discover_packages(path) using defaults
[0.257s] Level 1:colcon.colcon_core.package_discovery:discover_packages(prefix_path) check parameters
[0.257s] Level 1:colcon.colcon_core.package_discovery:discover_packages(prefix_path) discover
[0.258s] DEBUG:colcon.colcon_installed_package_information.package_discovery:Found 295 installed packages in /opt/ros/foxy
[0.259s] Level 1:colcon.colcon_core.package_discovery:discover_packages(prefix_path) using defaults
[0.293s] Level 5:colcon.colcon_core.verb:set package 'traveler_msgs' build argument 'cmake_args' from command line to 'None'
[0.294s] Level 5:colcon.colcon_core.verb:set package 'traveler_msgs' build argument 'cmake_target' from command line to 'None'
[0.294s] Level 5:colcon.colcon_core.verb:set package 'traveler_msgs' build argument 'cmake_target_skip_unavailable' from command line to 'False'
[0.294s] Level 5:colcon.colcon_core.verb:set package 'traveler_msgs' build argument 'cmake_clean_cache' from command line to 'False'
[0.294s] Level 5:colcon.colcon_core.verb:set package 'traveler_msgs' build argument 'cmake_clean_first' from command line to 'False'
[0.294s] Level 5:colcon.colcon_core.verb:set package 'traveler_msgs' build argument 'cmake_force_configure' from command line to 'False'
[0.294s] Level 5:colcon.colcon_core.verb:set package 'traveler_msgs' build argument 'ament_cmake_args' from command line to 'None'
[0.294s] Level 5:colcon.colcon_core.verb:set package 'traveler_msgs' build argument 'catkin_cmake_args' from command line to 'None'
[0.294s] Level 5:colcon.colcon_core.verb:set package 'traveler_msgs' build argument 'catkin_skip_building_tests' from command line to 'False'
[0.294s] DEBUG:colcon.colcon_core.verb:Building package 'traveler_msgs' with the following arguments: {'ament_cmake_args': None, 'build_base': '/home/qianlab/single_turtle_workspace/build/traveler_msgs', 'catkin_cmake_args': None, 'catkin_skip_building_tests': False, 'cmake_args': None, 'cmake_clean_cache': False, 'cmake_clean_first': False, 'cmake_force_configure': False, 'cmake_target': None, 'cmake_target_skip_unavailable': False, 'install_base': '/home/qianlab/single_turtle_workspace/install/traveler_msgs', 'merge_install': False, 'path': '/home/qianlab/single_turtle_workspace/dependencies/traveler_msgs', 'symlink_install': False, 'test_result_base': None}
[0.294s] Level 5:colcon.colcon_core.verb:set package 'turtle_high_controller' build argument 'cmake_args' from command line to 'None'
[0.294s] Level 5:colcon.colcon_core.verb:set package 'turtle_high_controller' build argument 'cmake_target' from command line to 'None'
[0.294s] Level 5:colcon.colcon_core.verb:set package 'turtle_high_controller' build argument 'cmake_target_skip_unavailable' from command line to 'False'
[0.294s] Level 5:colcon.colcon_core.verb:set package 'turtle_high_controller' build argument 'cmake_clean_cache' from command line to 'False'
[0.294s] Level 5:colcon.colcon_core.verb:set package 'turtle_high_controller' build argument 'cmake_clean_first' from command line to 'False'
[0.294s] Level 5:colcon.colcon_core.verb:set package 'turtle_high_controller' build argument 'cmake_force_configure' from command line to 'False'
[0.294s] Level 5:colcon.colcon_core.verb:set package 'turtle_high_controller' build argument 'ament_cmake_args' from command line to 'None'
[0.294s] Level 5:colcon.colcon_core.verb:set package 'turtle_high_controller' build argument 'catkin_cmake_args' from command line to 'None'
[0.294s] Level 5:colcon.colcon_core.verb:set package 'turtle_high_controller' build argument 'catkin_skip_building_tests' from command line to 'False'
[0.294s] DEBUG:colcon.colcon_core.verb:Building package 'turtle_high_controller' with the following arguments: {'ament_cmake_args': None, 'build_base': '/home/qianlab/single_turtle_workspace/build/turtle_high_controller', 'catkin_cmake_args': None, 'catkin_skip_building_tests': False, 'cmake_args': None, 'cmake_clean_cache': False, 'cmake_clean_first': False, 'cmake_force_configure': False, 'cmake_target': None, 'cmake_target_skip_unavailable': False, 'install_base': '/home/qianlab/single_turtle_workspace/install/turtle_high_controller', 'merge_install': False, 'path': '/home/qianlab/single_turtle_workspace/dependencies/traveler_controller', 'symlink_install': False, 'test_result_base': None}
[0.294s] INFO:colcon.colcon_core.executor:Executing jobs using 'parallel' executor
[0.295s] DEBUG:colcon.colcon_parallel_executor.executor.parallel:run_until_complete
[0.295s] INFO:colcon.colcon_ros.task.ament_cmake.build:Building ROS package in '/home/qianlab/single_turtle_workspace/dependencies/traveler_msgs' with build type 'ament_cmake'
[0.295s] INFO:colcon.colcon_cmake.task.cmake.build:Building CMake package in '/home/qianlab/single_turtle_workspace/dependencies/traveler_msgs'
[0.297s] INFO:colcon.colcon_core.plugin_system:Skipping extension 'colcon_core.shell.bat': Not used on non-Windows systems
[0.297s] INFO:colcon.colcon_core.shell:Skip shell extension 'powershell' for command environment: Not usable outside of PowerShell
[0.297s] DEBUG:colcon.colcon_core.shell:Skip shell extension 'dsv' for command environment
[0.305s] DEBUG:colcon.colcon_core.event_handler.log_command:Invoking command in '/home/qianlab/single_turtle_workspace/build/traveler_msgs': CMAKE_PREFIX_PATH=/opt/ros/foxy CONDA_PROMPT_MODIFIER=(base) /usr/bin/cmake --build /home/qianlab/single_turtle_workspace/build/traveler_msgs -- -j12 -l12
[0.447s] DEBUG:colcon.colcon_core.event_handler.log_command:Invoked command in '/home/qianlab/single_turtle_workspace/build/traveler_msgs' returned '0': CMAKE_PREFIX_PATH=/opt/ros/foxy CONDA_PROMPT_MODIFIER=(base) /usr/bin/cmake --build /home/qianlab/single_turtle_workspace/build/traveler_msgs -- -j12 -l12
[0.516s] DEBUG:colcon.colcon_core.event_handler.log_command:Invoking command in '/home/qianlab/single_turtle_workspace/build/traveler_msgs': CMAKE_PREFIX_PATH=/opt/ros/foxy CONDA_PROMPT_MODIFIER=(base) /usr/bin/cmake --install /home/qianlab/single_turtle_workspace/build/traveler_msgs
[0.555s] Level 1:colcon.colcon_core.environment:create_environment_scripts_only(traveler_msgs)
[0.555s] DEBUG:colcon.colcon_core.event_handler.log_command:Invoked command in '/home/qianlab/single_turtle_workspace/build/traveler_msgs' returned '0': CMAKE_PREFIX_PATH=/opt/ros/foxy CONDA_PROMPT_MODIFIER=(base) /usr/bin/cmake --install /home/qianlab/single_turtle_workspace/build/traveler_msgs
[0.557s] Level 1:colcon.colcon_core.environment:checking '/home/qianlab/single_turtle_workspace/install/traveler_msgs' for CMake module files
[0.558s] Level 1:colcon.colcon_core.environment:checking '/home/qianlab/single_turtle_workspace/install/traveler_msgs' for CMake config files
[0.558s] Level 1:colcon.colcon_core.shell:create_environment_hook('traveler_msgs', 'cmake_prefix_path')
[0.559s] INFO:colcon.colcon_core.shell:Creating environment hook '/home/qianlab/single_turtle_workspace/install/traveler_msgs/share/traveler_msgs/hook/cmake_prefix_path.ps1'
[0.559s] INFO:colcon.colcon_core.shell:Creating environment descriptor '/home/qianlab/single_turtle_workspace/install/traveler_msgs/share/traveler_msgs/hook/cmake_prefix_path.dsv'
[0.560s] INFO:colcon.colcon_core.shell:Creating environment hook '/home/qianlab/single_turtle_workspace/install/traveler_msgs/share/traveler_msgs/hook/cmake_prefix_path.sh'
[0.561s] Level 1:colcon.colcon_core.environment:checking '/home/qianlab/single_turtle_workspace/install/traveler_msgs/lib'
[0.561s] Level 1:colcon.colcon_core.shell:create_environment_hook('traveler_msgs', 'ld_library_path_lib')
[0.561s] INFO:colcon.colcon_core.shell:Creating environment hook '/home/qianlab/single_turtle_workspace/install/traveler_msgs/share/traveler_msgs/hook/ld_library_path_lib.ps1'
[0.561s] INFO:colcon.colcon_core.shell:Creating environment descriptor '/home/qianlab/single_turtle_workspace/install/traveler_msgs/share/traveler_msgs/hook/ld_library_path_lib.dsv'
[0.561s] INFO:colcon.colcon_core.shell:Creating environment hook '/home/qianlab/single_turtle_workspace/install/traveler_msgs/share/traveler_msgs/hook/ld_library_path_lib.sh'
[0.562s] Level 1:colcon.colcon_core.environment:checking '/home/qianlab/single_turtle_workspace/install/traveler_msgs/bin'
[0.562s] Level 1:colcon.colcon_core.environment:checking '/home/qianlab/single_turtle_workspace/install/traveler_msgs/lib/pkgconfig/traveler_msgs.pc'
[0.562s] Level 1:colcon.colcon_core.environment:checking '/home/qianlab/single_turtle_workspace/install/traveler_msgs/lib/python3.8/site-packages'
[0.562s] Level 1:colcon.colcon_core.shell:create_environment_hook('traveler_msgs', 'pythonpath')
[0.562s] INFO:colcon.colcon_core.shell:Creating environment hook '/home/qianlab/single_turtle_workspace/install/traveler_msgs/share/traveler_msgs/hook/pythonpath.ps1'
[0.562s] INFO:colcon.colcon_core.shell:Creating environment descriptor '/home/qianlab/single_turtle_workspace/install/traveler_msgs/share/traveler_msgs/hook/pythonpath.dsv'
[0.562s] INFO:colcon.colcon_core.shell:Creating environment hook '/home/qianlab/single_turtle_workspace/install/traveler_msgs/share/traveler_msgs/hook/pythonpath.sh'
[0.563s] Level 1:colcon.colcon_core.environment:checking '/home/qianlab/single_turtle_workspace/install/traveler_msgs/bin'
[0.563s] INFO:colcon.colcon_core.shell:Creating package script '/home/qianlab/single_turtle_workspace/install/traveler_msgs/share/traveler_msgs/package.ps1'
[0.563s] INFO:colcon.colcon_core.shell:Creating package descriptor '/home/qianlab/single_turtle_workspace/install/traveler_msgs/share/traveler_msgs/package.dsv'
[0.563s] INFO:colcon.colcon_core.shell:Creating package script '/home/qianlab/single_turtle_workspace/install/traveler_msgs/share/traveler_msgs/package.sh'
[0.564s] INFO:colcon.colcon_core.shell:Creating package script '/home/qianlab/single_turtle_workspace/install/traveler_msgs/share/traveler_msgs/package.bash'
[0.564s] INFO:colcon.colcon_core.shell:Creating package script '/home/qianlab/single_turtle_workspace/install/traveler_msgs/share/traveler_msgs/package.zsh'
[0.564s] Level 1:colcon.colcon_core.environment:create_file_with_runtime_dependencies(/home/qianlab/single_turtle_workspace/install/traveler_msgs/share/colcon-core/packages/traveler_msgs)
[0.624s] Level 1:colcon.colcon_core.environment:create_environment_scripts_only(traveler_msgs)
[0.625s] Level 1:colcon.colcon_core.environment:checking '/home/qianlab/single_turtle_workspace/install/traveler_msgs' for CMake module files
[0.625s] Level 1:colcon.colcon_core.environment:checking '/home/qianlab/single_turtle_workspace/install/traveler_msgs' for CMake config files
[0.626s] Level 1:colcon.colcon_core.shell:create_environment_hook('traveler_msgs', 'cmake_prefix_path')
[0.626s] INFO:colcon.colcon_core.shell:Creating environment hook '/home/qianlab/single_turtle_workspace/install/traveler_msgs/share/traveler_msgs/hook/cmake_prefix_path.ps1'
[0.627s] INFO:colcon.colcon_core.shell:Creating environment descriptor '/home/qianlab/single_turtle_workspace/install/traveler_msgs/share/traveler_msgs/hook/cmake_prefix_path.dsv'
[0.627s] INFO:colcon.colcon_core.shell:Creating environment hook '/home/qianlab/single_turtle_workspace/install/traveler_msgs/share/traveler_msgs/hook/cmake_prefix_path.sh'
[0.628s] Level 1:colcon.colcon_core.environment:checking '/home/qianlab/single_turtle_workspace/install/traveler_msgs/lib'
[0.628s] Level 1:colcon.colcon_core.shell:create_environment_hook('traveler_msgs', 'ld_library_path_lib')
[0.628s] INFO:colcon.colcon_core.shell:Creating environment hook '/home/qianlab/single_turtle_workspace/install/traveler_msgs/share/traveler_msgs/hook/ld_library_path_lib.ps1'
[0.629s] INFO:colcon.colcon_core.shell:Creating environment descriptor '/home/qianlab/single_turtle_workspace/install/traveler_msgs/share/traveler_msgs/hook/ld_library_path_lib.dsv'
[0.629s] INFO:colcon.colcon_core.shell:Creating environment hook '/home/qianlab/single_turtle_workspace/install/traveler_msgs/share/traveler_msgs/hook/ld_library_path_lib.sh'
[0.629s] Level 1:colcon.colcon_core.environment:checking '/home/qianlab/single_turtle_workspace/install/traveler_msgs/bin'
[0.629s] Level 1:colcon.colcon_core.environment:checking '/home/qianlab/single_turtle_workspace/install/traveler_msgs/lib/pkgconfig/traveler_msgs.pc'
[0.630s] Level 1:colcon.colcon_core.environment:checking '/home/qianlab/single_turtle_workspace/install/traveler_msgs/lib/python3.8/site-packages'
[0.630s] Level 1:colcon.colcon_core.shell:create_environment_hook('traveler_msgs', 'pythonpath')
[0.630s] INFO:colcon.colcon_core.shell:Creating environment hook '/home/qianlab/single_turtle_workspace/install/traveler_msgs/share/traveler_msgs/hook/pythonpath.ps1'
[0.630s] INFO:colcon.colcon_core.shell:Creating environment descriptor '/home/qianlab/single_turtle_workspace/install/traveler_msgs/share/traveler_msgs/hook/pythonpath.dsv'
[0.631s] INFO:colcon.colcon_core.shell:Creating environment hook '/home/qianlab/single_turtle_workspace/install/traveler_msgs/share/traveler_msgs/hook/pythonpath.sh'
[0.631s] Level 1:colcon.colcon_core.environment:checking '/home/qianlab/single_turtle_workspace/install/traveler_msgs/bin'
[0.632s] INFO:colcon.colcon_core.shell:Creating package script '/home/qianlab/single_turtle_workspace/install/traveler_msgs/share/traveler_msgs/package.ps1'
[0.632s] INFO:colcon.colcon_core.shell:Creating package descriptor '/home/qianlab/single_turtle_workspace/install/traveler_msgs/share/traveler_msgs/package.dsv'
[0.633s] INFO:colcon.colcon_core.shell:Creating package script '/home/qianlab/single_turtle_workspace/install/traveler_msgs/share/traveler_msgs/package.sh'
[0.633s] INFO:colcon.colcon_core.shell:Creating package script '/home/qianlab/single_turtle_workspace/install/traveler_msgs/share/traveler_msgs/package.bash'
[0.633s] INFO:colcon.colcon_core.shell:Creating package script '/home/qianlab/single_turtle_workspace/install/traveler_msgs/share/traveler_msgs/package.zsh'
[0.634s] Level 1:colcon.colcon_core.environment:create_file_with_runtime_dependencies(/home/qianlab/single_turtle_workspace/install/traveler_msgs/share/colcon-core/packages/traveler_msgs)
[0.634s] INFO:colcon.colcon_ros.task.ament_cmake.build:Building ROS package in '/home/qianlab/single_turtle_workspace/dependencies/traveler_controller' with build type 'ament_cmake'
[0.634s] INFO:colcon.colcon_cmake.task.cmake.build:Building CMake package in '/home/qianlab/single_turtle_workspace/dependencies/traveler_controller'
[0.634s] INFO:colcon.colcon_core.shell:Skip shell extension 'powershell' for command environment: Not usable outside of PowerShell
[0.635s] DEBUG:colcon.colcon_core.shell:Skip shell extension 'dsv' for command environment
[0.645s] DEBUG:colcon.colcon_core.event_handler.log_command:Invoking command in '/home/qianlab/single_turtle_workspace/build/turtle_high_controller': AMENT_PREFIX_PATH=/home/qianlab/single_turtle_workspace/install/traveler_msgs:${AMENT_PREFIX_PATH} CMAKE_PREFIX_PATH=/home/qianlab/single_turtle_workspace/install/traveler_msgs:/opt/ros/foxy CONDA_PROMPT_MODIFIER=(base) LD_LIBRARY_PATH=/home/qianlab/single_turtle_workspace/install/traveler_msgs/lib:${LD_LIBRARY_PATH} PYTHONPATH=/home/qianlab/single_turtle_workspace/install/traveler_msgs/lib/python3.8/site-packages:${PYTHONPATH} /usr/bin/cmake --build /home/qianlab/single_turtle_workspace/build/turtle_high_controller -- -j12 -l12
[1.274s] DEBUG:colcon.colcon_core.event_handler.log_command:Invoked command in '/home/qianlab/single_turtle_workspace/build/turtle_high_controller' returned '0': AMENT_PREFIX_PATH=/home/qianlab/single_turtle_workspace/install/traveler_msgs:${AMENT_PREFIX_PATH} CMAKE_PREFIX_PATH=/home/qianlab/single_turtle_workspace/install/traveler_msgs:/opt/ros/foxy CONDA_PROMPT_MODIFIER=(base) LD_LIBRARY_PATH=/home/qianlab/single_turtle_workspace/install/traveler_msgs/lib:${LD_LIBRARY_PATH} PYTHONPATH=/home/qianlab/single_turtle_workspace/install/traveler_msgs/lib/python3.8/site-packages:${PYTHONPATH} /usr/bin/cmake --build /home/qianlab/single_turtle_workspace/build/turtle_high_controller -- -j12 -l12
[1.297s] DEBUG:colcon.colcon_core.event_handler.log_command:Invoking command in '/home/qianlab/single_turtle_workspace/build/turtle_high_controller': AMENT_PREFIX_PATH=/home/qianlab/single_turtle_workspace/install/traveler_msgs:${AMENT_PREFIX_PATH} CMAKE_PREFIX_PATH=/home/qianlab/single_turtle_workspace/install/traveler_msgs:/opt/ros/foxy CONDA_PROMPT_MODIFIER=(base) LD_LIBRARY_PATH=/home/qianlab/single_turtle_workspace/install/traveler_msgs/lib:${LD_LIBRARY_PATH} PYTHONPATH=/home/qianlab/single_turtle_workspace/install/traveler_msgs/lib/python3.8/site-packages:${PYTHONPATH} /usr/bin/cmake --install /home/qianlab/single_turtle_workspace/build/turtle_high_controller
[1.314s] Level 1:colcon.colcon_core.environment:create_environment_scripts_only(turtle_high_controller)
[1.314s] Level 1:colcon.colcon_core.environment:checking '/home/qianlab/single_turtle_workspace/install/turtle_high_controller' for CMake module files
[1.315s] DEBUG:colcon.colcon_core.event_handler.log_command:Invoked command in '/home/qianlab/single_turtle_workspace/build/turtle_high_controller' returned '0': AMENT_PREFIX_PATH=/home/qianlab/single_turtle_workspace/install/traveler_msgs:${AMENT_PREFIX_PATH} CMAKE_PREFIX_PATH=/home/qianlab/single_turtle_workspace/install/traveler_msgs:/opt/ros/foxy CONDA_PROMPT_MODIFIER=(base) LD_LIBRARY_PATH=/home/qianlab/single_turtle_workspace/install/traveler_msgs/lib:${LD_LIBRARY_PATH} PYTHONPATH=/home/qianlab/single_turtle_workspace/install/traveler_msgs/lib/python3.8/site-packages:${PYTHONPATH} /usr/bin/cmake --install /home/qianlab/single_turtle_workspace/build/turtle_high_controller
[1.315s] Level 1:colcon.colcon_core.environment:checking '/home/qianlab/single_turtle_workspace/install/turtle_high_controller' for CMake config files
[1.315s] Level 1:colcon.colcon_core.shell:create_environment_hook('turtle_high_controller', 'cmake_prefix_path')
[1.316s] INFO:colcon.colcon_core.shell:Creating environment hook '/home/qianlab/single_turtle_workspace/install/turtle_high_controller/share/turtle_high_controller/hook/cmake_prefix_path.ps1'
[1.316s] INFO:colcon.colcon_core.shell:Creating environment descriptor '/home/qianlab/single_turtle_workspace/install/turtle_high_controller/share/turtle_high_controller/hook/cmake_prefix_path.dsv'
[1.317s] INFO:colcon.colcon_core.shell:Creating environment hook '/home/qianlab/single_turtle_workspace/install/turtle_high_controller/share/turtle_high_controller/hook/cmake_prefix_path.sh'
[1.317s] Level 1:colcon.colcon_core.environment:checking '/home/qianlab/single_turtle_workspace/install/turtle_high_controller/lib'
[1.317s] Level 1:colcon.colcon_core.environment:checking '/home/qianlab/single_turtle_workspace/install/turtle_high_controller/bin'
[1.317s] Level 1:colcon.colcon_core.environment:checking '/home/qianlab/single_turtle_workspace/install/turtle_high_controller/lib/pkgconfig/turtle_high_controller.pc'
[1.318s] Level 1:colcon.colcon_core.environment:checking '/home/qianlab/single_turtle_workspace/install/turtle_high_controller/lib/python3.8/site-packages'
[1.318s] Level 1:colcon.colcon_core.environment:checking '/home/qianlab/single_turtle_workspace/install/turtle_high_controller/bin'
[1.318s] INFO:colcon.colcon_core.shell:Creating package script '/home/qianlab/single_turtle_workspace/install/turtle_high_controller/share/turtle_high_controller/package.ps1'
[1.318s] INFO:colcon.colcon_core.shell:Creating package descriptor '/home/qianlab/single_turtle_workspace/install/turtle_high_controller/share/turtle_high_controller/package.dsv'
[1.318s] INFO:colcon.colcon_core.shell:Creating package script '/home/qianlab/single_turtle_workspace/install/turtle_high_controller/share/turtle_high_controller/package.sh'
[1.318s] INFO:colcon.colcon_core.shell:Creating package script '/home/qianlab/single_turtle_workspace/install/turtle_high_controller/share/turtle_high_controller/package.bash'
[1.318s] INFO:colcon.colcon_core.shell:Creating package script '/home/qianlab/single_turtle_workspace/install/turtle_high_controller/share/turtle_high_controller/package.zsh'
[1.319s] Level 1:colcon.colcon_core.environment:create_file_with_runtime_dependencies(/home/qianlab/single_turtle_workspace/install/turtle_high_controller/share/colcon-core/packages/turtle_high_controller)
[1.340s] Level 1:colcon.colcon_core.environment:create_environment_scripts_only(turtle_high_controller)
[1.340s] Level 1:colcon.colcon_core.environment:checking '/home/qianlab/single_turtle_workspace/install/turtle_high_controller' for CMake module files
[1.341s] Level 1:colcon.colcon_core.environment:checking '/home/qianlab/single_turtle_workspace/install/turtle_high_controller' for CMake config files
[1.341s] Level 1:colcon.colcon_core.shell:create_environment_hook('turtle_high_controller', 'cmake_prefix_path')
[1.341s] INFO:colcon.colcon_core.shell:Creating environment hook '/home/qianlab/single_turtle_workspace/install/turtle_high_controller/share/turtle_high_controller/hook/cmake_prefix_path.ps1'
[1.341s] INFO:colcon.colcon_core.shell:Creating environment descriptor '/home/qianlab/single_turtle_workspace/install/turtle_high_controller/share/turtle_high_controller/hook/cmake_prefix_path.dsv'
[1.342s] INFO:colcon.colcon_core.shell:Creating environment hook '/home/qianlab/single_turtle_workspace/install/turtle_high_controller/share/turtle_high_controller/hook/cmake_prefix_path.sh'
[1.342s] Level 1:colcon.colcon_core.environment:checking '/home/qianlab/single_turtle_workspace/install/turtle_high_controller/lib'
[1.342s] Level 1:colcon.colcon_core.environment:checking '/home/qianlab/single_turtle_workspace/install/turtle_high_controller/bin'
[1.342s] Level 1:colcon.colcon_core.environment:checking '/home/qianlab/single_turtle_workspace/install/turtle_high_controller/lib/pkgconfig/turtle_high_controller.pc'
[1.342s] Level 1:colcon.colcon_core.environment:checking '/home/qianlab/single_turtle_workspace/install/turtle_high_controller/lib/python3.8/site-packages'
[1.342s] Level 1:colcon.colcon_core.environment:checking '/home/qianlab/single_turtle_workspace/install/turtle_high_controller/bin'
[1.343s] INFO:colcon.colcon_core.shell:Creating package script '/home/qianlab/single_turtle_workspace/install/turtle_high_controller/share/turtle_high_controller/package.ps1'
[1.343s] INFO:colcon.colcon_core.shell:Creating package descriptor '/home/qianlab/single_turtle_workspace/install/turtle_high_controller/share/turtle_high_controller/package.dsv'
[1.343s] INFO:colcon.colcon_core.shell:Creating package script '/home/qianlab/single_turtle_workspace/install/turtle_high_controller/share/turtle_high_controller/package.sh'
[1.343s] INFO:colcon.colcon_core.shell:Creating package script '/home/qianlab/single_turtle_workspace/install/turtle_high_controller/share/turtle_high_controller/package.bash'
[1.343s] INFO:colcon.colcon_core.shell:Creating package script '/home/qianlab/single_turtle_workspace/install/turtle_high_controller/share/turtle_high_controller/package.zsh'
[1.344s] Level 1:colcon.colcon_core.environment:create_file_with_runtime_dependencies(/home/qianlab/single_turtle_workspace/install/turtle_high_controller/share/colcon-core/packages/turtle_high_controller)
[1.344s] DEBUG:colcon.colcon_parallel_executor.executor.parallel:closing loop
[1.344s] DEBUG:colcon.colcon_parallel_executor.executor.parallel:loop closed
[1.344s] DEBUG:colcon.colcon_parallel_executor.executor.parallel:run_until_complete finished with '0'
[1.344s] DEBUG:colcon.colcon_core.event_reactor:joining thread
[1.348s] INFO:colcon.colcon_core.plugin_system:Skipping extension 'colcon_notification.desktop_notification.terminal_notifier': Not used on non-Darwin systems
[1.348s] INFO:colcon.colcon_core.plugin_system:Skipping extension 'colcon_notification.desktop_notification.win32': Not used on non-Windows systems
[1.348s] INFO:colcon.colcon_notification.desktop_notification:Sending desktop notification using 'notify2'
[1.359s] DEBUG:colcon.colcon_core.event_reactor:joined thread
[1.359s] INFO:colcon.colcon_core.shell:Creating prefix script '/home/qianlab/single_turtle_workspace/install/local_setup.ps1'
[1.360s] INFO:colcon.colcon_core.shell:Creating prefix util module '/home/qianlab/single_turtle_workspace/install/_local_setup_util_ps1.py'
[1.361s] INFO:colcon.colcon_core.shell:Creating prefix chain script '/home/qianlab/single_turtle_workspace/install/setup.ps1'
[1.361s] INFO:colcon.colcon_core.shell:Creating prefix script '/home/qianlab/single_turtle_workspace/install/local_setup.sh'
[1.361s] INFO:colcon.colcon_core.shell:Creating prefix util module '/home/qianlab/single_turtle_workspace/install/_local_setup_util_sh.py'
[1.362s] INFO:colcon.colcon_core.shell:Creating prefix chain script '/home/qianlab/single_turtle_workspace/install/setup.sh'
[1.362s] INFO:colcon.colcon_core.shell:Creating prefix script '/home/qianlab/single_turtle_workspace/install/local_setup.bash'
[1.363s] INFO:colcon.colcon_core.shell:Creating prefix chain script '/home/qianlab/single_turtle_workspace/install/setup.bash'
[1.364s] INFO:colcon.colcon_core.shell:Creating prefix script '/home/qianlab/single_turtle_workspace/install/local_setup.zsh'
[1.365s] INFO:colcon.colcon_core.shell:Creating prefix chain script '/home/qianlab/single_turtle_workspace/install/setup.zsh'
