/home/qianlab/.local/lib/python3.8/site-packages/setuptools/dist.py:495: SetuptoolsDeprecationWarning: Invalid dash-separated options
!!

        ********************************************************************************
        Usage of dash-separated 'script-dir' will not be supported in future
        versions. Please use the underscore name 'script_dir' instead.

        This deprecation is overdue, please update your project and remove deprecated
        calls to avoid build errors in the future.

        See https://setuptools.pypa.io/en/latest/userguide/declarative_config.html for details.
        ********************************************************************************

!!
  opt = self.warn_dash_deprecation(opt, section)
/home/qianlab/.local/lib/python3.8/site-packages/setuptools/_distutils/dist.py:261: UserWarning: Unknown distribution option: 'tests_require'
  warnings.warn(msg)
Traceback (most recent call last):
  File "setup.py", line 5, in <module>
    setup(
  File "/home/qianlab/.local/lib/python3.8/site-packages/setuptools/__init__.py", line 117, in setup
    return distutils.core.setup(**attrs)
  File "/home/qianlab/.local/lib/python3.8/site-packages/setuptools/_distutils/core.py", line 183, in setup
    return run_commands(dist)
  File "/home/qianlab/.local/lib/python3.8/site-packages/setuptools/_distutils/core.py", line 199, in run_commands
    dist.run_commands()
  File "/home/qianlab/.local/lib/python3.8/site-packages/setuptools/_distutils/dist.py", line 954, in run_commands
    self.run_command(cmd)
  File "/home/qianlab/.local/lib/python3.8/site-packages/setuptools/dist.py", line 999, in run_command
    super().run_command(command)
  File "/home/qianlab/.local/lib/python3.8/site-packages/setuptools/_distutils/dist.py", line 973, in run_command
    cmd_obj.run()
  File "/home/qianlab/.local/lib/python3.8/site-packages/setuptools/command/egg_info.py", line 312, in run
    self.find_sources()
  File "/home/qianlab/.local/lib/python3.8/site-packages/setuptools/command/egg_info.py", line 320, in find_sources
    mm.run()
  File "/home/qianlab/.local/lib/python3.8/site-packages/setuptools/command/egg_info.py", line 546, in run
    self.prune_file_list()
  File "/home/qianlab/.local/lib/python3.8/site-packages/setuptools/command/sdist.py", line 162, in prune_file_list
    super().prune_file_list()
  File "/home/qianlab/.local/lib/python3.8/site-packages/setuptools/_distutils/command/sdist.py", line 380, in prune_file_list
    base_dir = self.distribution.get_fullname()
  File "/home/qianlab/.local/lib/python3.8/site-packages/setuptools/_core_metadata.py", line 267, in get_fullname
    return _distribution_fullname(self.get_name(), self.get_version())
  File "/home/qianlab/.local/lib/python3.8/site-packages/setuptools/_core_metadata.py", line 285, in _distribution_fullname
    canonicalize_version(version, strip_trailing_zero=False),
TypeError: canonicalize_version() got an unexpected keyword argument 'strip_trailing_zero'
