[0.778s] Invoking command in '/home/qianlab/single_turtle_workspace/highlevel/traveler_optitrack': PYTHONPATH=/home/qianlab/single_turtle_workspace/build/traveler_optitrack/prefix_override:/usr/lib/python3/dist-packages/colcon_core/task/python/colcon_distutils_commands:/home/qianlab/single_turtle_workspace/install/traveler_optitrack/lib/python3.8/site-packages:${PYTHONPATH} /usr/bin/python3 -W ignore:setup.py install is deprecated -W ignore:easy_install command is deprecated setup.py egg_info --egg-base ../../build/traveler_optitrack build --build-base /home/qianlab/single_turtle_workspace/build/traveler_optitrack/build install --record /home/qianlab/single_turtle_workspace/build/traveler_optitrack/install.log --install-scripts $base/lib/traveler_optitrack --single-version-externally-managed install_data
[0.919s] /home/qianlab/.local/lib/python3.8/site-packages/setuptools/dist.py:495: SetuptoolsDeprecationWarning: Invalid dash-separated options
[0.919s] !!
[0.919s] 
[0.919s]         ********************************************************************************
[0.919s]         Usage of dash-separated 'script-dir' will not be supported in future
[0.919s]         versions. Please use the underscore name 'script_dir' instead.
[0.919s] 
[0.919s]         This deprecation is overdue, please update your project and remove deprecated
[0.919s]         calls to avoid build errors in the future.
[0.920s] 
[0.920s]         See https://setuptools.pypa.io/en/latest/userguide/declarative_config.html for details.
[0.920s]         ********************************************************************************
[0.920s] 
[0.920s] !!
[0.920s]   opt = self.warn_dash_deprecation(opt, section)
[0.929s] /home/qianlab/.local/lib/python3.8/site-packages/setuptools/_distutils/dist.py:261: UserWarning: Unknown distribution option: 'tests_require'
[0.929s]   warnings.warn(msg)
[1.015s] running egg_info
[1.025s] writing ../../build/traveler_optitrack/traveler_optitrack.egg-info/PKG-INFO
[1.025s] writing dependency_links to ../../build/traveler_optitrack/traveler_optitrack.egg-info/dependency_links.txt
[1.026s] writing entry points to ../../build/traveler_optitrack/traveler_optitrack.egg-info/entry_points.txt
[1.026s] writing requirements to ../../build/traveler_optitrack/traveler_optitrack.egg-info/requires.txt
[1.026s] writing top-level names to ../../build/traveler_optitrack/traveler_optitrack.egg-info/top_level.txt
[1.148s] reading manifest file '../../build/traveler_optitrack/traveler_optitrack.egg-info/SOURCES.txt'
[1.149s] Traceback (most recent call last):
[1.149s]   File "setup.py", line 5, in <module>
[1.149s]     setup(
[1.149s]   File "/home/qianlab/.local/lib/python3.8/site-packages/setuptools/__init__.py", line 117, in setup
[1.149s]     return distutils.core.setup(**attrs)
[1.149s]   File "/home/qianlab/.local/lib/python3.8/site-packages/setuptools/_distutils/core.py", line 183, in setup
[1.150s]     return run_commands(dist)
[1.150s]   File "/home/qianlab/.local/lib/python3.8/site-packages/setuptools/_distutils/core.py", line 199, in run_commands
[1.150s]     dist.run_commands()
[1.150s]   File "/home/qianlab/.local/lib/python3.8/site-packages/setuptools/_distutils/dist.py", line 954, in run_commands
[1.150s]     self.run_command(cmd)
[1.150s]   File "/home/qianlab/.local/lib/python3.8/site-packages/setuptools/dist.py", line 999, in run_command
[1.150s]     super().run_command(command)
[1.150s]   File "/home/qianlab/.local/lib/python3.8/site-packages/setuptools/_distutils/dist.py", line 973, in run_command
[1.150s]     cmd_obj.run()
[1.150s]   File "/home/qianlab/.local/lib/python3.8/site-packages/setuptools/command/egg_info.py", line 312, in run
[1.150s]     self.find_sources()
[1.150s]   File "/home/qianlab/.local/lib/python3.8/site-packages/setuptools/command/egg_info.py", line 320, in find_sources
[1.150s]     mm.run()
[1.151s]   File "/home/qianlab/.local/lib/python3.8/site-packages/setuptools/command/egg_info.py", line 546, in run
[1.151s]     self.prune_file_list()
[1.151s]   File "/home/qianlab/.local/lib/python3.8/site-packages/setuptools/command/sdist.py", line 162, in prune_file_list
[1.151s]     super().prune_file_list()
[1.151s]   File "/home/qianlab/.local/lib/python3.8/site-packages/setuptools/_distutils/command/sdist.py", line 380, in prune_file_list
[1.151s]     base_dir = self.distribution.get_fullname()
[1.151s]   File "/home/qianlab/.local/lib/python3.8/site-packages/setuptools/_core_metadata.py", line 267, in get_fullname
[1.151s]     return _distribution_fullname(self.get_name(), self.get_version())
[1.151s]   File "/home/qianlab/.local/lib/python3.8/site-packages/setuptools/_core_metadata.py", line 285, in _distribution_fullname
[1.151s]     canonicalize_version(version, strip_trailing_zero=False),
[1.151s] TypeError: canonicalize_version() got an unexpected keyword argument 'strip_trailing_zero'
[1.175s] Invoked command in '/home/qianlab/single_turtle_workspace/highlevel/traveler_optitrack' returned '1': PYTHONPATH=/home/qianlab/single_turtle_workspace/build/traveler_optitrack/prefix_override:/usr/lib/python3/dist-packages/colcon_core/task/python/colcon_distutils_commands:/home/qianlab/single_turtle_workspace/install/traveler_optitrack/lib/python3.8/site-packages:${PYTHONPATH} /usr/bin/python3 -W ignore:setup.py install is deprecated -W ignore:easy_install command is deprecated setup.py egg_info --egg-base ../../build/traveler_optitrack build --build-base /home/qianlab/single_turtle_workspace/build/traveler_optitrack/build install --record /home/qianlab/single_turtle_workspace/build/traveler_optitrack/install.log --install-scripts $base/lib/traveler_optitrack --single-version-externally-managed install_data
