[0.011s] Invoking command in '/home/qianlab/single_turtle_workspace/build/turtle_high_controller': AMENT_PREFIX_PATH=/home/qianlab/single_turtle_workspace/install/traveler_msgs:${AMENT_PREFIX_PATH} CMAKE_PREFIX_PATH=/home/qianlab/single_turtle_workspace/install/traveler_msgs:/home/qianlab/lassie-traveler/dependencies/install/traveler_high_controller:/home/qianlab/lassie-traveler/dependencies/install/traveler_msgs:/opt/ros/foxy LD_LIBRARY_PATH=/home/qianlab/single_turtle_workspace/install/traveler_msgs/lib:${LD_LIBRARY_PATH} PYTHONPATH=/home/qianlab/single_turtle_workspace/install/traveler_msgs/lib/python3.8/site-packages:${PYTHONPATH} /usr/bin/cmake --build /home/qianlab/single_turtle_workspace/build/turtle_high_controller -- -j12 -l12
[0.050s] [35m[1mScanning dependencies of target odrive_can_interface[0m
[0.052s] [35m[1mScanning dependencies of target turtle_high_controller[0m
[0.076s] [  7%] [32mBuilding CXX object CMakeFiles/odrive_can_interface.dir/src/can_driver/odrive_can.cpp.o[0m
[0.076s] [ 14%] [32mBuilding CXX object CMakeFiles/odrive_can_interface.dir/src/can_driver/can_driver.cpp.o[0m
[0.100s] [ 21%] [32mBuilding CXX object CMakeFiles/turtle_high_controller.dir/src/proxy/lowerproxy.cpp.o[0m
[0.101s] [ 28%] [32mBuilding CXX object CMakeFiles/turtle_high_controller.dir/src/can_driver/can_driver.cpp.o[0m
[0.101s] [ 42%] [32mBuilding CXX object CMakeFiles/turtle_high_controller.dir/src/controller/trajectories_parser.cpp.o[0m
[0.101s] [ 42%] [32mBuilding CXX object CMakeFiles/turtle_high_controller.dir/src/controller/Inverse_kinematics.cpp.o[0m
[0.101s] [ 50%] [32mBuilding CXX object CMakeFiles/turtle_high_controller.dir/src/main.cpp.o[0m
[0.101s] [ 57%] [32mBuilding CXX object CMakeFiles/turtle_high_controller.dir/src/proxy/upperproxy.cpp.o[0m
[0.168s] [01m[K/home/qianlab/single_turtle_workspace/dependencies/traveler_controller/src/controller/trajectories_parser.cpp:5:10:[m[K [01;31m[Kfatal error: [m[Kcontrol_data.h: No such file or directory
[0.168s]     5 | #include [01;31m[K"control_data.h"[m[K
[0.168s]       |          [01;31m[K^~~~~~~~~~~~~~~~[m[K
[0.168s] compilation terminated.
[0.173s] make[2]: *** [CMakeFiles/turtle_high_controller.dir/build.make:89: CMakeFiles/turtle_high_controller.dir/src/controller/trajectories_parser.cpp.o] Error 1
[0.174s] make[2]: *** Waiting for unfinished jobs....
[0.401s] [01m[K/home/qianlab/single_turtle_workspace/dependencies/traveler_controller/src/controller/Inverse_kinematics.cpp:[m[K In function ‘[01m[Kvoid getGamma(float, float&)[m[K’:
[0.402s] [01m[K/home/qianlab/single_turtle_workspace/dependencies/traveler_controller/src/controller/Inverse_kinematics.cpp:26:47:[m[K [01;31m[Kerror: [m[K‘[01m[KL3[m[K’ was not declared in this scope; did you mean ‘[01m[KL[m[K’?
[0.402s]    26 |     gamma = static_cast<float>(acosf((pow(L - [01;31m[KL3[m[K, 2) + L1 * L1 - L2 * L2) / (2 * L1 * (L - L3))));
[0.402s]       |                                               [01;31m[K^~[m[K
[0.402s]       |                                               [32m[KL[m[K
[0.402s] [01m[K/home/qianlab/single_turtle_workspace/dependencies/traveler_controller/src/controller/Inverse_kinematics.cpp:26:56:[m[K [01;31m[Kerror: [m[K‘[01m[KL1[m[K’ was not declared in this scope; did you mean ‘[01m[KL[m[K’?
[0.402s]    26 |     gamma = static_cast<float>(acosf((pow(L - L3, 2) + [01;31m[KL1[m[K * L1 - L2 * L2) / (2 * L1 * (L - L3))));
[0.402s]       |                                                        [01;31m[K^~[m[K
[0.402s]       |                                                        [32m[KL[m[K
[0.402s] [01m[K/home/qianlab/single_turtle_workspace/dependencies/traveler_controller/src/controller/Inverse_kinematics.cpp:26:66:[m[K [01;31m[Kerror: [m[K‘[01m[KL2[m[K’ was not declared in this scope; did you mean ‘[01m[KL[m[K’?
[0.402s]    26 |     gamma = static_cast<float>(acosf((pow(L - L3, 2) + L1 * L1 - [01;31m[KL2[m[K * L2) / (2 * L1 * (L - L3))));
[0.403s]       |                                                                  [01;31m[K^~[m[K
[0.403s]       |                                                                  [32m[KL[m[K
[0.403s] [01m[K/home/qianlab/single_turtle_workspace/dependencies/traveler_controller/src/controller/Inverse_kinematics.cpp:[m[K In function ‘[01m[Kvoid physicalToAbstract(float, float, float&, float&, float&)[m[K’:
[0.403s] [01m[K/home/qianlab/single_turtle_workspace/dependencies/traveler_controller/src/controller/Inverse_kinematics.cpp:54:47:[m[K [01;31m[Kerror: [m[K‘[01m[KL3[m[K’ was not declared in this scope; did you mean ‘[01m[KL[m[K’?
[0.404s]    54 |     gamma = static_cast<float>(acosf((pow(L - [01;31m[KL3[m[K, 2) + L1 * L1 - L2 * L2) / (2 * L1 * (L - L3))));
[0.404s]       |                                               [01;31m[K^~[m[K
[0.404s]       |                                               [32m[KL[m[K
[0.404s] [01m[K/home/qianlab/single_turtle_workspace/dependencies/traveler_controller/src/controller/Inverse_kinematics.cpp:54:56:[m[K [01;31m[Kerror: [m[K‘[01m[KL1[m[K’ was not declared in this scope; did you mean ‘[01m[KL[m[K’?
[0.404s]    54 |     gamma = static_cast<float>(acosf((pow(L - L3, 2) + [01;31m[KL1[m[K * L1 - L2 * L2) / (2 * L1 * (L - L3))));
[0.404s]       |                                                        [01;31m[K^~[m[K
[0.404s]       |                                                        [32m[KL[m[K
[0.404s] [01m[K/home/qianlab/single_turtle_workspace/dependencies/traveler_controller/src/controller/Inverse_kinematics.cpp:54:66:[m[K [01;31m[Kerror: [m[K‘[01m[KL2[m[K’ was not declared in this scope; did you mean ‘[01m[KL[m[K’?
[0.404s]    54 |     gamma = static_cast<float>(acosf((pow(L - L3, 2) + L1 * L1 - [01;31m[KL2[m[K * L2) / (2 * L1 * (L - L3))));
[0.405s]       |                                                                  [01;31m[K^~[m[K
[0.405s]       |                                                                  [32m[KL[m[K
[0.405s] [01m[K/home/qianlab/single_turtle_workspace/dependencies/traveler_controller/src/controller/Inverse_kinematics.cpp:[m[K In function ‘[01m[Kvoid physicalToAbstract(float, float, float&, float&, bool)[m[K’:
[0.405s] [01m[K/home/qianlab/single_turtle_workspace/dependencies/traveler_controller/src/controller/Inverse_kinematics.cpp:86:47:[m[K [01;31m[Kerror: [m[K‘[01m[KL3[m[K’ was not declared in this scope; did you mean ‘[01m[KL[m[K’?
[0.405s]    86 |     gamma = static_cast<float>(acosf((pow(L - [01;31m[KL3[m[K, 2) + L1 * L1 - L2 * L2) / (2 * L1 * (L - L3))));
[0.405s]       |                                               [01;31m[K^~[m[K
[0.405s]       |                                               [32m[KL[m[K
[0.405s] [01m[K/home/qianlab/single_turtle_workspace/dependencies/traveler_controller/src/controller/Inverse_kinematics.cpp:86:56:[m[K [01;31m[Kerror: [m[K‘[01m[KL1[m[K’ was not declared in this scope; did you mean ‘[01m[KL[m[K’?
[0.405s]    86 |     gamma = static_cast<float>(acosf((pow(L - L3, 2) + [01;31m[KL1[m[K * L1 - L2 * L2) / (2 * L1 * (L - L3))));
[0.405s]       |                                                        [01;31m[K^~[m[K
[0.406s]       |                                                        [32m[KL[m[K
[0.406s] [01m[K/home/qianlab/single_turtle_workspace/dependencies/traveler_controller/src/controller/Inverse_kinematics.cpp:86:66:[m[K [01;31m[Kerror: [m[K‘[01m[KL2[m[K’ was not declared in this scope; did you mean ‘[01m[KL[m[K’?
[0.406s]    86 |     gamma = static_cast<float>(acosf((pow(L - L3, 2) + L1 * L1 - [01;31m[KL2[m[K * L2) / (2 * L1 * (L - L3))));
[0.406s]       |                                                                  [01;31m[K^~[m[K
[0.406s]       |                                                                  [32m[KL[m[K
[0.408s] [01m[K/home/qianlab/single_turtle_workspace/dependencies/traveler_controller/src/controller/Inverse_kinematics.cpp:[m[K In function ‘[01m[Kbool clamp_XY(float&, float&, float)[m[K’:
[0.408s] [01m[K/home/qianlab/single_turtle_workspace/dependencies/traveler_controller/src/controller/Inverse_kinematics.cpp:194:14:[m[K [01;31m[Kerror: [m[K‘[01m[KMAX_EXT[m[K’ was not declared in this scope
[0.408s]   194 |     if (L > ([01;31m[KMAX_EXT[m[K)) {
[0.408s]       |              [01;31m[K^~~~~~~[m[K
[0.409s] [01m[K/home/qianlab/single_turtle_workspace/dependencies/traveler_controller/src/controller/Inverse_kinematics.cpp:198:21:[m[K [01;31m[Kerror: [m[K‘[01m[KMIN_EXT[m[K’ was not declared in this scope
[0.409s]   198 |     } else if (L < ([01;31m[KMIN_EXT[m[K)) {
[0.409s]       |                     [01;31m[K^~~~~~~[m[K
[0.409s] [01m[K/home/qianlab/single_turtle_workspace/dependencies/traveler_controller/src/controller/Inverse_kinematics.cpp:[m[K In function ‘[01m[Kbool clamp_XY(XY_pair&, float)[m[K’:
[0.409s] [01m[K/home/qianlab/single_turtle_workspace/dependencies/traveler_controller/src/controller/Inverse_kinematics.cpp:214:14:[m[K [01;31m[Kerror: [m[K‘[01m[KMAX_EXT[m[K’ was not declared in this scope
[0.409s]   214 |     if (L > ([01;31m[KMAX_EXT[m[K)) {
[0.409s]       |              [01;31m[K^~~~~~~[m[K
[0.410s] [01m[K/home/qianlab/single_turtle_workspace/dependencies/traveler_controller/src/controller/Inverse_kinematics.cpp:220:21:[m[K [01;31m[Kerror: [m[K‘[01m[KMIN_EXT[m[K’ was not declared in this scope
[0.410s]   220 |     } else if (L < ([01;31m[KMIN_EXT[m[K)) {
[0.410s]       |                     [01;31m[K^~~~~~~[m[K
[0.436s] [01m[K/home/qianlab/single_turtle_workspace/dependencies/traveler_controller/src/controller/Inverse_kinematics.cpp:[m[K In function ‘[01m[Kbool clamp_XY(float&, float&, float)[m[K’:
[0.437s] [01m[K/home/qianlab/single_turtle_workspace/dependencies/traveler_controller/src/controller/Inverse_kinematics.cpp:205:1:[m[K [01;35m[Kwarning: [m[Kcontrol reaches end of non-void function [[01;35m[K-Wreturn-type[m[K]
[0.437s]   205 | [01;35m[K}[m[K
[0.437s]       | [01;35m[K^[m[K
[0.437s] [01m[K/home/qianlab/single_turtle_workspace/dependencies/traveler_controller/src/controller/Inverse_kinematics.cpp:[m[K In function ‘[01m[Kbool clamp_XY(XY_pair&, float)[m[K’:
[0.437s] [01m[K/home/qianlab/single_turtle_workspace/dependencies/traveler_controller/src/controller/Inverse_kinematics.cpp:229:1:[m[K [01;35m[Kwarning: [m[Kcontrol reaches end of non-void function [[01;35m[K-Wreturn-type[m[K]
[0.437s]   229 | [01;35m[K}[m[K
[0.437s]       | [01;35m[K^[m[K
[0.443s] make[2]: *** [CMakeFiles/turtle_high_controller.dir/build.make:76: CMakeFiles/turtle_high_controller.dir/src/controller/Inverse_kinematics.cpp.o] Error 1
[1.856s] In file included from [01m[K/home/qianlab/single_turtle_workspace/dependencies/traveler_controller/include/main.h:13[m[K,
[1.856s]                  from [01m[K/home/qianlab/single_turtle_workspace/dependencies/traveler_controller/src/main.cpp:8[m[K:
[1.856s] [01m[K/home/qianlab/single_turtle_workspace/dependencies/traveler_controller/include/proxy/lowerproxy.h:97:17:[m[K [01;31m[Kerror: [m[K‘[01m[KTrajectoryPoint[m[K’ was not declared in this scope; did you mean ‘[01m[KTrajectoryData[m[K’?
[1.856s]    97 |     std::vector<[01;31m[KTrajectoryPoint[m[K> precomputed_;
[1.856s]       |                 [01;31m[K^~~~~~~~~~~~~~~[m[K
[1.856s]       |                 [32m[KTrajectoryData[m[K
[1.856s] [01m[K/home/qianlab/single_turtle_workspace/dependencies/traveler_controller/include/proxy/lowerproxy.h:97:32:[m[K [01;31m[Kerror: [m[Ktemplate argument 1 is invalid
[1.856s]    97 |     std::vector<TrajectoryPoint[01;31m[K>[m[K precomputed_;
[1.856s]       |                                [01;31m[K^[m[K
[1.856s] [01m[K/home/qianlab/single_turtle_workspace/dependencies/traveler_controller/include/proxy/lowerproxy.h:97:32:[m[K [01;31m[Kerror: [m[Ktemplate argument 2 is invalid
[1.877s] In file included from [01m[K/home/qianlab/single_turtle_workspace/dependencies/traveler_controller/src/proxy/lowerproxy.cpp:8[m[K:
[1.877s] [01m[K/home/qianlab/single_turtle_workspace/dependencies/traveler_controller/include/proxy/lowerproxy.h:97:17:[m[K [01;31m[Kerror: [m[K‘[01m[KTrajectoryPoint[m[K’ was not declared in this scope; did you mean ‘[01m[KTrajectoryData[m[K’?
[1.877s]    97 |     std::vector<[01;31m[KTrajectoryPoint[m[K> precomputed_;
[1.877s]       |                 [01;31m[K^~~~~~~~~~~~~~~[m[K
[1.877s]       |                 [32m[KTrajectoryData[m[K
[1.877s] [01m[K/home/qianlab/single_turtle_workspace/dependencies/traveler_controller/include/proxy/lowerproxy.h:97:32:[m[K [01;31m[Kerror: [m[Ktemplate argument 1 is invalid
[1.877s]    97 |     std::vector<TrajectoryPoint[01;31m[K>[m[K precomputed_;
[1.877s]       |                                [01;31m[K^[m[K
[1.877s] [01m[K/home/qianlab/single_turtle_workspace/dependencies/traveler_controller/include/proxy/lowerproxy.h:97:32:[m[K [01;31m[Kerror: [m[Ktemplate argument 2 is invalid
[1.895s] [01m[K/home/qianlab/single_turtle_workspace/dependencies/traveler_controller/src/main.cpp:19:54:[m[K [01;31m[Kerror: [m[K‘[01m[Kturtle_namespace::control::TrajectoriesParser::TrajectoriesParser()[m[K’ is private within this context
[1.895s]    19 | static turtle_namespace::control::TrajectoriesParser [01;31m[Ktraj[m[K;
[1.895s]       |                                                      [01;31m[K^~~~[m[K
[1.895s] In file included from [01m[K/home/qianlab/single_turtle_workspace/dependencies/traveler_controller/src/main.cpp:10[m[K:
[1.895s] [01m[K/home/qianlab/single_turtle_workspace/dependencies/traveler_controller/include/controller/trajectories_parser.h:94:5:[m[K [01;36m[Knote: [m[Kdeclared private here
[1.895s]    94 |     [01;36m[KTrajectoriesParser[m[K() = default;
[1.895s]       |     [01;36m[K^~~~~~~~~~~~~~~~~~[m[K
[1.954s] [01m[K/home/qianlab/single_turtle_workspace/dependencies/traveler_controller/src/proxy/lowerproxy.cpp:[m[K In member function ‘[01m[Kvoid turtle_namespace::control::lowerproxy::calculate_position(turtle&)[m[K’:
[1.954s] [01m[K/home/qianlab/single_turtle_workspace/dependencies/traveler_controller/src/proxy/lowerproxy.cpp:35:45:[m[K [01;35m[Kwarning: [m[Kunused parameter ‘[01m[Kturtle_[m[K’ [[01;35m[K-Wunused-parameter[m[K]
[1.954s]    35 | void lowerproxy::calculate_position([01;35m[Kturtle &turtle_[m[K) {
[1.955s]       |                                     [01;35m[K~~~~~~~~^~~~~~~[m[K
[2.379s] [ 64%] [32m[1mLinking CXX executable odrive_can_interface[0m
[2.387s] In file included from [01m[K/usr/include/x86_64-linux-gnu/c++/9/bits/c++allocator.h:33[m[K,
[2.387s]                  from [01m[K/usr/include/c++/9/bits/allocator.h:46[m[K,
[2.387s]                  from [01m[K/usr/include/c++/9/string:41[m[K,
[2.387s]                  from [01m[K/usr/include/c++/9/stdexcept:39[m[K,
[2.387s]                  from [01m[K/usr/include/c++/9/array:39[m[K,
[2.387s]                  from [01m[K/usr/include/c++/9/tuple:39[m[K,
[2.388s]                  from [01m[K/usr/include/c++/9/functional:54[m[K,
[2.388s]                  from [01m[K/home/qianlab/single_turtle_workspace/dependencies/traveler_controller/include/proxy/lowerproxy.h:12[m[K,
[2.388s]                  from [01m[K/home/qianlab/single_turtle_workspace/dependencies/traveler_controller/include/main.h:13[m[K,
[2.388s]                  from [01m[K/home/qianlab/single_turtle_workspace/dependencies/traveler_controller/src/main.cpp:8[m[K:
[2.388s] /usr/include/c++/9/ext/new_allocator.h: In instantiation of ‘[01m[Kvoid __gnu_cxx::new_allocator<_Tp>::construct(_Up*, _Args&& ...) [with _Up = turtle_namespace::control::upperproxy; _Args = {}; _Tp = turtle_namespace::control::upperproxy][m[K’:
[2.388s] [01m[K/usr/include/c++/9/bits/alloc_traits.h:483:4:[m[K   required from ‘[01m[Kstatic void std::allocator_traits<std::allocator<_CharT> >::construct(std::allocator_traits<std::allocator<_CharT> >::allocator_type&, _Up*, _Args&& ...) [with _Up = turtle_namespace::control::upperproxy; _Args = {}; _Tp = turtle_namespace::control::upperproxy; std::allocator_traits<std::allocator<_CharT> >::allocator_type = std::allocator<turtle_namespace::control::upperproxy>][m[K’
[2.388s] [01m[K/usr/include/c++/9/bits/shared_ptr_base.h:548:39:[m[K   required from ‘[01m[Kstd::_Sp_counted_ptr_inplace<_Tp, _Alloc, _Lp>::_Sp_counted_ptr_inplace(_Alloc, _Args&& ...) [with _Args = {}; _Tp = turtle_namespace::control::upperproxy; _Alloc = std::allocator<turtle_namespace::control::upperproxy>; __gnu_cxx::_Lock_policy _Lp = __gnu_cxx::_S_atomic][m[K’
[2.388s] [01m[K/usr/include/c++/9/bits/shared_ptr_base.h:679:16:[m[K   required from ‘[01m[Kstd::__shared_count<_Lp>::__shared_count(_Tp*&, std::_Sp_alloc_shared_tag<_Alloc>, _Args&& ...) [with _Tp = turtle_namespace::control::upperproxy; _Alloc = std::allocator<turtle_namespace::control::upperproxy>; _Args = {}; __gnu_cxx::_Lock_policy _Lp = __gnu_cxx::_S_atomic][m[K’
[2.388s] [01m[K/usr/include/c++/9/bits/shared_ptr_base.h:1344:71:[m[K   required from ‘[01m[Kstd::__shared_ptr<_Tp, _Lp>::__shared_ptr(std::_Sp_alloc_shared_tag<_Tp>, _Args&& ...) [with _Alloc = std::allocator<turtle_namespace::control::upperproxy>; _Args = {}; _Tp = turtle_namespace::control::upperproxy; __gnu_cxx::_Lock_policy _Lp = __gnu_cxx::_S_atomic][m[K’
[2.388s] [01m[K/usr/include/c++/9/bits/shared_ptr.h:359:59:[m[K   required from ‘[01m[Kstd::shared_ptr<_Tp>::shared_ptr(std::_Sp_alloc_shared_tag<_Tp>, _Args&& ...) [with _Alloc = std::allocator<turtle_namespace::control::upperproxy>; _Args = {}; _Tp = turtle_namespace::control::upperproxy][m[K’
[2.388s] [01m[K/usr/include/c++/9/bits/shared_ptr.h:701:14:[m[K   required from ‘[01m[Kstd::shared_ptr<_Tp> std::allocate_shared(const _Alloc&, _Args&& ...) [with _Tp = turtle_namespace::control::upperproxy; _Alloc = std::allocator<turtle_namespace::control::upperproxy>; _Args = {}][m[K’
[2.388s] [01m[K/usr/include/c++/9/bits/shared_ptr.h:717:39:[m[K   required from ‘[01m[Kstd::shared_ptr<_Tp> std::make_shared(_Args&& ...) [with _Tp = turtle_namespace::control::upperproxy; _Args = {}][m[K’
[2.388s] [01m[K/home/qianlab/single_turtle_workspace/dependencies/traveler_controller/src/main.cpp:26:74:[m[K   required from here
[2.389s] [01m[K/usr/include/c++/9/ext/new_allocator.h:146:4:[m[K [01;31m[Kerror: [m[Kno matching function for call to ‘[01m[Kturtle_namespace::control::upperproxy::upperproxy()[m[K’
[2.389s]   146 |  { [01;31m[K::new((void *)__p) _Up(std::forward<_Args>(__args)...)[m[K; }
[2.389s]       |    [01;31m[K^~~~~~~~~~~~~~~~~~~~~~~~~~~~~~~~~~~~~~~~~~~~~~~~~~~~~~[m[K
[2.389s] In file included from [01m[K/home/qianlab/single_turtle_workspace/dependencies/traveler_controller/include/main.h:14[m[K,
[2.389s]                  from [01m[K/home/qianlab/single_turtle_workspace/dependencies/traveler_controller/src/main.cpp:8[m[K:
[2.389s] [01m[K/home/qianlab/single_turtle_workspace/dependencies/traveler_controller/include/proxy/upperproxy.h:37:4:[m[K [01;36m[Knote: [m[Kcandidate: ‘[01m[Kturtle_namespace::control::upperproxy::upperproxy(std::string)[m[K’
[2.389s]    37 |    [01;36m[Kupperproxy[m[K(std::string name);
[2.389s]       |    [01;36m[K^~~~~~~~~~[m[K
[2.389s] [01m[K/home/qianlab/single_turtle_workspace/dependencies/traveler_controller/include/proxy/upperproxy.h:37:4:[m[K [01;36m[Knote: [m[K  candidate expects 1 argument, 0 provided
[2.456s] In file included from [01m[K/home/qianlab/single_turtle_workspace/dependencies/traveler_controller/src/main.cpp:8[m[K:
[2.456s] [01m[K/home/qianlab/single_turtle_workspace/dependencies/traveler_controller/include/main.h:46:14:[m[K [01;35m[Kwarning: [m[K‘[01m[Ktimer[m[K’ defined but not used [[01;35m[K-Wunused-variable[m[K]
[2.457s]    46 | static float [01;35m[Ktimer[m[K[10] = { 0 };
[2.457s]       |              [01;35m[K^~~~~[m[K
[2.457s] [01m[K/home/qianlab/single_turtle_workspace/dependencies/traveler_controller/include/main.h:44:12:[m[K [01;35m[Kwarning: [m[K‘[01m[Kinit_done[m[K’ defined but not used [[01;35m[K-Wunused-variable[m[K]
[2.457s]    44 | static int [01;35m[Kinit_done[m[K = 0;
[2.457s]       |            [01;35m[K^~~~~~~~~[m[K
[2.457s] [01m[K/home/qianlab/single_turtle_workspace/dependencies/traveler_controller/include/main.h:43:14:[m[K [01;35m[Kwarning: [m[K‘[01m[Kinit_cnt[m[K’ defined but not used [[01;35m[K-Wunused-variable[m[K]
[2.457s]    43 | static float [01;35m[Kinit_cnt[m[K = 0;
[2.457s]       |              [01;35m[K^~~~~~~~[m[K
[2.474s] make[2]: *** [CMakeFiles/turtle_high_controller.dir/build.make:63: CMakeFiles/turtle_high_controller.dir/src/main.cpp.o] Error 1
[2.690s] [ 78%] Built target odrive_can_interface
[2.958s] make[2]: *** [CMakeFiles/turtle_high_controller.dir/build.make:102: CMakeFiles/turtle_high_controller.dir/src/proxy/lowerproxy.cpp.o] Error 1
[4.967s] make[1]: *** [CMakeFiles/Makefile2:107: CMakeFiles/turtle_high_controller.dir/all] Error 2
[4.968s] make: *** [Makefile:141: all] Error 2
[4.970s] Invoked command in '/home/qianlab/single_turtle_workspace/build/turtle_high_controller' returned '2': AMENT_PREFIX_PATH=/home/qianlab/single_turtle_workspace/install/traveler_msgs:${AMENT_PREFIX_PATH} CMAKE_PREFIX_PATH=/home/qianlab/single_turtle_workspace/install/traveler_msgs:/home/qianlab/lassie-traveler/dependencies/install/traveler_high_controller:/home/qianlab/lassie-traveler/dependencies/install/traveler_msgs:/opt/ros/foxy LD_LIBRARY_PATH=/home/qianlab/single_turtle_workspace/install/traveler_msgs/lib:${LD_LIBRARY_PATH} PYTHONPATH=/home/qianlab/single_turtle_workspace/install/traveler_msgs/lib/python3.8/site-packages:${PYTHONPATH} /usr/bin/cmake --build /home/qianlab/single_turtle_workspace/build/turtle_high_controller -- -j12 -l12
