[0.130s] DEBUG:colcon:Command line arguments: ['/usr/bin/colcon', 'build', '--packages-skip', 'traveler_optitrack', 'traveler_msgs']
[0.130s] DEBUG:colcon:Parsed command line arguments: Namespace(allow_overriding=[], ament_cmake_args=None, base_paths=['.'], build_base='build', catkin_cmake_args=None, catkin_skip_building_tests=False, cmake_args=None, cmake_clean_cache=False, cmake_clean_first=False, cmake_force_configure=False, cmake_target=None, cmake_target_skip_unavailable=False, continue_on_error=False, event_handlers=None, executor='parallel', ignore_user_meta=False, install_base='install', log_base=None, log_level=None, main=<bound method BuildVerb.main of <colcon_core.verb.build.BuildVerb object at 0x7f96ec894e50>>, merge_install=False, metas=['./colcon.meta'], mixin=None, mixin_files=None, mixin_verb=('build',), packages_above=None, packages_above_and_dependencies=None, packages_above_depth=None, packages_end=None, packages_ignore=None, packages_ignore_regex=None, packages_select=None, packages_select_build_failed=False, packages_select_by_dep=None, packages_select_regex=None, packages_select_test_failures=False, packages_skip=['traveler_optitrack', 'traveler_msgs'], packages_skip_build_finished=False, packages_skip_by_dep=None, packages_skip_regex=None, packages_skip_test_passed=False, packages_skip_up_to=None, packages_start=None, packages_up_to=None, packages_up_to_regex=None, parallel_workers=12, paths=None, symlink_install=False, test_result_base=None, verb_extension=<colcon_core.verb.build.BuildVerb object at 0x7f96ec894e50>, verb_name='build', verb_parser=<colcon_mixin.mixin.mixin_argument.MixinArgumentDecorator object at 0x7f96ec773fa0>)
[0.157s] Level 1:colcon.colcon_core.package_discovery:discover_packages(colcon_meta) check parameters
[0.157s] Level 1:colcon.colcon_core.package_discovery:discover_packages(recursive) check parameters
[0.157s] Level 1:colcon.colcon_core.package_discovery:discover_packages(ignore) check parameters
[0.157s] Level 1:colcon.colcon_core.package_discovery:discover_packages(path) check parameters
[0.157s] Level 1:colcon.colcon_core.package_discovery:discover_packages(colcon_meta) discover
[0.157s] Level 1:colcon.colcon_core.package_discovery:discover_packages(recursive) discover
[0.157s] INFO:colcon.colcon_core.package_discovery:Crawling recursively for packages in '/home/qianlab/single_turtle_workspace'
[0.157s] Level 1:colcon.colcon_core.package_identification:_identify(.) by extensions ['ignore', 'ignore_ament_install']
[0.157s] Level 1:colcon.colcon_core.package_identification:_identify(.) by extension 'ignore'
[0.157s] Level 1:colcon.colcon_core.package_identification:_identify(.) by extension 'ignore_ament_install'
[0.157s] Level 1:colcon.colcon_core.package_identification:_identify(.) by extensions ['colcon_pkg']
[0.157s] Level 1:colcon.colcon_core.package_identification:_identify(.) by extension 'colcon_pkg'
[0.157s] Level 1:colcon.colcon_core.package_identification:_identify(.) by extensions ['colcon_meta']
[0.157s] Level 1:colcon.colcon_core.package_identification:_identify(.) by extension 'colcon_meta'
[0.157s] Level 1:colcon.colcon_core.package_identification:_identify(.) by extensions ['ros']
[0.157s] Level 1:colcon.colcon_core.package_identification:_identify(.) by extension 'ros'
[0.166s] Level 1:colcon.colcon_core.package_identification:_identify(.) by extensions ['cmake', 'python']
[0.166s] Level 1:colcon.colcon_core.package_identification:_identify(.) by extension 'cmake'
[0.166s] Level 1:colcon.colcon_core.package_identification:_identify(.) by extension 'python'
[0.166s] Level 1:colcon.colcon_core.package_identification:_identify(.) by extensions ['python_setup_py']
[0.166s] Level 1:colcon.colcon_core.package_identification:_identify(.) by extension 'python_setup_py'
[0.166s] Level 1:colcon.colcon_core.package_identification:_identify(build) by extensions ['ignore', 'ignore_ament_install']
[0.166s] Level 1:colcon.colcon_core.package_identification:_identify(build) by extension 'ignore'
[0.166s] Level 1:colcon.colcon_core.package_identification:_identify(build) ignored
[0.166s] Level 1:colcon.colcon_core.package_identification:_identify(dataanalysis) by extensions ['ignore', 'ignore_ament_install']
[0.166s] Level 1:colcon.colcon_core.package_identification:_identify(dataanalysis) by extension 'ignore'
[0.166s] Level 1:colcon.colcon_core.package_identification:_identify(dataanalysis) by extension 'ignore_ament_install'
[0.166s] Level 1:colcon.colcon_core.package_identification:_identify(dataanalysis) by extensions ['colcon_pkg']
[0.166s] Level 1:colcon.colcon_core.package_identification:_identify(dataanalysis) by extension 'colcon_pkg'
[0.166s] Level 1:colcon.colcon_core.package_identification:_identify(dataanalysis) by extensions ['colcon_meta']
[0.166s] Level 1:colcon.colcon_core.package_identification:_identify(dataanalysis) by extension 'colcon_meta'
[0.166s] Level 1:colcon.colcon_core.package_identification:_identify(dataanalysis) by extensions ['ros']
[0.166s] Level 1:colcon.colcon_core.package_identification:_identify(dataanalysis) by extension 'ros'
[0.166s] Level 1:colcon.colcon_core.package_identification:_identify(dataanalysis) by extensions ['cmake', 'python']
[0.166s] Level 1:colcon.colcon_core.package_identification:_identify(dataanalysis) by extension 'cmake'
[0.166s] Level 1:colcon.colcon_core.package_identification:_identify(dataanalysis) by extension 'python'
[0.166s] Level 1:colcon.colcon_core.package_identification:_identify(dataanalysis) by extensions ['python_setup_py']
[0.166s] Level 1:colcon.colcon_core.package_identification:_identify(dataanalysis) by extension 'python_setup_py'
[0.167s] Level 1:colcon.colcon_core.package_identification:_identify(dependencies) by extensions ['ignore', 'ignore_ament_install']
[0.167s] Level 1:colcon.colcon_core.package_identification:_identify(dependencies) by extension 'ignore'
[0.167s] Level 1:colcon.colcon_core.package_identification:_identify(dependencies) by extension 'ignore_ament_install'
[0.167s] Level 1:colcon.colcon_core.package_identification:_identify(dependencies) by extensions ['colcon_pkg']
[0.167s] Level 1:colcon.colcon_core.package_identification:_identify(dependencies) by extension 'colcon_pkg'
[0.167s] Level 1:colcon.colcon_core.package_identification:_identify(dependencies) by extensions ['colcon_meta']
[0.167s] Level 1:colcon.colcon_core.package_identification:_identify(dependencies) by extension 'colcon_meta'
[0.167s] Level 1:colcon.colcon_core.package_identification:_identify(dependencies) by extensions ['ros']
[0.167s] Level 1:colcon.colcon_core.package_identification:_identify(dependencies) by extension 'ros'
[0.167s] Level 1:colcon.colcon_core.package_identification:_identify(dependencies) by extensions ['cmake', 'python']
[0.167s] Level 1:colcon.colcon_core.package_identification:_identify(dependencies) by extension 'cmake'
[0.167s] Level 1:colcon.colcon_core.package_identification:_identify(dependencies) by extension 'python'
[0.167s] Level 1:colcon.colcon_core.package_identification:_identify(dependencies) by extensions ['python_setup_py']
[0.167s] Level 1:colcon.colcon_core.package_identification:_identify(dependencies) by extension 'python_setup_py'
[0.167s] Level 1:colcon.colcon_core.package_identification:_identify(dependencies/traveler_controller) by extensions ['ignore', 'ignore_ament_install']
[0.167s] Level 1:colcon.colcon_core.package_identification:_identify(dependencies/traveler_controller) by extension 'ignore'
[0.167s] Level 1:colcon.colcon_core.package_identification:_identify(dependencies/traveler_controller) by extension 'ignore_ament_install'
[0.167s] Level 1:colcon.colcon_core.package_identification:_identify(dependencies/traveler_controller) by extensions ['colcon_pkg']
[0.167s] Level 1:colcon.colcon_core.package_identification:_identify(dependencies/traveler_controller) by extension 'colcon_pkg'
[0.167s] Level 1:colcon.colcon_core.package_identification:_identify(dependencies/traveler_controller) by extensions ['colcon_meta']
[0.167s] Level 1:colcon.colcon_core.package_identification:_identify(dependencies/traveler_controller) by extension 'colcon_meta'
[0.167s] Level 1:colcon.colcon_core.package_identification:_identify(dependencies/traveler_controller) by extensions ['ros']
[0.167s] Level 1:colcon.colcon_core.package_identification:_identify(dependencies/traveler_controller) by extension 'ros'
[0.169s] DEBUG:colcon.colcon_core.package_identification:Package 'dependencies/traveler_controller' with type 'ros.ament_cmake' and name 'turtle_high_controller'
[0.169s] Level 1:colcon.colcon_core.package_identification:_identify(dependencies/traveler_msgs) by extensions ['ignore', 'ignore_ament_install']
[0.169s] Level 1:colcon.colcon_core.package_identification:_identify(dependencies/traveler_msgs) by extension 'ignore'
[0.169s] Level 1:colcon.colcon_core.package_identification:_identify(dependencies/traveler_msgs) by extension 'ignore_ament_install'
[0.169s] Level 1:colcon.colcon_core.package_identification:_identify(dependencies/traveler_msgs) by extensions ['colcon_pkg']
[0.169s] Level 1:colcon.colcon_core.package_identification:_identify(dependencies/traveler_msgs) by extension 'colcon_pkg'
[0.169s] Level 1:colcon.colcon_core.package_identification:_identify(dependencies/traveler_msgs) by extensions ['colcon_meta']
[0.169s] Level 1:colcon.colcon_core.package_identification:_identify(dependencies/traveler_msgs) by extension 'colcon_meta'
[0.169s] Level 1:colcon.colcon_core.package_identification:_identify(dependencies/traveler_msgs) by extensions ['ros']
[0.169s] Level 1:colcon.colcon_core.package_identification:_identify(dependencies/traveler_msgs) by extension 'ros'
[0.169s] DEBUG:colcon.colcon_core.package_identification:Package 'dependencies/traveler_msgs' with type 'ros.ament_cmake' and name 'traveler_msgs'
[0.169s] Level 1:colcon.colcon_core.package_identification:_identify(highlevel) by extensions ['ignore', 'ignore_ament_install']
[0.169s] Level 1:colcon.colcon_core.package_identification:_identify(highlevel) by extension 'ignore'
[0.169s] Level 1:colcon.colcon_core.package_identification:_identify(highlevel) by extension 'ignore_ament_install'
[0.169s] Level 1:colcon.colcon_core.package_identification:_identify(highlevel) by extensions ['colcon_pkg']
[0.169s] Level 1:colcon.colcon_core.package_identification:_identify(highlevel) by extension 'colcon_pkg'
[0.169s] Level 1:colcon.colcon_core.package_identification:_identify(highlevel) by extensions ['colcon_meta']
[0.169s] Level 1:colcon.colcon_core.package_identification:_identify(highlevel) by extension 'colcon_meta'
[0.169s] Level 1:colcon.colcon_core.package_identification:_identify(highlevel) by extensions ['ros']
[0.169s] Level 1:colcon.colcon_core.package_identification:_identify(highlevel) by extension 'ros'
[0.169s] Level 1:colcon.colcon_core.package_identification:_identify(highlevel) by extensions ['cmake', 'python']
[0.169s] Level 1:colcon.colcon_core.package_identification:_identify(highlevel) by extension 'cmake'
[0.170s] Level 1:colcon.colcon_core.package_identification:_identify(highlevel) by extension 'python'
[0.170s] Level 1:colcon.colcon_core.package_identification:_identify(highlevel) by extensions ['python_setup_py']
[0.170s] Level 1:colcon.colcon_core.package_identification:_identify(highlevel) by extension 'python_setup_py'
[0.170s] Level 1:colcon.colcon_core.package_identification:_identify(highlevel/LASSIE_GUI) by extensions ['ignore', 'ignore_ament_install']
[0.170s] Level 1:colcon.colcon_core.package_identification:_identify(highlevel/LASSIE_GUI) by extension 'ignore'
[0.170s] Level 1:colcon.colcon_core.package_identification:_identify(highlevel/LASSIE_GUI) by extension 'ignore_ament_install'
[0.170s] Level 1:colcon.colcon_core.package_identification:_identify(highlevel/LASSIE_GUI) by extensions ['colcon_pkg']
[0.170s] Level 1:colcon.colcon_core.package_identification:_identify(highlevel/LASSIE_GUI) by extension 'colcon_pkg'
[0.170s] Level 1:colcon.colcon_core.package_identification:_identify(highlevel/LASSIE_GUI) by extensions ['colcon_meta']
[0.170s] Level 1:colcon.colcon_core.package_identification:_identify(highlevel/LASSIE_GUI) by extension 'colcon_meta'
[0.170s] Level 1:colcon.colcon_core.package_identification:_identify(highlevel/LASSIE_GUI) by extensions ['ros']
[0.170s] Level 1:colcon.colcon_core.package_identification:_identify(highlevel/LASSIE_GUI) by extension 'ros'
[0.170s] Level 1:colcon.colcon_core.package_identification:_identify(highlevel/LASSIE_GUI) by extensions ['cmake', 'python']
[0.170s] Level 1:colcon.colcon_core.package_identification:_identify(highlevel/LASSIE_GUI) by extension 'cmake'
[0.170s] Level 1:colcon.colcon_core.package_identification:_identify(highlevel/LASSIE_GUI) by extension 'python'
[0.170s] Level 1:colcon.colcon_core.package_identification:_identify(highlevel/LASSIE_GUI) by extensions ['python_setup_py']
[0.170s] Level 1:colcon.colcon_core.package_identification:_identify(highlevel/LASSIE_GUI) by extension 'python_setup_py'
[0.170s] Level 1:colcon.colcon_core.package_identification:_identify(highlevel/LASSIE_GUI/__pycache__) by extensions ['ignore', 'ignore_ament_install']
[0.170s] Level 1:colcon.colcon_core.package_identification:_identify(highlevel/LASSIE_GUI/__pycache__) by extension 'ignore'
[0.170s] Level 1:colcon.colcon_core.package_identification:_identify(highlevel/LASSIE_GUI/__pycache__) by extension 'ignore_ament_install'
[0.170s] Level 1:colcon.colcon_core.package_identification:_identify(highlevel/LASSIE_GUI/__pycache__) by extensions ['colcon_pkg']
[0.170s] Level 1:colcon.colcon_core.package_identification:_identify(highlevel/LASSIE_GUI/__pycache__) by extension 'colcon_pkg'
[0.170s] Level 1:colcon.colcon_core.package_identification:_identify(highlevel/LASSIE_GUI/__pycache__) by extensions ['colcon_meta']
[0.170s] Level 1:colcon.colcon_core.package_identification:_identify(highlevel/LASSIE_GUI/__pycache__) by extension 'colcon_meta'
[0.170s] Level 1:colcon.colcon_core.package_identification:_identify(highlevel/LASSIE_GUI/__pycache__) by extensions ['ros']
[0.170s] Level 1:colcon.colcon_core.package_identification:_identify(highlevel/LASSIE_GUI/__pycache__) by extension 'ros'
[0.170s] Level 1:colcon.colcon_core.package_identification:_identify(highlevel/LASSIE_GUI/__pycache__) by extensions ['cmake', 'python']
[0.170s] Level 1:colcon.colcon_core.package_identification:_identify(highlevel/LASSIE_GUI/__pycache__) by extension 'cmake'
[0.170s] Level 1:colcon.colcon_core.package_identification:_identify(highlevel/LASSIE_GUI/__pycache__) by extension 'python'
[0.170s] Level 1:colcon.colcon_core.package_identification:_identify(highlevel/LASSIE_GUI/__pycache__) by extensions ['python_setup_py']
[0.170s] Level 1:colcon.colcon_core.package_identification:_identify(highlevel/LASSIE_GUI/__pycache__) by extension 'python_setup_py'
[0.170s] Level 1:colcon.colcon_core.package_identification:_identify(highlevel/LASSIE_GUI/build) by extensions ['ignore', 'ignore_ament_install']
[0.170s] Level 1:colcon.colcon_core.package_identification:_identify(highlevel/LASSIE_GUI/build) by extension 'ignore'
[0.170s] Level 1:colcon.colcon_core.package_identification:_identify(highlevel/LASSIE_GUI/build) ignored
[0.170s] Level 1:colcon.colcon_core.package_identification:_identify(highlevel/LASSIE_GUI/config) by extensions ['ignore', 'ignore_ament_install']
[0.170s] Level 1:colcon.colcon_core.package_identification:_identify(highlevel/LASSIE_GUI/config) by extension 'ignore'
[0.170s] Level 1:colcon.colcon_core.package_identification:_identify(highlevel/LASSIE_GUI/config) by extension 'ignore_ament_install'
[0.170s] Level 1:colcon.colcon_core.package_identification:_identify(highlevel/LASSIE_GUI/config) by extensions ['colcon_pkg']
[0.170s] Level 1:colcon.colcon_core.package_identification:_identify(highlevel/LASSIE_GUI/config) by extension 'colcon_pkg'
[0.170s] Level 1:colcon.colcon_core.package_identification:_identify(highlevel/LASSIE_GUI/config) by extensions ['colcon_meta']
[0.170s] Level 1:colcon.colcon_core.package_identification:_identify(highlevel/LASSIE_GUI/config) by extension 'colcon_meta'
[0.170s] Level 1:colcon.colcon_core.package_identification:_identify(highlevel/LASSIE_GUI/config) by extensions ['ros']
[0.170s] Level 1:colcon.colcon_core.package_identification:_identify(highlevel/LASSIE_GUI/config) by extension 'ros'
[0.171s] Level 1:colcon.colcon_core.package_identification:_identify(highlevel/LASSIE_GUI/config) by extensions ['cmake', 'python']
[0.171s] Level 1:colcon.colcon_core.package_identification:_identify(highlevel/LASSIE_GUI/config) by extension 'cmake'
[0.171s] Level 1:colcon.colcon_core.package_identification:_identify(highlevel/LASSIE_GUI/config) by extension 'python'
[0.171s] Level 1:colcon.colcon_core.package_identification:_identify(highlevel/LASSIE_GUI/config) by extensions ['python_setup_py']
[0.171s] Level 1:colcon.colcon_core.package_identification:_identify(highlevel/LASSIE_GUI/config) by extension 'python_setup_py'
[0.171s] Level 1:colcon.colcon_core.package_identification:_identify(highlevel/LASSIE_GUI/experiment_data) by extensions ['ignore', 'ignore_ament_install']
[0.171s] Level 1:colcon.colcon_core.package_identification:_identify(highlevel/LASSIE_GUI/experiment_data) by extension 'ignore'
[0.171s] Level 1:colcon.colcon_core.package_identification:_identify(highlevel/LASSIE_GUI/experiment_data) by extension 'ignore_ament_install'
[0.171s] Level 1:colcon.colcon_core.package_identification:_identify(highlevel/LASSIE_GUI/experiment_data) by extensions ['colcon_pkg']
[0.171s] Level 1:colcon.colcon_core.package_identification:_identify(highlevel/LASSIE_GUI/experiment_data) by extension 'colcon_pkg'
[0.171s] Level 1:colcon.colcon_core.package_identification:_identify(highlevel/LASSIE_GUI/experiment_data) by extensions ['colcon_meta']
[0.171s] Level 1:colcon.colcon_core.package_identification:_identify(highlevel/LASSIE_GUI/experiment_data) by extension 'colcon_meta'
[0.171s] Level 1:colcon.colcon_core.package_identification:_identify(highlevel/LASSIE_GUI/experiment_data) by extensions ['ros']
[0.171s] Level 1:colcon.colcon_core.package_identification:_identify(highlevel/LASSIE_GUI/experiment_data) by extension 'ros'
[0.171s] Level 1:colcon.colcon_core.package_identification:_identify(highlevel/LASSIE_GUI/experiment_data) by extensions ['cmake', 'python']
[0.171s] Level 1:colcon.colcon_core.package_identification:_identify(highlevel/LASSIE_GUI/experiment_data) by extension 'cmake'
[0.171s] Level 1:colcon.colcon_core.package_identification:_identify(highlevel/LASSIE_GUI/experiment_data) by extension 'python'
[0.171s] Level 1:colcon.colcon_core.package_identification:_identify(highlevel/LASSIE_GUI/experiment_data) by extensions ['python_setup_py']
[0.171s] Level 1:colcon.colcon_core.package_identification:_identify(highlevel/LASSIE_GUI/experiment_data) by extension 'python_setup_py'
[0.171s] Level 1:colcon.colcon_core.package_identification:_identify(highlevel/LASSIE_GUI/experiment_data/turtle) by extensions ['ignore', 'ignore_ament_install']
[0.171s] Level 1:colcon.colcon_core.package_identification:_identify(highlevel/LASSIE_GUI/experiment_data/turtle) by extension 'ignore'
[0.171s] Level 1:colcon.colcon_core.package_identification:_identify(highlevel/LASSIE_GUI/experiment_data/turtle) by extension 'ignore_ament_install'
[0.171s] Level 1:colcon.colcon_core.package_identification:_identify(highlevel/LASSIE_GUI/experiment_data/turtle) by extensions ['colcon_pkg']
[0.171s] Level 1:colcon.colcon_core.package_identification:_identify(highlevel/LASSIE_GUI/experiment_data/turtle) by extension 'colcon_pkg'
[0.171s] Level 1:colcon.colcon_core.package_identification:_identify(highlevel/LASSIE_GUI/experiment_data/turtle) by extensions ['colcon_meta']
[0.171s] Level 1:colcon.colcon_core.package_identification:_identify(highlevel/LASSIE_GUI/experiment_data/turtle) by extension 'colcon_meta'
[0.171s] Level 1:colcon.colcon_core.package_identification:_identify(highlevel/LASSIE_GUI/experiment_data/turtle) by extensions ['ros']
[0.171s] Level 1:colcon.colcon_core.package_identification:_identify(highlevel/LASSIE_GUI/experiment_data/turtle) by extension 'ros'
[0.171s] Level 1:colcon.colcon_core.package_identification:_identify(highlevel/LASSIE_GUI/experiment_data/turtle) by extensions ['cmake', 'python']
[0.171s] Level 1:colcon.colcon_core.package_identification:_identify(highlevel/LASSIE_GUI/experiment_data/turtle) by extension 'cmake'
[0.171s] Level 1:colcon.colcon_core.package_identification:_identify(highlevel/LASSIE_GUI/experiment_data/turtle) by extension 'python'
[0.171s] Level 1:colcon.colcon_core.package_identification:_identify(highlevel/LASSIE_GUI/experiment_data/turtle) by extensions ['python_setup_py']
[0.171s] Level 1:colcon.colcon_core.package_identification:_identify(highlevel/LASSIE_GUI/experiment_data/turtle) by extension 'python_setup_py'
[0.171s] Level 1:colcon.colcon_core.package_identification:_identify(highlevel/LASSIE_GUI/install) by extensions ['ignore', 'ignore_ament_install']
[0.171s] Level 1:colcon.colcon_core.package_identification:_identify(highlevel/LASSIE_GUI/install) by extension 'ignore'
[0.171s] Level 1:colcon.colcon_core.package_identification:_identify(highlevel/LASSIE_GUI/install) ignored
[0.171s] Level 1:colcon.colcon_core.package_identification:_identify(highlevel/LASSIE_GUI/log) by extensions ['ignore', 'ignore_ament_install']
[0.171s] Level 1:colcon.colcon_core.package_identification:_identify(highlevel/LASSIE_GUI/log) by extension 'ignore'
[0.171s] Level 1:colcon.colcon_core.package_identification:_identify(highlevel/LASSIE_GUI/log) ignored
[0.171s] Level 1:colcon.colcon_core.package_identification:_identify(highlevel/config) by extensions ['ignore', 'ignore_ament_install']
[0.172s] Level 1:colcon.colcon_core.package_identification:_identify(highlevel/config) by extension 'ignore'
[0.172s] Level 1:colcon.colcon_core.package_identification:_identify(highlevel/config) by extension 'ignore_ament_install'
[0.172s] Level 1:colcon.colcon_core.package_identification:_identify(highlevel/config) by extensions ['colcon_pkg']
[0.172s] Level 1:colcon.colcon_core.package_identification:_identify(highlevel/config) by extension 'colcon_pkg'
[0.172s] Level 1:colcon.colcon_core.package_identification:_identify(highlevel/config) by extensions ['colcon_meta']
[0.172s] Level 1:colcon.colcon_core.package_identification:_identify(highlevel/config) by extension 'colcon_meta'
[0.172s] Level 1:colcon.colcon_core.package_identification:_identify(highlevel/config) by extensions ['ros']
[0.172s] Level 1:colcon.colcon_core.package_identification:_identify(highlevel/config) by extension 'ros'
[0.172s] Level 1:colcon.colcon_core.package_identification:_identify(highlevel/config) by extensions ['cmake', 'python']
[0.172s] Level 1:colcon.colcon_core.package_identification:_identify(highlevel/config) by extension 'cmake'
[0.172s] Level 1:colcon.colcon_core.package_identification:_identify(highlevel/config) by extension 'python'
[0.172s] Level 1:colcon.colcon_core.package_identification:_identify(highlevel/config) by extensions ['python_setup_py']
[0.172s] Level 1:colcon.colcon_core.package_identification:_identify(highlevel/config) by extension 'python_setup_py'
[0.172s] Level 1:colcon.colcon_core.package_identification:_identify(highlevel/experiment_data) by extensions ['ignore', 'ignore_ament_install']
[0.172s] Level 1:colcon.colcon_core.package_identification:_identify(highlevel/experiment_data) by extension 'ignore'
[0.172s] Level 1:colcon.colcon_core.package_identification:_identify(highlevel/experiment_data) by extension 'ignore_ament_install'
[0.172s] Level 1:colcon.colcon_core.package_identification:_identify(highlevel/experiment_data) by extensions ['colcon_pkg']
[0.172s] Level 1:colcon.colcon_core.package_identification:_identify(highlevel/experiment_data) by extension 'colcon_pkg'
[0.172s] Level 1:colcon.colcon_core.package_identification:_identify(highlevel/experiment_data) by extensions ['colcon_meta']
[0.172s] Level 1:colcon.colcon_core.package_identification:_identify(highlevel/experiment_data) by extension 'colcon_meta'
[0.172s] Level 1:colcon.colcon_core.package_identification:_identify(highlevel/experiment_data) by extensions ['ros']
[0.172s] Level 1:colcon.colcon_core.package_identification:_identify(highlevel/experiment_data) by extension 'ros'
[0.172s] Level 1:colcon.colcon_core.package_identification:_identify(highlevel/experiment_data) by extensions ['cmake', 'python']
[0.172s] Level 1:colcon.colcon_core.package_identification:_identify(highlevel/experiment_data) by extension 'cmake'
[0.172s] Level 1:colcon.colcon_core.package_identification:_identify(highlevel/experiment_data) by extension 'python'
[0.172s] Level 1:colcon.colcon_core.package_identification:_identify(highlevel/experiment_data) by extensions ['python_setup_py']
[0.172s] Level 1:colcon.colcon_core.package_identification:_identify(highlevel/experiment_data) by extension 'python_setup_py'
[0.172s] Level 1:colcon.colcon_core.package_identification:_identify(highlevel/experiment_data/turtle) by extensions ['ignore', 'ignore_ament_install']
[0.172s] Level 1:colcon.colcon_core.package_identification:_identify(highlevel/experiment_data/turtle) by extension 'ignore'
[0.172s] Level 1:colcon.colcon_core.package_identification:_identify(highlevel/experiment_data/turtle) by extension 'ignore_ament_install'
[0.172s] Level 1:colcon.colcon_core.package_identification:_identify(highlevel/experiment_data/turtle) by extensions ['colcon_pkg']
[0.172s] Level 1:colcon.colcon_core.package_identification:_identify(highlevel/experiment_data/turtle) by extension 'colcon_pkg'
[0.172s] Level 1:colcon.colcon_core.package_identification:_identify(highlevel/experiment_data/turtle) by extensions ['colcon_meta']
[0.172s] Level 1:colcon.colcon_core.package_identification:_identify(highlevel/experiment_data/turtle) by extension 'colcon_meta'
[0.172s] Level 1:colcon.colcon_core.package_identification:_identify(highlevel/experiment_data/turtle) by extensions ['ros']
[0.172s] Level 1:colcon.colcon_core.package_identification:_identify(highlevel/experiment_data/turtle) by extension 'ros'
[0.172s] Level 1:colcon.colcon_core.package_identification:_identify(highlevel/experiment_data/turtle) by extensions ['cmake', 'python']
[0.172s] Level 1:colcon.colcon_core.package_identification:_identify(highlevel/experiment_data/turtle) by extension 'cmake'
[0.172s] Level 1:colcon.colcon_core.package_identification:_identify(highlevel/experiment_data/turtle) by extension 'python'
[0.172s] Level 1:colcon.colcon_core.package_identification:_identify(highlevel/experiment_data/turtle) by extensions ['python_setup_py']
[0.172s] Level 1:colcon.colcon_core.package_identification:_identify(highlevel/experiment_data/turtle) by extension 'python_setup_py'
[0.173s] Level 1:colcon.colcon_core.package_identification:_identify(highlevel/resource) by extensions ['ignore', 'ignore_ament_install']
[0.173s] Level 1:colcon.colcon_core.package_identification:_identify(highlevel/resource) by extension 'ignore'
[0.173s] Level 1:colcon.colcon_core.package_identification:_identify(highlevel/resource) by extension 'ignore_ament_install'
[0.173s] Level 1:colcon.colcon_core.package_identification:_identify(highlevel/resource) by extensions ['colcon_pkg']
[0.173s] Level 1:colcon.colcon_core.package_identification:_identify(highlevel/resource) by extension 'colcon_pkg'
[0.173s] Level 1:colcon.colcon_core.package_identification:_identify(highlevel/resource) by extensions ['colcon_meta']
[0.173s] Level 1:colcon.colcon_core.package_identification:_identify(highlevel/resource) by extension 'colcon_meta'
[0.173s] Level 1:colcon.colcon_core.package_identification:_identify(highlevel/resource) by extensions ['ros']
[0.173s] Level 1:colcon.colcon_core.package_identification:_identify(highlevel/resource) by extension 'ros'
[0.173s] Level 1:colcon.colcon_core.package_identification:_identify(highlevel/resource) by extensions ['cmake', 'python']
[0.173s] Level 1:colcon.colcon_core.package_identification:_identify(highlevel/resource) by extension 'cmake'
[0.173s] Level 1:colcon.colcon_core.package_identification:_identify(highlevel/resource) by extension 'python'
[0.173s] Level 1:colcon.colcon_core.package_identification:_identify(highlevel/resource) by extensions ['python_setup_py']
[0.173s] Level 1:colcon.colcon_core.package_identification:_identify(highlevel/resource) by extension 'python_setup_py'
[0.173s] Level 1:colcon.colcon_core.package_identification:_identify(highlevel/traveler_optitrack) by extensions ['ignore', 'ignore_ament_install']
[0.173s] Level 1:colcon.colcon_core.package_identification:_identify(highlevel/traveler_optitrack) by extension 'ignore'
[0.173s] Level 1:colcon.colcon_core.package_identification:_identify(highlevel/traveler_optitrack) by extension 'ignore_ament_install'
[0.173s] Level 1:colcon.colcon_core.package_identification:_identify(highlevel/traveler_optitrack) by extensions ['colcon_pkg']
[0.173s] Level 1:colcon.colcon_core.package_identification:_identify(highlevel/traveler_optitrack) by extension 'colcon_pkg'
[0.173s] Level 1:colcon.colcon_core.package_identification:_identify(highlevel/traveler_optitrack) by extensions ['colcon_meta']
[0.173s] Level 1:colcon.colcon_core.package_identification:_identify(highlevel/traveler_optitrack) by extension 'colcon_meta'
[0.173s] Level 1:colcon.colcon_core.package_identification:_identify(highlevel/traveler_optitrack) by extensions ['ros']
[0.173s] Level 1:colcon.colcon_core.package_identification:_identify(highlevel/traveler_optitrack) by extension 'ros'
[0.173s] DEBUG:colcon.colcon_core.package_identification:Package 'highlevel/traveler_optitrack' with type 'ros.ament_python' and name 'traveler_optitrack'
[0.173s] Level 1:colcon.colcon_core.package_identification:_identify(install) by extensions ['ignore', 'ignore_ament_install']
[0.173s] Level 1:colcon.colcon_core.package_identification:_identify(install) by extension 'ignore'
[0.173s] Level 1:colcon.colcon_core.package_identification:_identify(install) ignored
[0.173s] Level 1:colcon.colcon_core.package_identification:_identify(log) by extensions ['ignore', 'ignore_ament_install']
[0.173s] Level 1:colcon.colcon_core.package_identification:_identify(log) by extension 'ignore'
[0.173s] Level 1:colcon.colcon_core.package_identification:_identify(log) ignored
[0.174s] Level 1:colcon.colcon_core.package_discovery:discover_packages(recursive) using defaults
[0.174s] Level 1:colcon.colcon_core.package_discovery:discover_packages(ignore) discover
[0.174s] Level 1:colcon.colcon_core.package_discovery:discover_packages(ignore) using defaults
[0.174s] Level 1:colcon.colcon_core.package_discovery:discover_packages(path) discover
[0.174s] Level 1:colcon.colcon_core.package_discovery:discover_packages(path) using defaults
[0.184s] INFO:colcon.colcon_core.package_selection:Skipping package 'traveler_msgs' in 'dependencies/traveler_msgs'
[0.185s] INFO:colcon.colcon_core.package_selection:Skipping package 'traveler_optitrack' in 'highlevel/traveler_optitrack'
[0.185s] Level 1:colcon.colcon_core.package_discovery:discover_packages(prefix_path) check parameters
[0.185s] Level 1:colcon.colcon_core.package_discovery:discover_packages(prefix_path) discover
[0.186s] DEBUG:colcon.colcon_installed_package_information.package_discovery:Found 2 installed packages in /home/qianlab/lassie-traveler/dependencies/install
[0.186s] DEBUG:colcon.colcon_installed_package_information.package_discovery:Found 295 installed packages in /opt/ros/foxy
[0.188s] Level 1:colcon.colcon_core.package_discovery:discover_packages(prefix_path) using defaults
[0.215s] Level 5:colcon.colcon_core.verb:set package 'turtle_high_controller' build argument 'cmake_args' from command line to 'None'
[0.215s] Level 5:colcon.colcon_core.verb:set package 'turtle_high_controller' build argument 'cmake_target' from command line to 'None'
[0.215s] Level 5:colcon.colcon_core.verb:set package 'turtle_high_controller' build argument 'cmake_target_skip_unavailable' from command line to 'False'
[0.215s] Level 5:colcon.colcon_core.verb:set package 'turtle_high_controller' build argument 'cmake_clean_cache' from command line to 'False'
[0.215s] Level 5:colcon.colcon_core.verb:set package 'turtle_high_controller' build argument 'cmake_clean_first' from command line to 'False'
[0.215s] Level 5:colcon.colcon_core.verb:set package 'turtle_high_controller' build argument 'cmake_force_configure' from command line to 'False'
[0.215s] Level 5:colcon.colcon_core.verb:set package 'turtle_high_controller' build argument 'ament_cmake_args' from command line to 'None'
[0.215s] Level 5:colcon.colcon_core.verb:set package 'turtle_high_controller' build argument 'catkin_cmake_args' from command line to 'None'
[0.215s] Level 5:colcon.colcon_core.verb:set package 'turtle_high_controller' build argument 'catkin_skip_building_tests' from command line to 'False'
[0.215s] DEBUG:colcon.colcon_core.verb:Building package 'turtle_high_controller' with the following arguments: {'ament_cmake_args': None, 'build_base': '/home/qianlab/single_turtle_workspace/build/turtle_high_controller', 'catkin_cmake_args': None, 'catkin_skip_building_tests': False, 'cmake_args': None, 'cmake_clean_cache': False, 'cmake_clean_first': False, 'cmake_force_configure': False, 'cmake_target': None, 'cmake_target_skip_unavailable': False, 'install_base': '/home/qianlab/single_turtle_workspace/install/turtle_high_controller', 'merge_install': False, 'path': '/home/qianlab/single_turtle_workspace/dependencies/traveler_controller', 'symlink_install': False, 'test_result_base': None}
[0.215s] INFO:colcon.colcon_core.executor:Executing jobs using 'parallel' executor
[0.216s] DEBUG:colcon.colcon_parallel_executor.executor.parallel:run_until_complete
[0.216s] INFO:colcon.colcon_ros.task.ament_cmake.build:Building ROS package in '/home/qianlab/single_turtle_workspace/dependencies/traveler_controller' with build type 'ament_cmake'
[0.216s] INFO:colcon.colcon_cmake.task.cmake.build:Building CMake package in '/home/qianlab/single_turtle_workspace/dependencies/traveler_controller'
[0.218s] INFO:colcon.colcon_core.plugin_system:Skipping extension 'colcon_core.shell.bat': Not used on non-Windows systems
[0.218s] INFO:colcon.colcon_core.shell:Skip shell extension 'powershell' for command environment: Not usable outside of PowerShell
[0.218s] DEBUG:colcon.colcon_core.shell:Skip shell extension 'dsv' for command environment
[0.229s] DEBUG:colcon.colcon_core.event_handler.log_command:Invoking command in '/home/qianlab/single_turtle_workspace/build/turtle_high_controller': AMENT_PREFIX_PATH=/home/qianlab/single_turtle_workspace/install/traveler_msgs:${AMENT_PREFIX_PATH} CMAKE_PREFIX_PATH=/home/qianlab/single_turtle_workspace/install/traveler_msgs:/home/qianlab/lassie-traveler/dependencies/install/traveler_high_controller:/home/qianlab/lassie-traveler/dependencies/install/traveler_msgs:/opt/ros/foxy LD_LIBRARY_PATH=/home/qianlab/single_turtle_workspace/install/traveler_msgs/lib:${LD_LIBRARY_PATH} PYTHONPATH=/home/qianlab/single_turtle_workspace/install/traveler_msgs/lib/python3.8/site-packages:${PYTHONPATH} /usr/bin/cmake --build /home/qianlab/single_turtle_workspace/build/turtle_high_controller -- -j12 -l12
[2.452s] DEBUG:colcon.colcon_core.event_handler.log_command:Invoked command in '/home/qianlab/single_turtle_workspace/build/turtle_high_controller' returned '2': AMENT_PREFIX_PATH=/home/qianlab/single_turtle_workspace/install/traveler_msgs:${AMENT_PREFIX_PATH} CMAKE_PREFIX_PATH=/home/qianlab/single_turtle_workspace/install/traveler_msgs:/home/qianlab/lassie-traveler/dependencies/install/traveler_high_controller:/home/qianlab/lassie-traveler/dependencies/install/traveler_msgs:/opt/ros/foxy LD_LIBRARY_PATH=/home/qianlab/single_turtle_workspace/install/traveler_msgs/lib:${LD_LIBRARY_PATH} PYTHONPATH=/home/qianlab/single_turtle_workspace/install/traveler_msgs/lib/python3.8/site-packages:${PYTHONPATH} /usr/bin/cmake --build /home/qianlab/single_turtle_workspace/build/turtle_high_controller -- -j12 -l12
[2.473s] Level 1:colcon.colcon_core.environment:create_environment_scripts_only(turtle_high_controller)
[2.475s] Level 1:colcon.colcon_core.environment:checking '/home/qianlab/single_turtle_workspace/install/turtle_high_controller' for CMake module files
[2.476s] Level 1:colcon.colcon_core.environment:checking '/home/qianlab/single_turtle_workspace/install/turtle_high_controller' for CMake config files
[2.477s] Level 1:colcon.colcon_core.shell:create_environment_hook('turtle_high_controller', 'cmake_prefix_path')
[2.477s] INFO:colcon.colcon_core.shell:Creating environment hook '/home/qianlab/single_turtle_workspace/install/turtle_high_controller/share/turtle_high_controller/hook/cmake_prefix_path.ps1'
[2.478s] INFO:colcon.colcon_core.shell:Creating environment descriptor '/home/qianlab/single_turtle_workspace/install/turtle_high_controller/share/turtle_high_controller/hook/cmake_prefix_path.dsv'
[2.478s] INFO:colcon.colcon_core.shell:Creating environment hook '/home/qianlab/single_turtle_workspace/install/turtle_high_controller/share/turtle_high_controller/hook/cmake_prefix_path.sh'
[2.479s] Level 1:colcon.colcon_core.environment:checking '/home/qianlab/single_turtle_workspace/install/turtle_high_controller/lib'
[2.479s] Level 1:colcon.colcon_core.environment:checking '/home/qianlab/single_turtle_workspace/install/turtle_high_controller/bin'
[2.479s] Level 1:colcon.colcon_core.environment:checking '/home/qianlab/single_turtle_workspace/install/turtle_high_controller/lib/pkgconfig/turtle_high_controller.pc'
[2.480s] Level 1:colcon.colcon_core.environment:checking '/home/qianlab/single_turtle_workspace/install/turtle_high_controller/lib/python3.8/site-packages'
[2.480s] Level 1:colcon.colcon_core.environment:checking '/home/qianlab/single_turtle_workspace/install/turtle_high_controller/bin'
[2.480s] INFO:colcon.colcon_core.shell:Creating package script '/home/qianlab/single_turtle_workspace/install/turtle_high_controller/share/turtle_high_controller/package.ps1'
[2.481s] INFO:colcon.colcon_core.shell:Creating package descriptor '/home/qianlab/single_turtle_workspace/install/turtle_high_controller/share/turtle_high_controller/package.dsv'
[2.482s] INFO:colcon.colcon_core.shell:Creating package script '/home/qianlab/single_turtle_workspace/install/turtle_high_controller/share/turtle_high_controller/package.sh'
[2.482s] INFO:colcon.colcon_core.shell:Creating package script '/home/qianlab/single_turtle_workspace/install/turtle_high_controller/share/turtle_high_controller/package.bash'
[2.483s] INFO:colcon.colcon_core.shell:Creating package script '/home/qianlab/single_turtle_workspace/install/turtle_high_controller/share/turtle_high_controller/package.zsh'
[2.483s] Level 1:colcon.colcon_core.environment:create_file_with_runtime_dependencies(/home/qianlab/single_turtle_workspace/install/turtle_high_controller/share/colcon-core/packages/turtle_high_controller)
[2.494s] DEBUG:colcon.colcon_parallel_executor.executor.parallel:closing loop
[2.494s] DEBUG:colcon.colcon_parallel_executor.executor.parallel:loop closed
[2.494s] DEBUG:colcon.colcon_parallel_executor.executor.parallel:run_until_complete finished with '2'
[2.494s] DEBUG:colcon.colcon_core.event_reactor:joining thread
[2.510s] INFO:colcon.colcon_core.plugin_system:Skipping extension 'colcon_notification.desktop_notification.terminal_notifier': Not used on non-Darwin systems
[2.510s] INFO:colcon.colcon_core.plugin_system:Skipping extension 'colcon_notification.desktop_notification.win32': Not used on non-Windows systems
[2.510s] INFO:colcon.colcon_notification.desktop_notification:Sending desktop notification using 'notify2'
[2.524s] DEBUG:colcon.colcon_core.event_reactor:joined thread
[2.525s] INFO:colcon.colcon_core.shell:Creating prefix script '/home/qianlab/single_turtle_workspace/install/local_setup.ps1'
[2.525s] INFO:colcon.colcon_core.shell:Creating prefix util module '/home/qianlab/single_turtle_workspace/install/_local_setup_util_ps1.py'
[2.526s] INFO:colcon.colcon_core.shell:Creating prefix chain script '/home/qianlab/single_turtle_workspace/install/setup.ps1'
[2.527s] INFO:colcon.colcon_core.shell:Creating prefix script '/home/qianlab/single_turtle_workspace/install/local_setup.sh'
[2.527s] INFO:colcon.colcon_core.shell:Creating prefix util module '/home/qianlab/single_turtle_workspace/install/_local_setup_util_sh.py'
[2.527s] INFO:colcon.colcon_core.shell:Creating prefix chain script '/home/qianlab/single_turtle_workspace/install/setup.sh'
[2.528s] INFO:colcon.colcon_core.shell:Creating prefix script '/home/qianlab/single_turtle_workspace/install/local_setup.bash'
[2.528s] INFO:colcon.colcon_core.shell:Creating prefix chain script '/home/qianlab/single_turtle_workspace/install/setup.bash'
[2.529s] INFO:colcon.colcon_core.shell:Creating prefix script '/home/qianlab/single_turtle_workspace/install/local_setup.zsh'
[2.529s] INFO:colcon.colcon_core.shell:Creating prefix chain script '/home/qianlab/single_turtle_workspace/install/setup.zsh'
